Archive member included because of file (symbol)

.\CortexM0\ARM_GCC_473\Debug\RGB_LED_Matrix.a(cyfitter_cfg.o)
                              .\CortexM0\ARM_GCC_473\Debug\Cm0Start.o (cyfitter_cfg)
.\CortexM0\ARM_GCC_473\Debug\RGB_LED_Matrix.a(isr_2.o)
                              .\CortexM0\ARM_GCC_473\Debug\main.o (isr_2_StartEx)
.\CortexM0\ARM_GCC_473\Debug\RGB_LED_Matrix.a(LED_Matrix_1.o)
                              .\CortexM0\ARM_GCC_473\Debug\main.o (LED_Matrix_1_Start)
.\CortexM0\ARM_GCC_473\Debug\RGB_LED_Matrix.a(CyBootAsmGnu.o)
                              .\CortexM0\ARM_GCC_473\Debug\RGB_LED_Matrix.a(isr_2.o) (CyEnterCriticalSection)
.\CortexM0\ARM_GCC_473\Debug\RGB_LED_Matrix.a(CyLib.o)
                              .\CortexM0\ARM_GCC_473\Debug\main.o (CyDelay)
.\CortexM0\ARM_GCC_473\Debug\RGB_LED_Matrix.a(ADC.o)
                              .\CortexM0\ARM_GCC_473\Debug\main.o (ADC_Start)
.\CortexM0\ARM_GCC_473\Debug\RGB_LED_Matrix.a(ADC_INT.o)
                              .\CortexM0\ARM_GCC_473\Debug\RGB_LED_Matrix.a(ADC.o) (ADC_ISR)
.\CortexM0\ARM_GCC_473\Debug\RGB_LED_Matrix.a(eoc.o)
                              .\CortexM0\ARM_GCC_473\Debug\main.o (eoc_StartEx)
.\CortexM0\ARM_GCC_473\Debug\RGB_LED_Matrix.a(RTC.o)
                              .\CortexM0\ARM_GCC_473\Debug\main.o (RTC_Enable)
.\CortexM0\ARM_GCC_473\Debug\RGB_LED_Matrix.a(RTC_I2C.o)
                              .\CortexM0\ARM_GCC_473\Debug\RGB_LED_Matrix.a(RTC.o) (RTC_I2CInit)
.\CortexM0\ARM_GCC_473\Debug\RGB_LED_Matrix.a(RTC_I2C_MASTER.o)
                              .\CortexM0\ARM_GCC_473\Debug\I2CDriver.o (RTC_I2CMasterSendStart)
.\CortexM0\ARM_GCC_473\Debug\RGB_LED_Matrix.a(RTC_SCB_IRQ.o)
                              .\CortexM0\ARM_GCC_473\Debug\RGB_LED_Matrix.a(RTC_I2C.o) (RTC_SCB_IRQ_SetVector)
.\CortexM0\ARM_GCC_473\Debug\RGB_LED_Matrix.a(RTC_scl.o)
                              .\CortexM0\ARM_GCC_473\Debug\RGB_LED_Matrix.a(RTC_I2C_MASTER.o) (RTC_scl_Write)
.\CortexM0\ARM_GCC_473\Debug\RGB_LED_Matrix.a(PB.o)
                              .\CortexM0\ARM_GCC_473\Debug\main.o (PB_StartEx)
.\CortexM0\ARM_GCC_473\Debug\RGB_LED_Matrix.a(RTC_I2C_INT.o)
                              .\CortexM0\ARM_GCC_473\Debug\RGB_LED_Matrix.a(RTC_I2C.o) (RTC_I2C_ISR)
c:/program files (x86)/cypress/psoc creator/3.0/psoc creator/import/gnu_cs/arm/4.7.3/bin/../lib/gcc/arm-none-eabi/4.7.3/armv6-m\libgcc.a(_udivsi3.o)
                              .\CortexM0\ARM_GCC_473\Debug\I2CDriver.o (__aeabi_uidiv)
c:/program files (x86)/cypress/psoc creator/3.0/psoc creator/import/gnu_cs/arm/4.7.3/bin/../lib/gcc/arm-none-eabi/4.7.3/armv6-m\libgcc.a(_divsi3.o)
                              .\CortexM0\ARM_GCC_473\Debug\RGB_LED_Matrix.a(ADC.o) (__aeabi_idiv)
c:/program files (x86)/cypress/psoc creator/3.0/psoc creator/import/gnu_cs/arm/4.7.3/bin/../lib/gcc/arm-none-eabi/4.7.3/armv6-m\libgcc.a(_dvmd_tls.o)
                              c:/program files (x86)/cypress/psoc creator/3.0/psoc creator/import/gnu_cs/arm/4.7.3/bin/../lib/gcc/arm-none-eabi/4.7.3/armv6-m\libgcc.a(_udivsi3.o) (__aeabi_idiv0)
c:/program files (x86)/cypress/psoc creator/3.0/psoc creator/import/gnu_cs/arm/4.7.3/bin/../lib/gcc/arm-none-eabi/4.7.3/armv6-m\libgcc.a(_aeabi_ldivmod.o)
                              .\CortexM0\ARM_GCC_473\Debug\RGB_LED_Matrix.a(ADC.o) (__aeabi_ldivmod)
c:/program files (x86)/cypress/psoc creator/3.0/psoc creator/import/gnu_cs/arm/4.7.3/bin/../lib/gcc/arm-none-eabi/4.7.3/armv6-m\libgcc.a(_muldi3.o)
                              .\CortexM0\ARM_GCC_473\Debug\RGB_LED_Matrix.a(ADC.o) (__aeabi_lmul)
c:/program files (x86)/cypress/psoc creator/3.0/psoc creator/import/gnu_cs/arm/4.7.3/bin/../lib/gcc/arm-none-eabi/4.7.3/armv6-m\libgcc.a(_fixunsdfsi.o)
                              .\CortexM0\ARM_GCC_473\Debug\LED_Matrix.o (__aeabi_d2uiz)
c:/program files (x86)/cypress/psoc creator/3.0/psoc creator/import/gnu_cs/arm/4.7.3/bin/../lib/gcc/arm-none-eabi/4.7.3/armv6-m\libgcc.a(bpabi.o)
                              c:/program files (x86)/cypress/psoc creator/3.0/psoc creator/import/gnu_cs/arm/4.7.3/bin/../lib/gcc/arm-none-eabi/4.7.3/armv6-m\libgcc.a(_aeabi_ldivmod.o) (__gnu_ldivmod_helper)
c:/program files (x86)/cypress/psoc creator/3.0/psoc creator/import/gnu_cs/arm/4.7.3/bin/../lib/gcc/arm-none-eabi/4.7.3/armv6-m\libgcc.a(divsf3.o)
                              .\CortexM0\ARM_GCC_473\Debug\RGB_LED_Matrix.a(ADC.o) (__aeabi_fdiv)
c:/program files (x86)/cypress/psoc creator/3.0/psoc creator/import/gnu_cs/arm/4.7.3/bin/../lib/gcc/arm-none-eabi/4.7.3/armv6-m\libgcc.a(mulsf3.o)
                              .\CortexM0\ARM_GCC_473\Debug\RGB_LED_Matrix.a(ADC.o) (__aeabi_fmul)
c:/program files (x86)/cypress/psoc creator/3.0/psoc creator/import/gnu_cs/arm/4.7.3/bin/../lib/gcc/arm-none-eabi/4.7.3/armv6-m\libgcc.a(floatsisf.o)
                              .\CortexM0\ARM_GCC_473\Debug\RGB_LED_Matrix.a(ADC.o) (__aeabi_i2f)
[...]
Memory Configuration

Name             Origin             Length             Attributes
rom              0x00000000         0x00008000         xr
ram              0x20000000         0x00001000         xrw
*default*        0x00000000         0xffffffff

Linker script and memory map

LOAD c:/program files (x86)/cypress/psoc creator/3.0/psoc creator/import/gnu_cs/arm/4.7.3/bin/../lib/gcc/arm-none-eabi/4.7.3/armv6-m/crti.o
LOAD c:/program files (x86)/cypress/psoc creator/3.0/psoc creator/import/gnu_cs/arm/4.7.3/bin/../lib/gcc/arm-none-eabi/4.7.3/armv6-m/crtbegin.o
LOAD c:/program files (x86)/cypress/psoc creator/3.0/psoc creator/import/gnu_cs/arm/4.7.3/bin/../lib/gcc/arm-none-eabi/4.7.3/../../../../arm-none-eabi/lib/armv6-m/crt0.o
START GROUP
LOAD .\CortexM0\ARM_GCC_473\Debug\main.o
LOAD .\CortexM0\ARM_GCC_473\Debug\LED_Matrix.o
LOAD .\CortexM0\ARM_GCC_473\Debug\I2CDriver.o
LOAD .\CortexM0\ARM_GCC_473\Debug\cymetadata.o
LOAD .\CortexM0\ARM_GCC_473\Debug\Cm0Start.o
LOAD .\CortexM0\ARM_GCC_473\Debug\RGB_LED_Matrix.a
LOAD C:\Program Files (x86)\Cypress\PSoC Creator\3.0\PSoC Creator\psoc\content\cycomponentlibrary\CyComponentLibrary.cylib\CortexM0\ARM_GCC_473\Debug\CyComponentLibrary.a
END GROUP
START GROUP
LOAD c:/program files (x86)/cypress/psoc creator/3.0/psoc creator/import/gnu_cs/arm/4.7.3/bin/../lib/gcc/arm-none-eabi/4.7.3/armv6-m\libgcc.a
LOAD c:/program files (x86)/cypress/psoc creator/3.0/psoc creator/import/gnu_cs/arm/4.7.3/bin/../lib/gcc/arm-none-eabi/4.7.3/../../../../arm-none-eabi/lib/armv6-m\libc_s.a
END GROUP
LOAD c:/program files (x86)/cypress/psoc creator/3.0/psoc creator/import/gnu_cs/arm/4.7.3/bin/../lib/gcc/arm-none-eabi/4.7.3/armv6-m/crtend.o
LOAD c:/program files (x86)/cypress/psoc creator/3.0/psoc creator/import/gnu_cs/arm/4.7.3/bin/../lib/gcc/arm-none-eabi/4.7.3/armv6-m/crtn.o
START GROUP
LOAD c:/program files (x86)/cypress/psoc creator/3.0/psoc creator/import/gnu_cs/arm/4.7.3/bin/../lib/gcc/arm-none-eabi/4.7.3/armv6-m\libgcc.a
LOAD c:/program files (x86)/cypress/psoc creator/3.0/psoc creator/import/gnu_cs/arm/4.7.3/bin/../lib/gcc/arm-none-eabi/4.7.3/../../../../arm-none-eabi/lib/armv6-m\libc.a
LOAD c:/program files (x86)/cypress/psoc creator/3.0/psoc creator/import/gnu_cs/arm/4.7.3/bin/../lib/gcc/arm-none-eabi/4.7.3/../../../../arm-none-eabi/lib/armv6-m\libnosys.a
END GROUP
                0x00000000                CY_APPL_ORIGIN = 0x0
                0x00000080                CY_FLASH_ROW_SIZE = 0x80
                0x00000001                CY_APPL_NUM = 0x1
                0x00000040                CY_METADATA_SIZE = 0x40
                0x20000568                PROVIDE (__cy_heap_start, _end)
                0x00000001                PROVIDE (__cy_region_num, ((__cy_regions_end - __cy_regions) / 0x10))
                0x20001000                PROVIDE (__cy_stack, (ORIGIN (ram) + 0x1000))
                0x20000c00                PROVIDE (__cy_heap_end, (__cy_stack - 0x400))

.cybootloader   0x00000000        0x0
 *(.cybootloader)
                0x00000000                appl1_start = CY_APPL_ORIGIN?CY_APPL_ORIGIN:ALIGN (CY_FLASH_ROW_SIZE)
                0x00003f80                appl2_start = (appl1_start + ALIGN ((((0x8000 - appl1_start) - (0x2 * CY_FLASH_ROW_SIZE)) / 0x2), CY_FLASH_ROW_SIZE))
                0x00000000                appl_start = (CY_APPL_NUM == 0x1)?appl1_start:appl2_start

.text           0x00000000     0x3eb4
 CREATE_OBJECT_SYMBOLS
                0x00000000                PROVIDE (__cy_interrupt_vector, RomVectors)
 *(.romvectors)
 .romvectors    0x00000000       0x10 .\CortexM0\ARM_GCC_473\Debug\Cm0Start.o
                0x00000000                RomVectors
                0x00000001                ASSERT ((. != __cy_interrupt_vector), No interrupt vector)
                0x00000001                ASSERT (CY_APPL_ORIGIN?(SIZEOF (.cybootloader) <= CY_APPL_ORIGIN):0x1, Wrong image location)
                0x00000010                PROVIDE (__cy_reset, Reset)
 *(.text.Reset)
 .text.Reset    0x00000010        0x8 .\CortexM0\ARM_GCC_473\Debug\Cm0Start.o
                0x00000010                Reset
                0x00000001                ASSERT ((. != __cy_reset), No reset code)
 *(.psocinit)
 .psocinit      0x00000018      0x330 .\CortexM0\ARM_GCC_473\Debug\RGB_LED_Matrix.a(cyfitter_cfg.o)
                0x00000018                cyfitter_cfg
                0x00000348                . = MAX (., 0x100)
 *(.text .text.* .gnu.linkonce.t.*)
 .text          0x00000348       0x60 c:/program files (x86)/cypress/psoc creator/3.0/psoc creator/import/gnu_cs/arm/4.7.3/bin/../lib/gcc/arm-none-eabi/4.7.3/armv6-m/crtbegin.o
 .text.PB_ISR   0x000003a8       0x30 .\CortexM0\ARM_GCC_473\Debug\main.o
                0x000003a8                PB_ISR
 .text.FIFO_EMPTY
                0x000003d8      0x1dc .\CortexM0\ARM_GCC_473\Debug\main.o
                0x000003d8                FIFO_EMPTY
 .text.eoc_isr  0x000005b4      0x138 .\CortexM0\ARM_GCC_473\Debug\main.o
                0x000005b4                eoc_isr
 .text.startup.main
                0x000006ec      0x804 .\CortexM0\ARM_GCC_473\Debug\main.o
                0x000006ec                main
 .text.clearPixel
                0x00000ef0       0x78 .\CortexM0\ARM_GCC_473\Debug\LED_Matrix.o
                0x00000ef0                clearPixel
 .text.drawPixel
                0x00000f68       0xf8 .\CortexM0\ARM_GCC_473\Debug\LED_Matrix.o
                0x00000f68                drawPixel
 .text.clearScreen
                0x00001060       0x50 .\CortexM0\ARM_GCC_473\Debug\LED_Matrix.o
                0x00001060                clearScreen
 .text.drawLine
                0x000010b0      0x200 .\CortexM0\ARM_GCC_473\Debug\LED_Matrix.o
                0x000010b0                drawLine
 .text.drawFastVLine
                0x000012b0       0x24 .\CortexM0\ARM_GCC_473\Debug\LED_Matrix.o
                0x000012b0                drawFastVLine
 .text.drawFastHLine
                0x000012d4       0x24 .\CortexM0\ARM_GCC_473\Debug\LED_Matrix.o
                0x000012d4                drawFastHLine
 .text.drawOne  0x000012f8       0x90 .\CortexM0\ARM_GCC_473\Debug\LED_Matrix.o
                0x000012f8                drawOne
 .text.drawTwo  0x00001388       0x8c .\CortexM0\ARM_GCC_473\Debug\LED_Matrix.o
                0x00001388                drawTwo
 .text.drawColon
                0x00001414       0x60 .\CortexM0\ARM_GCC_473\Debug\LED_Matrix.o
                0x00001414                drawColon
 .text.drawThree
                0x00001474       0x8c .\CortexM0\ARM_GCC_473\Debug\LED_Matrix.o
                0x00001474                drawThree
 .text.drawFour
                0x00001500       0x48 .\CortexM0\ARM_GCC_473\Debug\LED_Matrix.o
                0x00001500                drawFour
 .text.drawFive
                0x00001548       0x8c .\CortexM0\ARM_GCC_473\Debug\LED_Matrix.o
                0x00001548                drawFive
 .text.drawSix  0x000015d4       0x80 .\CortexM0\ARM_GCC_473\Debug\LED_Matrix.o
                0x000015d4                drawSix
 .text.drawSeven
                0x00001654       0x44 .\CortexM0\ARM_GCC_473\Debug\LED_Matrix.o
                0x00001654                drawSeven
 .text.drawEight
                0x00001698       0x98 .\CortexM0\ARM_GCC_473\Debug\LED_Matrix.o
                0x00001698                drawEight
 .text.drawNine
                0x00001730       0x64 .\CortexM0\ARM_GCC_473\Debug\LED_Matrix.o
                0x00001730                drawNine
 .text.drawZero
                0x00001794       0x5c .\CortexM0\ARM_GCC_473\Debug\LED_Matrix.o
                0x00001794                drawZero
 .text.drawA    0x000017f0       0xb0 .\CortexM0\ARM_GCC_473\Debug\LED_Matrix.o
                0x000017f0                drawA
 .text.drawB    0x000018a0       0x90 .\CortexM0\ARM_GCC_473\Debug\LED_Matrix.o
                0x000018a0                drawB
 .text.drawC    0x00001930       0x70 .\CortexM0\ARM_GCC_473\Debug\LED_Matrix.o
                0x00001930                drawC
 .text.drawD    0x000019a0       0x60 .\CortexM0\ARM_GCC_473\Debug\LED_Matrix.o
                0x000019a0                drawD
 .text.drawE    0x00001a00       0x54 .\CortexM0\ARM_GCC_473\Debug\LED_Matrix.o
                0x00001a00                drawE
 .text.drawF    0x00001a54       0x40 .\CortexM0\ARM_GCC_473\Debug\LED_Matrix.o
                0x00001a54                drawF
 .text.drawHex  0x00001a94       0xfc .\CortexM0\ARM_GCC_473\Debug\LED_Matrix.o
                0x00001a94                drawHex
 .text.printTime
                0x00001b90       0x64 .\CortexM0\ARM_GCC_473\Debug\LED_Matrix.o
                0x00001b90                printTime
 .text.drawblock
                0x00001bf4       0xc4 .\CortexM0\ARM_GCC_473\Debug\LED_Matrix.o
                0x00001bf4                drawblock
 .text.ifDataChange
                0x00001cb8       0x6c .\CortexM0\ARM_GCC_473\Debug\LED_Matrix.o
                0x00001cb8                ifDataChange
 *fill*         0x00001d24        0x4 00
 .text.scaleResult
                0x00001d28      0x120 .\CortexM0\ARM_GCC_473\Debug\LED_Matrix.o
                0x00001d28                scaleResult
 .text.localTimeInit
                0x00001e48       0x20 .\CortexM0\ARM_GCC_473\Debug\I2CDriver.o
                0x00001e48                localTimeInit
 .text.i2cWrite
                0x00001e68       0x24 .\CortexM0\ARM_GCC_473\Debug\I2CDriver.o
                0x00001e68                i2cWrite
 .text.getTime  0x00001e8c       0x40 .\CortexM0\ARM_GCC_473\Debug\I2CDriver.o
                0x00001e8c                getTime
 .text.IntDefaultHandler
                0x00001ecc        0x4 .\CortexM0\ARM_GCC_473\Debug\Cm0Start.o
                0x00001ecc                IntDefaultHandler
 .text.Start_c  0x00001ed0       0xb4 .\CortexM0\ARM_GCC_473\Debug\Cm0Start.o
                0x00001ed0                Start_c
 .text.startup.initialize_psoc
                0x00001f84       0x50 .\CortexM0\ARM_GCC_473\Debug\Cm0Start.o
                0x00001f84                initialize_psoc
 .text.isr_2_SetPriority
                0x00001fd4       0x20 .\CortexM0\ARM_GCC_473\Debug\RGB_LED_Matrix.a(isr_2.o)
                0x00001fd4                isr_2_SetPriority
 .text.isr_2_StartEx
                0x00001ff4       0x24 .\CortexM0\ARM_GCC_473\Debug\RGB_LED_Matrix.a(isr_2.o)
                0x00001ff4                isr_2_StartEx
 .text.LED_Matrix_1_Start
                0x00002018        0xc .\CortexM0\ARM_GCC_473\Debug\RGB_LED_Matrix.a(LED_Matrix_1.o)
                0x00002018                LED_Matrix_1_Start
 *fill*         0x00002024        0x4 00
 .text          0x00002028       0x20 .\CortexM0\ARM_GCC_473\Debug\RGB_LED_Matrix.a(CyBootAsmGnu.o)
                0x00002028                CyDelayCycles
                0x0000203a                CyEnterCriticalSection
                0x00002042                CyExitCriticalSection
 .text.CyIntSetVector
                0x00002048       0x18 .\CortexM0\ARM_GCC_473\Debug\RGB_LED_Matrix.a(CyLib.o)
                0x00002048                CyIntSetVector
 .text.CyIntSetPriority
                0x00002060       0x40 .\CortexM0\ARM_GCC_473\Debug\RGB_LED_Matrix.a(CyLib.o)
                0x00002060                CyIntSetPriority
 .text.CyDelay  0x000020a0       0x80 .\CortexM0\ARM_GCC_473\Debug\RGB_LED_Matrix.a(CyLib.o)
                0x000020a0                CyDelay
 .text.CyDelayUs
                0x00002120       0x14 .\CortexM0\ARM_GCC_473\Debug\RGB_LED_Matrix.a(CyLib.o)
                0x00002120                CyDelayUs
 .text.ADC_Init
                0x00002134      0x164 .\CortexM0\ARM_GCC_473\Debug\RGB_LED_Matrix.a(ADC.o)
                0x00002134                ADC_Init
 .text.ADC_Enable
                0x00002298       0x1c .\CortexM0\ARM_GCC_473\Debug\RGB_LED_Matrix.a(ADC.o)
                0x00002298                ADC_Enable
 .text.ADC_Start
                0x000022b4       0x1c .\CortexM0\ARM_GCC_473\Debug\RGB_LED_Matrix.a(ADC.o)
                0x000022b4                ADC_Start
 .text.ADC_StartConvert
                0x000022d0       0x14 .\CortexM0\ARM_GCC_473\Debug\RGB_LED_Matrix.a(ADC.o)
                0x000022d0                ADC_StartConvert
 .text.ADC_ISR  0x000022e4        0xc .\CortexM0\ARM_GCC_473\Debug\RGB_LED_Matrix.a(ADC_INT.o)
                0x000022e4                ADC_ISR
 .text.eoc_SetPriority
                0x000022f0       0x28 .\CortexM0\ARM_GCC_473\Debug\RGB_LED_Matrix.a(eoc.o)
                0x000022f0                eoc_SetPriority
 .text.eoc_StartEx
                0x00002318       0x24 .\CortexM0\ARM_GCC_473\Debug\RGB_LED_Matrix.a(eoc.o)
                0x00002318                eoc_StartEx
 .text.RTC_Enable
                0x0000233c       0x18 .\CortexM0\ARM_GCC_473\Debug\RGB_LED_Matrix.a(RTC.o)
                0x0000233c                RTC_Enable
 .text.RTC_Start
                0x00002354       0x1c .\CortexM0\ARM_GCC_473\Debug\RGB_LED_Matrix.a(RTC.o)
                0x00002354                RTC_Start
 .text.RTC_I2CInit
                0x00002370       0xcc .\CortexM0\ARM_GCC_473\Debug\RGB_LED_Matrix.a(RTC_I2C.o)
                0x00002370                RTC_I2CInit
 .text.RTC_I2CMasterSendStart
                0x0000243c       0xd4 .\CortexM0\ARM_GCC_473\Debug\RGB_LED_Matrix.a(RTC_I2C_MASTER.o)
                0x0000243c                RTC_I2CMasterSendStart
 .text.RTC_I2CMasterSendStop
                0x00002510       0x8c .\CortexM0\ARM_GCC_473\Debug\RGB_LED_Matrix.a(RTC_I2C_MASTER.o)
                0x00002510                RTC_I2CMasterSendStop
 .text.RTC_I2CMasterWriteByte
                0x0000259c       0x90 .\CortexM0\ARM_GCC_473\Debug\RGB_LED_Matrix.a(RTC_I2C_MASTER.o)
                0x0000259c                RTC_I2CMasterWriteByte
 .text.RTC_I2CMasterReadByte
                0x0000262c       0x90 .\CortexM0\ARM_GCC_473\Debug\RGB_LED_Matrix.a(RTC_I2C_MASTER.o)
                0x0000262c                RTC_I2CMasterReadByte
 .text.RTC_I2CReStartGeneration
                0x000026bc       0xa0 .\CortexM0\ARM_GCC_473\Debug\RGB_LED_Matrix.a(RTC_I2C_MASTER.o)
                0x000026bc                RTC_I2CReStartGeneration
 .text.RTC_I2CMasterSendRestart
                0x0000275c       0xbc .\CortexM0\ARM_GCC_473\Debug\RGB_LED_Matrix.a(RTC_I2C_MASTER.o)
                0x0000275c                RTC_I2CMasterSendRestart
 .text.RTC_SCB_IRQ_SetVector
                0x00002818        0xc .\CortexM0\ARM_GCC_473\Debug\RGB_LED_Matrix.a(RTC_SCB_IRQ.o)
                0x00002818                RTC_SCB_IRQ_SetVector
 .text.RTC_SCB_IRQ_SetPriority
                0x00002824       0x28 .\CortexM0\ARM_GCC_473\Debug\RGB_LED_Matrix.a(RTC_SCB_IRQ.o)
                0x00002824                RTC_SCB_IRQ_SetPriority
 .text.RTC_SCB_IRQ_Enable
                0x0000284c       0x10 .\CortexM0\ARM_GCC_473\Debug\RGB_LED_Matrix.a(RTC_SCB_IRQ.o)
                0x0000284c                RTC_SCB_IRQ_Enable
 .text.RTC_SCB_IRQ_Disable
                0x0000285c       0x10 .\CortexM0\ARM_GCC_473\Debug\RGB_LED_Matrix.a(RTC_SCB_IRQ.o)
                0x0000285c                RTC_SCB_IRQ_Disable
 .text.RTC_scl_Write
                0x0000286c       0x18 .\CortexM0\ARM_GCC_473\Debug\RGB_LED_Matrix.a(RTC_scl.o)
                0x0000286c                RTC_scl_Write
 .text.PB_SetPriority
                0x00002884       0x20 .\CortexM0\ARM_GCC_473\Debug\RGB_LED_Matrix.a(PB.o)
                0x00002884                PB_SetPriority
 .text.PB_StartEx
                0x000028a4       0x24 .\CortexM0\ARM_GCC_473\Debug\RGB_LED_Matrix.a(PB.o)
                0x000028a4                PB_StartEx
 .text.RTC_I2C_ISR
                0x000028c8      0x410 .\CortexM0\ARM_GCC_473\Debug\RGB_LED_Matrix.a(RTC_I2C_INT.o)
                0x000028c8                RTC_I2C_ISR
 .text          0x00002cd8       0x9c c:/program files (x86)/cypress/psoc creator/3.0/psoc creator/import/gnu_cs/arm/4.7.3/bin/../lib/gcc/arm-none-eabi/4.7.3/armv6-m\libgcc.a(_udivsi3.o)
                0x00002cd8                __aeabi_uidiv
                0x00002cd8                __udivsi3
                0x00002d60                __aeabi_uidivmod
 .text          0x00002d74        0x4 c:/program files (x86)/cypress/psoc creator/3.0/psoc creator/import/gnu_cs/arm/4.7.3/bin/../lib/gcc/arm-none-eabi/4.7.3/armv6-m\libgcc.a(_dvmd_tls.o)
                0x00002d74                __aeabi_idiv0
                0x00002d74                __aeabi_ldiv0
 .text          0x00002d78       0x40 c:/program files (x86)/cypress/psoc creator/3.0/psoc creator/import/gnu_cs/arm/4.7.3/bin/../lib/gcc/arm-none-eabi/4.7.3/armv6-m\libgcc.a(_fixunsdfsi.o)
                0x00002d78                __aeabi_d2uiz
                0x00002d78                __fixunsdfsi
 .text          0x00002db8      0x5b8 c:/program files (x86)/cypress/psoc creator/3.0/psoc creator/import/gnu_cs/arm/4.7.3/bin/../lib/gcc/arm-none-eabi/4.7.3/armv6-m\libgcc.a(divdf3.o)
                0x00002db8                __aeabi_ddiv
 .text          0x00003370      0x704 c:/program files (x86)/cypress/psoc creator/3.0/psoc creator/import/gnu_cs/arm/4.7.3/bin/../lib/gcc/arm-none-eabi/4.7.3/armv6-m\libgcc.a(subdf3.o)
                0x00003370                __aeabi_dsub
 .text          0x00003a74       0x68 c:/program files (x86)/cypress/psoc creator/3.0/psoc creator/import/gnu_cs/arm/4.7.3/bin/../lib/gcc/arm-none-eabi/4.7.3/armv6-m\libgcc.a(fixdfsi.o)
                0x00003a74                __aeabi_d2iz
 .text          0x00003adc       0x74 c:/program files (x86)/cypress/psoc creator/3.0/psoc creator/import/gnu_cs/arm/4.7.3/bin/../lib/gcc/arm-none-eabi/4.7.3/armv6-m\libgcc.a(floatsidf.o)
                0x00003adc                __aeabi_i2d
 .text          0x00003b50       0x7c c:/program files (x86)/cypress/psoc creator/3.0/psoc creator/import/gnu_cs/arm/4.7.3/bin/../lib/gcc/arm-none-eabi/4.7.3/armv6-m\libgcc.a(_arm_cmpdf2.o)
                0x00003b50                __aeabi_cdrcmple
                0x00003b60                __aeabi_cdcmple
                0x00003b60                __aeabi_cdcmpeq
                0x00003b70                __aeabi_dcmpeq
                0x00003b7c                __aeabi_dcmplt
                0x00003b90                __aeabi_dcmple
                0x00003ba4                __aeabi_dcmpgt
                0x00003bb8                __aeabi_dcmpge
 .text          0x00003bcc       0x3c c:/program files (x86)/cypress/psoc creator/3.0/psoc creator/import/gnu_cs/arm/4.7.3/bin/../lib/gcc/arm-none-eabi/4.7.3/armv6-m\libgcc.a(_clzsi2.o)
                0x00003bcc                __clzsi2
 .text          0x00003c08       0x7c c:/program files (x86)/cypress/psoc creator/3.0/psoc creator/import/gnu_cs/arm/4.7.3/bin/../lib/gcc/arm-none-eabi/4.7.3/armv6-m\libgcc.a(eqdf2.o)
                0x00003c08                __nedf2
                0x00003c08                __eqdf2
 .text          0x00003c84       0xe8 c:/program files (x86)/cypress/psoc creator/3.0/psoc creator/import/gnu_cs/arm/4.7.3/bin/../lib/gcc/arm-none-eabi/4.7.3/armv6-m\libgcc.a(gedf2.o)
                0x00003c84                __gedf2
                0x00003c84                __gtdf2
 .text          0x00003d6c       0xd8 c:/program files (x86)/cypress/psoc creator/3.0/psoc creator/import/gnu_cs/arm/4.7.3/bin/../lib/gcc/arm-none-eabi/4.7.3/armv6-m\libgcc.a(ledf2.o)
                0x00003d6c                __ledf2
                0x00003d6c                __ltdf2
 .text.__libc_init_array
                0x00003e44       0x4c c:/program files (x86)/cypress/psoc creator/3.0/psoc creator/import/gnu_cs/arm/4.7.3/bin/../lib/gcc/arm-none-eabi/4.7.3/../../../../arm-none-eabi/lib/armv6-m\libc_s.a(lib_a-init.o)
                0x00003e44                __libc_init_array
 .text.memcpy   0x00003e90       0x12 c:/program files (x86)/cypress/psoc creator/3.0/psoc creator/import/gnu_cs/arm/4.7.3/bin/../lib/gcc/arm-none-eabi/4.7.3/../../../../arm-none-eabi/lib/armv6-m\libc_s.a(lib_a-memcpy.o)
                0x00003e90                memcpy
 .text.memset   0x00003ea2       0x12 c:/program files (x86)/cypress/psoc creator/3.0/psoc creator/import/gnu_cs/arm/4.7.3/bin/../lib/gcc/arm-none-eabi/4.7.3/../../../../arm-none-eabi/lib/armv6-m\libc_s.a(lib_a-memset.o)
                0x00003ea2                memset
 *(.plt)
 *(.gnu.warning)
 *(.glue_7t)
 .glue_7t       0x00000000        0x0 linker stubs
 *(.glue_7)
 .glue_7        0x00000000        0x0 linker stubs
 *(.vfp11_veneer)
 .vfp11_veneer  0x00000000        0x0 linker stubs
 *(.bootloader)
 *(.ARM.extab* .gnu.linkonce.armextab.*)
 *(.gcc_except_table)

.v4_bx          0x00003eb4        0x0
 .v4_bx         0x00000000        0x0 linker stubs

.iplt           0x00003eb4        0x0
 .iplt          0x00000000        0x0 c:/program files (x86)/cypress/psoc creator/3.0/psoc creator/import/gnu_cs/arm/4.7.3/bin/../lib/gcc/arm-none-eabi/4.7.3/armv6-m/crtbegin.o

.eh_frame_hdr
 *(.eh_frame_hdr)

.eh_frame       0x00003eb4        0x4
 *(.eh_frame)
 .eh_frame      0x00003eb4        0x0 c:/program files (x86)/cypress/psoc creator/3.0/psoc creator/import/gnu_cs/arm/4.7.3/bin/../lib/gcc/arm-none-eabi/4.7.3/armv6-m/crtbegin.o
 .eh_frame      0x00003eb4        0x4 c:/program files (x86)/cypress/psoc creator/3.0/psoc creator/import/gnu_cs/arm/4.7.3/bin/../lib/gcc/arm-none-eabi/4.7.3/armv6-m/crtend.o
                0x00003eb8                PROVIDE (__exidx_start, .)

.ARM.exidx
 *(.ARM.exidx* .gnu.linkonce.armexidx.*)
                0x00003eb8                __exidx_end = .

.rodata         0x00003eb8      0x380
 *(.rodata .rodata.* .gnu.linkonce.r.*)
 .rodata        0x00003eb8       0x40 .\CortexM0\ARM_GCC_473\Debug\LED_Matrix.o
 .rodata        0x00003ef8      0x2cc .\CortexM0\ARM_GCC_473\Debug\RGB_LED_Matrix.a(cyfitter_cfg.o)
 .rodata        0x000041c4       0x40 c:/program files (x86)/cypress/psoc creator/3.0/psoc creator/import/gnu_cs/arm/4.7.3/bin/../lib/gcc/arm-none-eabi/4.7.3/armv6-m\libgcc.a(divdf3.o)
                0x00004204                . = ALIGN (0x4)
 *(.init)
 .init          0x00004204        0x4 c:/program files (x86)/cypress/psoc creator/3.0/psoc creator/import/gnu_cs/arm/4.7.3/bin/../lib/gcc/arm-none-eabi/4.7.3/armv6-m/crti.o
                0x00004204                _init
 .init          0x00004208        0x8 c:/program files (x86)/cypress/psoc creator/3.0/psoc creator/import/gnu_cs/arm/4.7.3/bin/../lib/gcc/arm-none-eabi/4.7.3/armv6-m/crtn.o
                0x00004210                . = ALIGN (0x4)
                0x00004210                __preinit_array_start = .
 *(.preinit_array)
                0x00004210                __preinit_array_end = .
                0x00004210                . = ALIGN (0x4)
                0x00004210                __init_array_start = .
 *(SORT(.init_array.*))
 *(.init_array)
 .init_array    0x00004210        0x4 c:/program files (x86)/cypress/psoc creator/3.0/psoc creator/import/gnu_cs/arm/4.7.3/bin/../lib/gcc/arm-none-eabi/4.7.3/armv6-m/crtbegin.o
 .init_array    0x00004214        0x4 .\CortexM0\ARM_GCC_473\Debug\Cm0Start.o
                0x00004218                __init_array_end = .
                0x00004218                . = ALIGN (0x4)
 *(.fini)
 .fini          0x00004218        0x4 c:/program files (x86)/cypress/psoc creator/3.0/psoc creator/import/gnu_cs/arm/4.7.3/bin/../lib/gcc/arm-none-eabi/4.7.3/armv6-m/crti.o
                0x00004218                _fini
 .fini          0x0000421c        0x8 c:/program files (x86)/cypress/psoc creator/3.0/psoc creator/import/gnu_cs/arm/4.7.3/bin/../lib/gcc/arm-none-eabi/4.7.3/armv6-m/crtn.o
                0x00004224                . = ALIGN (0x4)
                0x00004224                __fini_array_start = .
 *(.fini_array)
 .fini_array    0x00004224        0x4 c:/program files (x86)/cypress/psoc creator/3.0/psoc creator/import/gnu_cs/arm/4.7.3/bin/../lib/gcc/arm-none-eabi/4.7.3/armv6-m/crtbegin.o
 *(SORT(.fini_array.*))
                0x00004228                __fini_array_end = .
                0x00004228                . = ALIGN (0x4)
 *crtbegin.o(.ctors)
 *(EXCLUDE_FILE(*crtend.o) .ctors)
 *(SORT(.ctors.*))
 *crtend.o(.ctors)
                0x00004228                . = ALIGN (0x4)
 *crtbegin.o(.dtors)
 *(EXCLUDE_FILE(*crtend.o) .dtors)
 *(SORT(.dtors.*))
 *crtend.o(.dtors)
                0x00004228                . = ALIGN (0x4)
                0x00004228                __cy_regions = .
                0x00004228        0x4 LONG 0x4238 __cy_region_init_ram
                0x0000422c        0x4 LONG 0x200000c8 __cy_region_start_data
                0x00004230        0x4 LONG 0x18 __cy_region_init_size_ram
                0x00004234        0x4 LONG 0x488 __cy_region_zero_size_ram
                0x00004238                __cy_regions_end = .
                0x00004238                . = ALIGN (0x8)
                0x00004238                _etext = .

.ramvectors     0x20000000       0xc0
                0x20000000                __cy_region_start_ram = .
 *(.ramvectors)
 .ramvectors    0x20000000       0xc0 .\CortexM0\ARM_GCC_473\Debug\Cm0Start.o
                0x20000000                CyRamVectors

.noinit         0x200000c0        0x4
 *(.noinit)
 .noinit        0x200000c0        0x4 .\CortexM0\ARM_GCC_473\Debug\Cm0Start.o

.data           0x200000c8       0x18 load address 0x00004238
                0x200000c8                __cy_region_start_data = .
 *(.jcr)
 .jcr           0x200000c8        0x0 c:/program files (x86)/cypress/psoc creator/3.0/psoc creator/import/gnu_cs/arm/4.7.3/bin/../lib/gcc/arm-none-eabi/4.7.3/armv6-m/crtbegin.o
 .jcr           0x200000c8        0x4 c:/program files (x86)/cypress/psoc creator/3.0/psoc creator/import/gnu_cs/arm/4.7.3/bin/../lib/gcc/arm-none-eabi/4.7.3/armv6-m/crtend.o
 *(.got.plt)
 *(.got)
 *(.shdata)
 *(.data .data.* .gnu.linkonce.d.*)
 .data          0x200000cc        0x4 .\CortexM0\ARM_GCC_473\Debug\main.o
                0x200000cc                mode
 .data          0x200000d0       0x10 .\CortexM0\ARM_GCC_473\Debug\RGB_LED_Matrix.a(CyLib.o)
                0x200000d0                cydelay32kMs
                0x200000d4                cydelayFreqKhz
                0x200000d8                cydelayFreqMhz
                0x200000dc                cydelayFreqHz
                0x200000e0                . = ALIGN (0x8)
 *(.ram)
                0x200000e0                _edata = .

.igot.plt       0x200000e0        0x0 load address 0x00004250
 .igot.plt      0x00000000        0x0 c:/program files (x86)/cypress/psoc creator/3.0/psoc creator/import/gnu_cs/arm/4.7.3/bin/../lib/gcc/arm-none-eabi/4.7.3/armv6-m/crtbegin.o

.bss            0x200000e0      0x488 load address 0x00004250
                0x200000e0                PROVIDE (__bss_start__, .)
 *(.shbss)
 *(.bss .bss.* .gnu.linkonce.b.*)
 .bss           0x200000e0       0x1c c:/program files (x86)/cypress/psoc creator/3.0/psoc creator/import/gnu_cs/arm/4.7.3/bin/../lib/gcc/arm-none-eabi/4.7.3/armv6-m/crtbegin.o
 .bss           0x200000fc       0x40 .\CortexM0\ARM_GCC_473\Debug\main.o
                0x200000fc                pwm_count
                0x200000fd                j
                0x20000100                result
                0x20000110                w
                0x20000114                dataReady
                0x20000118                oldResult
                0x20000120                scaledResult
                0x20000128                refresh
                0x2000012c                adcMax
 .bss           0x2000013c        0x1 .\CortexM0\ARM_GCC_473\Debug\RGB_LED_Matrix.a(ADC.o)
                0x2000013c                ADC_initVar
 *fill*         0x2000013d        0x3 00
 .bss           0x20000140        0x8 .\CortexM0\ARM_GCC_473\Debug\RGB_LED_Matrix.a(RTC.o)
                0x20000140                RTC_initVar
                0x20000144                RTC_customIntrHandler
 *(COMMON)
 COMMON         0x20000148      0x3c1 .\CortexM0\ARM_GCC_473\Debug\main.o
                0x20000148                matrix
                0x20000508                bit_shift
 *fill*         0x20000509        0x3 00
 COMMON         0x2000050c       0x30 .\CortexM0\ARM_GCC_473\Debug\RGB_LED_Matrix.a(ADC.o)
                0x2000050c                ADC_countsPer10Volt
                0x2000052c                ADC_offset
 COMMON         0x2000053c        0x1 .\CortexM0\ARM_GCC_473\Debug\RGB_LED_Matrix.a(RTC_I2C.o)
                0x2000053c                RTC_state
 *fill*         0x2000053d        0x3 00
 COMMON         0x20000540       0x24 .\CortexM0\ARM_GCC_473\Debug\RGB_LED_Matrix.a(RTC_I2C_MASTER.o)
                0x20000540                RTC_mstrStatus
                0x20000544                RTC_mstrRdBufIndex
                0x20000548                RTC_mstrRdBufPtr
                0x2000054c                RTC_mstrWrBufIndex
                0x20000550                RTC_mstrWrBufPtr
                0x20000554                RTC_mstrWrBufSize
                0x20000558                RTC_mstrControl
                0x2000055c                RTC_mstrWrBufIndexTmp
                0x20000560                RTC_mstrRdBufSize
                0x20000568                . = ALIGN (0x8)
 *fill*         0x20000564        0x4 00
 *(.ram.b)
                0x20000568                _end = .
                0x20000568                __end = .
                0x20000568                PROVIDE (end, .)
                0x20000568                PROVIDE (__bss_end__, .)
                0x00004238                __cy_region_init_ram = LOADADDR (.data)
                0x00000018                __cy_region_init_size_ram = (_edata - ADDR (.data))
                0x00000488                __cy_region_zero_size_ram = (_end - _edata)

.heap           0x20000568      0x100 load address 0x00004250
                0x20000568                . = _end
                0x20000668                . = (. + 0x100)
 *fill*         0x20000568      0x100 00
                0x20000668                __cy_heap_limit = .

.stack          0x20000c00      0x400
                0x20000c00                __cy_stack_limit = .
                0x20001000                . = (. + 0x400)
 *fill*         0x20000c00      0x400 00
                0x00000001                ASSERT ((__cy_stack_limit >= __cy_heap_limit), region RAM overflowed with stack)

.cyloadermeta
 *(.cyloadermeta)

.cyloadablemeta
 *(.cyloadablemeta)

.cyflashprotect
                0x90400000       0x20
 *(.cyflashprotect)
 .cyflashprotect
                0x90400000       0x20 .\CortexM0\ARM_GCC_473\Debug\cymetadata.o
                0x90400000                cy_meta_flashprotect

.cymeta         0x90500000        0xc
 *(.cymeta)
 .cymeta        0x90500000        0xc .\CortexM0\ARM_GCC_473\Debug\cymetadata.o
                0x90500000                cy_metadata

.cychipprotect  0x90600000        0x4
 *(.cychipprotect)
 .cychipprotect
                0x90600000        0x4 .\CortexM0\ARM_GCC_473\Debug\cymetadata.o
                0x90600000                cy_meta_chipprotect

.rel.dyn        0x00004250        0x0 load address 0x90600004
 .rel.iplt      0x00000000        0x0 c:/program files (x86)/cypress/psoc creator/3.0/psoc creator/import/gnu_cs/arm/4.7.3/bin/../lib/gcc/arm-none-eabi/4.7.3/armv6-m/crtbegin.o

.stab
 *(.stab)

.stabstr
 *(.stabstr)

.debug
 *(.debug)

.line
 *(.line)

.debug_srcinfo
 *(.debug_srcinfo)

.debug_sfnames
 *(.debug_sfnames)

.debug_aranges  0x00000000      0x848
 *(.debug_aranges)
 .debug_aranges
                0x00000000       0x38 .\CortexM0\ARM_GCC_473\Debug\main.o
 .debug_aranges
                0x00000038      0x148 .\CortexM0\ARM_GCC_473\Debug\LED_Matrix.o
 .debug_aranges
                0x00000180       0x58 .\CortexM0\ARM_GCC_473\Debug\I2CDriver.o
 .debug_aranges
                0x000001d8       0x18 .\CortexM0\ARM_GCC_473\Debug\cymetadata.o
 .debug_aranges
                0x000001f0       0x40 .\CortexM0\ARM_GCC_473\Debug\Cm0Start.o
 .debug_aranges
                0x00000230       0x28 .\CortexM0\ARM_GCC_473\Debug\RGB_LED_Matrix.a(cyfitter_cfg.o)
 .debug_aranges
                0x00000258       0x80 .\CortexM0\ARM_GCC_473\Debug\RGB_LED_Matrix.a(isr_2.o)
 .debug_aranges
                0x000002d8       0x20 .\CortexM0\ARM_GCC_473\Debug\RGB_LED_Matrix.a(LED_Matrix_1.o)
 .debug_aranges
                0x000002f8       0x20 .\CortexM0\ARM_GCC_473\Debug\RGB_LED_Matrix.a(CyBootAsmGnu.o)
 .debug_aranges
                0x00000318      0x198 .\CortexM0\ARM_GCC_473\Debug\RGB_LED_Matrix.a(CyLib.o)
 .debug_aranges
                0x000004b0       0xa8 .\CortexM0\ARM_GCC_473\Debug\RGB_LED_Matrix.a(ADC.o)
 .debug_aranges
                0x00000558       0x20 .\CortexM0\ARM_GCC_473\Debug\RGB_LED_Matrix.a(ADC_INT.o)
 .debug_aranges
                0x00000578       0x80 .\CortexM0\ARM_GCC_473\Debug\RGB_LED_Matrix.a(eoc.o)
 .debug_aranges
                0x000005f8       0x40 .\CortexM0\ARM_GCC_473\Debug\RGB_LED_Matrix.a(RTC.o)
 .debug_aranges
                0x00000638       0x28 .\CortexM0\ARM_GCC_473\Debug\RGB_LED_Matrix.a(RTC_I2C.o)
 .debug_aranges
                0x00000660       0x88 .\CortexM0\ARM_GCC_473\Debug\RGB_LED_Matrix.a(RTC_I2C_MASTER.o)
 .debug_aranges
                0x000006e8       0x80 .\CortexM0\ARM_GCC_473\Debug\RGB_LED_Matrix.a(RTC_SCB_IRQ.o)
 .debug_aranges
                0x00000768       0x40 .\CortexM0\ARM_GCC_473\Debug\RGB_LED_Matrix.a(RTC_scl.o)
 .debug_aranges
                0x000007a8       0x80 .\CortexM0\ARM_GCC_473\Debug\RGB_LED_Matrix.a(PB.o)
 .debug_aranges
                0x00000828       0x20 .\CortexM0\ARM_GCC_473\Debug\RGB_LED_Matrix.a(RTC_I2C_INT.o)

.debug_pubnames
 *(.debug_pubnames)

.debug_info     0x00000000     0x7503
 *(.debug_info .gnu.linkonce.wi.*)
 .debug_info    0x00000000      0xbc6 .\CortexM0\ARM_GCC_473\Debug\main.o
 .debug_info    0x00000bc6     0x25a6 .\CortexM0\ARM_GCC_473\Debug\LED_Matrix.o
 .debug_info    0x0000316c      0x5c9 .\CortexM0\ARM_GCC_473\Debug\I2CDriver.o
 .debug_info    0x00003735      0x100 .\CortexM0\ARM_GCC_473\Debug\cymetadata.o
 .debug_info    0x00003835      0x310 .\CortexM0\ARM_GCC_473\Debug\Cm0Start.o
 .debug_info    0x00003b45      0x681 .\CortexM0\ARM_GCC_473\Debug\RGB_LED_Matrix.a(cyfitter_cfg.o)
 .debug_info    0x000041c6      0x38e .\CortexM0\ARM_GCC_473\Debug\RGB_LED_Matrix.a(isr_2.o)
 .debug_info    0x00004554       0xdb .\CortexM0\ARM_GCC_473\Debug\RGB_LED_Matrix.a(LED_Matrix_1.o)
 .debug_info    0x0000462f       0x8e .\CortexM0\ARM_GCC_473\Debug\RGB_LED_Matrix.a(CyBootAsmGnu.o)
 .debug_info    0x000046bd      0xf03 .\CortexM0\ARM_GCC_473\Debug\RGB_LED_Matrix.a(CyLib.o)
 .debug_info    0x000055c0      0x613 .\CortexM0\ARM_GCC_473\Debug\RGB_LED_Matrix.a(ADC.o)
 .debug_info    0x00005bd3       0xca .\CortexM0\ARM_GCC_473\Debug\RGB_LED_Matrix.a(ADC_INT.o)
 .debug_info    0x00005c9d      0x38e .\CortexM0\ARM_GCC_473\Debug\RGB_LED_Matrix.a(eoc.o)
 .debug_info    0x0000602b      0x240 .\CortexM0\ARM_GCC_473\Debug\RGB_LED_Matrix.a(RTC.o)
 .debug_info    0x0000626b      0x193 .\CortexM0\ARM_GCC_473\Debug\RGB_LED_Matrix.a(RTC_I2C.o)
 .debug_info    0x000063fe      0x69c .\CortexM0\ARM_GCC_473\Debug\RGB_LED_Matrix.a(RTC_I2C_MASTER.o)
 .debug_info    0x00006a9a      0x38e .\CortexM0\ARM_GCC_473\Debug\RGB_LED_Matrix.a(RTC_SCB_IRQ.o)
 .debug_info    0x00006e28      0x165 .\CortexM0\ARM_GCC_473\Debug\RGB_LED_Matrix.a(RTC_scl.o)
 .debug_info    0x00006f8d      0x38e .\CortexM0\ARM_GCC_473\Debug\RGB_LED_Matrix.a(PB.o)
 .debug_info    0x0000731b      0x1e8 .\CortexM0\ARM_GCC_473\Debug\RGB_LED_Matrix.a(RTC_I2C_INT.o)

.debug_abbrev   0x00000000     0x1fb0
 *(.debug_abbrev)
 .debug_abbrev  0x00000000      0x1e9 .\CortexM0\ARM_GCC_473\Debug\main.o
 .debug_abbrev  0x000001e9      0x204 .\CortexM0\ARM_GCC_473\Debug\LED_Matrix.o
 .debug_abbrev  0x000003ed      0x22a .\CortexM0\ARM_GCC_473\Debug\I2CDriver.o
 .debug_abbrev  0x00000617       0x5d .\CortexM0\ARM_GCC_473\Debug\cymetadata.o
 .debug_abbrev  0x00000674      0x199 .\CortexM0\ARM_GCC_473\Debug\Cm0Start.o
 .debug_abbrev  0x0000080d      0x28a .\CortexM0\ARM_GCC_473\Debug\RGB_LED_Matrix.a(cyfitter_cfg.o)
 .debug_abbrev  0x00000a97      0x249 .\CortexM0\ARM_GCC_473\Debug\RGB_LED_Matrix.a(isr_2.o)
 .debug_abbrev  0x00000ce0       0x8d .\CortexM0\ARM_GCC_473\Debug\RGB_LED_Matrix.a(LED_Matrix_1.o)
 .debug_abbrev  0x00000d6d       0x14 .\CortexM0\ARM_GCC_473\Debug\RGB_LED_Matrix.a(CyBootAsmGnu.o)
 .debug_abbrev  0x00000d81      0x361 .\CortexM0\ARM_GCC_473\Debug\RGB_LED_Matrix.a(CyLib.o)
 .debug_abbrev  0x000010e2      0x1ea .\CortexM0\ARM_GCC_473\Debug\RGB_LED_Matrix.a(ADC.o)
 .debug_abbrev  0x000012cc       0x67 .\CortexM0\ARM_GCC_473\Debug\RGB_LED_Matrix.a(ADC_INT.o)
 .debug_abbrev  0x00001333      0x249 .\CortexM0\ARM_GCC_473\Debug\RGB_LED_Matrix.a(eoc.o)
 .debug_abbrev  0x0000157c      0x11f .\CortexM0\ARM_GCC_473\Debug\RGB_LED_Matrix.a(RTC.o)
 .debug_abbrev  0x0000169b      0x10f .\CortexM0\ARM_GCC_473\Debug\RGB_LED_Matrix.a(RTC_I2C.o)
 .debug_abbrev  0x000017aa      0x1ec .\CortexM0\ARM_GCC_473\Debug\RGB_LED_Matrix.a(RTC_I2C_MASTER.o)
 .debug_abbrev  0x00001996      0x249 .\CortexM0\ARM_GCC_473\Debug\RGB_LED_Matrix.a(RTC_SCB_IRQ.o)
 .debug_abbrev  0x00001bdf       0xbb .\CortexM0\ARM_GCC_473\Debug\RGB_LED_Matrix.a(RTC_scl.o)
 .debug_abbrev  0x00001c9a      0x249 .\CortexM0\ARM_GCC_473\Debug\RGB_LED_Matrix.a(PB.o)
 .debug_abbrev  0x00001ee3       0xcd .\CortexM0\ARM_GCC_473\Debug\RGB_LED_Matrix.a(RTC_I2C_INT.o)

.debug_line     0x00000000     0x286b
 *(.debug_line)
 .debug_line    0x00000000      0x2eb .\CortexM0\ARM_GCC_473\Debug\main.o
 .debug_line    0x000002eb      0x7e9 .\CortexM0\ARM_GCC_473\Debug\LED_Matrix.o
 .debug_line    0x00000ad4      0x164 .\CortexM0\ARM_GCC_473\Debug\I2CDriver.o
 .debug_line    0x00000c38       0x53 .\CortexM0\ARM_GCC_473\Debug\cymetadata.o
 .debug_line    0x00000c8b      0x1b9 .\CortexM0\ARM_GCC_473\Debug\Cm0Start.o
 .debug_line    0x00000e44      0x243 .\CortexM0\ARM_GCC_473\Debug\RGB_LED_Matrix.a(cyfitter_cfg.o)
 .debug_line    0x00001087      0x1a9 .\CortexM0\ARM_GCC_473\Debug\RGB_LED_Matrix.a(isr_2.o)
 .debug_line    0x00001230       0x73 .\CortexM0\ARM_GCC_473\Debug\RGB_LED_Matrix.a(LED_Matrix_1.o)
 .debug_line    0x000012a3       0x68 .\CortexM0\ARM_GCC_473\Debug\RGB_LED_Matrix.a(CyBootAsmGnu.o)
 .debug_line    0x0000130b      0x5d1 .\CortexM0\ARM_GCC_473\Debug\RGB_LED_Matrix.a(CyLib.o)
 .debug_line    0x000018dc      0x294 .\CortexM0\ARM_GCC_473\Debug\RGB_LED_Matrix.a(ADC.o)
 .debug_line    0x00001b70       0x6a .\CortexM0\ARM_GCC_473\Debug\RGB_LED_Matrix.a(ADC_INT.o)
 .debug_line    0x00001bda      0x1a5 .\CortexM0\ARM_GCC_473\Debug\RGB_LED_Matrix.a(eoc.o)
 .debug_line    0x00001d7f       0xed .\CortexM0\ARM_GCC_473\Debug\RGB_LED_Matrix.a(RTC.o)
 .debug_line    0x00001e6c       0xc7 .\CortexM0\ARM_GCC_473\Debug\RGB_LED_Matrix.a(RTC_I2C.o)
 .debug_line    0x00001f33      0x356 .\CortexM0\ARM_GCC_473\Debug\RGB_LED_Matrix.a(RTC_I2C_MASTER.o)
 .debug_line    0x00002289      0x1ad .\CortexM0\ARM_GCC_473\Debug\RGB_LED_Matrix.a(RTC_SCB_IRQ.o)
 .debug_line    0x00002436       0xb6 .\CortexM0\ARM_GCC_473\Debug\RGB_LED_Matrix.a(RTC_scl.o)
 .debug_line    0x000024ec      0x1a4 .\CortexM0\ARM_GCC_473\Debug\RGB_LED_Matrix.a(PB.o)
 .debug_line    0x00002690      0x1db .\CortexM0\ARM_GCC_473\Debug\RGB_LED_Matrix.a(RTC_I2C_INT.o)

.debug_frame    0x00000000     0x1aac
 *(.debug_frame)
 .debug_frame   0x00000000       0xa8 .\CortexM0\ARM_GCC_473\Debug\main.o
 .debug_frame   0x000000a8      0x624 .\CortexM0\ARM_GCC_473\Debug\LED_Matrix.o
 .debug_frame   0x000006cc       0xe4 .\CortexM0\ARM_GCC_473\Debug\I2CDriver.o
 .debug_frame   0x000007b0       0xa8 .\CortexM0\ARM_GCC_473\Debug\Cm0Start.o
 .debug_frame   0x00000858       0x58 .\CortexM0\ARM_GCC_473\Debug\RGB_LED_Matrix.a(cyfitter_cfg.o)
 .debug_frame   0x000008b0      0x104 .\CortexM0\ARM_GCC_473\Debug\RGB_LED_Matrix.a(isr_2.o)
 .debug_frame   0x000009b4       0x2c .\CortexM0\ARM_GCC_473\Debug\RGB_LED_Matrix.a(LED_Matrix_1.o)
 .debug_frame   0x000009e0      0x444 .\CortexM0\ARM_GCC_473\Debug\RGB_LED_Matrix.a(CyLib.o)
 .debug_frame   0x00000e24      0x1bc .\CortexM0\ARM_GCC_473\Debug\RGB_LED_Matrix.a(ADC.o)
 .debug_frame   0x00000fe0       0x20 .\CortexM0\ARM_GCC_473\Debug\RGB_LED_Matrix.a(ADC_INT.o)
 .debug_frame   0x00001000      0x108 .\CortexM0\ARM_GCC_473\Debug\RGB_LED_Matrix.a(eoc.o)
 .debug_frame   0x00001108       0x90 .\CortexM0\ARM_GCC_473\Debug\RGB_LED_Matrix.a(RTC.o)
 .debug_frame   0x00001198       0x3c .\CortexM0\ARM_GCC_473\Debug\RGB_LED_Matrix.a(RTC_I2C.o)
 .debug_frame   0x000011d4      0x1a8 .\CortexM0\ARM_GCC_473\Debug\RGB_LED_Matrix.a(RTC_I2C_MASTER.o)
 .debug_frame   0x0000137c      0x108 .\CortexM0\ARM_GCC_473\Debug\RGB_LED_Matrix.a(RTC_SCB_IRQ.o)
 .debug_frame   0x00001484       0x60 .\CortexM0\ARM_GCC_473\Debug\RGB_LED_Matrix.a(RTC_scl.o)
 .debug_frame   0x000014e4      0x104 .\CortexM0\ARM_GCC_473\Debug\RGB_LED_Matrix.a(PB.o)
 .debug_frame   0x000015e8       0x40 .\CortexM0\ARM_GCC_473\Debug\RGB_LED_Matrix.a(RTC_I2C_INT.o)
 .debug_frame   0x00001628       0x20 c:/program files (x86)/cypress/psoc creator/3.0/psoc creator/import/gnu_cs/arm/4.7.3/bin/../lib/gcc/arm-none-eabi/4.7.3/armv6-m\libgcc.a(_udivsi3.o)
 .debug_frame   0x00001648       0x20 c:/program files (x86)/cypress/psoc creator/3.0/psoc creator/import/gnu_cs/arm/4.7.3/bin/../lib/gcc/arm-none-eabi/4.7.3/armv6-m\libgcc.a(_divsi3.o)
 .debug_frame   0x00001668       0x30 c:/program files (x86)/cypress/psoc creator/3.0/psoc creator/import/gnu_cs/arm/4.7.3/bin/../lib/gcc/arm-none-eabi/4.7.3/armv6-m\libgcc.a(_muldi3.o)
 .debug_frame   0x00001698       0x2c c:/program files (x86)/cypress/psoc creator/3.0/psoc creator/import/gnu_cs/arm/4.7.3/bin/../lib/gcc/arm-none-eabi/4.7.3/armv6-m\libgcc.a(_fixunsdfsi.o)
 .debug_frame   0x000016c4       0x60 c:/program files (x86)/cypress/psoc creator/3.0/psoc creator/import/gnu_cs/arm/4.7.3/bin/../lib/gcc/arm-none-eabi/4.7.3/armv6-m\libgcc.a(bpabi.o)
 .debug_frame   0x00001724       0x3c c:/program files (x86)/cypress/psoc creator/3.0/psoc creator/import/gnu_cs/arm/4.7.3/bin/../lib/gcc/arm-none-eabi/4.7.3/armv6-m\libgcc.a(divsf3.o)
 .debug_frame   0x00001760       0x3c c:/program files (x86)/cypress/psoc creator/3.0/psoc creator/import/gnu_cs/arm/4.7.3/bin/../lib/gcc/arm-none-eabi/4.7.3/armv6-m\libgcc.a(mulsf3.o)
 .debug_frame   0x0000179c       0x2c c:/program files (x86)/cypress/psoc creator/3.0/psoc creator/import/gnu_cs/arm/4.7.3/bin/../lib/gcc/arm-none-eabi/4.7.3/armv6-m\libgcc.a(floatsisf.o)
 .debug_frame   0x000017c8       0x3c c:/program files (x86)/cypress/psoc creator/3.0/psoc creator/import/gnu_cs/arm/4.7.3/bin/../lib/gcc/arm-none-eabi/4.7.3/armv6-m\libgcc.a(divdf3.o)
 .debug_frame   0x00001804       0x38 c:/program files (x86)/cypress/psoc creator/3.0/psoc creator/import/gnu_cs/arm/4.7.3/bin/../lib/gcc/arm-none-eabi/4.7.3/armv6-m\libgcc.a(subdf3.o)
 .debug_frame   0x0000183c       0x2c c:/program files (x86)/cypress/psoc creator/3.0/psoc creator/import/gnu_cs/arm/4.7.3/bin/../lib/gcc/arm-none-eabi/4.7.3/armv6-m\libgcc.a(fixdfsi.o)
 .debug_frame   0x00001868       0x30 c:/program files (x86)/cypress/psoc creator/3.0/psoc creator/import/gnu_cs/arm/4.7.3/bin/../lib/gcc/arm-none-eabi/4.7.3/armv6-m\libgcc.a(floatsidf.o)
 .debug_frame   0x00001898       0x3c c:/program files (x86)/cypress/psoc creator/3.0/psoc creator/import/gnu_cs/arm/4.7.3/bin/../lib/gcc/arm-none-eabi/4.7.3/armv6-m\libgcc.a(_divdi3.o)
 .debug_frame   0x000018d4       0x3c c:/program files (x86)/cypress/psoc creator/3.0/psoc creator/import/gnu_cs/arm/4.7.3/bin/../lib/gcc/arm-none-eabi/4.7.3/armv6-m\libgcc.a(_udivdi3.o)
 .debug_frame   0x00001910       0x34 c:/program files (x86)/cypress/psoc creator/3.0/psoc creator/import/gnu_cs/arm/4.7.3/bin/../lib/gcc/arm-none-eabi/4.7.3/armv6-m\libgcc.a(eqdf2.o)
 .debug_frame   0x00001944       0x38 c:/program files (x86)/cypress/psoc creator/3.0/psoc creator/import/gnu_cs/arm/4.7.3/bin/../lib/gcc/arm-none-eabi/4.7.3/armv6-m\libgcc.a(gedf2.o)
 .debug_frame   0x0000197c       0x38 c:/program files (x86)/cypress/psoc creator/3.0/psoc creator/import/gnu_cs/arm/4.7.3/bin/../lib/gcc/arm-none-eabi/4.7.3/armv6-m\libgcc.a(ledf2.o)
 .debug_frame   0x000019b4       0x28 c:/program files (x86)/cypress/psoc creator/3.0/psoc creator/import/gnu_cs/arm/4.7.3/bin/../lib/gcc/arm-none-eabi/4.7.3/../../../../arm-none-eabi/lib/armv6-m\libc_s.a(lib_a-__atexit2.o)
 .debug_frame   0x000019dc       0x28 c:/program files (x86)/cypress/psoc creator/3.0/psoc creator/import/gnu_cs/arm/4.7.3/bin/../lib/gcc/arm-none-eabi/4.7.3/../../../../arm-none-eabi/lib/armv6-m\libc_s.a(lib_a-exit.o)
 .debug_frame   0x00001a04       0x2c c:/program files (x86)/cypress/psoc creator/3.0/psoc creator/import/gnu_cs/arm/4.7.3/bin/../lib/gcc/arm-none-eabi/4.7.3/../../../../arm-none-eabi/lib/armv6-m\libc_s.a(lib_a-fini.o)
 .debug_frame   0x00001a30       0x2c c:/program files (x86)/cypress/psoc creator/3.0/psoc creator/import/gnu_cs/arm/4.7.3/bin/../lib/gcc/arm-none-eabi/4.7.3/../../../../arm-none-eabi/lib/armv6-m\libc_s.a(lib_a-init.o)
 .debug_frame   0x00001a5c       0x28 c:/program files (x86)/cypress/psoc creator/3.0/psoc creator/import/gnu_cs/arm/4.7.3/bin/../lib/gcc/arm-none-eabi/4.7.3/../../../../arm-none-eabi/lib/armv6-m\libc_s.a(lib_a-memcpy.o)
 .debug_frame   0x00001a84       0x28 c:/program files (x86)/cypress/psoc creator/3.0/psoc creator/import/gnu_cs/arm/4.7.3/bin/../lib/gcc/arm-none-eabi/4.7.3/../../../../arm-none-eabi/lib/armv6-m\libc_s.a(lib_a-memset.o)

.debug_str      0x00000000     0x172f
 *(.debug_str)
 .debug_str     0x00000000      0x2e3 .\CortexM0\ARM_GCC_473\Debug\main.o
                                0x321 (size before relaxing)
 .debug_str     0x000002e3      0x1b2 .\CortexM0\ARM_GCC_473\Debug\LED_Matrix.o
                                0x362 (size before relaxing)
 .debug_str     0x00000495       0xe0 .\CortexM0\ARM_GCC_473\Debug\I2CDriver.o
                                0x277 (size before relaxing)
 .debug_str     0x00000575       0x5b .\CortexM0\ARM_GCC_473\Debug\cymetadata.o
                                0x187 (size before relaxing)
 .debug_str     0x000005d0      0x10f .\CortexM0\ARM_GCC_473\Debug\Cm0Start.o
                                0x274 (size before relaxing)
 .debug_str     0x000006df      0x1ee .\CortexM0\ARM_GCC_473\Debug\RGB_LED_Matrix.a(cyfitter_cfg.o)
                                0x37d (size before relaxing)
 .debug_str     0x000008cd      0x12e .\CortexM0\ARM_GCC_473\Debug\RGB_LED_Matrix.a(isr_2.o)
                                0x297 (size before relaxing)
 .debug_str     0x000009fb       0x28 .\CortexM0\ARM_GCC_473\Debug\RGB_LED_Matrix.a(LED_Matrix_1.o)
                                0x18c (size before relaxing)
 .debug_str     0x00000a23      0x4b3 .\CortexM0\ARM_GCC_473\Debug\RGB_LED_Matrix.a(CyLib.o)
                                0x683 (size before relaxing)
 .debug_str     0x00000ed6      0x1c5 .\CortexM0\ARM_GCC_473\Debug\RGB_LED_Matrix.a(ADC.o)
                                0x392 (size before relaxing)
 .debug_str     0x0000109b       0x37 .\CortexM0\ARM_GCC_473\Debug\RGB_LED_Matrix.a(ADC_INT.o)
                                0x16a (size before relaxing)
 .debug_str     0x000010d2       0xc0 .\CortexM0\ARM_GCC_473\Debug\RGB_LED_Matrix.a(eoc.o)
                                0x27b (size before relaxing)
 .debug_str     0x00001192       0xf0 .\CortexM0\ARM_GCC_473\Debug\RGB_LED_Matrix.a(RTC.o)
                                0x24b (size before relaxing)
 .debug_str     0x00001282       0x90 .\CortexM0\ARM_GCC_473\Debug\RGB_LED_Matrix.a(RTC_I2C.o)
                                0x209 (size before relaxing)
 .debug_str     0x00001312      0x1d0 .\CortexM0\ARM_GCC_473\Debug\RGB_LED_Matrix.a(RTC_I2C_MASTER.o)
                                0x42c (size before relaxing)
 .debug_str     0x000014e2       0xce .\CortexM0\ARM_GCC_473\Debug\RGB_LED_Matrix.a(RTC_SCB_IRQ.o)
                                0x2eb (size before relaxing)
 .debug_str     0x000015b0       0x83 .\CortexM0\ARM_GCC_473\Debug\RGB_LED_Matrix.a(RTC_scl.o)
                                0x1cc (size before relaxing)
 .debug_str     0x00001633       0xb3 .\CortexM0\ARM_GCC_473\Debug\RGB_LED_Matrix.a(PB.o)
                                0x26d (size before relaxing)
 .debug_str     0x000016e6       0x49 .\CortexM0\ARM_GCC_473\Debug\RGB_LED_Matrix.a(RTC_I2C_INT.o)
                                0x295 (size before relaxing)

.debug_loc      0x00000000     0x58e4
 *(.debug_loc)
 .debug_loc     0x00000000      0x48e .\CortexM0\ARM_GCC_473\Debug\main.o
 .debug_loc     0x0000048e     0x26ae .\CortexM0\ARM_GCC_473\Debug\LED_Matrix.o
 .debug_loc     0x00002b3c      0x3ef .\CortexM0\ARM_GCC_473\Debug\I2CDriver.o
 .debug_loc     0x00002f2b      0x1b0 .\CortexM0\ARM_GCC_473\Debug\Cm0Start.o
 .debug_loc     0x000030db      0x2ec .\CortexM0\ARM_GCC_473\Debug\RGB_LED_Matrix.a(cyfitter_cfg.o)
 .debug_loc     0x000033c7      0x10c .\CortexM0\ARM_GCC_473\Debug\RGB_LED_Matrix.a(isr_2.o)
 .debug_loc     0x000034d3       0x20 .\CortexM0\ARM_GCC_473\Debug\RGB_LED_Matrix.a(LED_Matrix_1.o)
 .debug_loc     0x000034f3      0xdd3 .\CortexM0\ARM_GCC_473\Debug\RGB_LED_Matrix.a(CyLib.o)
 .debug_loc     0x000042c6      0x5ca .\CortexM0\ARM_GCC_473\Debug\RGB_LED_Matrix.a(ADC.o)
 .debug_loc     0x00004890      0x10b .\CortexM0\ARM_GCC_473\Debug\RGB_LED_Matrix.a(eoc.o)
 .debug_loc     0x0000499b       0x80 .\CortexM0\ARM_GCC_473\Debug\RGB_LED_Matrix.a(RTC.o)
 .debug_loc     0x00004a1b       0x20 .\CortexM0\ARM_GCC_473\Debug\RGB_LED_Matrix.a(RTC_I2C.o)
 .debug_loc     0x00004a3b      0xadd .\CortexM0\ARM_GCC_473\Debug\RGB_LED_Matrix.a(RTC_I2C_MASTER.o)
 .debug_loc     0x00005518      0x10b .\CortexM0\ARM_GCC_473\Debug\RGB_LED_Matrix.a(RTC_SCB_IRQ.o)
 .debug_loc     0x00005623       0x5c .\CortexM0\ARM_GCC_473\Debug\RGB_LED_Matrix.a(RTC_scl.o)
 .debug_loc     0x0000567f      0x10a .\CortexM0\ARM_GCC_473\Debug\RGB_LED_Matrix.a(PB.o)
 .debug_loc     0x00005789      0x15b .\CortexM0\ARM_GCC_473\Debug\RGB_LED_Matrix.a(RTC_I2C_INT.o)

.debug_macinfo
 *(.debug_macinfo)

.debug_ranges   0x00000000      0xc08
 *(.debug_ranges)
 .debug_ranges  0x00000000       0x28 .\CortexM0\ARM_GCC_473\Debug\main.o
 .debug_ranges  0x00000028      0x138 .\CortexM0\ARM_GCC_473\Debug\LED_Matrix.o
 .debug_ranges  0x00000160       0x78 .\CortexM0\ARM_GCC_473\Debug\I2CDriver.o
 .debug_ranges  0x000001d8       0x30 .\CortexM0\ARM_GCC_473\Debug\Cm0Start.o
 .debug_ranges  0x00000208      0x180 .\CortexM0\ARM_GCC_473\Debug\RGB_LED_Matrix.a(cyfitter_cfg.o)
 .debug_ranges  0x00000388      0x130 .\CortexM0\ARM_GCC_473\Debug\RGB_LED_Matrix.a(isr_2.o)
 .debug_ranges  0x000004b8       0x10 .\CortexM0\ARM_GCC_473\Debug\RGB_LED_Matrix.a(LED_Matrix_1.o)
 .debug_ranges  0x000004c8      0x1f0 .\CortexM0\ARM_GCC_473\Debug\RGB_LED_Matrix.a(CyLib.o)
 .debug_ranges  0x000006b8       0x98 .\CortexM0\ARM_GCC_473\Debug\RGB_LED_Matrix.a(ADC.o)
 .debug_ranges  0x00000750       0x10 .\CortexM0\ARM_GCC_473\Debug\RGB_LED_Matrix.a(ADC_INT.o)
 .debug_ranges  0x00000760      0x130 .\CortexM0\ARM_GCC_473\Debug\RGB_LED_Matrix.a(eoc.o)
 .debug_ranges  0x00000890       0x30 .\CortexM0\ARM_GCC_473\Debug\RGB_LED_Matrix.a(RTC.o)
 .debug_ranges  0x000008c0       0x18 .\CortexM0\ARM_GCC_473\Debug\RGB_LED_Matrix.a(RTC_I2C.o)
 .debug_ranges  0x000008d8       0x90 .\CortexM0\ARM_GCC_473\Debug\RGB_LED_Matrix.a(RTC_I2C_MASTER.o)
 .debug_ranges  0x00000968      0x130 .\CortexM0\ARM_GCC_473\Debug\RGB_LED_Matrix.a(RTC_SCB_IRQ.o)
 .debug_ranges  0x00000a98       0x30 .\CortexM0\ARM_GCC_473\Debug\RGB_LED_Matrix.a(RTC_scl.o)
 .debug_ranges  0x00000ac8      0x130 .\CortexM0\ARM_GCC_473\Debug\RGB_LED_Matrix.a(PB.o)
 .debug_ranges  0x00000bf8       0x10 .\CortexM0\ARM_GCC_473\Debug\RGB_LED_Matrix.a(RTC_I2C_INT.o)

.comment        0x00000000       0x70
 .comment       0x00000000       0x70 .\CortexM0\ARM_GCC_473\Debug\main.o
                                 0x71 (size before relaxing)
 .comment       0x00000000       0x71 .\CortexM0\ARM_GCC_473\Debug\LED_Matrix.o
 .comment       0x00000000       0x71 .\CortexM0\ARM_GCC_473\Debug\I2CDriver.o
 .comment       0x00000000       0x71 .\CortexM0\ARM_GCC_473\Debug\cymetadata.o
 .comment       0x00000000       0x71 .\CortexM0\ARM_GCC_473\Debug\Cm0Start.o
 .comment       0x00000000       0x71 .\CortexM0\ARM_GCC_473\Debug\RGB_LED_Matrix.a(cyfitter_cfg.o)
 .comment       0x00000000       0x71 .\CortexM0\ARM_GCC_473\Debug\RGB_LED_Matrix.a(isr_2.o)
 .comment       0x00000000       0x71 .\CortexM0\ARM_GCC_473\Debug\RGB_LED_Matrix.a(LED_Matrix_1.o)
 .comment       0x00000000       0x71 .\CortexM0\ARM_GCC_473\Debug\RGB_LED_Matrix.a(CyLib.o)
 .comment       0x00000000       0x71 .\CortexM0\ARM_GCC_473\Debug\RGB_LED_Matrix.a(ADC.o)
 .comment       0x00000000       0x71 .\CortexM0\ARM_GCC_473\Debug\RGB_LED_Matrix.a(ADC_INT.o)
 .comment       0x00000000       0x71 .\CortexM0\ARM_GCC_473\Debug\RGB_LED_Matrix.a(eoc.o)
 .comment       0x00000000       0x71 .\CortexM0\ARM_GCC_473\Debug\RGB_LED_Matrix.a(RTC.o)
 .comment       0x00000000       0x71 .\CortexM0\ARM_GCC_473\Debug\RGB_LED_Matrix.a(RTC_I2C.o)
 .comment       0x00000000       0x71 .\CortexM0\ARM_GCC_473\Debug\RGB_LED_Matrix.a(RTC_I2C_MASTER.o)
 .comment       0x00000000       0x71 .\CortexM0\ARM_GCC_473\Debug\RGB_LED_Matrix.a(RTC_SCB_IRQ.o)
 .comment       0x00000000       0x71 .\CortexM0\ARM_GCC_473\Debug\RGB_LED_Matrix.a(RTC_scl.o)
 .comment       0x00000000       0x71 .\CortexM0\ARM_GCC_473\Debug\RGB_LED_Matrix.a(PB.o)
 .comment       0x00000000       0x71 .\CortexM0\ARM_GCC_473\Debug\RGB_LED_Matrix.a(RTC_I2C_INT.o)

.debug_weaknames
 *(.debug_weaknames)

.debug_funcnames
 *(.debug_funcnames)

.debug_typenames
 *(.debug_typenames)

.debug_varnames
 *(.debug_varnames)

.note.gnu.arm.ident
 *(.note.gnu.arm.ident)

.ARM.attributes
                0x00000000       0x28
 *(.ARM.attributes)
 .ARM.attributes
                0x00000000       0x1e c:/program files (x86)/cypress/psoc creator/3.0/psoc creator/import/gnu_cs/arm/4.7.3/bin/../lib/gcc/arm-none-eabi/4.7.3/armv6-m/crti.o
 .ARM.attributes
                0x0000001e       0x2c c:/program files (x86)/cypress/psoc creator/3.0/psoc creator/import/gnu_cs/arm/4.7.3/bin/../lib/gcc/arm-none-eabi/4.7.3/armv6-m/crtbegin.o
 .ARM.attributes
                0x0000004a       0x1c c:/program files (x86)/cypress/psoc creator/3.0/psoc creator/import/gnu_cs/arm/4.7.3/bin/../lib/gcc/arm-none-eabi/4.7.3/../../../../arm-none-eabi/lib/armv6-m/crt0.o
 .ARM.attributes
                0x00000066       0x31 .\CortexM0\ARM_GCC_473\Debug\main.o
 .ARM.attributes
                0x00000097       0x31 .\CortexM0\ARM_GCC_473\Debug\LED_Matrix.o
 .ARM.attributes
                0x000000c8       0x31 .\CortexM0\ARM_GCC_473\Debug\I2CDriver.o
 .ARM.attributes
                0x000000f9       0x31 .\CortexM0\ARM_GCC_473\Debug\cymetadata.o
 .ARM.attributes
                0x0000012a       0x31 .\CortexM0\ARM_GCC_473\Debug\Cm0Start.o
 .ARM.attributes
                0x0000015b       0x31 .\CortexM0\ARM_GCC_473\Debug\RGB_LED_Matrix.a(cyfitter_cfg.o)
 .ARM.attributes
                0x0000018c       0x31 .\CortexM0\ARM_GCC_473\Debug\RGB_LED_Matrix.a(isr_2.o)
 .ARM.attributes
                0x000001bd       0x31 .\CortexM0\ARM_GCC_473\Debug\RGB_LED_Matrix.a(LED_Matrix_1.o)
 .ARM.attributes
                0x000001ee       0x21 .\CortexM0\ARM_GCC_473\Debug\RGB_LED_Matrix.a(CyBootAsmGnu.o)
 .ARM.attributes
                0x0000020f       0x31 .\CortexM0\ARM_GCC_473\Debug\RGB_LED_Matrix.a(CyLib.o)
 .ARM.attributes
                0x00000240       0x31 .\CortexM0\ARM_GCC_473\Debug\RGB_LED_Matrix.a(ADC.o)
 .ARM.attributes
                0x00000271       0x31 .\CortexM0\ARM_GCC_473\Debug\RGB_LED_Matrix.a(ADC_INT.o)
 .ARM.attributes
                0x000002a2       0x31 .\CortexM0\ARM_GCC_473\Debug\RGB_LED_Matrix.a(eoc.o)
 .ARM.attributes
                0x000002d3       0x31 .\CortexM0\ARM_GCC_473\Debug\RGB_LED_Matrix.a(RTC.o)
 .ARM.attributes
                0x00000304       0x31 .\CortexM0\ARM_GCC_473\Debug\RGB_LED_Matrix.a(RTC_I2C.o)
 .ARM.attributes
                0x00000335       0x31 .\CortexM0\ARM_GCC_473\Debug\RGB_LED_Matrix.a(RTC_I2C_MASTER.o)
 .ARM.attributes
                0x00000366       0x31 .\CortexM0\ARM_GCC_473\Debug\RGB_LED_Matrix.a(RTC_SCB_IRQ.o)
 .ARM.attributes
                0x00000397       0x31 .\CortexM0\ARM_GCC_473\Debug\RGB_LED_Matrix.a(RTC_scl.o)
 .ARM.attributes
                0x000003c8       0x31 .\CortexM0\ARM_GCC_473\Debug\RGB_LED_Matrix.a(PB.o)
 .ARM.attributes
                0x000003f9       0x31 .\CortexM0\ARM_GCC_473\Debug\RGB_LED_Matrix.a(RTC_I2C_INT.o)
 .ARM.attributes
                0x0000042a       0x1e c:/program files (x86)/cypress/psoc creator/3.0/psoc creator/import/gnu_cs/arm/4.7.3/bin/../lib/gcc/arm-none-eabi/4.7.3/armv6-m\libgcc.a(_udivsi3.o)
 .ARM.attributes
                0x00000448       0x1e c:/program files (x86)/cypress/psoc creator/3.0/psoc creator/import/gnu_cs/arm/4.7.3/bin/../lib/gcc/arm-none-eabi/4.7.3/armv6-m\libgcc.a(_divsi3.o)
 .ARM.attributes
                0x00000466       0x1e c:/program files (x86)/cypress/psoc creator/3.0/psoc creator/import/gnu_cs/arm/4.7.3/bin/../lib/gcc/arm-none-eabi/4.7.3/armv6-m\libgcc.a(_dvmd_tls.o)
 .ARM.attributes
                0x00000484       0x1e c:/program files (x86)/cypress/psoc creator/3.0/psoc creator/import/gnu_cs/arm/4.7.3/bin/../lib/gcc/arm-none-eabi/4.7.3/armv6-m\libgcc.a(_aeabi_ldivmod.o)
 .ARM.attributes
                0x000004a2       0x2c c:/program files (x86)/cypress/psoc creator/3.0/psoc creator/import/gnu_cs/arm/4.7.3/bin/../lib/gcc/arm-none-eabi/4.7.3/armv6-m\libgcc.a(_muldi3.o)
 .ARM.attributes
                0x000004ce       0x2c c:/program files (x86)/cypress/psoc creator/3.0/psoc creator/import/gnu_cs/arm/4.7.3/bin/../lib/gcc/arm-none-eabi/4.7.3/armv6-m\libgcc.a(_fixunsdfsi.o)
 .ARM.attributes
                0x000004fa       0x2c c:/program files (x86)/cypress/psoc creator/3.0/psoc creator/import/gnu_cs/arm/4.7.3/bin/../lib/gcc/arm-none-eabi/4.7.3/armv6-m\libgcc.a(bpabi.o)
 .ARM.attributes
                0x00000526       0x2c c:/program files (x86)/cypress/psoc creator/3.0/psoc creator/import/gnu_cs/arm/4.7.3/bin/../lib/gcc/arm-none-eabi/4.7.3/armv6-m\libgcc.a(divsf3.o)
 .ARM.attributes
                0x00000552       0x2c c:/program files (x86)/cypress/psoc creator/3.0/psoc creator/import/gnu_cs/arm/4.7.3/bin/../lib/gcc/arm-none-eabi/4.7.3/armv6-m\libgcc.a(mulsf3.o)
 .ARM.attributes
                0x0000057e       0x2c c:/program files (x86)/cypress/psoc creator/3.0/psoc creator/import/gnu_cs/arm/4.7.3/bin/../lib/gcc/arm-none-eabi/4.7.3/armv6-m\libgcc.a(floatsisf.o)
 .ARM.attributes
                0x000005aa       0x2c c:/program files (x86)/cypress/psoc creator/3.0/psoc creator/import/gnu_cs/arm/4.7.3/bin/../lib/gcc/arm-none-eabi/4.7.3/armv6-m\libgcc.a(divdf3.o)
 .ARM.attributes
                0x000005d6       0x2c c:/program files (x86)/cypress/psoc creator/3.0/psoc creator/import/gnu_cs/arm/4.7.3/bin/../lib/gcc/arm-none-eabi/4.7.3/armv6-m\libgcc.a(subdf3.o)
 .ARM.attributes
                0x00000602       0x2c c:/program files (x86)/cypress/psoc creator/3.0/psoc creator/import/gnu_cs/arm/4.7.3/bin/../lib/gcc/arm-none-eabi/4.7.3/armv6-m\libgcc.a(fixdfsi.o)
 .ARM.attributes
                0x0000062e       0x2c c:/program files (x86)/cypress/psoc creator/3.0/psoc creator/import/gnu_cs/arm/4.7.3/bin/../lib/gcc/arm-none-eabi/4.7.3/armv6-m\libgcc.a(floatsidf.o)
 .ARM.attributes
                0x0000065a       0x1e c:/program files (x86)/cypress/psoc creator/3.0/psoc creator/import/gnu_cs/arm/4.7.3/bin/../lib/gcc/arm-none-eabi/4.7.3/armv6-m\libgcc.a(_arm_cmpdf2.o)
 .ARM.attributes
                0x00000678       0x1e c:/program files (x86)/cypress/psoc creator/3.0/psoc creator/import/gnu_cs/arm/4.7.3/bin/../lib/gcc/arm-none-eabi/4.7.3/armv6-m\libgcc.a(_clzsi2.o)
 .ARM.attributes
                0x00000696       0x2c c:/program files (x86)/cypress/psoc creator/3.0/psoc creator/import/gnu_cs/arm/4.7.3/bin/../lib/gcc/arm-none-eabi/4.7.3/armv6-m\libgcc.a(_divdi3.o)
 .ARM.attributes
                0x000006c2       0x2c c:/program files (x86)/cypress/psoc creator/3.0/psoc creator/import/gnu_cs/arm/4.7.3/bin/../lib/gcc/arm-none-eabi/4.7.3/armv6-m\libgcc.a(_udivdi3.o)
 .ARM.attributes
                0x000006ee       0x2c c:/program files (x86)/cypress/psoc creator/3.0/psoc creator/import/gnu_cs/arm/4.7.3/bin/../lib/gcc/arm-none-eabi/4.7.3/armv6-m\libgcc.a(eqdf2.o)
 .ARM.attributes
                0x0000071a       0x2c c:/program files (x86)/cypress/psoc creator/3.0/psoc creator/import/gnu_cs/arm/4.7.3/bin/../lib/gcc/arm-none-eabi/4.7.3/armv6-m\libgcc.a(gedf2.o)
 .ARM.attributes
                0x00000746       0x2c c:/program files (x86)/cypress/psoc creator/3.0/psoc creator/import/gnu_cs/arm/4.7.3/bin/../lib/gcc/arm-none-eabi/4.7.3/armv6-m\libgcc.a(ledf2.o)
 .ARM.attributes
                0x00000772       0x2c c:/program files (x86)/cypress/psoc creator/3.0/psoc creator/import/gnu_cs/arm/4.7.3/bin/../lib/gcc/arm-none-eabi/4.7.3/../../../../arm-none-eabi/lib/armv6-m\libc_s.a(lib_a-__atexit2.o)
 .ARM.attributes
                0x0000079e       0x2c c:/program files (x86)/cypress/psoc creator/3.0/psoc creator/import/gnu_cs/arm/4.7.3/bin/../lib/gcc/arm-none-eabi/4.7.3/../../../../arm-none-eabi/lib/armv6-m\libc_s.a(lib_a-exit.o)
 .ARM.attributes
                0x000007ca       0x2c c:/program files (x86)/cypress/psoc creator/3.0/psoc creator/import/gnu_cs/arm/4.7.3/bin/../lib/gcc/arm-none-eabi/4.7.3/../../../../arm-none-eabi/lib/armv6-m\libc_s.a(lib_a-fini.o)
 .ARM.attributes
                0x000007f6       0x2c c:/program files (x86)/cypress/psoc creator/3.0/psoc creator/import/gnu_cs/arm/4.7.3/bin/../lib/gcc/arm-none-eabi/4.7.3/../../../../arm-none-eabi/lib/armv6-m\libc_s.a(lib_a-impure.o)
 .ARM.attributes
                0x00000822       0x2c c:/program files (x86)/cypress/psoc creator/3.0/psoc creator/import/gnu_cs/arm/4.7.3/bin/../lib/gcc/arm-none-eabi/4.7.3/../../../../arm-none-eabi/lib/armv6-m\libc_s.a(lib_a-init.o)
 .ARM.attributes
                0x0000084e       0x2c c:/program files (x86)/cypress/psoc creator/3.0/psoc creator/import/gnu_cs/arm/4.7.3/bin/../lib/gcc/arm-none-eabi/4.7.3/../../../../arm-none-eabi/lib/armv6-m\libc_s.a(lib_a-memcpy.o)
 .ARM.attributes
                0x0000087a       0x2c c:/program files (x86)/cypress/psoc creator/3.0/psoc creator/import/gnu_cs/arm/4.7.3/bin/../lib/gcc/arm-none-eabi/4.7.3/../../../../arm-none-eabi/lib/armv6-m\libc_s.a(lib_a-memset.o)
 .ARM.attributes
                0x000008a6       0x2c c:/program files (x86)/cypress/psoc creator/3.0/psoc creator/import/gnu_cs/arm/4.7.3/bin/../lib/gcc/arm-none-eabi/4.7.3/armv6-m/crtend.o
 .ARM.attributes
                0x000008d2       0x1e c:/program files (x86)/cypress/psoc creator/3.0/psoc creator/import/gnu_cs/arm/4.7.3/bin/../lib/gcc/arm-none-eabi/4.7.3/armv6-m/crtn.o

/DISCARD/
 *(.note.GNU-stack)
OUTPUT(.\CortexM0\ARM_GCC_473\Debug\RGB_LED_Matrix.elf elf32-littlearm)
