Archive member included because of file (symbol)

.\CortexM0\ARM_GCC_473\Debug\RGB_LED_Matrix.a(cyfitter_cfg.o)
                              .\CortexM0\ARM_GCC_473\Debug\Cm0Start.o (cyfitter_cfg)
.\CortexM0\ARM_GCC_473\Debug\RGB_LED_Matrix.a(isr_2.o)
                              .\CortexM0\ARM_GCC_473\Debug\main.o (isr_2_StartEx)
.\CortexM0\ARM_GCC_473\Debug\RGB_LED_Matrix.a(LED_Matrix_1.o)
                              .\CortexM0\ARM_GCC_473\Debug\main.o (LED_Matrix_1_Start)
.\CortexM0\ARM_GCC_473\Debug\RGB_LED_Matrix.a(CyBootAsmGnu.o)
                              .\CortexM0\ARM_GCC_473\Debug\RGB_LED_Matrix.a(isr_2.o) (CyEnterCriticalSection)
.\CortexM0\ARM_GCC_473\Debug\RGB_LED_Matrix.a(CyLib.o)
                              .\CortexM0\ARM_GCC_473\Debug\main.o (CyDelay)
.\CortexM0\ARM_GCC_473\Debug\RGB_LED_Matrix.a(ADC.o)
                              .\CortexM0\ARM_GCC_473\Debug\main.o (ADC_Start)
.\CortexM0\ARM_GCC_473\Debug\RGB_LED_Matrix.a(ADC_INT.o)
                              .\CortexM0\ARM_GCC_473\Debug\RGB_LED_Matrix.a(ADC.o) (ADC_ISR)
.\CortexM0\ARM_GCC_473\Debug\RGB_LED_Matrix.a(eoc.o)
                              .\CortexM0\ARM_GCC_473\Debug\main.o (eoc_StartEx)
.\CortexM0\ARM_GCC_473\Debug\RGB_LED_Matrix.a(RTC.o)
                              .\CortexM0\ARM_GCC_473\Debug\main.o (RTC_Start)
.\CortexM0\ARM_GCC_473\Debug\RGB_LED_Matrix.a(RTC_I2C.o)
                              .\CortexM0\ARM_GCC_473\Debug\RGB_LED_Matrix.a(RTC.o) (RTC_I2CInit)
.\CortexM0\ARM_GCC_473\Debug\RGB_LED_Matrix.a(RTC_I2C_MASTER.o)
                              .\CortexM0\ARM_GCC_473\Debug\I2CDriver.o (RTC_I2CMasterSendStart)
.\CortexM0\ARM_GCC_473\Debug\RGB_LED_Matrix.a(RTC_SCB_IRQ.o)
                              .\CortexM0\ARM_GCC_473\Debug\RGB_LED_Matrix.a(RTC_I2C.o) (RTC_SCB_IRQ_SetVector)
.\CortexM0\ARM_GCC_473\Debug\RGB_LED_Matrix.a(RTC_scl.o)
                              .\CortexM0\ARM_GCC_473\Debug\RGB_LED_Matrix.a(RTC_I2C_MASTER.o) (RTC_scl_Write)
.\CortexM0\ARM_GCC_473\Debug\RGB_LED_Matrix.a(PB.o)
                              .\CortexM0\ARM_GCC_473\Debug\main.o (PB_StartEx)
.\CortexM0\ARM_GCC_473\Debug\RGB_LED_Matrix.a(RTC_I2C_INT.o)
                              .\CortexM0\ARM_GCC_473\Debug\RGB_LED_Matrix.a(RTC_I2C.o) (RTC_I2C_ISR)
c:/program files (x86)/cypress/psoc creator/3.0/psoc creator/import/gnu_cs/arm/4.7.3/bin/../lib/gcc/arm-none-eabi/4.7.3/armv6-m\libgcc.a(_udivsi3.o)
                              .\CortexM0\ARM_GCC_473\Debug\I2CDriver.o (__aeabi_uidiv)
c:/program files (x86)/cypress/psoc creator/3.0/psoc creator/import/gnu_cs/arm/4.7.3/bin/../lib/gcc/arm-none-eabi/4.7.3/armv6-m\libgcc.a(_divsi3.o)
                              .\CortexM0\ARM_GCC_473\Debug\RGB_LED_Matrix.a(ADC.o) (__aeabi_idiv)
c:/program files (x86)/cypress/psoc creator/3.0/psoc creator/import/gnu_cs/arm/4.7.3/bin/../lib/gcc/arm-none-eabi/4.7.3/armv6-m\libgcc.a(_dvmd_tls.o)
                              c:/program files (x86)/cypress/psoc creator/3.0/psoc creator/import/gnu_cs/arm/4.7.3/bin/../lib/gcc/arm-none-eabi/4.7.3/armv6-m\libgcc.a(_udivsi3.o) (__aeabi_idiv0)
c:/program files (x86)/cypress/psoc creator/3.0/psoc creator/import/gnu_cs/arm/4.7.3/bin/../lib/gcc/arm-none-eabi/4.7.3/armv6-m\libgcc.a(_aeabi_ldivmod.o)
                              .\CortexM0\ARM_GCC_473\Debug\RGB_LED_Matrix.a(ADC.o) (__aeabi_ldivmod)
c:/program files (x86)/cypress/psoc creator/3.0/psoc creator/import/gnu_cs/arm/4.7.3/bin/../lib/gcc/arm-none-eabi/4.7.3/armv6-m\libgcc.a(_muldi3.o)
                              .\CortexM0\ARM_GCC_473\Debug\RGB_LED_Matrix.a(ADC.o) (__aeabi_lmul)
c:/program files (x86)/cypress/psoc creator/3.0/psoc creator/import/gnu_cs/arm/4.7.3/bin/../lib/gcc/arm-none-eabi/4.7.3/armv6-m\libgcc.a(bpabi.o)
                              c:/program files (x86)/cypress/psoc creator/3.0/psoc creator/import/gnu_cs/arm/4.7.3/bin/../lib/gcc/arm-none-eabi/4.7.3/armv6-m\libgcc.a(_aeabi_ldivmod.o) (__gnu_ldivmod_helper)
c:/program files (x86)/cypress/psoc creator/3.0/psoc creator/import/gnu_cs/arm/4.7.3/bin/../lib/gcc/arm-none-eabi/4.7.3/armv6-m\libgcc.a(divsf3.o)
                              .\CortexM0\ARM_GCC_473\Debug\RGB_LED_Matrix.a(ADC.o) (__aeabi_fdiv)
c:/program files (x86)/cypress/psoc creator/3.0/psoc creator/import/gnu_cs/arm/4.7.3/bin/../lib/gcc/arm-none-eabi/4.7.3/armv6-m\libgcc.a(mulsf3.o)
                              .\CortexM0\ARM_GCC_473\Debug\RGB_LED_Matrix.a(ADC.o) (__aeabi_fmul)
c:/program files (x86)/cypress/psoc creator/3.0/psoc creator/import/gnu_cs/arm/4.7.3/bin/../lib/gcc/arm-none-eabi/4.7.3/armv6-m\libgcc.a(floatsisf.o)
                              .\CortexM0\ARM_GCC_473\Debug\RGB_LED_Matrix.a(ADC.o) (__aeabi_i2f)
c:/program files (x86)/cypress/psoc creator/3.0/psoc creator/import/gnu_cs/arm/4.7.3/bin/../lib/gcc/arm-none-eabi/4.7.3/armv6-m\libgcc.a(_clzsi2.o)
[...]
Memory Configuration

Name             Origin             Length             Attributes
rom              0x00000000         0x00008000         xr
ram              0x20000000         0x00001000         xrw
*default*        0x00000000         0xffffffff

Linker script and memory map

LOAD c:/program files (x86)/cypress/psoc creator/3.0/psoc creator/import/gnu_cs/arm/4.7.3/bin/../lib/gcc/arm-none-eabi/4.7.3/armv6-m/crti.o
LOAD c:/program files (x86)/cypress/psoc creator/3.0/psoc creator/import/gnu_cs/arm/4.7.3/bin/../lib/gcc/arm-none-eabi/4.7.3/armv6-m/crtbegin.o
LOAD c:/program files (x86)/cypress/psoc creator/3.0/psoc creator/import/gnu_cs/arm/4.7.3/bin/../lib/gcc/arm-none-eabi/4.7.3/../../../../arm-none-eabi/lib/armv6-m/crt0.o
START GROUP
LOAD .\CortexM0\ARM_GCC_473\Debug\main.o
LOAD .\CortexM0\ARM_GCC_473\Debug\LED_Matrix.o
LOAD .\CortexM0\ARM_GCC_473\Debug\I2CDriver.o
LOAD .\CortexM0\ARM_GCC_473\Debug\cymetadata.o
LOAD .\CortexM0\ARM_GCC_473\Debug\Cm0Start.o
LOAD .\CortexM0\ARM_GCC_473\Debug\RGB_LED_Matrix.a
LOAD C:\Program Files (x86)\Cypress\PSoC Creator\3.0\PSoC Creator\psoc\content\cycomponentlibrary\CyComponentLibrary.cylib\CortexM0\ARM_GCC_473\Debug\CyComponentLibrary.a
END GROUP
START GROUP
LOAD c:/program files (x86)/cypress/psoc creator/3.0/psoc creator/import/gnu_cs/arm/4.7.3/bin/../lib/gcc/arm-none-eabi/4.7.3/armv6-m\libgcc.a
LOAD c:/program files (x86)/cypress/psoc creator/3.0/psoc creator/import/gnu_cs/arm/4.7.3/bin/../lib/gcc/arm-none-eabi/4.7.3/../../../../arm-none-eabi/lib/armv6-m\libc_s.a
END GROUP
LOAD c:/program files (x86)/cypress/psoc creator/3.0/psoc creator/import/gnu_cs/arm/4.7.3/bin/../lib/gcc/arm-none-eabi/4.7.3/armv6-m/crtend.o
LOAD c:/program files (x86)/cypress/psoc creator/3.0/psoc creator/import/gnu_cs/arm/4.7.3/bin/../lib/gcc/arm-none-eabi/4.7.3/armv6-m/crtn.o
START GROUP
LOAD c:/program files (x86)/cypress/psoc creator/3.0/psoc creator/import/gnu_cs/arm/4.7.3/bin/../lib/gcc/arm-none-eabi/4.7.3/armv6-m\libgcc.a
LOAD c:/program files (x86)/cypress/psoc creator/3.0/psoc creator/import/gnu_cs/arm/4.7.3/bin/../lib/gcc/arm-none-eabi/4.7.3/../../../../arm-none-eabi/lib/armv6-m\libc.a
LOAD c:/program files (x86)/cypress/psoc creator/3.0/psoc creator/import/gnu_cs/arm/4.7.3/bin/../lib/gcc/arm-none-eabi/4.7.3/../../../../arm-none-eabi/lib/armv6-m\libnosys.a
END GROUP
                0x00000000                CY_APPL_ORIGIN = 0x0
                0x00000080                CY_FLASH_ROW_SIZE = 0x80
                0x00000001                CY_APPL_NUM = 0x1
                0x00000040                CY_METADATA_SIZE = 0x40
                0x20000550                PROVIDE (__cy_heap_start, _end)
                0x00000001                PROVIDE (__cy_region_num, ((__cy_regions_end - __cy_regions) / 0x10))
                0x20001000                PROVIDE (__cy_stack, (ORIGIN (ram) + 0x1000))
                0x20000c00                PROVIDE (__cy_heap_end, (__cy_stack - 0x400))

.cybootloader   0x00000000        0x0
 *(.cybootloader)
                0x00000000                appl1_start = CY_APPL_ORIGIN?CY_APPL_ORIGIN:ALIGN (CY_FLASH_ROW_SIZE)
                0x00003f80                appl2_start = (appl1_start + ALIGN ((((0x8000 - appl1_start) - (0x2 * CY_FLASH_ROW_SIZE)) / 0x2), CY_FLASH_ROW_SIZE))
                0x00000000                appl_start = (CY_APPL_NUM == 0x1)?appl1_start:appl2_start

.text           0x00000000     0x2702
 CREATE_OBJECT_SYMBOLS
                0x00000000                PROVIDE (__cy_interrupt_vector, RomVectors)
 *(.romvectors)
 .romvectors    0x00000000       0x10 .\CortexM0\ARM_GCC_473\Debug\Cm0Start.o
                0x00000000                RomVectors
                0x00000001                ASSERT ((. != __cy_interrupt_vector), No interrupt vector)
                0x00000001                ASSERT (CY_APPL_ORIGIN?(SIZEOF (.cybootloader) <= CY_APPL_ORIGIN):0x1, Wrong image location)
                0x00000010                PROVIDE (__cy_reset, Reset)
 *(.text.Reset)
 .text.Reset    0x00000010        0x8 .\CortexM0\ARM_GCC_473\Debug\Cm0Start.o
                0x00000010                Reset
                0x00000001                ASSERT ((. != __cy_reset), No reset code)
 *(.psocinit)
 .psocinit      0x00000018      0x2d4 .\CortexM0\ARM_GCC_473\Debug\RGB_LED_Matrix.a(cyfitter_cfg.o)
                0x00000018                cyfitter_cfg
                0x000002ec                . = MAX (., 0x100)
 *(.text .text.* .gnu.linkonce.t.*)
 .text          0x000002ec       0x60 c:/program files (x86)/cypress/psoc creator/3.0/psoc creator/import/gnu_cs/arm/4.7.3/bin/../lib/gcc/arm-none-eabi/4.7.3/armv6-m/crtbegin.o
 .text.PB_ISR   0x0000034c       0x1c .\CortexM0\ARM_GCC_473\Debug\main.o
                0x0000034c                PB_ISR
 .text.FIFO_EMPTY
                0x00000368      0x1dc .\CortexM0\ARM_GCC_473\Debug\main.o
                0x00000368                FIFO_EMPTY
 .text.eoc_isr  0x00000544      0x138 .\CortexM0\ARM_GCC_473\Debug\main.o
                0x00000544                eoc_isr
 .text.startup.main
                0x0000067c      0x26c .\CortexM0\ARM_GCC_473\Debug\main.o
                0x0000067c                main
 .text.clearPixel
                0x000008e8       0x78 .\CortexM0\ARM_GCC_473\Debug\LED_Matrix.o
                0x000008e8                clearPixel
 .text.drawPixel
                0x00000960       0xf8 .\CortexM0\ARM_GCC_473\Debug\LED_Matrix.o
                0x00000960                drawPixel
 .text.clearScreen
                0x00000a58       0x50 .\CortexM0\ARM_GCC_473\Debug\LED_Matrix.o
                0x00000a58                clearScreen
 .text.drawLine
                0x00000aa8      0x200 .\CortexM0\ARM_GCC_473\Debug\LED_Matrix.o
                0x00000aa8                drawLine
 .text.drawFastVLine
                0x00000ca8       0x24 .\CortexM0\ARM_GCC_473\Debug\LED_Matrix.o
                0x00000ca8                drawFastVLine
 .text.drawFastHLine
                0x00000ccc       0x24 .\CortexM0\ARM_GCC_473\Debug\LED_Matrix.o
                0x00000ccc                drawFastHLine
 .text.drawOne  0x00000cf0       0x90 .\CortexM0\ARM_GCC_473\Debug\LED_Matrix.o
                0x00000cf0                drawOne
 .text.drawTwo  0x00000d80       0x8c .\CortexM0\ARM_GCC_473\Debug\LED_Matrix.o
                0x00000d80                drawTwo
 .text.drawColon
                0x00000e0c       0x30 .\CortexM0\ARM_GCC_473\Debug\LED_Matrix.o
                0x00000e0c                drawColon
 .text.drawThree
                0x00000e3c       0x8c .\CortexM0\ARM_GCC_473\Debug\LED_Matrix.o
                0x00000e3c                drawThree
 .text.drawFour
                0x00000ec8       0x48 .\CortexM0\ARM_GCC_473\Debug\LED_Matrix.o
                0x00000ec8                drawFour
 .text.drawFive
                0x00000f10       0x8c .\CortexM0\ARM_GCC_473\Debug\LED_Matrix.o
                0x00000f10                drawFive
 .text.drawSix  0x00000f9c       0x80 .\CortexM0\ARM_GCC_473\Debug\LED_Matrix.o
                0x00000f9c                drawSix
 .text.drawSeven
                0x0000101c       0x44 .\CortexM0\ARM_GCC_473\Debug\LED_Matrix.o
                0x0000101c                drawSeven
 .text.drawEight
                0x00001060       0x98 .\CortexM0\ARM_GCC_473\Debug\LED_Matrix.o
                0x00001060                drawEight
 .text.drawNine
                0x000010f8       0x64 .\CortexM0\ARM_GCC_473\Debug\LED_Matrix.o
                0x000010f8                drawNine
 .text.drawZero
                0x0000115c       0x64 .\CortexM0\ARM_GCC_473\Debug\LED_Matrix.o
                0x0000115c                drawZero
 .text.drawA    0x000011c0       0xb0 .\CortexM0\ARM_GCC_473\Debug\LED_Matrix.o
                0x000011c0                drawA
 .text.drawB    0x00001270       0x90 .\CortexM0\ARM_GCC_473\Debug\LED_Matrix.o
                0x00001270                drawB
 .text.drawC    0x00001300       0x70 .\CortexM0\ARM_GCC_473\Debug\LED_Matrix.o
                0x00001300                drawC
 .text.drawD    0x00001370       0x60 .\CortexM0\ARM_GCC_473\Debug\LED_Matrix.o
                0x00001370                drawD
 .text.drawE    0x000013d0       0x54 .\CortexM0\ARM_GCC_473\Debug\LED_Matrix.o
                0x000013d0                drawE
 .text.drawF    0x00001424       0x40 .\CortexM0\ARM_GCC_473\Debug\LED_Matrix.o
                0x00001424                drawF
 .text.drawHex  0x00001464       0xfc .\CortexM0\ARM_GCC_473\Debug\LED_Matrix.o
                0x00001464                drawHex
 .text.printTime
                0x00001560       0x58 .\CortexM0\ARM_GCC_473\Debug\LED_Matrix.o
                0x00001560                printTime
 .text.drawblock
                0x000015b8       0xc4 .\CortexM0\ARM_GCC_473\Debug\LED_Matrix.o
                0x000015b8                drawblock
 .text.ifDataChange
                0x0000167c       0x6c .\CortexM0\ARM_GCC_473\Debug\LED_Matrix.o
                0x0000167c                ifDataChange
 .text.decToBcd
                0x000016e8       0x1c .\CortexM0\ARM_GCC_473\Debug\I2CDriver.o
                0x000016e8                decToBcd
 .text.localTimeInit
                0x00001704       0x1c .\CortexM0\ARM_GCC_473\Debug\I2CDriver.o
                0x00001704                localTimeInit
 .text.i2cWrite
                0x00001720       0x24 .\CortexM0\ARM_GCC_473\Debug\I2CDriver.o
                0x00001720                i2cWrite
 .text.setTime  0x00001744       0x58 .\CortexM0\ARM_GCC_473\Debug\I2CDriver.o
                0x00001744                setTime
 .text.getTime  0x0000179c       0x68 .\CortexM0\ARM_GCC_473\Debug\I2CDriver.o
                0x0000179c                getTime
 .text.IntDefaultHandler
                0x00001804        0x4 .\CortexM0\ARM_GCC_473\Debug\Cm0Start.o
                0x00001804                IntDefaultHandler
 .text.Start_c  0x00001808       0xb4 .\CortexM0\ARM_GCC_473\Debug\Cm0Start.o
                0x00001808                Start_c
 .text.startup.initialize_psoc
                0x000018bc       0x50 .\CortexM0\ARM_GCC_473\Debug\Cm0Start.o
                0x000018bc                initialize_psoc
 .text.isr_2_SetPriority
                0x0000190c       0x20 .\CortexM0\ARM_GCC_473\Debug\RGB_LED_Matrix.a(isr_2.o)
                0x0000190c                isr_2_SetPriority
 .text.isr_2_StartEx
                0x0000192c       0x24 .\CortexM0\ARM_GCC_473\Debug\RGB_LED_Matrix.a(isr_2.o)
                0x0000192c                isr_2_StartEx
 .text.LED_Matrix_1_Start
                0x00001950        0xc .\CortexM0\ARM_GCC_473\Debug\RGB_LED_Matrix.a(LED_Matrix_1.o)
                0x00001950                LED_Matrix_1_Start
 *fill*         0x0000195c        0x4 00
 .text          0x00001960       0x20 .\CortexM0\ARM_GCC_473\Debug\RGB_LED_Matrix.a(CyBootAsmGnu.o)
                0x00001960                CyDelayCycles
                0x00001972                CyEnterCriticalSection
                0x0000197a                CyExitCriticalSection
 .text.CyIntSetVector
                0x00001980       0x18 .\CortexM0\ARM_GCC_473\Debug\RGB_LED_Matrix.a(CyLib.o)
                0x00001980                CyIntSetVector
 .text.CyIntSetPriority
                0x00001998       0x40 .\CortexM0\ARM_GCC_473\Debug\RGB_LED_Matrix.a(CyLib.o)
                0x00001998                CyIntSetPriority
 .text.CyDelay  0x000019d8       0x80 .\CortexM0\ARM_GCC_473\Debug\RGB_LED_Matrix.a(CyLib.o)
                0x000019d8                CyDelay
 .text.CyDelayUs
                0x00001a58       0x14 .\CortexM0\ARM_GCC_473\Debug\RGB_LED_Matrix.a(CyLib.o)
                0x00001a58                CyDelayUs
 .text.ADC_Init
                0x00001a6c      0x158 .\CortexM0\ARM_GCC_473\Debug\RGB_LED_Matrix.a(ADC.o)
                0x00001a6c                ADC_Init
 .text.ADC_Enable
                0x00001bc4       0x1c .\CortexM0\ARM_GCC_473\Debug\RGB_LED_Matrix.a(ADC.o)
                0x00001bc4                ADC_Enable
 .text.ADC_Start
                0x00001be0       0x1c .\CortexM0\ARM_GCC_473\Debug\RGB_LED_Matrix.a(ADC.o)
                0x00001be0                ADC_Start
 .text.ADC_StartConvert
                0x00001bfc       0x14 .\CortexM0\ARM_GCC_473\Debug\RGB_LED_Matrix.a(ADC.o)
                0x00001bfc                ADC_StartConvert
 .text.ADC_ISR  0x00001c10        0xc .\CortexM0\ARM_GCC_473\Debug\RGB_LED_Matrix.a(ADC_INT.o)
                0x00001c10                ADC_ISR
 .text.eoc_SetPriority
                0x00001c1c       0x28 .\CortexM0\ARM_GCC_473\Debug\RGB_LED_Matrix.a(eoc.o)
                0x00001c1c                eoc_SetPriority
 .text.eoc_StartEx
                0x00001c44       0x24 .\CortexM0\ARM_GCC_473\Debug\RGB_LED_Matrix.a(eoc.o)
                0x00001c44                eoc_StartEx
 .text.RTC_Enable
                0x00001c68       0x18 .\CortexM0\ARM_GCC_473\Debug\RGB_LED_Matrix.a(RTC.o)
                0x00001c68                RTC_Enable
 .text.RTC_Start
                0x00001c80       0x1c .\CortexM0\ARM_GCC_473\Debug\RGB_LED_Matrix.a(RTC.o)
                0x00001c80                RTC_Start
 .text.RTC_I2CInit
                0x00001c9c       0xcc .\CortexM0\ARM_GCC_473\Debug\RGB_LED_Matrix.a(RTC_I2C.o)
                0x00001c9c                RTC_I2CInit
 .text.RTC_I2CMasterSendStart
                0x00001d68       0xd4 .\CortexM0\ARM_GCC_473\Debug\RGB_LED_Matrix.a(RTC_I2C_MASTER.o)
                0x00001d68                RTC_I2CMasterSendStart
 .text.RTC_I2CMasterSendStop
                0x00001e3c       0x8c .\CortexM0\ARM_GCC_473\Debug\RGB_LED_Matrix.a(RTC_I2C_MASTER.o)
                0x00001e3c                RTC_I2CMasterSendStop
 .text.RTC_I2CMasterWriteByte
                0x00001ec8       0x90 .\CortexM0\ARM_GCC_473\Debug\RGB_LED_Matrix.a(RTC_I2C_MASTER.o)
                0x00001ec8                RTC_I2CMasterWriteByte
 .text.RTC_I2CMasterReadByte
                0x00001f58       0x90 .\CortexM0\ARM_GCC_473\Debug\RGB_LED_Matrix.a(RTC_I2C_MASTER.o)
                0x00001f58                RTC_I2CMasterReadByte
 .text.RTC_I2CReStartGeneration
                0x00001fe8       0xa0 .\CortexM0\ARM_GCC_473\Debug\RGB_LED_Matrix.a(RTC_I2C_MASTER.o)
                0x00001fe8                RTC_I2CReStartGeneration
 .text.RTC_I2CMasterSendRestart
                0x00002088       0xbc .\CortexM0\ARM_GCC_473\Debug\RGB_LED_Matrix.a(RTC_I2C_MASTER.o)
                0x00002088                RTC_I2CMasterSendRestart
 .text.RTC_SCB_IRQ_SetVector
                0x00002144        0xc .\CortexM0\ARM_GCC_473\Debug\RGB_LED_Matrix.a(RTC_SCB_IRQ.o)
                0x00002144                RTC_SCB_IRQ_SetVector
 .text.RTC_SCB_IRQ_SetPriority
                0x00002150       0x28 .\CortexM0\ARM_GCC_473\Debug\RGB_LED_Matrix.a(RTC_SCB_IRQ.o)
                0x00002150                RTC_SCB_IRQ_SetPriority
 .text.RTC_SCB_IRQ_Enable
                0x00002178       0x10 .\CortexM0\ARM_GCC_473\Debug\RGB_LED_Matrix.a(RTC_SCB_IRQ.o)
                0x00002178                RTC_SCB_IRQ_Enable
 .text.RTC_SCB_IRQ_Disable
                0x00002188       0x10 .\CortexM0\ARM_GCC_473\Debug\RGB_LED_Matrix.a(RTC_SCB_IRQ.o)
                0x00002188                RTC_SCB_IRQ_Disable
 .text.RTC_scl_Write
                0x00002198       0x18 .\CortexM0\ARM_GCC_473\Debug\RGB_LED_Matrix.a(RTC_scl.o)
                0x00002198                RTC_scl_Write
 .text.PB_SetPriority
                0x000021b0       0x20 .\CortexM0\ARM_GCC_473\Debug\RGB_LED_Matrix.a(PB.o)
                0x000021b0                PB_SetPriority
 .text.PB_StartEx
                0x000021d0       0x24 .\CortexM0\ARM_GCC_473\Debug\RGB_LED_Matrix.a(PB.o)
                0x000021d0                PB_StartEx
 .text.RTC_I2C_ISR
                0x000021f4      0x410 .\CortexM0\ARM_GCC_473\Debug\RGB_LED_Matrix.a(RTC_I2C_INT.o)
                0x000021f4                RTC_I2C_ISR
 .text          0x00002604       0x9c c:/program files (x86)/cypress/psoc creator/3.0/psoc creator/import/gnu_cs/arm/4.7.3/bin/../lib/gcc/arm-none-eabi/4.7.3/armv6-m\libgcc.a(_udivsi3.o)
                0x00002604                __aeabi_uidiv
                0x00002604                __udivsi3
                0x0000268c                __aeabi_uidivmod
 .text          0x000026a0        0x4 c:/program files (x86)/cypress/psoc creator/3.0/psoc creator/import/gnu_cs/arm/4.7.3/bin/../lib/gcc/arm-none-eabi/4.7.3/armv6-m\libgcc.a(_dvmd_tls.o)
                0x000026a0                __aeabi_idiv0
                0x000026a0                __aeabi_ldiv0
 .text.__libc_init_array
                0x000026a4       0x4c c:/program files (x86)/cypress/psoc creator/3.0/psoc creator/import/gnu_cs/arm/4.7.3/bin/../lib/gcc/arm-none-eabi/4.7.3/../../../../arm-none-eabi/lib/armv6-m\libc_s.a(lib_a-init.o)
                0x000026a4                __libc_init_array
 .text.memset   0x000026f0       0x12 c:/program files (x86)/cypress/psoc creator/3.0/psoc creator/import/gnu_cs/arm/4.7.3/bin/../lib/gcc/arm-none-eabi/4.7.3/../../../../arm-none-eabi/lib/armv6-m\libc_s.a(lib_a-memset.o)
                0x000026f0                memset
 *(.plt)
 *(.gnu.warning)
 *(.glue_7t)
 .glue_7t       0x00000000        0x0 linker stubs
 *(.glue_7)
 .glue_7        0x00000000        0x0 linker stubs
 *(.vfp11_veneer)
 .vfp11_veneer  0x00000000        0x0 linker stubs
 *(.bootloader)
 *(.ARM.extab* .gnu.linkonce.armextab.*)
 *(.gcc_except_table)

.v4_bx          0x00002704        0x0
 .v4_bx         0x00000000        0x0 linker stubs

.iplt           0x00002704        0x0
 .iplt          0x00000000        0x0 c:/program files (x86)/cypress/psoc creator/3.0/psoc creator/import/gnu_cs/arm/4.7.3/bin/../lib/gcc/arm-none-eabi/4.7.3/armv6-m/crtbegin.o

.eh_frame_hdr
 *(.eh_frame_hdr)

.eh_frame       0x00002704        0x4
 *(.eh_frame)
 .eh_frame      0x00002704        0x0 c:/program files (x86)/cypress/psoc creator/3.0/psoc creator/import/gnu_cs/arm/4.7.3/bin/../lib/gcc/arm-none-eabi/4.7.3/armv6-m/crtbegin.o
 .eh_frame      0x00002704        0x4 c:/program files (x86)/cypress/psoc creator/3.0/psoc creator/import/gnu_cs/arm/4.7.3/bin/../lib/gcc/arm-none-eabi/4.7.3/armv6-m/crtend.o
                0x00002708                PROVIDE (__exidx_start, .)

.ARM.exidx
 *(.ARM.exidx* .gnu.linkonce.armexidx.*)
                0x00002708                __exidx_end = .

.rodata         0x00002708      0x2f0
 *(.rodata .rodata.* .gnu.linkonce.r.*)
 .rodata        0x00002708       0x40 .\CortexM0\ARM_GCC_473\Debug\LED_Matrix.o
 .rodata        0x00002748      0x278 .\CortexM0\ARM_GCC_473\Debug\RGB_LED_Matrix.a(cyfitter_cfg.o)
                0x000029c0                . = ALIGN (0x4)
 *(.init)
 .init          0x000029c0        0x4 c:/program files (x86)/cypress/psoc creator/3.0/psoc creator/import/gnu_cs/arm/4.7.3/bin/../lib/gcc/arm-none-eabi/4.7.3/armv6-m/crti.o
                0x000029c0                _init
 .init          0x000029c4        0x8 c:/program files (x86)/cypress/psoc creator/3.0/psoc creator/import/gnu_cs/arm/4.7.3/bin/../lib/gcc/arm-none-eabi/4.7.3/armv6-m/crtn.o
                0x000029cc                . = ALIGN (0x4)
                0x000029cc                __preinit_array_start = .
 *(.preinit_array)
                0x000029cc                __preinit_array_end = .
                0x000029cc                . = ALIGN (0x4)
                0x000029cc                __init_array_start = .
 *(SORT(.init_array.*))
 *(.init_array)
 .init_array    0x000029cc        0x4 c:/program files (x86)/cypress/psoc creator/3.0/psoc creator/import/gnu_cs/arm/4.7.3/bin/../lib/gcc/arm-none-eabi/4.7.3/armv6-m/crtbegin.o
 .init_array    0x000029d0        0x4 .\CortexM0\ARM_GCC_473\Debug\Cm0Start.o
                0x000029d4                __init_array_end = .
                0x000029d4                . = ALIGN (0x4)
 *(.fini)
 .fini          0x000029d4        0x4 c:/program files (x86)/cypress/psoc creator/3.0/psoc creator/import/gnu_cs/arm/4.7.3/bin/../lib/gcc/arm-none-eabi/4.7.3/armv6-m/crti.o
                0x000029d4                _fini
 .fini          0x000029d8        0x8 c:/program files (x86)/cypress/psoc creator/3.0/psoc creator/import/gnu_cs/arm/4.7.3/bin/../lib/gcc/arm-none-eabi/4.7.3/armv6-m/crtn.o
                0x000029e0                . = ALIGN (0x4)
                0x000029e0                __fini_array_start = .
 *(.fini_array)
 .fini_array    0x000029e0        0x4 c:/program files (x86)/cypress/psoc creator/3.0/psoc creator/import/gnu_cs/arm/4.7.3/bin/../lib/gcc/arm-none-eabi/4.7.3/armv6-m/crtbegin.o
 *(SORT(.fini_array.*))
                0x000029e4                __fini_array_end = .
                0x000029e4                . = ALIGN (0x4)
 *crtbegin.o(.ctors)
 *(EXCLUDE_FILE(*crtend.o) .ctors)
 *(SORT(.ctors.*))
 *crtend.o(.ctors)
                0x000029e4                . = ALIGN (0x4)
 *crtbegin.o(.dtors)
 *(EXCLUDE_FILE(*crtend.o) .dtors)
 *(SORT(.dtors.*))
 *crtend.o(.dtors)
                0x000029e4                . = ALIGN (0x4)
                0x000029e4                __cy_regions = .
                0x000029e4        0x4 LONG 0x29f8 __cy_region_init_ram
                0x000029e8        0x4 LONG 0x200000c8 __cy_region_start_data
                0x000029ec        0x4 LONG 0x18 __cy_region_init_size_ram
                0x000029f0        0x4 LONG 0x470 __cy_region_zero_size_ram
                0x000029f4                __cy_regions_end = .
                0x000029f8                . = ALIGN (0x8)
 *fill*         0x000029f4        0x4 00
                0x000029f8                _etext = .

.ramvectors     0x20000000       0xc0
                0x20000000                __cy_region_start_ram = .
 *(.ramvectors)
 .ramvectors    0x20000000       0xc0 .\CortexM0\ARM_GCC_473\Debug\Cm0Start.o
                0x20000000                CyRamVectors

.noinit         0x200000c0        0x4
 *(.noinit)
 .noinit        0x200000c0        0x4 .\CortexM0\ARM_GCC_473\Debug\Cm0Start.o

.data           0x200000c8       0x18 load address 0x000029f8
                0x200000c8                __cy_region_start_data = .
 *(.jcr)
 .jcr           0x200000c8        0x0 c:/program files (x86)/cypress/psoc creator/3.0/psoc creator/import/gnu_cs/arm/4.7.3/bin/../lib/gcc/arm-none-eabi/4.7.3/armv6-m/crtbegin.o
 .jcr           0x200000c8        0x4 c:/program files (x86)/cypress/psoc creator/3.0/psoc creator/import/gnu_cs/arm/4.7.3/bin/../lib/gcc/arm-none-eabi/4.7.3/armv6-m/crtend.o
 *(.got.plt)
 *(.got)
 *(.shdata)
 *(.data .data.* .gnu.linkonce.d.*)
 .data          0x200000cc        0x4 .\CortexM0\ARM_GCC_473\Debug\main.o
                0x200000cc                clock
 .data          0x200000d0       0x10 .\CortexM0\ARM_GCC_473\Debug\RGB_LED_Matrix.a(CyLib.o)
                0x200000d0                cydelay32kMs
                0x200000d4                cydelayFreqKhz
                0x200000d8                cydelayFreqMhz
                0x200000dc                cydelayFreqHz
                0x200000e0                . = ALIGN (0x8)
 *(.ram)
                0x200000e0                _edata = .

.igot.plt       0x200000e0        0x0 load address 0x00002a10
 .igot.plt      0x00000000        0x0 c:/program files (x86)/cypress/psoc creator/3.0/psoc creator/import/gnu_cs/arm/4.7.3/bin/../lib/gcc/arm-none-eabi/4.7.3/armv6-m/crtbegin.o

.bss            0x200000e0      0x470 load address 0x00002a10
                0x200000e0                PROVIDE (__bss_start__, .)
 *(.shbss)
 *(.bss .bss.* .gnu.linkonce.b.*)
 .bss           0x200000e0       0x1c c:/program files (x86)/cypress/psoc creator/3.0/psoc creator/import/gnu_cs/arm/4.7.3/bin/../lib/gcc/arm-none-eabi/4.7.3/armv6-m/crtbegin.o
 .bss           0x200000fc       0x28 .\CortexM0\ARM_GCC_473\Debug\main.o
                0x200000fc                pwm_count
                0x200000fd                j
                0x20000100                result
                0x20000110                w
                0x20000114                dataReady
                0x20000118                oldResult
                0x20000120                refresh
 .bss           0x20000124        0x1 .\CortexM0\ARM_GCC_473\Debug\RGB_LED_Matrix.a(ADC.o)
                0x20000124                ADC_initVar
 *fill*         0x20000125        0x3 00
 .bss           0x20000128        0x8 .\CortexM0\ARM_GCC_473\Debug\RGB_LED_Matrix.a(RTC.o)
                0x20000128                RTC_initVar
                0x2000012c                RTC_customIntrHandler
 *(COMMON)
 COMMON         0x20000130      0x3c1 .\CortexM0\ARM_GCC_473\Debug\main.o
                0x20000130                matrix
                0x200004f0                bit_shift
 *fill*         0x200004f1        0x3 00
 COMMON         0x200004f4       0x30 .\CortexM0\ARM_GCC_473\Debug\RGB_LED_Matrix.a(ADC.o)
                0x200004f4                ADC_countsPer10Volt
                0x20000514                ADC_offset
 COMMON         0x20000524        0x1 .\CortexM0\ARM_GCC_473\Debug\RGB_LED_Matrix.a(RTC_I2C.o)
                0x20000524                RTC_state
 *fill*         0x20000525        0x3 00
 COMMON         0x20000528       0x24 .\CortexM0\ARM_GCC_473\Debug\RGB_LED_Matrix.a(RTC_I2C_MASTER.o)
                0x20000528                RTC_mstrStatus
                0x2000052c                RTC_mstrRdBufIndex
                0x20000530                RTC_mstrRdBufPtr
                0x20000534                RTC_mstrWrBufIndex
                0x20000538                RTC_mstrWrBufPtr
                0x2000053c                RTC_mstrWrBufSize
                0x20000540                RTC_mstrControl
                0x20000544                RTC_mstrWrBufIndexTmp
                0x20000548                RTC_mstrRdBufSize
                0x20000550                . = ALIGN (0x8)
 *fill*         0x2000054c        0x4 00
 *(.ram.b)
                0x20000550                _end = .
                0x20000550                __end = .
                0x20000550                PROVIDE (end, .)
                0x20000550                PROVIDE (__bss_end__, .)
                0x000029f8                __cy_region_init_ram = LOADADDR (.data)
                0x00000018                __cy_region_init_size_ram = (_edata - ADDR (.data))
                0x00000470                __cy_region_zero_size_ram = (_end - _edata)

.heap           0x20000550      0x100 load address 0x00002a10
                0x20000550                . = _end
                0x20000650                . = (. + 0x100)
 *fill*         0x20000550      0x100 00
                0x20000650                __cy_heap_limit = .

.stack          0x20000c00      0x400
                0x20000c00                __cy_stack_limit = .
                0x20001000                . = (. + 0x400)
 *fill*         0x20000c00      0x400 00
                0x00000001                ASSERT ((__cy_stack_limit >= __cy_heap_limit), region RAM overflowed with stack)

.cyloadermeta
 *(.cyloadermeta)

.cyloadablemeta
 *(.cyloadablemeta)

.cyflashprotect
                0x90400000       0x20
 *(.cyflashprotect)
 .cyflashprotect
                0x90400000       0x20 .\CortexM0\ARM_GCC_473\Debug\cymetadata.o
                0x90400000                cy_meta_flashprotect

.cymeta         0x90500000        0xc
 *(.cymeta)
 .cymeta        0x90500000        0xc .\CortexM0\ARM_GCC_473\Debug\cymetadata.o
                0x90500000                cy_metadata

.cychipprotect  0x90600000        0x4
 *(.cychipprotect)
 .cychipprotect
                0x90600000        0x4 .\CortexM0\ARM_GCC_473\Debug\cymetadata.o
                0x90600000                cy_meta_chipprotect

.rel.dyn        0x00002a10        0x0 load address 0x90600004
 .rel.iplt      0x00000000        0x0 c:/program files (x86)/cypress/psoc creator/3.0/psoc creator/import/gnu_cs/arm/4.7.3/bin/../lib/gcc/arm-none-eabi/4.7.3/armv6-m/crtbegin.o

.stab
 *(.stab)

.stabstr
 *(.stabstr)

.debug
 *(.debug)

.line
 *(.line)

.debug_srcinfo
 *(.debug_srcinfo)

.debug_sfnames
 *(.debug_sfnames)

.debug_aranges  0x00000000      0x828
 *(.debug_aranges)
 .debug_aranges
                0x00000000       0x38 .\CortexM0\ARM_GCC_473\Debug\main.o
 .debug_aranges
                0x00000038      0x130 .\CortexM0\ARM_GCC_473\Debug\LED_Matrix.o
 .debug_aranges
                0x00000168       0x50 .\CortexM0\ARM_GCC_473\Debug\I2CDriver.o
 .debug_aranges
                0x000001b8       0x18 .\CortexM0\ARM_GCC_473\Debug\cymetadata.o
 .debug_aranges
                0x000001d0       0x40 .\CortexM0\ARM_GCC_473\Debug\Cm0Start.o
 .debug_aranges
                0x00000210       0x28 .\CortexM0\ARM_GCC_473\Debug\RGB_LED_Matrix.a(cyfitter_cfg.o)
 .debug_aranges
                0x00000238       0x80 .\CortexM0\ARM_GCC_473\Debug\RGB_LED_Matrix.a(isr_2.o)
 .debug_aranges
                0x000002b8       0x20 .\CortexM0\ARM_GCC_473\Debug\RGB_LED_Matrix.a(LED_Matrix_1.o)
 .debug_aranges
                0x000002d8       0x20 .\CortexM0\ARM_GCC_473\Debug\RGB_LED_Matrix.a(CyBootAsmGnu.o)
 .debug_aranges
                0x000002f8      0x198 .\CortexM0\ARM_GCC_473\Debug\RGB_LED_Matrix.a(CyLib.o)
 .debug_aranges
                0x00000490       0xa8 .\CortexM0\ARM_GCC_473\Debug\RGB_LED_Matrix.a(ADC.o)
 .debug_aranges
                0x00000538       0x20 .\CortexM0\ARM_GCC_473\Debug\RGB_LED_Matrix.a(ADC_INT.o)
 .debug_aranges
                0x00000558       0x80 .\CortexM0\ARM_GCC_473\Debug\RGB_LED_Matrix.a(eoc.o)
 .debug_aranges
                0x000005d8       0x40 .\CortexM0\ARM_GCC_473\Debug\RGB_LED_Matrix.a(RTC.o)
 .debug_aranges
                0x00000618       0x28 .\CortexM0\ARM_GCC_473\Debug\RGB_LED_Matrix.a(RTC_I2C.o)
 .debug_aranges
                0x00000640       0x88 .\CortexM0\ARM_GCC_473\Debug\RGB_LED_Matrix.a(RTC_I2C_MASTER.o)
 .debug_aranges
                0x000006c8       0x80 .\CortexM0\ARM_GCC_473\Debug\RGB_LED_Matrix.a(RTC_SCB_IRQ.o)
 .debug_aranges
                0x00000748       0x40 .\CortexM0\ARM_GCC_473\Debug\RGB_LED_Matrix.a(RTC_scl.o)
 .debug_aranges
                0x00000788       0x80 .\CortexM0\ARM_GCC_473\Debug\RGB_LED_Matrix.a(PB.o)
 .debug_aranges
                0x00000808       0x20 .\CortexM0\ARM_GCC_473\Debug\RGB_LED_Matrix.a(RTC_I2C_INT.o)

.debug_pubnames
 *(.debug_pubnames)

.debug_info     0x00000000     0x6de6
 *(.debug_info .gnu.linkonce.wi.*)
 .debug_info    0x00000000      0x72e .\CortexM0\ARM_GCC_473\Debug\main.o
 .debug_info    0x0000072e     0x241b .\CortexM0\ARM_GCC_473\Debug\LED_Matrix.o
 .debug_info    0x00002b49      0x609 .\CortexM0\ARM_GCC_473\Debug\I2CDriver.o
 .debug_info    0x00003152      0x100 .\CortexM0\ARM_GCC_473\Debug\cymetadata.o
 .debug_info    0x00003252      0x310 .\CortexM0\ARM_GCC_473\Debug\Cm0Start.o
 .debug_info    0x00003562      0x547 .\CortexM0\ARM_GCC_473\Debug\RGB_LED_Matrix.a(cyfitter_cfg.o)
 .debug_info    0x00003aa9      0x38e .\CortexM0\ARM_GCC_473\Debug\RGB_LED_Matrix.a(isr_2.o)
 .debug_info    0x00003e37       0xdb .\CortexM0\ARM_GCC_473\Debug\RGB_LED_Matrix.a(LED_Matrix_1.o)
 .debug_info    0x00003f12       0x8e .\CortexM0\ARM_GCC_473\Debug\RGB_LED_Matrix.a(CyBootAsmGnu.o)
 .debug_info    0x00003fa0      0xf03 .\CortexM0\ARM_GCC_473\Debug\RGB_LED_Matrix.a(CyLib.o)
 .debug_info    0x00004ea3      0x613 .\CortexM0\ARM_GCC_473\Debug\RGB_LED_Matrix.a(ADC.o)
 .debug_info    0x000054b6       0xca .\CortexM0\ARM_GCC_473\Debug\RGB_LED_Matrix.a(ADC_INT.o)
 .debug_info    0x00005580      0x38e .\CortexM0\ARM_GCC_473\Debug\RGB_LED_Matrix.a(eoc.o)
 .debug_info    0x0000590e      0x240 .\CortexM0\ARM_GCC_473\Debug\RGB_LED_Matrix.a(RTC.o)
 .debug_info    0x00005b4e      0x193 .\CortexM0\ARM_GCC_473\Debug\RGB_LED_Matrix.a(RTC_I2C.o)
 .debug_info    0x00005ce1      0x69c .\CortexM0\ARM_GCC_473\Debug\RGB_LED_Matrix.a(RTC_I2C_MASTER.o)
 .debug_info    0x0000637d      0x38e .\CortexM0\ARM_GCC_473\Debug\RGB_LED_Matrix.a(RTC_SCB_IRQ.o)
 .debug_info    0x0000670b      0x165 .\CortexM0\ARM_GCC_473\Debug\RGB_LED_Matrix.a(RTC_scl.o)
 .debug_info    0x00006870      0x38e .\CortexM0\ARM_GCC_473\Debug\RGB_LED_Matrix.a(PB.o)
 .debug_info    0x00006bfe      0x1e8 .\CortexM0\ARM_GCC_473\Debug\RGB_LED_Matrix.a(RTC_I2C_INT.o)

.debug_abbrev   0x00000000     0x1f83
 *(.debug_abbrev)
 .debug_abbrev  0x00000000      0x1e9 .\CortexM0\ARM_GCC_473\Debug\main.o
 .debug_abbrev  0x000001e9      0x1ec .\CortexM0\ARM_GCC_473\Debug\LED_Matrix.o
 .debug_abbrev  0x000003d5      0x220 .\CortexM0\ARM_GCC_473\Debug\I2CDriver.o
 .debug_abbrev  0x000005f5       0x5d .\CortexM0\ARM_GCC_473\Debug\cymetadata.o
 .debug_abbrev  0x00000652      0x199 .\CortexM0\ARM_GCC_473\Debug\Cm0Start.o
 .debug_abbrev  0x000007eb      0x27f .\CortexM0\ARM_GCC_473\Debug\RGB_LED_Matrix.a(cyfitter_cfg.o)
 .debug_abbrev  0x00000a6a      0x249 .\CortexM0\ARM_GCC_473\Debug\RGB_LED_Matrix.a(isr_2.o)
 .debug_abbrev  0x00000cb3       0x8d .\CortexM0\ARM_GCC_473\Debug\RGB_LED_Matrix.a(LED_Matrix_1.o)
 .debug_abbrev  0x00000d40       0x14 .\CortexM0\ARM_GCC_473\Debug\RGB_LED_Matrix.a(CyBootAsmGnu.o)
 .debug_abbrev  0x00000d54      0x361 .\CortexM0\ARM_GCC_473\Debug\RGB_LED_Matrix.a(CyLib.o)
 .debug_abbrev  0x000010b5      0x1ea .\CortexM0\ARM_GCC_473\Debug\RGB_LED_Matrix.a(ADC.o)
 .debug_abbrev  0x0000129f       0x67 .\CortexM0\ARM_GCC_473\Debug\RGB_LED_Matrix.a(ADC_INT.o)
 .debug_abbrev  0x00001306      0x249 .\CortexM0\ARM_GCC_473\Debug\RGB_LED_Matrix.a(eoc.o)
 .debug_abbrev  0x0000154f      0x11f .\CortexM0\ARM_GCC_473\Debug\RGB_LED_Matrix.a(RTC.o)
 .debug_abbrev  0x0000166e      0x10f .\CortexM0\ARM_GCC_473\Debug\RGB_LED_Matrix.a(RTC_I2C.o)
 .debug_abbrev  0x0000177d      0x1ec .\CortexM0\ARM_GCC_473\Debug\RGB_LED_Matrix.a(RTC_I2C_MASTER.o)
 .debug_abbrev  0x00001969      0x249 .\CortexM0\ARM_GCC_473\Debug\RGB_LED_Matrix.a(RTC_SCB_IRQ.o)
 .debug_abbrev  0x00001bb2       0xbb .\CortexM0\ARM_GCC_473\Debug\RGB_LED_Matrix.a(RTC_scl.o)
 .debug_abbrev  0x00001c6d      0x249 .\CortexM0\ARM_GCC_473\Debug\RGB_LED_Matrix.a(PB.o)
 .debug_abbrev  0x00001eb6       0xcd .\CortexM0\ARM_GCC_473\Debug\RGB_LED_Matrix.a(RTC_I2C_INT.o)

.debug_line     0x00000000     0x26f4
 *(.debug_line)
 .debug_line    0x00000000      0x20c .\CortexM0\ARM_GCC_473\Debug\main.o
 .debug_line    0x0000020c      0x763 .\CortexM0\ARM_GCC_473\Debug\LED_Matrix.o
 .debug_line    0x0000096f      0x15a .\CortexM0\ARM_GCC_473\Debug\I2CDriver.o
 .debug_line    0x00000ac9       0x53 .\CortexM0\ARM_GCC_473\Debug\cymetadata.o
 .debug_line    0x00000b1c      0x1b9 .\CortexM0\ARM_GCC_473\Debug\Cm0Start.o
 .debug_line    0x00000cd5      0x236 .\CortexM0\ARM_GCC_473\Debug\RGB_LED_Matrix.a(cyfitter_cfg.o)
 .debug_line    0x00000f0b      0x1a9 .\CortexM0\ARM_GCC_473\Debug\RGB_LED_Matrix.a(isr_2.o)
 .debug_line    0x000010b4       0x73 .\CortexM0\ARM_GCC_473\Debug\RGB_LED_Matrix.a(LED_Matrix_1.o)
 .debug_line    0x00001127       0x68 .\CortexM0\ARM_GCC_473\Debug\RGB_LED_Matrix.a(CyBootAsmGnu.o)
 .debug_line    0x0000118f      0x5d1 .\CortexM0\ARM_GCC_473\Debug\RGB_LED_Matrix.a(CyLib.o)
 .debug_line    0x00001760      0x299 .\CortexM0\ARM_GCC_473\Debug\RGB_LED_Matrix.a(ADC.o)
 .debug_line    0x000019f9       0x6a .\CortexM0\ARM_GCC_473\Debug\RGB_LED_Matrix.a(ADC_INT.o)
 .debug_line    0x00001a63      0x1a5 .\CortexM0\ARM_GCC_473\Debug\RGB_LED_Matrix.a(eoc.o)
 .debug_line    0x00001c08       0xed .\CortexM0\ARM_GCC_473\Debug\RGB_LED_Matrix.a(RTC.o)
 .debug_line    0x00001cf5       0xc7 .\CortexM0\ARM_GCC_473\Debug\RGB_LED_Matrix.a(RTC_I2C.o)
 .debug_line    0x00001dbc      0x356 .\CortexM0\ARM_GCC_473\Debug\RGB_LED_Matrix.a(RTC_I2C_MASTER.o)
 .debug_line    0x00002112      0x1ad .\CortexM0\ARM_GCC_473\Debug\RGB_LED_Matrix.a(RTC_SCB_IRQ.o)
 .debug_line    0x000022bf       0xb6 .\CortexM0\ARM_GCC_473\Debug\RGB_LED_Matrix.a(RTC_scl.o)
 .debug_line    0x00002375      0x1a4 .\CortexM0\ARM_GCC_473\Debug\RGB_LED_Matrix.a(PB.o)
 .debug_line    0x00002519      0x1db .\CortexM0\ARM_GCC_473\Debug\RGB_LED_Matrix.a(RTC_I2C_INT.o)

.debug_frame    0x00000000     0x1878
 *(.debug_frame)
 .debug_frame   0x00000000       0xa8 .\CortexM0\ARM_GCC_473\Debug\main.o
 .debug_frame   0x000000a8      0x5c4 .\CortexM0\ARM_GCC_473\Debug\LED_Matrix.o
 .debug_frame   0x0000066c       0xd8 .\CortexM0\ARM_GCC_473\Debug\I2CDriver.o
 .debug_frame   0x00000744       0xa8 .\CortexM0\ARM_GCC_473\Debug\Cm0Start.o
 .debug_frame   0x000007ec       0x58 .\CortexM0\ARM_GCC_473\Debug\RGB_LED_Matrix.a(cyfitter_cfg.o)
 .debug_frame   0x00000844      0x104 .\CortexM0\ARM_GCC_473\Debug\RGB_LED_Matrix.a(isr_2.o)
 .debug_frame   0x00000948       0x2c .\CortexM0\ARM_GCC_473\Debug\RGB_LED_Matrix.a(LED_Matrix_1.o)
 .debug_frame   0x00000974      0x444 .\CortexM0\ARM_GCC_473\Debug\RGB_LED_Matrix.a(CyLib.o)
 .debug_frame   0x00000db8      0x1bc .\CortexM0\ARM_GCC_473\Debug\RGB_LED_Matrix.a(ADC.o)
 .debug_frame   0x00000f74       0x20 .\CortexM0\ARM_GCC_473\Debug\RGB_LED_Matrix.a(ADC_INT.o)
 .debug_frame   0x00000f94      0x108 .\CortexM0\ARM_GCC_473\Debug\RGB_LED_Matrix.a(eoc.o)
 .debug_frame   0x0000109c       0x90 .\CortexM0\ARM_GCC_473\Debug\RGB_LED_Matrix.a(RTC.o)
 .debug_frame   0x0000112c       0x3c .\CortexM0\ARM_GCC_473\Debug\RGB_LED_Matrix.a(RTC_I2C.o)
 .debug_frame   0x00001168      0x1a8 .\CortexM0\ARM_GCC_473\Debug\RGB_LED_Matrix.a(RTC_I2C_MASTER.o)
 .debug_frame   0x00001310      0x108 .\CortexM0\ARM_GCC_473\Debug\RGB_LED_Matrix.a(RTC_SCB_IRQ.o)
 .debug_frame   0x00001418       0x60 .\CortexM0\ARM_GCC_473\Debug\RGB_LED_Matrix.a(RTC_scl.o)
 .debug_frame   0x00001478      0x104 .\CortexM0\ARM_GCC_473\Debug\RGB_LED_Matrix.a(PB.o)
 .debug_frame   0x0000157c       0x40 .\CortexM0\ARM_GCC_473\Debug\RGB_LED_Matrix.a(RTC_I2C_INT.o)
 .debug_frame   0x000015bc       0x20 c:/program files (x86)/cypress/psoc creator/3.0/psoc creator/import/gnu_cs/arm/4.7.3/bin/../lib/gcc/arm-none-eabi/4.7.3/armv6-m\libgcc.a(_udivsi3.o)
 .debug_frame   0x000015dc       0x20 c:/program files (x86)/cypress/psoc creator/3.0/psoc creator/import/gnu_cs/arm/4.7.3/bin/../lib/gcc/arm-none-eabi/4.7.3/armv6-m\libgcc.a(_divsi3.o)
 .debug_frame   0x000015fc       0x30 c:/program files (x86)/cypress/psoc creator/3.0/psoc creator/import/gnu_cs/arm/4.7.3/bin/../lib/gcc/arm-none-eabi/4.7.3/armv6-m\libgcc.a(_muldi3.o)
 .debug_frame   0x0000162c       0x60 c:/program files (x86)/cypress/psoc creator/3.0/psoc creator/import/gnu_cs/arm/4.7.3/bin/../lib/gcc/arm-none-eabi/4.7.3/armv6-m\libgcc.a(bpabi.o)
 .debug_frame   0x0000168c       0x3c c:/program files (x86)/cypress/psoc creator/3.0/psoc creator/import/gnu_cs/arm/4.7.3/bin/../lib/gcc/arm-none-eabi/4.7.3/armv6-m\libgcc.a(divsf3.o)
 .debug_frame   0x000016c8       0x3c c:/program files (x86)/cypress/psoc creator/3.0/psoc creator/import/gnu_cs/arm/4.7.3/bin/../lib/gcc/arm-none-eabi/4.7.3/armv6-m\libgcc.a(mulsf3.o)
 .debug_frame   0x00001704       0x2c c:/program files (x86)/cypress/psoc creator/3.0/psoc creator/import/gnu_cs/arm/4.7.3/bin/../lib/gcc/arm-none-eabi/4.7.3/armv6-m\libgcc.a(floatsisf.o)
 .debug_frame   0x00001730       0x3c c:/program files (x86)/cypress/psoc creator/3.0/psoc creator/import/gnu_cs/arm/4.7.3/bin/../lib/gcc/arm-none-eabi/4.7.3/armv6-m\libgcc.a(_divdi3.o)
 .debug_frame   0x0000176c       0x3c c:/program files (x86)/cypress/psoc creator/3.0/psoc creator/import/gnu_cs/arm/4.7.3/bin/../lib/gcc/arm-none-eabi/4.7.3/armv6-m\libgcc.a(_udivdi3.o)
 .debug_frame   0x000017a8       0x28 c:/program files (x86)/cypress/psoc creator/3.0/psoc creator/import/gnu_cs/arm/4.7.3/bin/../lib/gcc/arm-none-eabi/4.7.3/../../../../arm-none-eabi/lib/armv6-m\libc_s.a(lib_a-__atexit2.o)
 .debug_frame   0x000017d0       0x28 c:/program files (x86)/cypress/psoc creator/3.0/psoc creator/import/gnu_cs/arm/4.7.3/bin/../lib/gcc/arm-none-eabi/4.7.3/../../../../arm-none-eabi/lib/armv6-m\libc_s.a(lib_a-exit.o)
 .debug_frame   0x000017f8       0x2c c:/program files (x86)/cypress/psoc creator/3.0/psoc creator/import/gnu_cs/arm/4.7.3/bin/../lib/gcc/arm-none-eabi/4.7.3/../../../../arm-none-eabi/lib/armv6-m\libc_s.a(lib_a-fini.o)
 .debug_frame   0x00001824       0x2c c:/program files (x86)/cypress/psoc creator/3.0/psoc creator/import/gnu_cs/arm/4.7.3/bin/../lib/gcc/arm-none-eabi/4.7.3/../../../../arm-none-eabi/lib/armv6-m\libc_s.a(lib_a-init.o)
 .debug_frame   0x00001850       0x28 c:/program files (x86)/cypress/psoc creator/3.0/psoc creator/import/gnu_cs/arm/4.7.3/bin/../lib/gcc/arm-none-eabi/4.7.3/../../../../arm-none-eabi/lib/armv6-m\libc_s.a(lib_a-memset.o)

.debug_str      0x00000000     0x1697
 *(.debug_str)
 .debug_str     0x00000000      0x2aa .\CortexM0\ARM_GCC_473\Debug\main.o
                                0x2e8 (size before relaxing)
 .debug_str     0x000002aa      0x1ba .\CortexM0\ARM_GCC_473\Debug\LED_Matrix.o
                                0x33d (size before relaxing)
 .debug_str     0x00000464       0xc0 .\CortexM0\ARM_GCC_473\Debug\I2CDriver.o
                                0x268 (size before relaxing)
 .debug_str     0x00000524       0x5b .\CortexM0\ARM_GCC_473\Debug\cymetadata.o
                                0x187 (size before relaxing)
 .debug_str     0x0000057f      0x10f .\CortexM0\ARM_GCC_473\Debug\Cm0Start.o
                                0x274 (size before relaxing)
 .debug_str     0x0000068e      0x197 .\CortexM0\ARM_GCC_473\Debug\RGB_LED_Matrix.a(cyfitter_cfg.o)
                                0x326 (size before relaxing)
 .debug_str     0x00000825      0x12e .\CortexM0\ARM_GCC_473\Debug\RGB_LED_Matrix.a(isr_2.o)
                                0x297 (size before relaxing)
 .debug_str     0x00000953       0x28 .\CortexM0\ARM_GCC_473\Debug\RGB_LED_Matrix.a(LED_Matrix_1.o)
                                0x18c (size before relaxing)
 .debug_str     0x0000097b      0x4b8 .\CortexM0\ARM_GCC_473\Debug\RGB_LED_Matrix.a(CyLib.o)
                                0x683 (size before relaxing)
 .debug_str     0x00000e33      0x1c5 .\CortexM0\ARM_GCC_473\Debug\RGB_LED_Matrix.a(ADC.o)
                                0x392 (size before relaxing)
 .debug_str     0x00000ff8       0x37 .\CortexM0\ARM_GCC_473\Debug\RGB_LED_Matrix.a(ADC_INT.o)
                                0x16a (size before relaxing)
 .debug_str     0x0000102f       0xc0 .\CortexM0\ARM_GCC_473\Debug\RGB_LED_Matrix.a(eoc.o)
                                0x27b (size before relaxing)
 .debug_str     0x000010ef       0xfb .\CortexM0\ARM_GCC_473\Debug\RGB_LED_Matrix.a(RTC.o)
                                0x24b (size before relaxing)
 .debug_str     0x000011ea       0x90 .\CortexM0\ARM_GCC_473\Debug\RGB_LED_Matrix.a(RTC_I2C.o)
                                0x209 (size before relaxing)
 .debug_str     0x0000127a      0x1d0 .\CortexM0\ARM_GCC_473\Debug\RGB_LED_Matrix.a(RTC_I2C_MASTER.o)
                                0x42c (size before relaxing)
 .debug_str     0x0000144a       0xce .\CortexM0\ARM_GCC_473\Debug\RGB_LED_Matrix.a(RTC_SCB_IRQ.o)
                                0x2eb (size before relaxing)
 .debug_str     0x00001518       0x83 .\CortexM0\ARM_GCC_473\Debug\RGB_LED_Matrix.a(RTC_scl.o)
                                0x1cc (size before relaxing)
 .debug_str     0x0000159b       0xb3 .\CortexM0\ARM_GCC_473\Debug\RGB_LED_Matrix.a(PB.o)
                                0x26d (size before relaxing)
 .debug_str     0x0000164e       0x49 .\CortexM0\ARM_GCC_473\Debug\RGB_LED_Matrix.a(RTC_I2C_INT.o)
                                0x295 (size before relaxing)

.debug_loc      0x00000000     0x5335
 *(.debug_loc)
 .debug_loc     0x00000000      0x1a5 .\CortexM0\ARM_GCC_473\Debug\main.o
 .debug_loc     0x000001a5     0x241e .\CortexM0\ARM_GCC_473\Debug\LED_Matrix.o
 .debug_loc     0x000025c3      0x42d .\CortexM0\ARM_GCC_473\Debug\I2CDriver.o
 .debug_loc     0x000029f0      0x1b0 .\CortexM0\ARM_GCC_473\Debug\Cm0Start.o
 .debug_loc     0x00002ba0      0x278 .\CortexM0\ARM_GCC_473\Debug\RGB_LED_Matrix.a(cyfitter_cfg.o)
 .debug_loc     0x00002e18      0x10c .\CortexM0\ARM_GCC_473\Debug\RGB_LED_Matrix.a(isr_2.o)
 .debug_loc     0x00002f24       0x20 .\CortexM0\ARM_GCC_473\Debug\RGB_LED_Matrix.a(LED_Matrix_1.o)
 .debug_loc     0x00002f44      0xdd3 .\CortexM0\ARM_GCC_473\Debug\RGB_LED_Matrix.a(CyLib.o)
 .debug_loc     0x00003d17      0x5ca .\CortexM0\ARM_GCC_473\Debug\RGB_LED_Matrix.a(ADC.o)
 .debug_loc     0x000042e1      0x10b .\CortexM0\ARM_GCC_473\Debug\RGB_LED_Matrix.a(eoc.o)
 .debug_loc     0x000043ec       0x80 .\CortexM0\ARM_GCC_473\Debug\RGB_LED_Matrix.a(RTC.o)
 .debug_loc     0x0000446c       0x20 .\CortexM0\ARM_GCC_473\Debug\RGB_LED_Matrix.a(RTC_I2C.o)
 .debug_loc     0x0000448c      0xadd .\CortexM0\ARM_GCC_473\Debug\RGB_LED_Matrix.a(RTC_I2C_MASTER.o)
 .debug_loc     0x00004f69      0x10b .\CortexM0\ARM_GCC_473\Debug\RGB_LED_Matrix.a(RTC_SCB_IRQ.o)
 .debug_loc     0x00005074       0x5c .\CortexM0\ARM_GCC_473\Debug\RGB_LED_Matrix.a(RTC_scl.o)
 .debug_loc     0x000050d0      0x10a .\CortexM0\ARM_GCC_473\Debug\RGB_LED_Matrix.a(PB.o)
 .debug_loc     0x000051da      0x15b .\CortexM0\ARM_GCC_473\Debug\RGB_LED_Matrix.a(RTC_I2C_INT.o)

.debug_macinfo
 *(.debug_macinfo)

.debug_ranges   0x00000000      0xc00
 *(.debug_ranges)
 .debug_ranges  0x00000000       0x28 .\CortexM0\ARM_GCC_473\Debug\main.o
 .debug_ranges  0x00000028      0x120 .\CortexM0\ARM_GCC_473\Debug\LED_Matrix.o
 .debug_ranges  0x00000148       0x70 .\CortexM0\ARM_GCC_473\Debug\I2CDriver.o
 .debug_ranges  0x000001b8       0x30 .\CortexM0\ARM_GCC_473\Debug\Cm0Start.o
 .debug_ranges  0x000001e8      0x198 .\CortexM0\ARM_GCC_473\Debug\RGB_LED_Matrix.a(cyfitter_cfg.o)
 .debug_ranges  0x00000380      0x130 .\CortexM0\ARM_GCC_473\Debug\RGB_LED_Matrix.a(isr_2.o)
 .debug_ranges  0x000004b0       0x10 .\CortexM0\ARM_GCC_473\Debug\RGB_LED_Matrix.a(LED_Matrix_1.o)
 .debug_ranges  0x000004c0      0x1f0 .\CortexM0\ARM_GCC_473\Debug\RGB_LED_Matrix.a(CyLib.o)
 .debug_ranges  0x000006b0       0x98 .\CortexM0\ARM_GCC_473\Debug\RGB_LED_Matrix.a(ADC.o)
 .debug_ranges  0x00000748       0x10 .\CortexM0\ARM_GCC_473\Debug\RGB_LED_Matrix.a(ADC_INT.o)
 .debug_ranges  0x00000758      0x130 .\CortexM0\ARM_GCC_473\Debug\RGB_LED_Matrix.a(eoc.o)
 .debug_ranges  0x00000888       0x30 .\CortexM0\ARM_GCC_473\Debug\RGB_LED_Matrix.a(RTC.o)
 .debug_ranges  0x000008b8       0x18 .\CortexM0\ARM_GCC_473\Debug\RGB_LED_Matrix.a(RTC_I2C.o)
 .debug_ranges  0x000008d0       0x90 .\CortexM0\ARM_GCC_473\Debug\RGB_LED_Matrix.a(RTC_I2C_MASTER.o)
 .debug_ranges  0x00000960      0x130 .\CortexM0\ARM_GCC_473\Debug\RGB_LED_Matrix.a(RTC_SCB_IRQ.o)
 .debug_ranges  0x00000a90       0x30 .\CortexM0\ARM_GCC_473\Debug\RGB_LED_Matrix.a(RTC_scl.o)
 .debug_ranges  0x00000ac0      0x130 .\CortexM0\ARM_GCC_473\Debug\RGB_LED_Matrix.a(PB.o)
 .debug_ranges  0x00000bf0       0x10 .\CortexM0\ARM_GCC_473\Debug\RGB_LED_Matrix.a(RTC_I2C_INT.o)

.comment        0x00000000       0x70
 .comment       0x00000000       0x70 .\CortexM0\ARM_GCC_473\Debug\main.o
                                 0x71 (size before relaxing)
 .comment       0x00000000       0x71 .\CortexM0\ARM_GCC_473\Debug\LED_Matrix.o
 .comment       0x00000000       0x71 .\CortexM0\ARM_GCC_473\Debug\I2CDriver.o
 .comment       0x00000000       0x71 .\CortexM0\ARM_GCC_473\Debug\cymetadata.o
 .comment       0x00000000       0x71 .\CortexM0\ARM_GCC_473\Debug\Cm0Start.o
 .comment       0x00000000       0x71 .\CortexM0\ARM_GCC_473\Debug\RGB_LED_Matrix.a(cyfitter_cfg.o)
 .comment       0x00000000       0x71 .\CortexM0\ARM_GCC_473\Debug\RGB_LED_Matrix.a(isr_2.o)
 .comment       0x00000000       0x71 .\CortexM0\ARM_GCC_473\Debug\RGB_LED_Matrix.a(LED_Matrix_1.o)
 .comment       0x00000000       0x71 .\CortexM0\ARM_GCC_473\Debug\RGB_LED_Matrix.a(CyLib.o)
 .comment       0x00000000       0x71 .\CortexM0\ARM_GCC_473\Debug\RGB_LED_Matrix.a(ADC.o)
 .comment       0x00000000       0x71 .\CortexM0\ARM_GCC_473\Debug\RGB_LED_Matrix.a(ADC_INT.o)
 .comment       0x00000000       0x71 .\CortexM0\ARM_GCC_473\Debug\RGB_LED_Matrix.a(eoc.o)
 .comment       0x00000000       0x71 .\CortexM0\ARM_GCC_473\Debug\RGB_LED_Matrix.a(RTC.o)
 .comment       0x00000000       0x71 .\CortexM0\ARM_GCC_473\Debug\RGB_LED_Matrix.a(RTC_I2C.o)
 .comment       0x00000000       0x71 .\CortexM0\ARM_GCC_473\Debug\RGB_LED_Matrix.a(RTC_I2C_MASTER.o)
 .comment       0x00000000       0x71 .\CortexM0\ARM_GCC_473\Debug\RGB_LED_Matrix.a(RTC_SCB_IRQ.o)
 .comment       0x00000000       0x71 .\CortexM0\ARM_GCC_473\Debug\RGB_LED_Matrix.a(RTC_scl.o)
 .comment       0x00000000       0x71 .\CortexM0\ARM_GCC_473\Debug\RGB_LED_Matrix.a(PB.o)
 .comment       0x00000000       0x71 .\CortexM0\ARM_GCC_473\Debug\RGB_LED_Matrix.a(RTC_I2C_INT.o)

.debug_weaknames
 *(.debug_weaknames)

.debug_funcnames
 *(.debug_funcnames)

.debug_typenames
 *(.debug_typenames)

.debug_varnames
 *(.debug_varnames)

.note.gnu.arm.ident
 *(.note.gnu.arm.ident)

.ARM.attributes
                0x00000000       0x28
 *(.ARM.attributes)
 .ARM.attributes
                0x00000000       0x1e c:/program files (x86)/cypress/psoc creator/3.0/psoc creator/import/gnu_cs/arm/4.7.3/bin/../lib/gcc/arm-none-eabi/4.7.3/armv6-m/crti.o
 .ARM.attributes
                0x0000001e       0x2c c:/program files (x86)/cypress/psoc creator/3.0/psoc creator/import/gnu_cs/arm/4.7.3/bin/../lib/gcc/arm-none-eabi/4.7.3/armv6-m/crtbegin.o
 .ARM.attributes
                0x0000004a       0x1c c:/program files (x86)/cypress/psoc creator/3.0/psoc creator/import/gnu_cs/arm/4.7.3/bin/../lib/gcc/arm-none-eabi/4.7.3/../../../../arm-none-eabi/lib/armv6-m/crt0.o
 .ARM.attributes
                0x00000066       0x31 .\CortexM0\ARM_GCC_473\Debug\main.o
 .ARM.attributes
                0x00000097       0x31 .\CortexM0\ARM_GCC_473\Debug\LED_Matrix.o
 .ARM.attributes
                0x000000c8       0x31 .\CortexM0\ARM_GCC_473\Debug\I2CDriver.o
 .ARM.attributes
                0x000000f9       0x31 .\CortexM0\ARM_GCC_473\Debug\cymetadata.o
 .ARM.attributes
                0x0000012a       0x31 .\CortexM0\ARM_GCC_473\Debug\Cm0Start.o
 .ARM.attributes
                0x0000015b       0x31 .\CortexM0\ARM_GCC_473\Debug\RGB_LED_Matrix.a(cyfitter_cfg.o)
 .ARM.attributes
                0x0000018c       0x31 .\CortexM0\ARM_GCC_473\Debug\RGB_LED_Matrix.a(isr_2.o)
 .ARM.attributes
                0x000001bd       0x31 .\CortexM0\ARM_GCC_473\Debug\RGB_LED_Matrix.a(LED_Matrix_1.o)
 .ARM.attributes
                0x000001ee       0x21 .\CortexM0\ARM_GCC_473\Debug\RGB_LED_Matrix.a(CyBootAsmGnu.o)
 .ARM.attributes
                0x0000020f       0x31 .\CortexM0\ARM_GCC_473\Debug\RGB_LED_Matrix.a(CyLib.o)
 .ARM.attributes
                0x00000240       0x31 .\CortexM0\ARM_GCC_473\Debug\RGB_LED_Matrix.a(ADC.o)
 .ARM.attributes
                0x00000271       0x31 .\CortexM0\ARM_GCC_473\Debug\RGB_LED_Matrix.a(ADC_INT.o)
 .ARM.attributes
                0x000002a2       0x31 .\CortexM0\ARM_GCC_473\Debug\RGB_LED_Matrix.a(eoc.o)
 .ARM.attributes
                0x000002d3       0x31 .\CortexM0\ARM_GCC_473\Debug\RGB_LED_Matrix.a(RTC.o)
 .ARM.attributes
                0x00000304       0x31 .\CortexM0\ARM_GCC_473\Debug\RGB_LED_Matrix.a(RTC_I2C.o)
 .ARM.attributes
                0x00000335       0x31 .\CortexM0\ARM_GCC_473\Debug\RGB_LED_Matrix.a(RTC_I2C_MASTER.o)
 .ARM.attributes
                0x00000366       0x31 .\CortexM0\ARM_GCC_473\Debug\RGB_LED_Matrix.a(RTC_SCB_IRQ.o)
 .ARM.attributes
                0x00000397       0x31 .\CortexM0\ARM_GCC_473\Debug\RGB_LED_Matrix.a(RTC_scl.o)
 .ARM.attributes
                0x000003c8       0x31 .\CortexM0\ARM_GCC_473\Debug\RGB_LED_Matrix.a(PB.o)
 .ARM.attributes
                0x000003f9       0x31 .\CortexM0\ARM_GCC_473\Debug\RGB_LED_Matrix.a(RTC_I2C_INT.o)
 .ARM.attributes
                0x0000042a       0x1e c:/program files (x86)/cypress/psoc creator/3.0/psoc creator/import/gnu_cs/arm/4.7.3/bin/../lib/gcc/arm-none-eabi/4.7.3/armv6-m\libgcc.a(_udivsi3.o)
 .ARM.attributes
                0x00000448       0x1e c:/program files (x86)/cypress/psoc creator/3.0/psoc creator/import/gnu_cs/arm/4.7.3/bin/../lib/gcc/arm-none-eabi/4.7.3/armv6-m\libgcc.a(_divsi3.o)
 .ARM.attributes
                0x00000466       0x1e c:/program files (x86)/cypress/psoc creator/3.0/psoc creator/import/gnu_cs/arm/4.7.3/bin/../lib/gcc/arm-none-eabi/4.7.3/armv6-m\libgcc.a(_dvmd_tls.o)
 .ARM.attributes
                0x00000484       0x1e c:/program files (x86)/cypress/psoc creator/3.0/psoc creator/import/gnu_cs/arm/4.7.3/bin/../lib/gcc/arm-none-eabi/4.7.3/armv6-m\libgcc.a(_aeabi_ldivmod.o)
 .ARM.attributes
                0x000004a2       0x2c c:/program files (x86)/cypress/psoc creator/3.0/psoc creator/import/gnu_cs/arm/4.7.3/bin/../lib/gcc/arm-none-eabi/4.7.3/armv6-m\libgcc.a(_muldi3.o)
 .ARM.attributes
                0x000004ce       0x2c c:/program files (x86)/cypress/psoc creator/3.0/psoc creator/import/gnu_cs/arm/4.7.3/bin/../lib/gcc/arm-none-eabi/4.7.3/armv6-m\libgcc.a(bpabi.o)
 .ARM.attributes
                0x000004fa       0x2c c:/program files (x86)/cypress/psoc creator/3.0/psoc creator/import/gnu_cs/arm/4.7.3/bin/../lib/gcc/arm-none-eabi/4.7.3/armv6-m\libgcc.a(divsf3.o)
 .ARM.attributes
                0x00000526       0x2c c:/program files (x86)/cypress/psoc creator/3.0/psoc creator/import/gnu_cs/arm/4.7.3/bin/../lib/gcc/arm-none-eabi/4.7.3/armv6-m\libgcc.a(mulsf3.o)
 .ARM.attributes
                0x00000552       0x2c c:/program files (x86)/cypress/psoc creator/3.0/psoc creator/import/gnu_cs/arm/4.7.3/bin/../lib/gcc/arm-none-eabi/4.7.3/armv6-m\libgcc.a(floatsisf.o)
 .ARM.attributes
                0x0000057e       0x1e c:/program files (x86)/cypress/psoc creator/3.0/psoc creator/import/gnu_cs/arm/4.7.3/bin/../lib/gcc/arm-none-eabi/4.7.3/armv6-m\libgcc.a(_clzsi2.o)
 .ARM.attributes
                0x0000059c       0x2c c:/program files (x86)/cypress/psoc creator/3.0/psoc creator/import/gnu_cs/arm/4.7.3/bin/../lib/gcc/arm-none-eabi/4.7.3/armv6-m\libgcc.a(_divdi3.o)
 .ARM.attributes
                0x000005c8       0x2c c:/program files (x86)/cypress/psoc creator/3.0/psoc creator/import/gnu_cs/arm/4.7.3/bin/../lib/gcc/arm-none-eabi/4.7.3/armv6-m\libgcc.a(_udivdi3.o)
 .ARM.attributes
                0x000005f4       0x2c c:/program files (x86)/cypress/psoc creator/3.0/psoc creator/import/gnu_cs/arm/4.7.3/bin/../lib/gcc/arm-none-eabi/4.7.3/../../../../arm-none-eabi/lib/armv6-m\libc_s.a(lib_a-__atexit2.o)
 .ARM.attributes
                0x00000620       0x2c c:/program files (x86)/cypress/psoc creator/3.0/psoc creator/import/gnu_cs/arm/4.7.3/bin/../lib/gcc/arm-none-eabi/4.7.3/../../../../arm-none-eabi/lib/armv6-m\libc_s.a(lib_a-exit.o)
 .ARM.attributes
                0x0000064c       0x2c c:/program files (x86)/cypress/psoc creator/3.0/psoc creator/import/gnu_cs/arm/4.7.3/bin/../lib/gcc/arm-none-eabi/4.7.3/../../../../arm-none-eabi/lib/armv6-m\libc_s.a(lib_a-fini.o)
 .ARM.attributes
                0x00000678       0x2c c:/program files (x86)/cypress/psoc creator/3.0/psoc creator/import/gnu_cs/arm/4.7.3/bin/../lib/gcc/arm-none-eabi/4.7.3/../../../../arm-none-eabi/lib/armv6-m\libc_s.a(lib_a-impure.o)
 .ARM.attributes
                0x000006a4       0x2c c:/program files (x86)/cypress/psoc creator/3.0/psoc creator/import/gnu_cs/arm/4.7.3/bin/../lib/gcc/arm-none-eabi/4.7.3/../../../../arm-none-eabi/lib/armv6-m\libc_s.a(lib_a-init.o)
 .ARM.attributes
                0x000006d0       0x2c c:/program files (x86)/cypress/psoc creator/3.0/psoc creator/import/gnu_cs/arm/4.7.3/bin/../lib/gcc/arm-none-eabi/4.7.3/../../../../arm-none-eabi/lib/armv6-m\libc_s.a(lib_a-memset.o)
 .ARM.attributes
                0x000006fc       0x2c c:/program files (x86)/cypress/psoc creator/3.0/psoc creator/import/gnu_cs/arm/4.7.3/bin/../lib/gcc/arm-none-eabi/4.7.3/armv6-m/crtend.o
 .ARM.attributes
                0x00000728       0x1e c:/program files (x86)/cypress/psoc creator/3.0/psoc creator/import/gnu_cs/arm/4.7.3/bin/../lib/gcc/arm-none-eabi/4.7.3/armv6-m/crtn.o

/DISCARD/
 *(.note.GNU-stack)
OUTPUT(.\CortexM0\ARM_GCC_473\Debug\RGB_LED_Matrix.elf elf32-littlearm)
