Archive member included because of file (symbol)

.\CortexM0\ARM_GCC_473\Debug\RGB_LED_Matrix.a(cyfitter_cfg.o)
                              .\CortexM0\ARM_GCC_473\Debug\Cm0Start.o (cyfitter_cfg)
.\CortexM0\ARM_GCC_473\Debug\RGB_LED_Matrix.a(isr_2.o)
                              .\CortexM0\ARM_GCC_473\Debug\main.o (isr_2_StartEx)
.\CortexM0\ARM_GCC_473\Debug\RGB_LED_Matrix.a(LED_Matrix_1.o)
                              .\CortexM0\ARM_GCC_473\Debug\main.o (LED_Matrix_1_Start)
.\CortexM0\ARM_GCC_473\Debug\RGB_LED_Matrix.a(CyBootAsmGnu.o)
                              .\CortexM0\ARM_GCC_473\Debug\RGB_LED_Matrix.a(isr_2.o) (CyEnterCriticalSection)
.\CortexM0\ARM_GCC_473\Debug\RGB_LED_Matrix.a(CyLib.o)
                              .\CortexM0\ARM_GCC_473\Debug\RGB_LED_Matrix.a(cyfitter_cfg.o) (CyDelayUs)
.\CortexM0\ARM_GCC_473\Debug\RGB_LED_Matrix.a(ADC.o)
                              .\CortexM0\ARM_GCC_473\Debug\main.o (ADC_Start)
.\CortexM0\ARM_GCC_473\Debug\RGB_LED_Matrix.a(ADC_INT.o)
                              .\CortexM0\ARM_GCC_473\Debug\RGB_LED_Matrix.a(ADC.o) (ADC_ISR)
.\CortexM0\ARM_GCC_473\Debug\RGB_LED_Matrix.a(eoc.o)
                              .\CortexM0\ARM_GCC_473\Debug\main.o (eoc_StartEx)
c:/program files (x86)/cypress/psoc creator/3.0/psoc creator/import/gnu_cs/arm/4.7.3/bin/../lib/gcc/arm-none-eabi/4.7.3/armv6-m\libgcc.a(_udivsi3.o)
                              .\CortexM0\ARM_GCC_473\Debug\RGB_LED_Matrix.a(CyLib.o) (__aeabi_uidiv)
c:/program files (x86)/cypress/psoc creator/3.0/psoc creator/import/gnu_cs/arm/4.7.3/bin/../lib/gcc/arm-none-eabi/4.7.3/armv6-m\libgcc.a(_divsi3.o)
                              .\CortexM0\ARM_GCC_473\Debug\RGB_LED_Matrix.a(ADC.o) (__aeabi_idiv)
c:/program files (x86)/cypress/psoc creator/3.0/psoc creator/import/gnu_cs/arm/4.7.3/bin/../lib/gcc/arm-none-eabi/4.7.3/armv6-m\libgcc.a(_dvmd_tls.o)
                              c:/program files (x86)/cypress/psoc creator/3.0/psoc creator/import/gnu_cs/arm/4.7.3/bin/../lib/gcc/arm-none-eabi/4.7.3/armv6-m\libgcc.a(_udivsi3.o) (__aeabi_idiv0)
c:/program files (x86)/cypress/psoc creator/3.0/psoc creator/import/gnu_cs/arm/4.7.3/bin/../lib/gcc/arm-none-eabi/4.7.3/armv6-m\libgcc.a(_aeabi_ldivmod.o)
                              .\CortexM0\ARM_GCC_473\Debug\RGB_LED_Matrix.a(ADC.o) (__aeabi_ldivmod)
c:/program files (x86)/cypress/psoc creator/3.0/psoc creator/import/gnu_cs/arm/4.7.3/bin/../lib/gcc/arm-none-eabi/4.7.3/armv6-m\libgcc.a(_muldi3.o)
                              .\CortexM0\ARM_GCC_473\Debug\RGB_LED_Matrix.a(ADC.o) (__aeabi_lmul)
c:/program files (x86)/cypress/psoc creator/3.0/psoc creator/import/gnu_cs/arm/4.7.3/bin/../lib/gcc/arm-none-eabi/4.7.3/armv6-m\libgcc.a(bpabi.o)
                              c:/program files (x86)/cypress/psoc creator/3.0/psoc creator/import/gnu_cs/arm/4.7.3/bin/../lib/gcc/arm-none-eabi/4.7.3/armv6-m\libgcc.a(_aeabi_ldivmod.o) (__gnu_ldivmod_helper)
c:/program files (x86)/cypress/psoc creator/3.0/psoc creator/import/gnu_cs/arm/4.7.3/bin/../lib/gcc/arm-none-eabi/4.7.3/armv6-m\libgcc.a(divsf3.o)
                              .\CortexM0\ARM_GCC_473\Debug\RGB_LED_Matrix.a(ADC.o) (__aeabi_fdiv)
c:/program files (x86)/cypress/psoc creator/3.0/psoc creator/import/gnu_cs/arm/4.7.3/bin/../lib/gcc/arm-none-eabi/4.7.3/armv6-m\libgcc.a(mulsf3.o)
                              .\CortexM0\ARM_GCC_473\Debug\RGB_LED_Matrix.a(ADC.o) (__aeabi_fmul)
c:/program files (x86)/cypress/psoc creator/3.0/psoc creator/import/gnu_cs/arm/4.7.3/bin/../lib/gcc/arm-none-eabi/4.7.3/armv6-m\libgcc.a(floatsisf.o)
                              .\CortexM0\ARM_GCC_473\Debug\RGB_LED_Matrix.a(ADC.o) (__aeabi_i2f)
c:/program files (x86)/cypress/psoc creator/3.0/psoc creator/import/gnu_cs/arm/4.7.3/bin/../lib/gcc/arm-none-eabi/4.7.3/armv6-m\libgcc.a(_clzsi2.o)
                              c:/program files (x86)/cypress/psoc creator/3.0/psoc creator/import/gnu_cs/arm/4.7.3/bin/../lib/gcc/arm-none-eabi/4.7.3/armv6-m\libgcc.a(divsf3.o) (__clzsi2)
c:/program files (x86)/cypress/psoc creator/3.0/psoc creator/import/gnu_cs/arm/4.7.3/bin/../lib/gcc/arm-none-eabi/4.7.3/armv6-m\libgcc.a(_divdi3.o)
                              c:/program files (x86)/cypress/psoc creator/3.0/psoc creator/import/gnu_cs/arm/4.7.3/bin/../lib/gcc/arm-none-eabi/4.7.3/armv6-m\libgcc.a(bpabi.o) (__divdi3)
c:/program files (x86)/cypress/psoc creator/3.0/psoc creator/import/gnu_cs/arm/4.7.3/bin/../lib/gcc/arm-none-eabi/4.7.3/armv6-m\libgcc.a(_udivdi3.o)
                              c:/program files (x86)/cypress/psoc creator/3.0/psoc creator/import/gnu_cs/arm/4.7.3/bin/../lib/gcc/arm-none-eabi/4.7.3/armv6-m\libgcc.a(bpabi.o) (__udivdi3)
c:/program files (x86)/cypress/psoc creator/3.0/psoc creator/import/gnu_cs/arm/4.7.3/bin/../lib/gcc/arm-none-eabi/4.7.3/../../../../arm-none-eabi/lib/armv6-m\libc_s.a(lib_a-__atexit2.o)
                              c:/program files (x86)/cypress/psoc creator/3.0/psoc creator/import/gnu_cs/arm/4.7.3/bin/../lib/gcc/arm-none-eabi/4.7.3/../../../../arm-none-eabi/lib/armv6-m/crt0.o (__register_exitproc)
c:/program files (x86)/cypress/psoc creator/3.0/psoc creator/import/gnu_cs/arm/4.7.3/bin/../lib/gcc/arm-none-eabi/4.7.3/../../../../arm-none-eabi/lib/armv6-m\libc_s.a(lib_a-exit.o)
                              c:/program files (x86)/cypress/psoc creator/3.0/psoc creator/import/gnu_cs/arm/4.7.3/bin/../lib/gcc/arm-none-eabi/4.7.3/../../../../arm-none-eabi/lib/armv6-m/crt0.o (exit)
c:/program files (x86)/cypress/psoc creator/3.0/psoc creator/import/gnu_cs/arm/4.7.3/bin/../lib/gcc/arm-none-eabi/4.7.3/../../../../arm-none-eabi/lib/armv6-m\libc_s.a(lib_a-fini.o)
                              c:/program files (x86)/cypress/psoc creator/3.0/psoc creator/import/gnu_cs/arm/4.7.3/bin/../lib/gcc/arm-none-eabi/4.7.3/../../../../arm-none-eabi/lib/armv6-m/crt0.o (__libc_fini_array)
c:/program files (x86)/cypress/psoc creator/3.0/psoc creator/import/gnu_cs/arm/4.7.3/bin/../lib/gcc/arm-none-eabi/4.7.3/../../../../arm-none-eabi/lib/armv6-m\libc_s.a(lib_a-impure.o)
                              c:/program files (x86)/cypress/psoc creator/3.0/psoc creator/import/gnu_cs/arm/4.7.3/bin/../lib/gcc/arm-none-eabi/4.7.3/../../../../arm-none-eabi/lib/armv6-m\libc_s.a(lib_a-exit.o) (_global_impure_ptr)
c:/program files (x86)/cypress/psoc creator/3.0/psoc creator/import/gnu_cs/arm/4.7.3/bin/../lib/gcc/arm-none-eabi/4.7.3/../../../../arm-none-eabi/lib/armv6-m\libc_s.a(lib_a-init.o)
                              c:/program files (x86)/cypress/psoc creator/3.0/psoc creator/import/gnu_cs/arm/4.7.3/bin/../lib/gcc/arm-none-eabi/4.7.3/../../../../arm-none-eabi/lib/armv6-m/crt0.o (__libc_init_array)
c:/program files (x86)/cypress/psoc creator/3.0/psoc creator/import/gnu_cs/arm/4.7.3/bin/../lib/gcc/arm-none-eabi/4.7.3/../../../../arm-none-eabi/lib/armv6-m\libc_s.a(lib_a-memcpy.o)
                              .\CortexM0\ARM_GCC_473\Debug\RGB_LED_Matrix.a(cyfitter_cfg.o) (memcpy)
c:/program files (x86)/cypress/psoc creator/3.0/psoc creator/import/gnu_cs/arm/4.7.3/bin/../lib/gcc/arm-none-eabi/4.7.3/../../../../arm-none-eabi/lib/armv6-m\libc_s.a(lib_a-memset.o)
                              c:/program files (x86)/cypress/psoc creator/3.0/psoc creator/import/gnu_cs/arm/4.7.3/bin/../lib/gcc/arm-none-eabi/4.7.3/../../../../arm-none-eabi/lib/armv6-m/crt0.o (memset)

Allocating common symbols
Common symbol       size              file

ADC_countsPer10Volt
                    0x4               .\CortexM0\ARM_GCC_473\Debug\RGB_LED_Matrix.a(ADC.o)
ADC_offset          0x2               .\CortexM0\ARM_GCC_473\Debug\RGB_LED_Matrix.a(ADC.o)
matrix              0x3c0             .\CortexM0\ARM_GCC_473\Debug\main.o
bit_shift           0x1               .\CortexM0\ARM_GCC_473\Debug\main.o

Discarded input sections

 .text          0x00000000        0x0 c:/program files (x86)/cypress/psoc creator/3.0/psoc creator/import/gnu_cs/arm/4.7.3/bin/../lib/gcc/arm-none-eabi/4.7.3/armv6-m/crti.o
 .data          0x00000000        0x0 c:/program files (x86)/cypress/psoc creator/3.0/psoc creator/import/gnu_cs/arm/4.7.3/bin/../lib/gcc/arm-none-eabi/4.7.3/armv6-m/crti.o
 .bss           0x00000000        0x0 c:/program files (x86)/cypress/psoc creator/3.0/psoc creator/import/gnu_cs/arm/4.7.3/bin/../lib/gcc/arm-none-eabi/4.7.3/armv6-m/crti.o
 .data          0x00000000        0x4 c:/program files (x86)/cypress/psoc creator/3.0/psoc creator/import/gnu_cs/arm/4.7.3/bin/../lib/gcc/arm-none-eabi/4.7.3/armv6-m/crtbegin.o
 .text          0x00000000       0x74 c:/program files (x86)/cypress/psoc creator/3.0/psoc creator/import/gnu_cs/arm/4.7.3/bin/../lib/gcc/arm-none-eabi/4.7.3/../../../../arm-none-eabi/lib/armv6-m/crt0.o
 .data          0x00000000        0x0 c:/program files (x86)/cypress/psoc creator/3.0/psoc creator/import/gnu_cs/arm/4.7.3/bin/../lib/gcc/arm-none-eabi/4.7.3/../../../../arm-none-eabi/lib/armv6-m/crt0.o
 .bss           0x00000000        0x0 c:/program files (x86)/cypress/psoc creator/3.0/psoc creator/import/gnu_cs/arm/4.7.3/bin/../lib/gcc/arm-none-eabi/4.7.3/../../../../arm-none-eabi/lib/armv6-m/crt0.o
 .ARM.extab     0x00000000        0x0 c:/program files (x86)/cypress/psoc creator/3.0/psoc creator/import/gnu_cs/arm/4.7.3/bin/../lib/gcc/arm-none-eabi/4.7.3/../../../../arm-none-eabi/lib/armv6-m/crt0.o
 .ARM.exidx     0x00000000        0x8 c:/program files (x86)/cypress/psoc creator/3.0/psoc creator/import/gnu_cs/arm/4.7.3/bin/../lib/gcc/arm-none-eabi/4.7.3/../../../../arm-none-eabi/lib/armv6-m/crt0.o
 .text          0x00000000        0x0 .\CortexM0\ARM_GCC_473\Debug\main.o
 .data          0x00000000        0x0 .\CortexM0\ARM_GCC_473\Debug\main.o
 .text          0x00000000        0x0 .\CortexM0\ARM_GCC_473\Debug\LED_Matrix.o
 .data          0x00000000        0x0 .\CortexM0\ARM_GCC_473\Debug\LED_Matrix.o
 .bss           0x00000000        0x0 .\CortexM0\ARM_GCC_473\Debug\LED_Matrix.o
 .text.drawCircle
                0x00000000      0x15c .\CortexM0\ARM_GCC_473\Debug\LED_Matrix.o
 .text.drawCircleHelper
                0x00000000      0x178 .\CortexM0\ARM_GCC_473\Debug\LED_Matrix.o
 .text.drawRect
                0x00000000       0x74 .\CortexM0\ARM_GCC_473\Debug\LED_Matrix.o
 .text.fillRect
                0x00000000       0x94 .\CortexM0\ARM_GCC_473\Debug\LED_Matrix.o
 .text.fillScreen
                0x00000000       0x20 .\CortexM0\ARM_GCC_473\Debug\LED_Matrix.o
 .text.drawTriangle
                0x00000000       0x80 .\CortexM0\ARM_GCC_473\Debug\LED_Matrix.o
 .text.drawColon
                0x00000000       0x30 .\CortexM0\ARM_GCC_473\Debug\LED_Matrix.o
 .text          0x00000000        0x0 .\CortexM0\ARM_GCC_473\Debug\cymetadata.o
 .data          0x00000000        0x0 .\CortexM0\ARM_GCC_473\Debug\cymetadata.o
 .bss           0x00000000        0x0 .\CortexM0\ARM_GCC_473\Debug\cymetadata.o
 .text          0x00000000        0x0 .\CortexM0\ARM_GCC_473\Debug\Cm0Start.o
 .data          0x00000000        0x0 .\CortexM0\ARM_GCC_473\Debug\Cm0Start.o
 .bss           0x00000000        0x0 .\CortexM0\ARM_GCC_473\Debug\Cm0Start.o
 .text._exit    0x00000000        0x4 .\CortexM0\ARM_GCC_473\Debug\Cm0Start.o
 .text          0x00000000        0x0 .\CortexM0\ARM_GCC_473\Debug\RGB_LED_Matrix.a(cyfitter_cfg.o)
 .data          0x00000000        0x0 .\CortexM0\ARM_GCC_473\Debug\RGB_LED_Matrix.a(cyfitter_cfg.o)
 .bss           0x00000000        0x0 .\CortexM0\ARM_GCC_473\Debug\RGB_LED_Matrix.a(cyfitter_cfg.o)
 .text.SetAnalogRoutingPumps
                0x00000000       0x20 .\CortexM0\ARM_GCC_473\Debug\RGB_LED_Matrix.a(cyfitter_cfg.o)
 .text          0x00000000        0x0 .\CortexM0\ARM_GCC_473\Debug\RGB_LED_Matrix.a(isr_2.o)
 .data          0x00000000        0x0 .\CortexM0\ARM_GCC_473\Debug\RGB_LED_Matrix.a(isr_2.o)
 .bss           0x00000000        0x0 .\CortexM0\ARM_GCC_473\Debug\RGB_LED_Matrix.a(isr_2.o)
 .text.isr_2_Interrupt
                0x00000000        0x4 .\CortexM0\ARM_GCC_473\Debug\RGB_LED_Matrix.a(isr_2.o)
 .text.isr_2_Stop
                0x00000000       0x1c .\CortexM0\ARM_GCC_473\Debug\RGB_LED_Matrix.a(isr_2.o)
 .text.isr_2_SetVector
                0x00000000        0xc .\CortexM0\ARM_GCC_473\Debug\RGB_LED_Matrix.a(isr_2.o)
 .text.isr_2_GetVector
                0x00000000        0xc .\CortexM0\ARM_GCC_473\Debug\RGB_LED_Matrix.a(isr_2.o)
 .text.isr_2_Start
                0x00000000       0x2c .\CortexM0\ARM_GCC_473\Debug\RGB_LED_Matrix.a(isr_2.o)
 .text.isr_2_GetPriority
                0x00000000       0x10 .\CortexM0\ARM_GCC_473\Debug\RGB_LED_Matrix.a(isr_2.o)
 .text.isr_2_Enable
                0x00000000        0xc .\CortexM0\ARM_GCC_473\Debug\RGB_LED_Matrix.a(isr_2.o)
 .text.isr_2_GetState
                0x00000000       0x10 .\CortexM0\ARM_GCC_473\Debug\RGB_LED_Matrix.a(isr_2.o)
 .text.isr_2_Disable
                0x00000000        0xc .\CortexM0\ARM_GCC_473\Debug\RGB_LED_Matrix.a(isr_2.o)
 .text.isr_2_SetPending
                0x00000000        0xc .\CortexM0\ARM_GCC_473\Debug\RGB_LED_Matrix.a(isr_2.o)
 .text.isr_2_ClearPending
                0x00000000        0xc .\CortexM0\ARM_GCC_473\Debug\RGB_LED_Matrix.a(isr_2.o)
 .text          0x00000000        0x0 .\CortexM0\ARM_GCC_473\Debug\RGB_LED_Matrix.a(LED_Matrix_1.o)
 .data          0x00000000        0x0 .\CortexM0\ARM_GCC_473\Debug\RGB_LED_Matrix.a(LED_Matrix_1.o)
 .bss           0x00000000        0x0 .\CortexM0\ARM_GCC_473\Debug\RGB_LED_Matrix.a(LED_Matrix_1.o)
 .data          0x00000000        0x0 .\CortexM0\ARM_GCC_473\Debug\RGB_LED_Matrix.a(CyBootAsmGnu.o)
 .bss           0x00000000        0x0 .\CortexM0\ARM_GCC_473\Debug\RGB_LED_Matrix.a(CyBootAsmGnu.o)
 .text          0x00000000        0x0 .\CortexM0\ARM_GCC_473\Debug\RGB_LED_Matrix.a(CyLib.o)
 .bss           0x00000000        0x0 .\CortexM0\ARM_GCC_473\Debug\RGB_LED_Matrix.a(CyLib.o)
 .text.CySysClkImoStart
                0x00000000       0x14 .\CortexM0\ARM_GCC_473\Debug\RGB_LED_Matrix.a(CyLib.o)
 .text.CySysClkImoStop
                0x00000000       0x10 .\CortexM0\ARM_GCC_473\Debug\RGB_LED_Matrix.a(CyLib.o)
 .text.CySysClkIloStart
                0x00000000       0x14 .\CortexM0\ARM_GCC_473\Debug\RGB_LED_Matrix.a(CyLib.o)
 .text.CySysClkIloStop
                0x00000000       0x10 .\CortexM0\ARM_GCC_473\Debug\RGB_LED_Matrix.a(CyLib.o)
 .text.CySysClkWriteHfclkDirect
                0x00000000       0x18 .\CortexM0\ARM_GCC_473\Debug\RGB_LED_Matrix.a(CyLib.o)
 .text.CySysClkWriteSysclkDiv
                0x00000000       0x20 .\CortexM0\ARM_GCC_473\Debug\RGB_LED_Matrix.a(CyLib.o)
 .text.CySysWdtLock
                0x00000000       0x34 .\CortexM0\ARM_GCC_473\Debug\RGB_LED_Matrix.a(CyLib.o)
 .text.CySysWdtUnlock
                0x00000000       0x48 .\CortexM0\ARM_GCC_473\Debug\RGB_LED_Matrix.a(CyLib.o)
 .text.CySysWdtReadEnabledStatus
                0x00000000       0x20 .\CortexM0\ARM_GCC_473\Debug\RGB_LED_Matrix.a(CyLib.o)
 .text.CySysWdtWriteMode
                0x00000000       0x54 .\CortexM0\ARM_GCC_473\Debug\RGB_LED_Matrix.a(CyLib.o)
 .text.CySysWdtReadMode
                0x00000000       0x14 .\CortexM0\ARM_GCC_473\Debug\RGB_LED_Matrix.a(CyLib.o)
 .text.CySysWdtWriteClearOnMatch
                0x00000000       0x48 .\CortexM0\ARM_GCC_473\Debug\RGB_LED_Matrix.a(CyLib.o)
 .text.CySysWdtReadClearOnMatch
                0x00000000       0x20 .\CortexM0\ARM_GCC_473\Debug\RGB_LED_Matrix.a(CyLib.o)
 .text.CySysWdtEnable
                0x00000000       0x28 .\CortexM0\ARM_GCC_473\Debug\RGB_LED_Matrix.a(CyLib.o)
 .text.CySysWdtDisable
                0x00000000       0x28 .\CortexM0\ARM_GCC_473\Debug\RGB_LED_Matrix.a(CyLib.o)
 .text.CySysWdtWriteCascade
                0x00000000       0x48 .\CortexM0\ARM_GCC_473\Debug\RGB_LED_Matrix.a(CyLib.o)
 .text.CySysWdtReadCascade
                0x00000000       0x14 .\CortexM0\ARM_GCC_473\Debug\RGB_LED_Matrix.a(CyLib.o)
 .text.CySysWdtWriteToggleBit
                0x00000000       0x40 .\CortexM0\ARM_GCC_473\Debug\RGB_LED_Matrix.a(CyLib.o)
 .text.CySysWdtReadToggleBit
                0x00000000       0x10 .\CortexM0\ARM_GCC_473\Debug\RGB_LED_Matrix.a(CyLib.o)
 .text.CySysWdtReadMatch
                0x00000000       0x1c .\CortexM0\ARM_GCC_473\Debug\RGB_LED_Matrix.a(CyLib.o)
 .text.CySysWdtReadCount
                0x00000000       0x34 .\CortexM0\ARM_GCC_473\Debug\RGB_LED_Matrix.a(CyLib.o)
 .text.CySysWdtGetInterruptSource
                0x00000000       0x14 .\CortexM0\ARM_GCC_473\Debug\RGB_LED_Matrix.a(CyLib.o)
 .text.CySysWdtClearInterrupt
                0x00000000       0x7c .\CortexM0\ARM_GCC_473\Debug\RGB_LED_Matrix.a(CyLib.o)
 .text.CySysWdtResetCounters
                0x00000000       0x30 .\CortexM0\ARM_GCC_473\Debug\RGB_LED_Matrix.a(CyLib.o)
 .text.CySysLvdEnable
                0x00000000       0x2c .\CortexM0\ARM_GCC_473\Debug\RGB_LED_Matrix.a(CyLib.o)
 .text.CySysLvdDisable
                0x00000000       0x20 .\CortexM0\ARM_GCC_473\Debug\RGB_LED_Matrix.a(CyLib.o)
 .text.CySysLvdGetInterruptSource
                0x00000000       0x10 .\CortexM0\ARM_GCC_473\Debug\RGB_LED_Matrix.a(CyLib.o)
 .text.CySysLvdClearInterrupt
                0x00000000        0xc .\CortexM0\ARM_GCC_473\Debug\RGB_LED_Matrix.a(CyLib.o)
 .text.CyDisableInts
                0x00000000       0x10 .\CortexM0\ARM_GCC_473\Debug\RGB_LED_Matrix.a(CyLib.o)
 .text.CyEnableInts
                0x00000000        0xc .\CortexM0\ARM_GCC_473\Debug\RGB_LED_Matrix.a(CyLib.o)
 .text.CyIntSetSysVector
                0x00000000       0x18 .\CortexM0\ARM_GCC_473\Debug\RGB_LED_Matrix.a(CyLib.o)
 .text.CyIntGetSysVector
                0x00000000       0x14 .\CortexM0\ARM_GCC_473\Debug\RGB_LED_Matrix.a(CyLib.o)
 .text.CyIntGetVector
                0x00000000       0x18 .\CortexM0\ARM_GCC_473\Debug\RGB_LED_Matrix.a(CyLib.o)
 .text.CyIntGetPriority
                0x00000000       0x28 .\CortexM0\ARM_GCC_473\Debug\RGB_LED_Matrix.a(CyLib.o)
 .text.CyIntEnable
                0x00000000       0x14 .\CortexM0\ARM_GCC_473\Debug\RGB_LED_Matrix.a(CyLib.o)
 .text.CyIntGetState
                0x00000000       0x18 .\CortexM0\ARM_GCC_473\Debug\RGB_LED_Matrix.a(CyLib.o)
 .text.CyIntDisable
                0x00000000       0x14 .\CortexM0\ARM_GCC_473\Debug\RGB_LED_Matrix.a(CyLib.o)
 .text.CyIntSetPending
                0x00000000       0x14 .\CortexM0\ARM_GCC_473\Debug\RGB_LED_Matrix.a(CyLib.o)
 .text.CyIntClearPending
                0x00000000       0x14 .\CortexM0\ARM_GCC_473\Debug\RGB_LED_Matrix.a(CyLib.o)
 .text.CySoftwareReset
                0x00000000       0x18 .\CortexM0\ARM_GCC_473\Debug\RGB_LED_Matrix.a(CyLib.o)
 .text.CyDelay  0x00000000       0x80 .\CortexM0\ARM_GCC_473\Debug\RGB_LED_Matrix.a(CyLib.o)
 .text.CySysWdtWriteMatch
                0x00000000       0x48 .\CortexM0\ARM_GCC_473\Debug\RGB_LED_Matrix.a(CyLib.o)
 .text.CySysClkWriteImoFreq
                0x00000000      0x164 .\CortexM0\ARM_GCC_473\Debug\RGB_LED_Matrix.a(CyLib.o)
 .text.CyDelayFreq
                0x00000000       0x54 .\CortexM0\ARM_GCC_473\Debug\RGB_LED_Matrix.a(CyLib.o)
 .rodata        0x00000000       0x30 .\CortexM0\ARM_GCC_473\Debug\RGB_LED_Matrix.a(CyLib.o)
 .text          0x00000000        0x0 .\CortexM0\ARM_GCC_473\Debug\RGB_LED_Matrix.a(ADC.o)
 .data          0x00000000        0x0 .\CortexM0\ARM_GCC_473\Debug\RGB_LED_Matrix.a(ADC.o)
 .text.ADC_Stop
                0x00000000       0x10 .\CortexM0\ARM_GCC_473\Debug\RGB_LED_Matrix.a(ADC.o)
 .text.ADC_StopConvert
                0x00000000       0x14 .\CortexM0\ARM_GCC_473\Debug\RGB_LED_Matrix.a(ADC.o)
 .text.ADC_IsEndConversion
                0x00000000       0x2c .\CortexM0\ARM_GCC_473\Debug\RGB_LED_Matrix.a(ADC.o)
 .text.ADC_SetChanMask
                0x00000000       0x10 .\CortexM0\ARM_GCC_473\Debug\RGB_LED_Matrix.a(ADC.o)
 .text.ADC_SetLowLimit
                0x00000000       0x1c .\CortexM0\ARM_GCC_473\Debug\RGB_LED_Matrix.a(ADC.o)
 .text.ADC_SetHighLimit
                0x00000000       0x18 .\CortexM0\ARM_GCC_473\Debug\RGB_LED_Matrix.a(ADC.o)
 .text.ADC_SetLimitMask
                0x00000000       0x10 .\CortexM0\ARM_GCC_473\Debug\RGB_LED_Matrix.a(ADC.o)
 .text.ADC_SetSatMask
                0x00000000       0x10 .\CortexM0\ARM_GCC_473\Debug\RGB_LED_Matrix.a(ADC.o)
 .text.ADC_SetOffset
                0x00000000       0x1c .\CortexM0\ARM_GCC_473\Debug\RGB_LED_Matrix.a(ADC.o)
 .text.ADC_SetGain
                0x00000000       0x1c .\CortexM0\ARM_GCC_473\Debug\RGB_LED_Matrix.a(ADC.o)
 .text.ADC_CountsTo_mVolts
                0x00000000       0x54 .\CortexM0\ARM_GCC_473\Debug\RGB_LED_Matrix.a(ADC.o)
 .text.ADC_CountsTo_uVolts
                0x00000000       0x48 .\CortexM0\ARM_GCC_473\Debug\RGB_LED_Matrix.a(ADC.o)
 .text.ADC_CountsTo_Volts
                0x00000000       0x48 .\CortexM0\ARM_GCC_473\Debug\RGB_LED_Matrix.a(ADC.o)
 .text          0x00000000        0x0 .\CortexM0\ARM_GCC_473\Debug\RGB_LED_Matrix.a(ADC_INT.o)
 .data          0x00000000        0x0 .\CortexM0\ARM_GCC_473\Debug\RGB_LED_Matrix.a(ADC_INT.o)
 .bss           0x00000000        0x0 .\CortexM0\ARM_GCC_473\Debug\RGB_LED_Matrix.a(ADC_INT.o)
 .text          0x00000000        0x0 .\CortexM0\ARM_GCC_473\Debug\RGB_LED_Matrix.a(eoc.o)
 .data          0x00000000        0x0 .\CortexM0\ARM_GCC_473\Debug\RGB_LED_Matrix.a(eoc.o)
 .bss           0x00000000        0x0 .\CortexM0\ARM_GCC_473\Debug\RGB_LED_Matrix.a(eoc.o)
 .text.eoc_Interrupt
                0x00000000        0x4 .\CortexM0\ARM_GCC_473\Debug\RGB_LED_Matrix.a(eoc.o)
 .text.eoc_Stop
                0x00000000       0x1c .\CortexM0\ARM_GCC_473\Debug\RGB_LED_Matrix.a(eoc.o)
 .text.eoc_SetVector
                0x00000000        0xc .\CortexM0\ARM_GCC_473\Debug\RGB_LED_Matrix.a(eoc.o)
 .text.eoc_GetVector
                0x00000000        0xc .\CortexM0\ARM_GCC_473\Debug\RGB_LED_Matrix.a(eoc.o)
 .text.eoc_Start
                0x00000000       0x2c .\CortexM0\ARM_GCC_473\Debug\RGB_LED_Matrix.a(eoc.o)
 .text.eoc_GetPriority
                0x00000000       0x10 .\CortexM0\ARM_GCC_473\Debug\RGB_LED_Matrix.a(eoc.o)
 .text.eoc_Enable
                0x00000000        0xc .\CortexM0\ARM_GCC_473\Debug\RGB_LED_Matrix.a(eoc.o)
 .text.eoc_GetState
                0x00000000       0x10 .\CortexM0\ARM_GCC_473\Debug\RGB_LED_Matrix.a(eoc.o)
 .text.eoc_Disable
                0x00000000        0xc .\CortexM0\ARM_GCC_473\Debug\RGB_LED_Matrix.a(eoc.o)
 .text.eoc_SetPending
                0x00000000        0xc .\CortexM0\ARM_GCC_473\Debug\RGB_LED_Matrix.a(eoc.o)
 .text.eoc_ClearPending
                0x00000000        0xc .\CortexM0\ARM_GCC_473\Debug\RGB_LED_Matrix.a(eoc.o)
 .text          0x00000000       0x9c c:/program files (x86)/cypress/psoc creator/3.0/psoc creator/import/gnu_cs/arm/4.7.3/bin/../lib/gcc/arm-none-eabi/4.7.3/armv6-m\libgcc.a(_udivsi3.o)
 .data          0x00000000        0x0 c:/program files (x86)/cypress/psoc creator/3.0/psoc creator/import/gnu_cs/arm/4.7.3/bin/../lib/gcc/arm-none-eabi/4.7.3/armv6-m\libgcc.a(_udivsi3.o)
 .bss           0x00000000        0x0 c:/program files (x86)/cypress/psoc creator/3.0/psoc creator/import/gnu_cs/arm/4.7.3/bin/../lib/gcc/arm-none-eabi/4.7.3/armv6-m\libgcc.a(_udivsi3.o)
 .text          0x00000000       0xc0 c:/program files (x86)/cypress/psoc creator/3.0/psoc creator/import/gnu_cs/arm/4.7.3/bin/../lib/gcc/arm-none-eabi/4.7.3/armv6-m\libgcc.a(_divsi3.o)
 .data          0x00000000        0x0 c:/program files (x86)/cypress/psoc creator/3.0/psoc creator/import/gnu_cs/arm/4.7.3/bin/../lib/gcc/arm-none-eabi/4.7.3/armv6-m\libgcc.a(_divsi3.o)
 .bss           0x00000000        0x0 c:/program files (x86)/cypress/psoc creator/3.0/psoc creator/import/gnu_cs/arm/4.7.3/bin/../lib/gcc/arm-none-eabi/4.7.3/armv6-m\libgcc.a(_divsi3.o)
 .text          0x00000000        0x4 c:/program files (x86)/cypress/psoc creator/3.0/psoc creator/import/gnu_cs/arm/4.7.3/bin/../lib/gcc/arm-none-eabi/4.7.3/armv6-m\libgcc.a(_dvmd_tls.o)
 .data          0x00000000        0x0 c:/program files (x86)/cypress/psoc creator/3.0/psoc creator/import/gnu_cs/arm/4.7.3/bin/../lib/gcc/arm-none-eabi/4.7.3/armv6-m\libgcc.a(_dvmd_tls.o)
 .bss           0x00000000        0x0 c:/program files (x86)/cypress/psoc creator/3.0/psoc creator/import/gnu_cs/arm/4.7.3/bin/../lib/gcc/arm-none-eabi/4.7.3/armv6-m\libgcc.a(_dvmd_tls.o)
 .text          0x00000000       0x48 c:/program files (x86)/cypress/psoc creator/3.0/psoc creator/import/gnu_cs/arm/4.7.3/bin/../lib/gcc/arm-none-eabi/4.7.3/armv6-m\libgcc.a(_aeabi_ldivmod.o)
 .data          0x00000000        0x0 c:/program files (x86)/cypress/psoc creator/3.0/psoc creator/import/gnu_cs/arm/4.7.3/bin/../lib/gcc/arm-none-eabi/4.7.3/armv6-m\libgcc.a(_aeabi_ldivmod.o)
 .bss           0x00000000        0x0 c:/program files (x86)/cypress/psoc creator/3.0/psoc creator/import/gnu_cs/arm/4.7.3/bin/../lib/gcc/arm-none-eabi/4.7.3/armv6-m\libgcc.a(_aeabi_ldivmod.o)
 .text          0x00000000       0x44 c:/program files (x86)/cypress/psoc creator/3.0/psoc creator/import/gnu_cs/arm/4.7.3/bin/../lib/gcc/arm-none-eabi/4.7.3/armv6-m\libgcc.a(_muldi3.o)
 .data          0x00000000        0x0 c:/program files (x86)/cypress/psoc creator/3.0/psoc creator/import/gnu_cs/arm/4.7.3/bin/../lib/gcc/arm-none-eabi/4.7.3/armv6-m\libgcc.a(_muldi3.o)
 .bss           0x00000000        0x0 c:/program files (x86)/cypress/psoc creator/3.0/psoc creator/import/gnu_cs/arm/4.7.3/bin/../lib/gcc/arm-none-eabi/4.7.3/armv6-m\libgcc.a(_muldi3.o)
 .text          0x00000000       0x74 c:/program files (x86)/cypress/psoc creator/3.0/psoc creator/import/gnu_cs/arm/4.7.3/bin/../lib/gcc/arm-none-eabi/4.7.3/armv6-m\libgcc.a(bpabi.o)
 .data          0x00000000        0x0 c:/program files (x86)/cypress/psoc creator/3.0/psoc creator/import/gnu_cs/arm/4.7.3/bin/../lib/gcc/arm-none-eabi/4.7.3/armv6-m\libgcc.a(bpabi.o)
 .bss           0x00000000        0x0 c:/program files (x86)/cypress/psoc creator/3.0/psoc creator/import/gnu_cs/arm/4.7.3/bin/../lib/gcc/arm-none-eabi/4.7.3/armv6-m\libgcc.a(bpabi.o)
 .text          0x00000000      0x274 c:/program files (x86)/cypress/psoc creator/3.0/psoc creator/import/gnu_cs/arm/4.7.3/bin/../lib/gcc/arm-none-eabi/4.7.3/armv6-m\libgcc.a(divsf3.o)
 .data          0x00000000        0x0 c:/program files (x86)/cypress/psoc creator/3.0/psoc creator/import/gnu_cs/arm/4.7.3/bin/../lib/gcc/arm-none-eabi/4.7.3/armv6-m\libgcc.a(divsf3.o)
 .bss           0x00000000        0x0 c:/program files (x86)/cypress/psoc creator/3.0/psoc creator/import/gnu_cs/arm/4.7.3/bin/../lib/gcc/arm-none-eabi/4.7.3/armv6-m\libgcc.a(divsf3.o)
 .rodata        0x00000000       0x40 c:/program files (x86)/cypress/psoc creator/3.0/psoc creator/import/gnu_cs/arm/4.7.3/bin/../lib/gcc/arm-none-eabi/4.7.3/armv6-m\libgcc.a(divsf3.o)
 .text          0x00000000      0x260 c:/program files (x86)/cypress/psoc creator/3.0/psoc creator/import/gnu_cs/arm/4.7.3/bin/../lib/gcc/arm-none-eabi/4.7.3/armv6-m\libgcc.a(mulsf3.o)
 .data          0x00000000        0x0 c:/program files (x86)/cypress/psoc creator/3.0/psoc creator/import/gnu_cs/arm/4.7.3/bin/../lib/gcc/arm-none-eabi/4.7.3/armv6-m\libgcc.a(mulsf3.o)
 .bss           0x00000000        0x0 c:/program files (x86)/cypress/psoc creator/3.0/psoc creator/import/gnu_cs/arm/4.7.3/bin/../lib/gcc/arm-none-eabi/4.7.3/armv6-m\libgcc.a(mulsf3.o)
 .rodata        0x00000000       0x40 c:/program files (x86)/cypress/psoc creator/3.0/psoc creator/import/gnu_cs/arm/4.7.3/bin/../lib/gcc/arm-none-eabi/4.7.3/armv6-m\libgcc.a(mulsf3.o)
 .text          0x00000000       0xa8 c:/program files (x86)/cypress/psoc creator/3.0/psoc creator/import/gnu_cs/arm/4.7.3/bin/../lib/gcc/arm-none-eabi/4.7.3/armv6-m\libgcc.a(floatsisf.o)
 .data          0x00000000        0x0 c:/program files (x86)/cypress/psoc creator/3.0/psoc creator/import/gnu_cs/arm/4.7.3/bin/../lib/gcc/arm-none-eabi/4.7.3/armv6-m\libgcc.a(floatsisf.o)
 .bss           0x00000000        0x0 c:/program files (x86)/cypress/psoc creator/3.0/psoc creator/import/gnu_cs/arm/4.7.3/bin/../lib/gcc/arm-none-eabi/4.7.3/armv6-m\libgcc.a(floatsisf.o)
 .text          0x00000000       0x3c c:/program files (x86)/cypress/psoc creator/3.0/psoc creator/import/gnu_cs/arm/4.7.3/bin/../lib/gcc/arm-none-eabi/4.7.3/armv6-m\libgcc.a(_clzsi2.o)
 .data          0x00000000        0x0 c:/program files (x86)/cypress/psoc creator/3.0/psoc creator/import/gnu_cs/arm/4.7.3/bin/../lib/gcc/arm-none-eabi/4.7.3/armv6-m\libgcc.a(_clzsi2.o)
 .bss           0x00000000        0x0 c:/program files (x86)/cypress/psoc creator/3.0/psoc creator/import/gnu_cs/arm/4.7.3/bin/../lib/gcc/arm-none-eabi/4.7.3/armv6-m\libgcc.a(_clzsi2.o)
 .text          0x00000000      0x3d0 c:/program files (x86)/cypress/psoc creator/3.0/psoc creator/import/gnu_cs/arm/4.7.3/bin/../lib/gcc/arm-none-eabi/4.7.3/armv6-m\libgcc.a(_divdi3.o)
 .data          0x00000000        0x0 c:/program files (x86)/cypress/psoc creator/3.0/psoc creator/import/gnu_cs/arm/4.7.3/bin/../lib/gcc/arm-none-eabi/4.7.3/armv6-m\libgcc.a(_divdi3.o)
 .bss           0x00000000        0x0 c:/program files (x86)/cypress/psoc creator/3.0/psoc creator/import/gnu_cs/arm/4.7.3/bin/../lib/gcc/arm-none-eabi/4.7.3/armv6-m\libgcc.a(_divdi3.o)
 .ARM.extab     0x00000000        0x0 c:/program files (x86)/cypress/psoc creator/3.0/psoc creator/import/gnu_cs/arm/4.7.3/bin/../lib/gcc/arm-none-eabi/4.7.3/armv6-m\libgcc.a(_divdi3.o)
 .ARM.exidx     0x00000000        0x8 c:/program files (x86)/cypress/psoc creator/3.0/psoc creator/import/gnu_cs/arm/4.7.3/bin/../lib/gcc/arm-none-eabi/4.7.3/armv6-m\libgcc.a(_divdi3.o)
 .text          0x00000000      0x38c c:/program files (x86)/cypress/psoc creator/3.0/psoc creator/import/gnu_cs/arm/4.7.3/bin/../lib/gcc/arm-none-eabi/4.7.3/armv6-m\libgcc.a(_udivdi3.o)
 .data          0x00000000        0x0 c:/program files (x86)/cypress/psoc creator/3.0/psoc creator/import/gnu_cs/arm/4.7.3/bin/../lib/gcc/arm-none-eabi/4.7.3/armv6-m\libgcc.a(_udivdi3.o)
 .bss           0x00000000        0x0 c:/program files (x86)/cypress/psoc creator/3.0/psoc creator/import/gnu_cs/arm/4.7.3/bin/../lib/gcc/arm-none-eabi/4.7.3/armv6-m\libgcc.a(_udivdi3.o)
 .ARM.extab     0x00000000        0x0 c:/program files (x86)/cypress/psoc creator/3.0/psoc creator/import/gnu_cs/arm/4.7.3/bin/../lib/gcc/arm-none-eabi/4.7.3/armv6-m\libgcc.a(_udivdi3.o)
 .ARM.exidx     0x00000000        0x8 c:/program files (x86)/cypress/psoc creator/3.0/psoc creator/import/gnu_cs/arm/4.7.3/bin/../lib/gcc/arm-none-eabi/4.7.3/armv6-m\libgcc.a(_udivdi3.o)
 .text          0x00000000        0x0 c:/program files (x86)/cypress/psoc creator/3.0/psoc creator/import/gnu_cs/arm/4.7.3/bin/../lib/gcc/arm-none-eabi/4.7.3/../../../../arm-none-eabi/lib/armv6-m\libc_s.a(lib_a-__atexit2.o)
 .data          0x00000000        0x0 c:/program files (x86)/cypress/psoc creator/3.0/psoc creator/import/gnu_cs/arm/4.7.3/bin/../lib/gcc/arm-none-eabi/4.7.3/../../../../arm-none-eabi/lib/armv6-m\libc_s.a(lib_a-__atexit2.o)
 .bss           0x00000000        0x0 c:/program files (x86)/cypress/psoc creator/3.0/psoc creator/import/gnu_cs/arm/4.7.3/bin/../lib/gcc/arm-none-eabi/4.7.3/../../../../arm-none-eabi/lib/armv6-m\libc_s.a(lib_a-__atexit2.o)
 .text.__register_exitproc
                0x00000000       0x18 c:/program files (x86)/cypress/psoc creator/3.0/psoc creator/import/gnu_cs/arm/4.7.3/bin/../lib/gcc/arm-none-eabi/4.7.3/../../../../arm-none-eabi/lib/armv6-m\libc_s.a(lib_a-__atexit2.o)
 .text          0x00000000        0x0 c:/program files (x86)/cypress/psoc creator/3.0/psoc creator/import/gnu_cs/arm/4.7.3/bin/../lib/gcc/arm-none-eabi/4.7.3/../../../../arm-none-eabi/lib/armv6-m\libc_s.a(lib_a-exit.o)
 .data          0x00000000        0x0 c:/program files (x86)/cypress/psoc creator/3.0/psoc creator/import/gnu_cs/arm/4.7.3/bin/../lib/gcc/arm-none-eabi/4.7.3/../../../../arm-none-eabi/lib/armv6-m\libc_s.a(lib_a-exit.o)
 .bss           0x00000000        0x0 c:/program files (x86)/cypress/psoc creator/3.0/psoc creator/import/gnu_cs/arm/4.7.3/bin/../lib/gcc/arm-none-eabi/4.7.3/../../../../arm-none-eabi/lib/armv6-m\libc_s.a(lib_a-exit.o)
 .text.exit     0x00000000       0x30 c:/program files (x86)/cypress/psoc creator/3.0/psoc creator/import/gnu_cs/arm/4.7.3/bin/../lib/gcc/arm-none-eabi/4.7.3/../../../../arm-none-eabi/lib/armv6-m\libc_s.a(lib_a-exit.o)
 .text          0x00000000        0x0 c:/program files (x86)/cypress/psoc creator/3.0/psoc creator/import/gnu_cs/arm/4.7.3/bin/../lib/gcc/arm-none-eabi/4.7.3/../../../../arm-none-eabi/lib/armv6-m\libc_s.a(lib_a-fini.o)
 .data          0x00000000        0x0 c:/program files (x86)/cypress/psoc creator/3.0/psoc creator/import/gnu_cs/arm/4.7.3/bin/../lib/gcc/arm-none-eabi/4.7.3/../../../../arm-none-eabi/lib/armv6-m\libc_s.a(lib_a-fini.o)
 .bss           0x00000000        0x0 c:/program files (x86)/cypress/psoc creator/3.0/psoc creator/import/gnu_cs/arm/4.7.3/bin/../lib/gcc/arm-none-eabi/4.7.3/../../../../arm-none-eabi/lib/armv6-m\libc_s.a(lib_a-fini.o)
 .text.__libc_fini_array
                0x00000000       0x2c c:/program files (x86)/cypress/psoc creator/3.0/psoc creator/import/gnu_cs/arm/4.7.3/bin/../lib/gcc/arm-none-eabi/4.7.3/../../../../arm-none-eabi/lib/armv6-m\libc_s.a(lib_a-fini.o)
 .text          0x00000000        0x0 c:/program files (x86)/cypress/psoc creator/3.0/psoc creator/import/gnu_cs/arm/4.7.3/bin/../lib/gcc/arm-none-eabi/4.7.3/../../../../arm-none-eabi/lib/armv6-m\libc_s.a(lib_a-impure.o)
 .data          0x00000000        0x0 c:/program files (x86)/cypress/psoc creator/3.0/psoc creator/import/gnu_cs/arm/4.7.3/bin/../lib/gcc/arm-none-eabi/4.7.3/../../../../arm-none-eabi/lib/armv6-m\libc_s.a(lib_a-impure.o)
 .bss           0x00000000        0x0 c:/program files (x86)/cypress/psoc creator/3.0/psoc creator/import/gnu_cs/arm/4.7.3/bin/../lib/gcc/arm-none-eabi/4.7.3/../../../../arm-none-eabi/lib/armv6-m\libc_s.a(lib_a-impure.o)
 .data.impure_data
                0x00000000       0x64 c:/program files (x86)/cypress/psoc creator/3.0/psoc creator/import/gnu_cs/arm/4.7.3/bin/../lib/gcc/arm-none-eabi/4.7.3/../../../../arm-none-eabi/lib/armv6-m\libc_s.a(lib_a-impure.o)
 .data._impure_ptr
                0x00000000        0x4 c:/program files (x86)/cypress/psoc creator/3.0/psoc creator/import/gnu_cs/arm/4.7.3/bin/../lib/gcc/arm-none-eabi/4.7.3/../../../../arm-none-eabi/lib/armv6-m\libc_s.a(lib_a-impure.o)
 .rodata.str1.1
                0x00000000        0x2 c:/program files (x86)/cypress/psoc creator/3.0/psoc creator/import/gnu_cs/arm/4.7.3/bin/../lib/gcc/arm-none-eabi/4.7.3/../../../../arm-none-eabi/lib/armv6-m\libc_s.a(lib_a-impure.o)
 .rodata._global_impure_ptr
                0x00000000        0x4 c:/program files (x86)/cypress/psoc creator/3.0/psoc creator/import/gnu_cs/arm/4.7.3/bin/../lib/gcc/arm-none-eabi/4.7.3/../../../../arm-none-eabi/lib/armv6-m\libc_s.a(lib_a-impure.o)
 .text          0x00000000        0x0 c:/program files (x86)/cypress/psoc creator/3.0/psoc creator/import/gnu_cs/arm/4.7.3/bin/../lib/gcc/arm-none-eabi/4.7.3/../../../../arm-none-eabi/lib/armv6-m\libc_s.a(lib_a-init.o)
 .data          0x00000000        0x0 c:/program files (x86)/cypress/psoc creator/3.0/psoc creator/import/gnu_cs/arm/4.7.3/bin/../lib/gcc/arm-none-eabi/4.7.3/../../../../arm-none-eabi/lib/armv6-m\libc_s.a(lib_a-init.o)
 .bss           0x00000000        0x0 c:/program files (x86)/cypress/psoc creator/3.0/psoc creator/import/gnu_cs/arm/4.7.3/bin/../lib/gcc/arm-none-eabi/4.7.3/../../../../arm-none-eabi/lib/armv6-m\libc_s.a(lib_a-init.o)
 .text          0x00000000        0x0 c:/program files (x86)/cypress/psoc creator/3.0/psoc creator/import/gnu_cs/arm/4.7.3/bin/../lib/gcc/arm-none-eabi/4.7.3/../../../../arm-none-eabi/lib/armv6-m\libc_s.a(lib_a-memcpy.o)
 .data          0x00000000        0x0 c:/program files (x86)/cypress/psoc creator/3.0/psoc creator/import/gnu_cs/arm/4.7.3/bin/../lib/gcc/arm-none-eabi/4.7.3/../../../../arm-none-eabi/lib/armv6-m\libc_s.a(lib_a-memcpy.o)
 .bss           0x00000000        0x0 c:/program files (x86)/cypress/psoc creator/3.0/psoc creator/import/gnu_cs/arm/4.7.3/bin/../lib/gcc/arm-none-eabi/4.7.3/../../../../arm-none-eabi/lib/armv6-m\libc_s.a(lib_a-memcpy.o)
 .text          0x00000000        0x0 c:/program files (x86)/cypress/psoc creator/3.0/psoc creator/import/gnu_cs/arm/4.7.3/bin/../lib/gcc/arm-none-eabi/4.7.3/../../../../arm-none-eabi/lib/armv6-m\libc_s.a(lib_a-memset.o)
 .data          0x00000000        0x0 c:/program files (x86)/cypress/psoc creator/3.0/psoc creator/import/gnu_cs/arm/4.7.3/bin/../lib/gcc/arm-none-eabi/4.7.3/../../../../arm-none-eabi/lib/armv6-m\libc_s.a(lib_a-memset.o)
 .bss           0x00000000        0x0 c:/program files (x86)/cypress/psoc creator/3.0/psoc creator/import/gnu_cs/arm/4.7.3/bin/../lib/gcc/arm-none-eabi/4.7.3/../../../../arm-none-eabi/lib/armv6-m\libc_s.a(lib_a-memset.o)
 .text          0x00000000        0x0 c:/program files (x86)/cypress/psoc creator/3.0/psoc creator/import/gnu_cs/arm/4.7.3/bin/../lib/gcc/arm-none-eabi/4.7.3/armv6-m/crtend.o
 .data          0x00000000        0x0 c:/program files (x86)/cypress/psoc creator/3.0/psoc creator/import/gnu_cs/arm/4.7.3/bin/../lib/gcc/arm-none-eabi/4.7.3/armv6-m/crtend.o
 .bss           0x00000000        0x0 c:/program files (x86)/cypress/psoc creator/3.0/psoc creator/import/gnu_cs/arm/4.7.3/bin/../lib/gcc/arm-none-eabi/4.7.3/armv6-m/crtend.o
 .text          0x00000000        0x0 c:/program files (x86)/cypress/psoc creator/3.0/psoc creator/import/gnu_cs/arm/4.7.3/bin/../lib/gcc/arm-none-eabi/4.7.3/armv6-m/crtn.o
 .data          0x00000000        0x0 c:/program files (x86)/cypress/psoc creator/3.0/psoc creator/import/gnu_cs/arm/4.7.3/bin/../lib/gcc/arm-none-eabi/4.7.3/armv6-m/crtn.o
 .bss           0x00000000        0x0 c:/program files (x86)/cypress/psoc creator/3.0/psoc creator/import/gnu_cs/arm/4.7.3/bin/../lib/gcc/arm-none-eabi/4.7.3/armv6-m/crtn.o

Memory Configuration

Name             Origin             Length             Attributes
rom              0x00000000         0x00008000         xr
ram              0x20000000         0x00001000         xrw
*default*        0x00000000         0xffffffff

Linker script and memory map

LOAD c:/program files (x86)/cypress/psoc creator/3.0/psoc creator/import/gnu_cs/arm/4.7.3/bin/../lib/gcc/arm-none-eabi/4.7.3/armv6-m/crti.o
LOAD c:/program files (x86)/cypress/psoc creator/3.0/psoc creator/import/gnu_cs/arm/4.7.3/bin/../lib/gcc/arm-none-eabi/4.7.3/armv6-m/crtbegin.o
LOAD c:/program files (x86)/cypress/psoc creator/3.0/psoc creator/import/gnu_cs/arm/4.7.3/bin/../lib/gcc/arm-none-eabi/4.7.3/../../../../arm-none-eabi/lib/armv6-m/crt0.o
START GROUP
LOAD .\CortexM0\ARM_GCC_473\Debug\main.o
LOAD .\CortexM0\ARM_GCC_473\Debug\LED_Matrix.o
LOAD .\CortexM0\ARM_GCC_473\Debug\cymetadata.o
LOAD .\CortexM0\ARM_GCC_473\Debug\Cm0Start.o
LOAD .\CortexM0\ARM_GCC_473\Debug\RGB_LED_Matrix.a
LOAD C:\Program Files (x86)\Cypress\PSoC Creator\3.0\PSoC Creator\psoc\content\cycomponentlibrary\CyComponentLibrary.cylib\CortexM0\ARM_GCC_473\Debug\CyComponentLibrary.a
END GROUP
START GROUP
LOAD c:/program files (x86)/cypress/psoc creator/3.0/psoc creator/import/gnu_cs/arm/4.7.3/bin/../lib/gcc/arm-none-eabi/4.7.3/armv6-m\libgcc.a
LOAD c:/program files (x86)/cypress/psoc creator/3.0/psoc creator/import/gnu_cs/arm/4.7.3/bin/../lib/gcc/arm-none-eabi/4.7.3/../../../../arm-none-eabi/lib/armv6-m\libc_s.a
END GROUP
LOAD c:/program files (x86)/cypress/psoc creator/3.0/psoc creator/import/gnu_cs/arm/4.7.3/bin/../lib/gcc/arm-none-eabi/4.7.3/armv6-m/crtend.o
LOAD c:/program files (x86)/cypress/psoc creator/3.0/psoc creator/import/gnu_cs/arm/4.7.3/bin/../lib/gcc/arm-none-eabi/4.7.3/armv6-m/crtn.o
START GROUP
LOAD c:/program files (x86)/cypress/psoc creator/3.0/psoc creator/import/gnu_cs/arm/4.7.3/bin/../lib/gcc/arm-none-eabi/4.7.3/armv6-m\libgcc.a
LOAD c:/program files (x86)/cypress/psoc creator/3.0/psoc creator/import/gnu_cs/arm/4.7.3/bin/../lib/gcc/arm-none-eabi/4.7.3/../../../../arm-none-eabi/lib/armv6-m\libc.a
LOAD c:/program files (x86)/cypress/psoc creator/3.0/psoc creator/import/gnu_cs/arm/4.7.3/bin/../lib/gcc/arm-none-eabi/4.7.3/../../../../arm-none-eabi/lib/armv6-m\libnosys.a
END GROUP
                0x00000000                CY_APPL_ORIGIN = 0x0
                0x00000080                CY_FLASH_ROW_SIZE = 0x80
                0x00000001                CY_APPL_NUM = 0x1
                0x00000040                CY_METADATA_SIZE = 0x40
                0x200004d0                PROVIDE (__cy_heap_start, _end)
                0x00000001                PROVIDE (__cy_region_num, ((__cy_regions_end - __cy_regions) / 0x10))
                0x20001000                PROVIDE (__cy_stack, (ORIGIN (ram) + 0x1000))
                0x20000c00                PROVIDE (__cy_heap_end, (__cy_stack - 0x400))

.cybootloader   0x00000000        0x0
 *(.cybootloader)
                0x00000000                appl1_start = CY_APPL_ORIGIN?CY_APPL_ORIGIN:ALIGN (CY_FLASH_ROW_SIZE)
                0x00003f80                appl2_start = (appl1_start + ALIGN ((((0x8000 - appl1_start) - (0x2 * CY_FLASH_ROW_SIZE)) / 0x2), CY_FLASH_ROW_SIZE))
                0x00000000                appl_start = (CY_APPL_NUM == 0x1)?appl1_start:appl2_start

.text           0x00000000     0x15e8
 CREATE_OBJECT_SYMBOLS
                0x00000000                PROVIDE (__cy_interrupt_vector, RomVectors)
 *(.romvectors)
 .romvectors    0x00000000       0x10 .\CortexM0\ARM_GCC_473\Debug\Cm0Start.o
                0x00000000                RomVectors
                0x00000001                ASSERT ((. != __cy_interrupt_vector), No interrupt vector)
                0x00000001                ASSERT (CY_APPL_ORIGIN?(SIZEOF (.cybootloader) <= CY_APPL_ORIGIN):0x1, Wrong image location)
                0x00000010                PROVIDE (__cy_reset, Reset)
 *(.text.Reset)
 .text.Reset    0x00000010        0x8 .\CortexM0\ARM_GCC_473\Debug\Cm0Start.o
                0x00000010                Reset
                0x00000001                ASSERT ((. != __cy_reset), No reset code)
 *(.psocinit)
 .psocinit      0x00000018      0x298 .\CortexM0\ARM_GCC_473\Debug\RGB_LED_Matrix.a(cyfitter_cfg.o)
                0x00000018                cyfitter_cfg
                0x000002b0                . = MAX (., 0x100)
 *(.text .text.* .gnu.linkonce.t.*)
 .text          0x000002b0       0x60 c:/program files (x86)/cypress/psoc creator/3.0/psoc creator/import/gnu_cs/arm/4.7.3/bin/../lib/gcc/arm-none-eabi/4.7.3/armv6-m/crtbegin.o
 .text.FIFO_EMPTY
                0x00000310      0x214 .\CortexM0\ARM_GCC_473\Debug\main.o
                0x00000310                FIFO_EMPTY
 .text.eoc_isr  0x00000524       0x28 .\CortexM0\ARM_GCC_473\Debug\main.o
                0x00000524                eoc_isr
 .text.startup.main
                0x0000054c       0x68 .\CortexM0\ARM_GCC_473\Debug\main.o
                0x0000054c                main
 .text.clearPixel
                0x000005b4       0x78 .\CortexM0\ARM_GCC_473\Debug\LED_Matrix.o
                0x000005b4                clearPixel
 .text.drawPixel
                0x0000062c       0xe8 .\CortexM0\ARM_GCC_473\Debug\LED_Matrix.o
                0x0000062c                drawPixel
 .text.clearScreen
                0x00000714       0x50 .\CortexM0\ARM_GCC_473\Debug\LED_Matrix.o
                0x00000714                clearScreen
 .text.drawLine
                0x00000764      0x200 .\CortexM0\ARM_GCC_473\Debug\LED_Matrix.o
                0x00000764                drawLine
 .text.drawFastVLine
                0x00000964       0x28 .\CortexM0\ARM_GCC_473\Debug\LED_Matrix.o
                0x00000964                drawFastVLine
 .text.drawFastHLine
                0x0000098c       0x28 .\CortexM0\ARM_GCC_473\Debug\LED_Matrix.o
                0x0000098c                drawFastHLine
 .text.drawOne  0x000009b4       0x88 .\CortexM0\ARM_GCC_473\Debug\LED_Matrix.o
                0x000009b4                drawOne
 .text.drawTwo  0x00000a3c       0x88 .\CortexM0\ARM_GCC_473\Debug\LED_Matrix.o
                0x00000a3c                drawTwo
 .text.drawThree
                0x00000ac4       0x88 .\CortexM0\ARM_GCC_473\Debug\LED_Matrix.o
                0x00000ac4                drawThree
 .text.drawFour
                0x00000b4c       0x3c .\CortexM0\ARM_GCC_473\Debug\LED_Matrix.o
                0x00000b4c                drawFour
 .text.drawFive
                0x00000b88       0x78 .\CortexM0\ARM_GCC_473\Debug\LED_Matrix.o
                0x00000b88                drawFive
 .text.drawSix  0x00000c00       0x70 .\CortexM0\ARM_GCC_473\Debug\LED_Matrix.o
                0x00000c00                drawSix
 .text.drawSeven
                0x00000c70       0x3c .\CortexM0\ARM_GCC_473\Debug\LED_Matrix.o
                0x00000c70                drawSeven
 .text.drawEight
                0x00000cac       0xa0 .\CortexM0\ARM_GCC_473\Debug\LED_Matrix.o
                0x00000cac                drawEight
 .text.drawNine
                0x00000d4c       0x60 .\CortexM0\ARM_GCC_473\Debug\LED_Matrix.o
                0x00000d4c                drawNine
 .text.drawZero
                0x00000dac       0x64 .\CortexM0\ARM_GCC_473\Debug\LED_Matrix.o
                0x00000dac                drawZero
 .text.drawA    0x00000e10       0xb0 .\CortexM0\ARM_GCC_473\Debug\LED_Matrix.o
                0x00000e10                drawA
 .text.drawB    0x00000ec0       0x90 .\CortexM0\ARM_GCC_473\Debug\LED_Matrix.o
                0x00000ec0                drawB
 .text.drawC    0x00000f50       0x70 .\CortexM0\ARM_GCC_473\Debug\LED_Matrix.o
                0x00000f50                drawC
 .text.drawD    0x00000fc0       0x60 .\CortexM0\ARM_GCC_473\Debug\LED_Matrix.o
                0x00000fc0                drawD
 .text.drawE    0x00001020       0x54 .\CortexM0\ARM_GCC_473\Debug\LED_Matrix.o
                0x00001020                drawE
 .text.drawF    0x00001074       0x40 .\CortexM0\ARM_GCC_473\Debug\LED_Matrix.o
                0x00001074                drawF
 .text.drawHex  0x000010b4       0xf8 .\CortexM0\ARM_GCC_473\Debug\LED_Matrix.o
                0x000010b4                drawHex
 .text.printHexString
                0x000011ac       0x4c .\CortexM0\ARM_GCC_473\Debug\LED_Matrix.o
                0x000011ac                printHexString
 .text.IntDefaultHandler
                0x000011f8        0x4 .\CortexM0\ARM_GCC_473\Debug\Cm0Start.o
                0x000011f8                IntDefaultHandler
 .text.Start_c  0x000011fc       0xb4 .\CortexM0\ARM_GCC_473\Debug\Cm0Start.o
                0x000011fc                Start_c
 .text.startup.initialize_psoc
                0x000012b0       0x50 .\CortexM0\ARM_GCC_473\Debug\Cm0Start.o
                0x000012b0                initialize_psoc
 .text.isr_2_SetPriority
                0x00001300       0x28 .\CortexM0\ARM_GCC_473\Debug\RGB_LED_Matrix.a(isr_2.o)
                0x00001300                isr_2_SetPriority
 .text.isr_2_StartEx
                0x00001328       0x24 .\CortexM0\ARM_GCC_473\Debug\RGB_LED_Matrix.a(isr_2.o)
                0x00001328                isr_2_StartEx
 .text.LED_Matrix_1_Start
                0x0000134c        0xc .\CortexM0\ARM_GCC_473\Debug\RGB_LED_Matrix.a(LED_Matrix_1.o)
                0x0000134c                LED_Matrix_1_Start
 .text          0x00001358       0x20 .\CortexM0\ARM_GCC_473\Debug\RGB_LED_Matrix.a(CyBootAsmGnu.o)
                0x00001358                CyDelayCycles
                0x0000136a                CyEnterCriticalSection
                0x00001372                CyExitCriticalSection
 .text.CyIntSetVector
                0x00001378       0x18 .\CortexM0\ARM_GCC_473\Debug\RGB_LED_Matrix.a(CyLib.o)
                0x00001378                CyIntSetVector
 .text.CyIntSetPriority
                0x00001390       0x40 .\CortexM0\ARM_GCC_473\Debug\RGB_LED_Matrix.a(CyLib.o)
                0x00001390                CyIntSetPriority
 .text.CyHalt   0x000013d0        0x4 .\CortexM0\ARM_GCC_473\Debug\RGB_LED_Matrix.a(CyLib.o)
                0x000013d0                CyHalt
 .text.CyDelayUs
                0x000013d4       0x14 .\CortexM0\ARM_GCC_473\Debug\RGB_LED_Matrix.a(CyLib.o)
                0x000013d4                CyDelayUs
 .text.ADC_Init
                0x000013e8       0xd4 .\CortexM0\ARM_GCC_473\Debug\RGB_LED_Matrix.a(ADC.o)
                0x000013e8                ADC_Init
 .text.ADC_Enable
                0x000014bc       0x1c .\CortexM0\ARM_GCC_473\Debug\RGB_LED_Matrix.a(ADC.o)
                0x000014bc                ADC_Enable
 .text.ADC_Start
                0x000014d8       0x1c .\CortexM0\ARM_GCC_473\Debug\RGB_LED_Matrix.a(ADC.o)
                0x000014d8                ADC_Start
 .text.ADC_StartConvert
                0x000014f4       0x14 .\CortexM0\ARM_GCC_473\Debug\RGB_LED_Matrix.a(ADC.o)
                0x000014f4                ADC_StartConvert
 .text.ADC_GetResult16
                0x00001508       0x20 .\CortexM0\ARM_GCC_473\Debug\RGB_LED_Matrix.a(ADC.o)
                0x00001508                ADC_GetResult16
 .text.ADC_ISR  0x00001528        0xc .\CortexM0\ARM_GCC_473\Debug\RGB_LED_Matrix.a(ADC_INT.o)
                0x00001528                ADC_ISR
 .text.eoc_SetPriority
                0x00001534       0x20 .\CortexM0\ARM_GCC_473\Debug\RGB_LED_Matrix.a(eoc.o)
                0x00001534                eoc_SetPriority
 .text.eoc_StartEx
                0x00001554       0x24 .\CortexM0\ARM_GCC_473\Debug\RGB_LED_Matrix.a(eoc.o)
                0x00001554                eoc_StartEx
 .text.__libc_init_array
                0x00001578       0x4c c:/program files (x86)/cypress/psoc creator/3.0/psoc creator/import/gnu_cs/arm/4.7.3/bin/../lib/gcc/arm-none-eabi/4.7.3/../../../../arm-none-eabi/lib/armv6-m\libc_s.a(lib_a-init.o)
                0x00001578                __libc_init_array
 .text.memcpy   0x000015c4       0x12 c:/program files (x86)/cypress/psoc creator/3.0/psoc creator/import/gnu_cs/arm/4.7.3/bin/../lib/gcc/arm-none-eabi/4.7.3/../../../../arm-none-eabi/lib/armv6-m\libc_s.a(lib_a-memcpy.o)
                0x000015c4                memcpy
 .text.memset   0x000015d6       0x12 c:/program files (x86)/cypress/psoc creator/3.0/psoc creator/import/gnu_cs/arm/4.7.3/bin/../lib/gcc/arm-none-eabi/4.7.3/../../../../arm-none-eabi/lib/armv6-m\libc_s.a(lib_a-memset.o)
                0x000015d6                memset
 *(.plt)
 *(.gnu.warning)
 *(.glue_7t)
 .glue_7t       0x00000000        0x0 linker stubs
 *(.glue_7)
 .glue_7        0x00000000        0x0 linker stubs
 *(.vfp11_veneer)
 .vfp11_veneer  0x00000000        0x0 linker stubs
 *(.bootloader)
 *(.ARM.extab* .gnu.linkonce.armextab.*)
 *(.gcc_except_table)

.v4_bx          0x000015e8        0x0
 .v4_bx         0x00000000        0x0 linker stubs

.iplt           0x000015e8        0x0
 .iplt          0x00000000        0x0 c:/program files (x86)/cypress/psoc creator/3.0/psoc creator/import/gnu_cs/arm/4.7.3/bin/../lib/gcc/arm-none-eabi/4.7.3/armv6-m/crtbegin.o

.eh_frame_hdr
 *(.eh_frame_hdr)

.eh_frame       0x000015e8        0x4
 *(.eh_frame)
 .eh_frame      0x000015e8        0x0 c:/program files (x86)/cypress/psoc creator/3.0/psoc creator/import/gnu_cs/arm/4.7.3/bin/../lib/gcc/arm-none-eabi/4.7.3/armv6-m/crtbegin.o
 .eh_frame      0x000015e8        0x4 c:/program files (x86)/cypress/psoc creator/3.0/psoc creator/import/gnu_cs/arm/4.7.3/bin/../lib/gcc/arm-none-eabi/4.7.3/armv6-m/crtend.o
                0x000015ec                PROVIDE (__exidx_start, .)

.ARM.exidx
 *(.ARM.exidx* .gnu.linkonce.armexidx.*)
                0x000015ec                __exidx_end = .

.rodata         0x000015ec      0x2fc
 *(.rodata .rodata.* .gnu.linkonce.r.*)
 .rodata        0x000015ec       0x40 .\CortexM0\ARM_GCC_473\Debug\LED_Matrix.o
 .rodata        0x0000162c      0x288 .\CortexM0\ARM_GCC_473\Debug\RGB_LED_Matrix.a(cyfitter_cfg.o)
                0x000018b4                . = ALIGN (0x4)
 *(.init)
 .init          0x000018b4        0x4 c:/program files (x86)/cypress/psoc creator/3.0/psoc creator/import/gnu_cs/arm/4.7.3/bin/../lib/gcc/arm-none-eabi/4.7.3/armv6-m/crti.o
                0x000018b4                _init
 .init          0x000018b8        0x8 c:/program files (x86)/cypress/psoc creator/3.0/psoc creator/import/gnu_cs/arm/4.7.3/bin/../lib/gcc/arm-none-eabi/4.7.3/armv6-m/crtn.o
                0x000018c0                . = ALIGN (0x4)
                0x000018c0                __preinit_array_start = .
 *(.preinit_array)
                0x000018c0                __preinit_array_end = .
                0x000018c0                . = ALIGN (0x4)
                0x000018c0                __init_array_start = .
 *(SORT(.init_array.*))
 *(.init_array)
 .init_array    0x000018c0        0x4 c:/program files (x86)/cypress/psoc creator/3.0/psoc creator/import/gnu_cs/arm/4.7.3/bin/../lib/gcc/arm-none-eabi/4.7.3/armv6-m/crtbegin.o
 .init_array    0x000018c4        0x4 .\CortexM0\ARM_GCC_473\Debug\Cm0Start.o
                0x000018c8                __init_array_end = .
                0x000018c8                . = ALIGN (0x4)
 *(.fini)
 .fini          0x000018c8        0x4 c:/program files (x86)/cypress/psoc creator/3.0/psoc creator/import/gnu_cs/arm/4.7.3/bin/../lib/gcc/arm-none-eabi/4.7.3/armv6-m/crti.o
                0x000018c8                _fini
 .fini          0x000018cc        0x8 c:/program files (x86)/cypress/psoc creator/3.0/psoc creator/import/gnu_cs/arm/4.7.3/bin/../lib/gcc/arm-none-eabi/4.7.3/armv6-m/crtn.o
                0x000018d4                . = ALIGN (0x4)
                0x000018d4                __fini_array_start = .
 *(.fini_array)
 .fini_array    0x000018d4        0x4 c:/program files (x86)/cypress/psoc creator/3.0/psoc creator/import/gnu_cs/arm/4.7.3/bin/../lib/gcc/arm-none-eabi/4.7.3/armv6-m/crtbegin.o
 *(SORT(.fini_array.*))
                0x000018d8                __fini_array_end = .
                0x000018d8                . = ALIGN (0x4)
 *crtbegin.o(.ctors)
 *(EXCLUDE_FILE(*crtend.o) .ctors)
 *(SORT(.ctors.*))
 *crtend.o(.ctors)
                0x000018d8                . = ALIGN (0x4)
 *crtbegin.o(.dtors)
 *(EXCLUDE_FILE(*crtend.o) .dtors)
 *(SORT(.dtors.*))
 *crtend.o(.dtors)
                0x000018d8                . = ALIGN (0x4)
                0x000018d8                __cy_regions = .
                0x000018d8        0x4 LONG 0x18e8 __cy_region_init_ram
                0x000018dc        0x4 LONG 0x200000c8 __cy_region_start_data
                0x000018e0        0x4 LONG 0x18 __cy_region_init_size_ram
                0x000018e4        0x4 LONG 0x3f0 __cy_region_zero_size_ram
                0x000018e8                __cy_regions_end = .
                0x000018e8                . = ALIGN (0x8)
                0x000018e8                _etext = .

.ramvectors     0x20000000       0xc0
                0x20000000                __cy_region_start_ram = .
 *(.ramvectors)
 .ramvectors    0x20000000       0xc0 .\CortexM0\ARM_GCC_473\Debug\Cm0Start.o
                0x20000000                CyRamVectors

.noinit         0x200000c0        0x4
 *(.noinit)
 .noinit        0x200000c0        0x4 .\CortexM0\ARM_GCC_473\Debug\Cm0Start.o

.data           0x200000c8       0x18 load address 0x000018e8
                0x200000c8                __cy_region_start_data = .
 *(.jcr)
 .jcr           0x200000c8        0x0 c:/program files (x86)/cypress/psoc creator/3.0/psoc creator/import/gnu_cs/arm/4.7.3/bin/../lib/gcc/arm-none-eabi/4.7.3/armv6-m/crtbegin.o
 .jcr           0x200000c8        0x4 c:/program files (x86)/cypress/psoc creator/3.0/psoc creator/import/gnu_cs/arm/4.7.3/bin/../lib/gcc/arm-none-eabi/4.7.3/armv6-m/crtend.o
 *(.got.plt)
 *(.got)
 *(.shdata)
 *(.data .data.* .gnu.linkonce.d.*)
 .data          0x200000cc       0x10 .\CortexM0\ARM_GCC_473\Debug\RGB_LED_Matrix.a(CyLib.o)
                0x200000cc                cydelay32kMs
                0x200000d0                cydelayFreqKhz
                0x200000d4                cydelayFreqMhz
                0x200000d8                cydelayFreqHz
                0x200000e0                . = ALIGN (0x8)
 *fill*         0x200000dc        0x4 00
 *(.ram)
                0x200000e0                _edata = .

.igot.plt       0x200000e0        0x0 load address 0x00001900
 .igot.plt      0x00000000        0x0 c:/program files (x86)/cypress/psoc creator/3.0/psoc creator/import/gnu_cs/arm/4.7.3/bin/../lib/gcc/arm-none-eabi/4.7.3/armv6-m/crtbegin.o

.bss            0x200000e0      0x3f0 load address 0x00001900
                0x200000e0                PROVIDE (__bss_start__, .)
 *(.shbss)
 *(.bss .bss.* .gnu.linkonce.b.*)
 .bss           0x200000e0       0x1c c:/program files (x86)/cypress/psoc creator/3.0/psoc creator/import/gnu_cs/arm/4.7.3/bin/../lib/gcc/arm-none-eabi/4.7.3/armv6-m/crtbegin.o
 .bss           0x200000fc        0x4 .\CortexM0\ARM_GCC_473\Debug\main.o
                0x200000fc                pwm_count
                0x200000fd                j
                0x200000fe                result
 .bss           0x20000100        0x1 .\CortexM0\ARM_GCC_473\Debug\RGB_LED_Matrix.a(ADC.o)
                0x20000100                ADC_initVar
 *(COMMON)
 *fill*         0x20000101        0x3 00
 COMMON         0x20000104      0x3c1 .\CortexM0\ARM_GCC_473\Debug\main.o
                0x20000104                matrix
                0x200004c4                bit_shift
 *fill*         0x200004c5        0x3 00
 COMMON         0x200004c8        0x6 .\CortexM0\ARM_GCC_473\Debug\RGB_LED_Matrix.a(ADC.o)
                0x200004c8                ADC_countsPer10Volt
                0x200004cc                ADC_offset
                0x200004d0                . = ALIGN (0x8)
 *fill*         0x200004ce        0x2 00
 *(.ram.b)
                0x200004d0                _end = .
                0x200004d0                __end = .
                0x200004d0                PROVIDE (end, .)
                0x200004d0                PROVIDE (__bss_end__, .)
                0x000018e8                __cy_region_init_ram = LOADADDR (.data)
                0x00000018                __cy_region_init_size_ram = (_edata - ADDR (.data))
                0x000003f0                __cy_region_zero_size_ram = (_end - _edata)

.heap           0x200004d0      0x100 load address 0x00001900
                0x200004d0                . = _end
                0x200005d0                . = (. + 0x100)
 *fill*         0x200004d0      0x100 00
                0x200005d0                __cy_heap_limit = .

.stack          0x20000c00      0x400
                0x20000c00                __cy_stack_limit = .
                0x20001000                . = (. + 0x400)
 *fill*         0x20000c00      0x400 00
                0x00000001                ASSERT ((__cy_stack_limit >= __cy_heap_limit), region RAM overflowed with stack)

.cyloadermeta
 *(.cyloadermeta)

.cyloadablemeta
 *(.cyloadablemeta)

.cyflashprotect
                0x90400000       0x20
 *(.cyflashprotect)
 .cyflashprotect
                0x90400000       0x20 .\CortexM0\ARM_GCC_473\Debug\cymetadata.o
                0x90400000                cy_meta_flashprotect

.cymeta         0x90500000        0xc
 *(.cymeta)
 .cymeta        0x90500000        0xc .\CortexM0\ARM_GCC_473\Debug\cymetadata.o
                0x90500000                cy_metadata

.cychipprotect  0x90600000        0x4
 *(.cychipprotect)
 .cychipprotect
                0x90600000        0x4 .\CortexM0\ARM_GCC_473\Debug\cymetadata.o
                0x90600000                cy_meta_chipprotect

.rel.dyn        0x00001900        0x0 load address 0x90600004
 .rel.iplt      0x00000000        0x0 c:/program files (x86)/cypress/psoc creator/3.0/psoc creator/import/gnu_cs/arm/4.7.3/bin/../lib/gcc/arm-none-eabi/4.7.3/armv6-m/crtbegin.o

.stab
 *(.stab)

.stabstr
 *(.stabstr)

.debug
 *(.debug)

.line
 *(.line)

.debug_srcinfo
 *(.debug_srcinfo)

.debug_sfnames
 *(.debug_sfnames)

.debug_aranges  0x00000000      0x560
 *(.debug_aranges)
 .debug_aranges
                0x00000000       0x30 .\CortexM0\ARM_GCC_473\Debug\main.o
 .debug_aranges
                0x00000030      0x110 .\CortexM0\ARM_GCC_473\Debug\LED_Matrix.o
 .debug_aranges
                0x00000140       0x18 .\CortexM0\ARM_GCC_473\Debug\cymetadata.o
 .debug_aranges
                0x00000158       0x40 .\CortexM0\ARM_GCC_473\Debug\Cm0Start.o
 .debug_aranges
                0x00000198       0x28 .\CortexM0\ARM_GCC_473\Debug\RGB_LED_Matrix.a(cyfitter_cfg.o)
 .debug_aranges
                0x000001c0       0x80 .\CortexM0\ARM_GCC_473\Debug\RGB_LED_Matrix.a(isr_2.o)
 .debug_aranges
                0x00000240       0x20 .\CortexM0\ARM_GCC_473\Debug\RGB_LED_Matrix.a(LED_Matrix_1.o)
 .debug_aranges
                0x00000260       0x20 .\CortexM0\ARM_GCC_473\Debug\RGB_LED_Matrix.a(CyBootAsmGnu.o)
 .debug_aranges
                0x00000280      0x198 .\CortexM0\ARM_GCC_473\Debug\RGB_LED_Matrix.a(CyLib.o)
 .debug_aranges
                0x00000418       0xa8 .\CortexM0\ARM_GCC_473\Debug\RGB_LED_Matrix.a(ADC.o)
 .debug_aranges
                0x000004c0       0x20 .\CortexM0\ARM_GCC_473\Debug\RGB_LED_Matrix.a(ADC_INT.o)
 .debug_aranges
                0x000004e0       0x80 .\CortexM0\ARM_GCC_473\Debug\RGB_LED_Matrix.a(eoc.o)

.debug_pubnames
 *(.debug_pubnames)

.debug_info     0x00000000     0x4ce6
 *(.debug_info .gnu.linkonce.wi.*)
 .debug_info    0x00000000      0x39b .\CortexM0\ARM_GCC_473\Debug\main.o
 .debug_info    0x0000039b     0x2089 .\CortexM0\ARM_GCC_473\Debug\LED_Matrix.o
 .debug_info    0x00002424      0x100 .\CortexM0\ARM_GCC_473\Debug\cymetadata.o
 .debug_info    0x00002524      0x310 .\CortexM0\ARM_GCC_473\Debug\Cm0Start.o
 .debug_info    0x00002834      0x670 .\CortexM0\ARM_GCC_473\Debug\RGB_LED_Matrix.a(cyfitter_cfg.o)
 .debug_info    0x00002ea4      0x38e .\CortexM0\ARM_GCC_473\Debug\RGB_LED_Matrix.a(isr_2.o)
 .debug_info    0x00003232       0xdb .\CortexM0\ARM_GCC_473\Debug\RGB_LED_Matrix.a(LED_Matrix_1.o)
 .debug_info    0x0000330d       0x8b .\CortexM0\ARM_GCC_473\Debug\RGB_LED_Matrix.a(CyBootAsmGnu.o)
 .debug_info    0x00003398      0xf03 .\CortexM0\ARM_GCC_473\Debug\RGB_LED_Matrix.a(CyLib.o)
 .debug_info    0x0000429b      0x5f3 .\CortexM0\ARM_GCC_473\Debug\RGB_LED_Matrix.a(ADC.o)
 .debug_info    0x0000488e       0xca .\CortexM0\ARM_GCC_473\Debug\RGB_LED_Matrix.a(ADC_INT.o)
 .debug_info    0x00004958      0x38e .\CortexM0\ARM_GCC_473\Debug\RGB_LED_Matrix.a(eoc.o)

.debug_abbrev   0x00000000     0x12c0
 *(.debug_abbrev)
 .debug_abbrev  0x00000000      0x1c5 .\CortexM0\ARM_GCC_473\Debug\main.o
 .debug_abbrev  0x000001c5      0x19f .\CortexM0\ARM_GCC_473\Debug\LED_Matrix.o
 .debug_abbrev  0x00000364       0x5d .\CortexM0\ARM_GCC_473\Debug\cymetadata.o
 .debug_abbrev  0x000003c1      0x199 .\CortexM0\ARM_GCC_473\Debug\Cm0Start.o
 .debug_abbrev  0x0000055a      0x281 .\CortexM0\ARM_GCC_473\Debug\RGB_LED_Matrix.a(cyfitter_cfg.o)
 .debug_abbrev  0x000007db      0x249 .\CortexM0\ARM_GCC_473\Debug\RGB_LED_Matrix.a(isr_2.o)
 .debug_abbrev  0x00000a24       0x8d .\CortexM0\ARM_GCC_473\Debug\RGB_LED_Matrix.a(LED_Matrix_1.o)
 .debug_abbrev  0x00000ab1       0x14 .\CortexM0\ARM_GCC_473\Debug\RGB_LED_Matrix.a(CyBootAsmGnu.o)
 .debug_abbrev  0x00000ac5      0x361 .\CortexM0\ARM_GCC_473\Debug\RGB_LED_Matrix.a(CyLib.o)
 .debug_abbrev  0x00000e26      0x1ea .\CortexM0\ARM_GCC_473\Debug\RGB_LED_Matrix.a(ADC.o)
 .debug_abbrev  0x00001010       0x67 .\CortexM0\ARM_GCC_473\Debug\RGB_LED_Matrix.a(ADC_INT.o)
 .debug_abbrev  0x00001077      0x249 .\CortexM0\ARM_GCC_473\Debug\RGB_LED_Matrix.a(eoc.o)

.debug_line     0x00000000     0x192c
 *(.debug_line)
 .debug_line    0x00000000      0x17b .\CortexM0\ARM_GCC_473\Debug\main.o
 .debug_line    0x0000017b      0x6d3 .\CortexM0\ARM_GCC_473\Debug\LED_Matrix.o
 .debug_line    0x0000084e       0x53 .\CortexM0\ARM_GCC_473\Debug\cymetadata.o
 .debug_line    0x000008a1      0x1b9 .\CortexM0\ARM_GCC_473\Debug\Cm0Start.o
 .debug_line    0x00000a5a      0x220 .\CortexM0\ARM_GCC_473\Debug\RGB_LED_Matrix.a(cyfitter_cfg.o)
 .debug_line    0x00000c7a      0x1a7 .\CortexM0\ARM_GCC_473\Debug\RGB_LED_Matrix.a(isr_2.o)
 .debug_line    0x00000e21       0x73 .\CortexM0\ARM_GCC_473\Debug\RGB_LED_Matrix.a(LED_Matrix_1.o)
 .debug_line    0x00000e94       0x68 .\CortexM0\ARM_GCC_473\Debug\RGB_LED_Matrix.a(CyBootAsmGnu.o)
 .debug_line    0x00000efc      0x5d1 .\CortexM0\ARM_GCC_473\Debug\RGB_LED_Matrix.a(CyLib.o)
 .debug_line    0x000014cd      0x250 .\CortexM0\ARM_GCC_473\Debug\RGB_LED_Matrix.a(ADC.o)
 .debug_line    0x0000171d       0x6a .\CortexM0\ARM_GCC_473\Debug\RGB_LED_Matrix.a(ADC_INT.o)
 .debug_line    0x00001787      0x1a5 .\CortexM0\ARM_GCC_473\Debug\RGB_LED_Matrix.a(eoc.o)

.debug_frame    0x00000000     0x11f0
 *(.debug_frame)
 .debug_frame   0x00000000       0x84 .\CortexM0\ARM_GCC_473\Debug\main.o
 .debug_frame   0x00000084      0x534 .\CortexM0\ARM_GCC_473\Debug\LED_Matrix.o
 .debug_frame   0x000005b8       0xa8 .\CortexM0\ARM_GCC_473\Debug\Cm0Start.o
 .debug_frame   0x00000660       0x58 .\CortexM0\ARM_GCC_473\Debug\RGB_LED_Matrix.a(cyfitter_cfg.o)
 .debug_frame   0x000006b8      0x108 .\CortexM0\ARM_GCC_473\Debug\RGB_LED_Matrix.a(isr_2.o)
 .debug_frame   0x000007c0       0x2c .\CortexM0\ARM_GCC_473\Debug\RGB_LED_Matrix.a(LED_Matrix_1.o)
 .debug_frame   0x000007ec      0x444 .\CortexM0\ARM_GCC_473\Debug\RGB_LED_Matrix.a(CyLib.o)
 .debug_frame   0x00000c30      0x1b8 .\CortexM0\ARM_GCC_473\Debug\RGB_LED_Matrix.a(ADC.o)
 .debug_frame   0x00000de8       0x20 .\CortexM0\ARM_GCC_473\Debug\RGB_LED_Matrix.a(ADC_INT.o)
 .debug_frame   0x00000e08      0x104 .\CortexM0\ARM_GCC_473\Debug\RGB_LED_Matrix.a(eoc.o)
 .debug_frame   0x00000f0c       0x20 c:/program files (x86)/cypress/psoc creator/3.0/psoc creator/import/gnu_cs/arm/4.7.3/bin/../lib/gcc/arm-none-eabi/4.7.3/armv6-m\libgcc.a(_udivsi3.o)
 .debug_frame   0x00000f2c       0x20 c:/program files (x86)/cypress/psoc creator/3.0/psoc creator/import/gnu_cs/arm/4.7.3/bin/../lib/gcc/arm-none-eabi/4.7.3/armv6-m\libgcc.a(_divsi3.o)
 .debug_frame   0x00000f4c       0x30 c:/program files (x86)/cypress/psoc creator/3.0/psoc creator/import/gnu_cs/arm/4.7.3/bin/../lib/gcc/arm-none-eabi/4.7.3/armv6-m\libgcc.a(_muldi3.o)
 .debug_frame   0x00000f7c       0x60 c:/program files (x86)/cypress/psoc creator/3.0/psoc creator/import/gnu_cs/arm/4.7.3/bin/../lib/gcc/arm-none-eabi/4.7.3/armv6-m\libgcc.a(bpabi.o)
 .debug_frame   0x00000fdc       0x3c c:/program files (x86)/cypress/psoc creator/3.0/psoc creator/import/gnu_cs/arm/4.7.3/bin/../lib/gcc/arm-none-eabi/4.7.3/armv6-m\libgcc.a(divsf3.o)
 .debug_frame   0x00001018       0x3c c:/program files (x86)/cypress/psoc creator/3.0/psoc creator/import/gnu_cs/arm/4.7.3/bin/../lib/gcc/arm-none-eabi/4.7.3/armv6-m\libgcc.a(mulsf3.o)
 .debug_frame   0x00001054       0x2c c:/program files (x86)/cypress/psoc creator/3.0/psoc creator/import/gnu_cs/arm/4.7.3/bin/../lib/gcc/arm-none-eabi/4.7.3/armv6-m\libgcc.a(floatsisf.o)
 .debug_frame   0x00001080       0x3c c:/program files (x86)/cypress/psoc creator/3.0/psoc creator/import/gnu_cs/arm/4.7.3/bin/../lib/gcc/arm-none-eabi/4.7.3/armv6-m\libgcc.a(_divdi3.o)
 .debug_frame   0x000010bc       0x3c c:/program files (x86)/cypress/psoc creator/3.0/psoc creator/import/gnu_cs/arm/4.7.3/bin/../lib/gcc/arm-none-eabi/4.7.3/armv6-m\libgcc.a(_udivdi3.o)
 .debug_frame   0x000010f8       0x28 c:/program files (x86)/cypress/psoc creator/3.0/psoc creator/import/gnu_cs/arm/4.7.3/bin/../lib/gcc/arm-none-eabi/4.7.3/../../../../arm-none-eabi/lib/armv6-m\libc_s.a(lib_a-__atexit2.o)
 .debug_frame   0x00001120       0x28 c:/program files (x86)/cypress/psoc creator/3.0/psoc creator/import/gnu_cs/arm/4.7.3/bin/../lib/gcc/arm-none-eabi/4.7.3/../../../../arm-none-eabi/lib/armv6-m\libc_s.a(lib_a-exit.o)
 .debug_frame   0x00001148       0x2c c:/program files (x86)/cypress/psoc creator/3.0/psoc creator/import/gnu_cs/arm/4.7.3/bin/../lib/gcc/arm-none-eabi/4.7.3/../../../../arm-none-eabi/lib/armv6-m\libc_s.a(lib_a-fini.o)
 .debug_frame   0x00001174       0x2c c:/program files (x86)/cypress/psoc creator/3.0/psoc creator/import/gnu_cs/arm/4.7.3/bin/../lib/gcc/arm-none-eabi/4.7.3/../../../../arm-none-eabi/lib/armv6-m\libc_s.a(lib_a-init.o)
 .debug_frame   0x000011a0       0x28 c:/program files (x86)/cypress/psoc creator/3.0/psoc creator/import/gnu_cs/arm/4.7.3/bin/../lib/gcc/arm-none-eabi/4.7.3/../../../../arm-none-eabi/lib/armv6-m\libc_s.a(lib_a-memcpy.o)
 .debug_frame   0x000011c8       0x28 c:/program files (x86)/cypress/psoc creator/3.0/psoc creator/import/gnu_cs/arm/4.7.3/bin/../lib/gcc/arm-none-eabi/4.7.3/../../../../arm-none-eabi/lib/armv6-m\libc_s.a(lib_a-memset.o)

.debug_str      0x00000000      0xf43
 *(.debug_str)
 .debug_str     0x00000000      0x1d2 .\CortexM0\ARM_GCC_473\Debug\main.o
                                0x216 (size before relaxing)
 .debug_str     0x000001d2      0x171 .\CortexM0\ARM_GCC_473\Debug\LED_Matrix.o
                                0x2ce (size before relaxing)
 .debug_str     0x00000343       0x5b .\CortexM0\ARM_GCC_473\Debug\cymetadata.o
                                0x184 (size before relaxing)
 .debug_str     0x0000039e      0x10f .\CortexM0\ARM_GCC_473\Debug\Cm0Start.o
                                0x271 (size before relaxing)
 .debug_str     0x000004ad      0x1e8 .\CortexM0\ARM_GCC_473\Debug\RGB_LED_Matrix.a(cyfitter_cfg.o)
                                0x374 (size before relaxing)
 .debug_str     0x00000695      0x12e .\CortexM0\ARM_GCC_473\Debug\RGB_LED_Matrix.a(isr_2.o)
                                0x294 (size before relaxing)
 .debug_str     0x000007c3       0x28 .\CortexM0\ARM_GCC_473\Debug\RGB_LED_Matrix.a(LED_Matrix_1.o)
                                0x189 (size before relaxing)
 .debug_str     0x000007eb      0x4c0 .\CortexM0\ARM_GCC_473\Debug\RGB_LED_Matrix.a(CyLib.o)
                                0x680 (size before relaxing)
 .debug_str     0x00000cab      0x1a1 .\CortexM0\ARM_GCC_473\Debug\RGB_LED_Matrix.a(ADC.o)
                                0x37b (size before relaxing)
 .debug_str     0x00000e4c       0x37 .\CortexM0\ARM_GCC_473\Debug\RGB_LED_Matrix.a(ADC_INT.o)
                                0x167 (size before relaxing)
 .debug_str     0x00000e83       0xc0 .\CortexM0\ARM_GCC_473\Debug\RGB_LED_Matrix.a(eoc.o)
                                0x278 (size before relaxing)

.debug_loc      0x00000000     0x37cc
 *(.debug_loc)
 .debug_loc     0x00000000       0x85 .\CortexM0\ARM_GCC_473\Debug\main.o
 .debug_loc     0x00000085     0x1d9e .\CortexM0\ARM_GCC_473\Debug\LED_Matrix.o
 .debug_loc     0x00001e23      0x1b0 .\CortexM0\ARM_GCC_473\Debug\Cm0Start.o
 .debug_loc     0x00001fd3      0x2dd .\CortexM0\ARM_GCC_473\Debug\RGB_LED_Matrix.a(cyfitter_cfg.o)
 .debug_loc     0x000022b0      0x10b .\CortexM0\ARM_GCC_473\Debug\RGB_LED_Matrix.a(isr_2.o)
 .debug_loc     0x000023bb       0x20 .\CortexM0\ARM_GCC_473\Debug\RGB_LED_Matrix.a(LED_Matrix_1.o)
 .debug_loc     0x000023db      0xdd3 .\CortexM0\ARM_GCC_473\Debug\RGB_LED_Matrix.a(CyLib.o)
 .debug_loc     0x000031ae      0x514 .\CortexM0\ARM_GCC_473\Debug\RGB_LED_Matrix.a(ADC.o)
 .debug_loc     0x000036c2      0x10a .\CortexM0\ARM_GCC_473\Debug\RGB_LED_Matrix.a(eoc.o)

.debug_macinfo
 *(.debug_macinfo)

.debug_ranges   0x00000000      0x7d8
 *(.debug_ranges)
 .debug_ranges  0x00000000       0x20 .\CortexM0\ARM_GCC_473\Debug\main.o
 .debug_ranges  0x00000020      0x100 .\CortexM0\ARM_GCC_473\Debug\LED_Matrix.o
 .debug_ranges  0x00000120       0x30 .\CortexM0\ARM_GCC_473\Debug\Cm0Start.o
 .debug_ranges  0x00000150      0x180 .\CortexM0\ARM_GCC_473\Debug\RGB_LED_Matrix.a(cyfitter_cfg.o)
 .debug_ranges  0x000002d0      0x130 .\CortexM0\ARM_GCC_473\Debug\RGB_LED_Matrix.a(isr_2.o)
 .debug_ranges  0x00000400       0x10 .\CortexM0\ARM_GCC_473\Debug\RGB_LED_Matrix.a(LED_Matrix_1.o)
 .debug_ranges  0x00000410      0x1f0 .\CortexM0\ARM_GCC_473\Debug\RGB_LED_Matrix.a(CyLib.o)
 .debug_ranges  0x00000600       0x98 .\CortexM0\ARM_GCC_473\Debug\RGB_LED_Matrix.a(ADC.o)
 .debug_ranges  0x00000698       0x10 .\CortexM0\ARM_GCC_473\Debug\RGB_LED_Matrix.a(ADC_INT.o)
 .debug_ranges  0x000006a8      0x130 .\CortexM0\ARM_GCC_473\Debug\RGB_LED_Matrix.a(eoc.o)

.comment        0x00000000       0x70
 .comment       0x00000000       0x70 .\CortexM0\ARM_GCC_473\Debug\main.o
                                 0x71 (size before relaxing)
 .comment       0x00000000       0x71 .\CortexM0\ARM_GCC_473\Debug\LED_Matrix.o
 .comment       0x00000000       0x71 .\CortexM0\ARM_GCC_473\Debug\cymetadata.o
 .comment       0x00000000       0x71 .\CortexM0\ARM_GCC_473\Debug\Cm0Start.o
 .comment       0x00000000       0x71 .\CortexM0\ARM_GCC_473\Debug\RGB_LED_Matrix.a(cyfitter_cfg.o)
 .comment       0x00000000       0x71 .\CortexM0\ARM_GCC_473\Debug\RGB_LED_Matrix.a(isr_2.o)
 .comment       0x00000000       0x71 .\CortexM0\ARM_GCC_473\Debug\RGB_LED_Matrix.a(LED_Matrix_1.o)
 .comment       0x00000000       0x71 .\CortexM0\ARM_GCC_473\Debug\RGB_LED_Matrix.a(CyLib.o)
 .comment       0x00000000       0x71 .\CortexM0\ARM_GCC_473\Debug\RGB_LED_Matrix.a(ADC.o)
 .comment       0x00000000       0x71 .\CortexM0\ARM_GCC_473\Debug\RGB_LED_Matrix.a(ADC_INT.o)
 .comment       0x00000000       0x71 .\CortexM0\ARM_GCC_473\Debug\RGB_LED_Matrix.a(eoc.o)

.debug_weaknames
 *(.debug_weaknames)

.debug_funcnames
 *(.debug_funcnames)

.debug_typenames
 *(.debug_typenames)

.debug_varnames
 *(.debug_varnames)

.note.gnu.arm.ident
 *(.note.gnu.arm.ident)

.ARM.attributes
                0x00000000       0x28
 *(.ARM.attributes)
 .ARM.attributes
                0x00000000       0x1e c:/program files (x86)/cypress/psoc creator/3.0/psoc creator/import/gnu_cs/arm/4.7.3/bin/../lib/gcc/arm-none-eabi/4.7.3/armv6-m/crti.o
 .ARM.attributes
                0x0000001e       0x2c c:/program files (x86)/cypress/psoc creator/3.0/psoc creator/import/gnu_cs/arm/4.7.3/bin/../lib/gcc/arm-none-eabi/4.7.3/armv6-m/crtbegin.o
 .ARM.attributes
                0x0000004a       0x1c c:/program files (x86)/cypress/psoc creator/3.0/psoc creator/import/gnu_cs/arm/4.7.3/bin/../lib/gcc/arm-none-eabi/4.7.3/../../../../arm-none-eabi/lib/armv6-m/crt0.o
 .ARM.attributes
                0x00000066       0x31 .\CortexM0\ARM_GCC_473\Debug\main.o
 .ARM.attributes
                0x00000097       0x31 .\CortexM0\ARM_GCC_473\Debug\LED_Matrix.o
 .ARM.attributes
                0x000000c8       0x31 .\CortexM0\ARM_GCC_473\Debug\cymetadata.o
 .ARM.attributes
                0x000000f9       0x31 .\CortexM0\ARM_GCC_473\Debug\Cm0Start.o
 .ARM.attributes
                0x0000012a       0x31 .\CortexM0\ARM_GCC_473\Debug\RGB_LED_Matrix.a(cyfitter_cfg.o)
 .ARM.attributes
                0x0000015b       0x31 .\CortexM0\ARM_GCC_473\Debug\RGB_LED_Matrix.a(isr_2.o)
 .ARM.attributes
                0x0000018c       0x31 .\CortexM0\ARM_GCC_473\Debug\RGB_LED_Matrix.a(LED_Matrix_1.o)
 .ARM.attributes
                0x000001bd       0x21 .\CortexM0\ARM_GCC_473\Debug\RGB_LED_Matrix.a(CyBootAsmGnu.o)
 .ARM.attributes
                0x000001de       0x31 .\CortexM0\ARM_GCC_473\Debug\RGB_LED_Matrix.a(CyLib.o)
 .ARM.attributes
                0x0000020f       0x31 .\CortexM0\ARM_GCC_473\Debug\RGB_LED_Matrix.a(ADC.o)
 .ARM.attributes
                0x00000240       0x31 .\CortexM0\ARM_GCC_473\Debug\RGB_LED_Matrix.a(ADC_INT.o)
 .ARM.attributes
                0x00000271       0x31 .\CortexM0\ARM_GCC_473\Debug\RGB_LED_Matrix.a(eoc.o)
 .ARM.attributes
                0x000002a2       0x1e c:/program files (x86)/cypress/psoc creator/3.0/psoc creator/import/gnu_cs/arm/4.7.3/bin/../lib/gcc/arm-none-eabi/4.7.3/armv6-m\libgcc.a(_udivsi3.o)
 .ARM.attributes
                0x000002c0       0x1e c:/program files (x86)/cypress/psoc creator/3.0/psoc creator/import/gnu_cs/arm/4.7.3/bin/../lib/gcc/arm-none-eabi/4.7.3/armv6-m\libgcc.a(_divsi3.o)
 .ARM.attributes
                0x000002de       0x1e c:/program files (x86)/cypress/psoc creator/3.0/psoc creator/import/gnu_cs/arm/4.7.3/bin/../lib/gcc/arm-none-eabi/4.7.3/armv6-m\libgcc.a(_dvmd_tls.o)
 .ARM.attributes
                0x000002fc       0x1e c:/program files (x86)/cypress/psoc creator/3.0/psoc creator/import/gnu_cs/arm/4.7.3/bin/../lib/gcc/arm-none-eabi/4.7.3/armv6-m\libgcc.a(_aeabi_ldivmod.o)
 .ARM.attributes
                0x0000031a       0x2c c:/program files (x86)/cypress/psoc creator/3.0/psoc creator/import/gnu_cs/arm/4.7.3/bin/../lib/gcc/arm-none-eabi/4.7.3/armv6-m\libgcc.a(_muldi3.o)
 .ARM.attributes
                0x00000346       0x2c c:/program files (x86)/cypress/psoc creator/3.0/psoc creator/import/gnu_cs/arm/4.7.3/bin/../lib/gcc/arm-none-eabi/4.7.3/armv6-m\libgcc.a(bpabi.o)
 .ARM.attributes
                0x00000372       0x2c c:/program files (x86)/cypress/psoc creator/3.0/psoc creator/import/gnu_cs/arm/4.7.3/bin/../lib/gcc/arm-none-eabi/4.7.3/armv6-m\libgcc.a(divsf3.o)
 .ARM.attributes
                0x0000039e       0x2c c:/program files (x86)/cypress/psoc creator/3.0/psoc creator/import/gnu_cs/arm/4.7.3/bin/../lib/gcc/arm-none-eabi/4.7.3/armv6-m\libgcc.a(mulsf3.o)
 .ARM.attributes
                0x000003ca       0x2c c:/program files (x86)/cypress/psoc creator/3.0/psoc creator/import/gnu_cs/arm/4.7.3/bin/../lib/gcc/arm-none-eabi/4.7.3/armv6-m\libgcc.a(floatsisf.o)
 .ARM.attributes
                0x000003f6       0x1e c:/program files (x86)/cypress/psoc creator/3.0/psoc creator/import/gnu_cs/arm/4.7.3/bin/../lib/gcc/arm-none-eabi/4.7.3/armv6-m\libgcc.a(_clzsi2.o)
 .ARM.attributes
                0x00000414       0x2c c:/program files (x86)/cypress/psoc creator/3.0/psoc creator/import/gnu_cs/arm/4.7.3/bin/../lib/gcc/arm-none-eabi/4.7.3/armv6-m\libgcc.a(_divdi3.o)
 .ARM.attributes
                0x00000440       0x2c c:/program files (x86)/cypress/psoc creator/3.0/psoc creator/import/gnu_cs/arm/4.7.3/bin/../lib/gcc/arm-none-eabi/4.7.3/armv6-m\libgcc.a(_udivdi3.o)
 .ARM.attributes
                0x0000046c       0x2c c:/program files (x86)/cypress/psoc creator/3.0/psoc creator/import/gnu_cs/arm/4.7.3/bin/../lib/gcc/arm-none-eabi/4.7.3/../../../../arm-none-eabi/lib/armv6-m\libc_s.a(lib_a-__atexit2.o)
 .ARM.attributes
                0x00000498       0x2c c:/program files (x86)/cypress/psoc creator/3.0/psoc creator/import/gnu_cs/arm/4.7.3/bin/../lib/gcc/arm-none-eabi/4.7.3/../../../../arm-none-eabi/lib/armv6-m\libc_s.a(lib_a-exit.o)
 .ARM.attributes
                0x000004c4       0x2c c:/program files (x86)/cypress/psoc creator/3.0/psoc creator/import/gnu_cs/arm/4.7.3/bin/../lib/gcc/arm-none-eabi/4.7.3/../../../../arm-none-eabi/lib/armv6-m\libc_s.a(lib_a-fini.o)
 .ARM.attributes
                0x000004f0       0x2c c:/program files (x86)/cypress/psoc creator/3.0/psoc creator/import/gnu_cs/arm/4.7.3/bin/../lib/gcc/arm-none-eabi/4.7.3/../../../../arm-none-eabi/lib/armv6-m\libc_s.a(lib_a-impure.o)
 .ARM.attributes
                0x0000051c       0x2c c:/program files (x86)/cypress/psoc creator/3.0/psoc creator/import/gnu_cs/arm/4.7.3/bin/../lib/gcc/arm-none-eabi/4.7.3/../../../../arm-none-eabi/lib/armv6-m\libc_s.a(lib_a-init.o)
 .ARM.attributes
                0x00000548       0x2c c:/program files (x86)/cypress/psoc creator/3.0/psoc creator/import/gnu_cs/arm/4.7.3/bin/../lib/gcc/arm-none-eabi/4.7.3/../../../../arm-none-eabi/lib/armv6-m\libc_s.a(lib_a-memcpy.o)
 .ARM.attributes
                0x00000574       0x2c c:/program files (x86)/cypress/psoc creator/3.0/psoc creator/import/gnu_cs/arm/4.7.3/bin/../lib/gcc/arm-none-eabi/4.7.3/../../../../arm-none-eabi/lib/armv6-m\libc_s.a(lib_a-memset.o)
 .ARM.attributes
                0x000005a0       0x2c c:/program files (x86)/cypress/psoc creator/3.0/psoc creator/import/gnu_cs/arm/4.7.3/bin/../lib/gcc/arm-none-eabi/4.7.3/armv6-m/crtend.o
 .ARM.attributes
                0x000005cc       0x1e c:/program files (x86)/cypress/psoc creator/3.0/psoc creator/import/gnu_cs/arm/4.7.3/bin/../lib/gcc/arm-none-eabi/4.7.3/armv6-m/crtn.o

/DISCARD/
 *(.note.GNU-stack)
OUTPUT(.\CortexM0\ARM_GCC_473\Debug\RGB_LED_Matrix.elf elf32-littlearm)
