Archive member included because of file (symbol)

.\CortexM0\ARM_GCC_473\Debug\RGB_LED_Matrix.a(cyfitter_cfg.o)
                              .\CortexM0\ARM_GCC_473\Debug\Cm0Start.o (cyfitter_cfg)
.\CortexM0\ARM_GCC_473\Debug\RGB_LED_Matrix.a(isr_2.o)
                              .\CortexM0\ARM_GCC_473\Debug\main.o (isr_2_StartEx)
.\CortexM0\ARM_GCC_473\Debug\RGB_LED_Matrix.a(LED_Matrix_1.o)
                              .\CortexM0\ARM_GCC_473\Debug\main.o (LED_Matrix_1_Start)
.\CortexM0\ARM_GCC_473\Debug\RGB_LED_Matrix.a(CyBootAsmGnu.o)
                              .\CortexM0\ARM_GCC_473\Debug\RGB_LED_Matrix.a(isr_2.o) (CyEnterCriticalSection)
.\CortexM0\ARM_GCC_473\Debug\RGB_LED_Matrix.a(CyLib.o)
                              .\CortexM0\ARM_GCC_473\Debug\main.o (CyDelay)
.\CortexM0\ARM_GCC_473\Debug\RGB_LED_Matrix.a(ADC.o)
                              .\CortexM0\ARM_GCC_473\Debug\main.o (ADC_Start)
.\CortexM0\ARM_GCC_473\Debug\RGB_LED_Matrix.a(ADC_INT.o)
                              .\CortexM0\ARM_GCC_473\Debug\RGB_LED_Matrix.a(ADC.o) (ADC_ISR)
.\CortexM0\ARM_GCC_473\Debug\RGB_LED_Matrix.a(eoc.o)
                              .\CortexM0\ARM_GCC_473\Debug\main.o (eoc_StartEx)
.\CortexM0\ARM_GCC_473\Debug\RGB_LED_Matrix.a(RTC_I2C_MASTER.o)
                              .\CortexM0\ARM_GCC_473\Debug\I2CDriver.o (RTC_I2CMasterSendStart)
.\CortexM0\ARM_GCC_473\Debug\RGB_LED_Matrix.a(RTC_SCB_IRQ.o)
                              .\CortexM0\ARM_GCC_473\Debug\RGB_LED_Matrix.a(RTC_I2C_MASTER.o) (RTC_SCB_IRQ_Enable)
.\CortexM0\ARM_GCC_473\Debug\RGB_LED_Matrix.a(RTC_scl.o)
                              .\CortexM0\ARM_GCC_473\Debug\RGB_LED_Matrix.a(RTC_I2C_MASTER.o) (RTC_scl_Write)
.\CortexM0\ARM_GCC_473\Debug\RGB_LED_Matrix.a(RTC_I2C.o)
                              .\CortexM0\ARM_GCC_473\Debug\RGB_LED_Matrix.a(RTC_I2C_MASTER.o) (RTC_state)
.\CortexM0\ARM_GCC_473\Debug\RGB_LED_Matrix.a(RTC_I2C_INT.o)
                              .\CortexM0\ARM_GCC_473\Debug\RGB_LED_Matrix.a(RTC_I2C.o) (RTC_I2C_ISR)
.\CortexM0\ARM_GCC_473\Debug\RGB_LED_Matrix.a(RTC.o)
                              .\CortexM0\ARM_GCC_473\Debug\RGB_LED_Matrix.a(RTC_I2C_INT.o) (RTC_customIntrHandler)
c:/program files (x86)/cypress/psoc creator/3.0/psoc creator/import/gnu_cs/arm/4.7.3/bin/../lib/gcc/arm-none-eabi/4.7.3/armv6-m\libgcc.a(_udivsi3.o)
                              .\CortexM0\ARM_GCC_473\Debug\I2CDriver.o (__aeabi_uidiv)
c:/program files (x86)/cypress/psoc creator/3.0/psoc creator/import/gnu_cs/arm/4.7.3/bin/../lib/gcc/arm-none-eabi/4.7.3/armv6-m\libgcc.a(_divsi3.o)
                              .\CortexM0\ARM_GCC_473\Debug\RGB_LED_Matrix.a(ADC.o) (__aeabi_idiv)
c:/program files (x86)/cypress/psoc creator/3.0/psoc creator/import/gnu_cs/arm/4.7.3/bin/../lib/gcc/arm-none-eabi/4.7.3/armv6-m\libgcc.a(_dvmd_tls.o)
                              c:/program files (x86)/cypress/psoc creator/3.0/psoc creator/import/gnu_cs/arm/4.7.3/bin/../lib/gcc/arm-none-eabi/4.7.3/armv6-m\libgcc.a(_udivsi3.o) (__aeabi_idiv0)
c:/program files (x86)/cypress/psoc creator/3.0/psoc creator/import/gnu_cs/arm/4.7.3/bin/../lib/gcc/arm-none-eabi/4.7.3/armv6-m\libgcc.a(_aeabi_ldivmod.o)
                              .\CortexM0\ARM_GCC_473\Debug\RGB_LED_Matrix.a(ADC.o) (__aeabi_ldivmod)
c:/program files (x86)/cypress/psoc creator/3.0/psoc creator/import/gnu_cs/arm/4.7.3/bin/../lib/gcc/arm-none-eabi/4.7.3/armv6-m\libgcc.a(_muldi3.o)
                              .\CortexM0\ARM_GCC_473\Debug\RGB_LED_Matrix.a(ADC.o) (__aeabi_lmul)
c:/program files (x86)/cypress/psoc creator/3.0/psoc creator/import/gnu_cs/arm/4.7.3/bin/../lib/gcc/arm-none-eabi/4.7.3/armv6-m\libgcc.a(bpabi.o)
                              c:/program files (x86)/cypress/psoc creator/3.0/psoc creator/import/gnu_cs/arm/4.7.3/bin/../lib/gcc/arm-none-eabi/4.7.3/armv6-m\libgcc.a(_aeabi_ldivmod.o) (__gnu_ldivmod_helper)
c:/program files (x86)/cypress/psoc creator/3.0/psoc creator/import/gnu_cs/arm/4.7.3/bin/../lib/gcc/arm-none-eabi/4.7.3/armv6-m\libgcc.a(divsf3.o)
                              .\CortexM0\ARM_GCC_473\Debug\RGB_LED_Matrix.a(ADC.o) (__aeabi_fdiv)
c:/program files (x86)/cypress/psoc creator/3.0/psoc creator/import/gnu_cs/arm/4.7.3/bin/../lib/gcc/arm-none-eabi/4.7.3/armv6-m\libgcc.a(mulsf3.o)
                              .\CortexM0\ARM_GCC_473\Debug\RGB_LED_Matrix.a(ADC.o) (__aeabi_fmul)
c:/program files (x86)/cypress/psoc creator/3.0/psoc creator/import/gnu_cs/arm/4.7.3/bin/../lib/gcc/arm-none-eabi/4.7.3/armv6-m\libgcc.a(floatsisf.o)
                              .\CortexM0\ARM_GCC_473\Debug\RGB_LED_Matrix.a(ADC.o) (__aeabi_i2f)
c:/program files (x86)/cypress/psoc creator/3.0/psoc creator/import/gnu_cs/arm/4.7.3/bin/../lib/gcc/arm-none-eabi/4.7.3/armv6-m\libgcc.a(_clzsi2.o)
                              c:/program files (x86)/cypress/psoc creator/3.0/psoc creator/import/gnu_cs/arm/4.7.3/bin/../lib/gcc/arm-none-eabi/4.7.3/armv6-m\libgcc.a(divsf3.o) (__clzsi2)
c:/program files (x86)/cypress/psoc creator/3.0/psoc creator/import/gnu_cs/arm/4.7.3/bin/../lib/gcc/arm-none-eabi/4.7.3/armv6-m\libgcc.a(_divdi3.o)
                              c:/program files (x86)/cypress/psoc creator/3.0/psoc creator/import/gnu_cs/arm/4.7.3/bin/../lib/gcc/arm-none-eabi/4.7.3/armv6-m\libgcc.a(bpabi.o) (__divdi3)
c:/program files (x86)/cypress/psoc creator/3.0/psoc creator/import/gnu_cs/arm/4.7.3/bin/../lib/gcc/arm-none-eabi/4.7.3/armv6-m\libgcc.a(_udivdi3.o)
                              c:/program files (x86)/cypress/psoc creator/3.0/psoc creator/import/gnu_cs/arm/4.7.3/bin/../lib/gcc/arm-none-eabi/4.7.3/armv6-m\libgcc.a(bpabi.o) (__udivdi3)
c:/program files (x86)/cypress/psoc creator/3.0/psoc creator/import/gnu_cs/arm/4.7.3/bin/../lib/gcc/arm-none-eabi/4.7.3/../../../../arm-none-eabi/lib/armv6-m\libc_s.a(lib_a-__atexit2.o)
                              c:/program files (x86)/cypress/psoc creator/3.0/psoc creator/import/gnu_cs/arm/4.7.3/bin/../lib/gcc/arm-none-eabi/4.7.3/../../../../arm-none-eabi/lib/armv6-m/crt0.o (__register_exitproc)
c:/program files (x86)/cypress/psoc creator/3.0/psoc creator/import/gnu_cs/arm/4.7.3/bin/../lib/gcc/arm-none-eabi/4.7.3/../../../../arm-none-eabi/lib/armv6-m\libc_s.a(lib_a-exit.o)
                              c:/program files (x86)/cypress/psoc creator/3.0/psoc creator/import/gnu_cs/arm/4.7.3/bin/../lib/gcc/arm-none-eabi/4.7.3/../../../../arm-none-eabi/lib/armv6-m/crt0.o (exit)
c:/program files (x86)/cypress/psoc creator/3.0/psoc creator/import/gnu_cs/arm/4.7.3/bin/../lib/gcc/arm-none-eabi/4.7.3/../../../../arm-none-eabi/lib/armv6-m\libc_s.a(lib_a-fini.o)
                              c:/program files (x86)/cypress/psoc creator/3.0/psoc creator/import/gnu_cs/arm/4.7.3/bin/../lib/gcc/arm-none-eabi/4.7.3/../../../../arm-none-eabi/lib/armv6-m/crt0.o (__libc_fini_array)
c:/program files (x86)/cypress/psoc creator/3.0/psoc creator/import/gnu_cs/arm/4.7.3/bin/../lib/gcc/arm-none-eabi/4.7.3/../../../../arm-none-eabi/lib/armv6-m\libc_s.a(lib_a-impure.o)
                              c:/program files (x86)/cypress/psoc creator/3.0/psoc creator/import/gnu_cs/arm/4.7.3/bin/../lib/gcc/arm-none-eabi/4.7.3/../../../../arm-none-eabi/lib/armv6-m\libc_s.a(lib_a-exit.o) (_global_impure_ptr)
c:/program files (x86)/cypress/psoc creator/3.0/psoc creator/import/gnu_cs/arm/4.7.3/bin/../lib/gcc/arm-none-eabi/4.7.3/../../../../arm-none-eabi/lib/armv6-m\libc_s.a(lib_a-init.o)
                              c:/program files (x86)/cypress/psoc creator/3.0/psoc creator/import/gnu_cs/arm/4.7.3/bin/../lib/gcc/arm-none-eabi/4.7.3/../../../../arm-none-eabi/lib/armv6-m/crt0.o (__libc_init_array)
c:/program files (x86)/cypress/psoc creator/3.0/psoc creator/import/gnu_cs/arm/4.7.3/bin/../lib/gcc/arm-none-eabi/4.7.3/../../../../arm-none-eabi/lib/armv6-m\libc_s.a(lib_a-memset.o)
                              c:/program files (x86)/cypress/psoc creator/3.0/psoc creator/import/gnu_cs/arm/4.7.3/bin/../lib/gcc/arm-none-eabi/4.7.3/../../../../arm-none-eabi/lib/armv6-m/crt0.o (memset)

Allocating common symbols
Common symbol       size              file

RTC_mstrStatus      0x2               .\CortexM0\ARM_GCC_473\Debug\RGB_LED_Matrix.a(RTC_I2C_MASTER.o)
RTC_state           0x1               .\CortexM0\ARM_GCC_473\Debug\RGB_LED_Matrix.a(RTC_I2C.o)
RTC_mstrRdBufIndex  0x4               .\CortexM0\ARM_GCC_473\Debug\RGB_LED_Matrix.a(RTC_I2C_MASTER.o)
RTC_mstrRdBufPtr    0x4               .\CortexM0\ARM_GCC_473\Debug\RGB_LED_Matrix.a(RTC_I2C_MASTER.o)
ADC_countsPer10Volt
                    0x20              .\CortexM0\ARM_GCC_473\Debug\RGB_LED_Matrix.a(ADC.o)
RTC_mstrWrBufIndex  0x4               .\CortexM0\ARM_GCC_473\Debug\RGB_LED_Matrix.a(RTC_I2C_MASTER.o)
RTC_mstrWrBufPtr    0x4               .\CortexM0\ARM_GCC_473\Debug\RGB_LED_Matrix.a(RTC_I2C_MASTER.o)
ADC_offset          0x10              .\CortexM0\ARM_GCC_473\Debug\RGB_LED_Matrix.a(ADC.o)
RTC_mstrWrBufSize   0x4               .\CortexM0\ARM_GCC_473\Debug\RGB_LED_Matrix.a(RTC_I2C_MASTER.o)
RTC_mstrControl     0x1               .\CortexM0\ARM_GCC_473\Debug\RGB_LED_Matrix.a(RTC_I2C_MASTER.o)
matrix              0x3c0             .\CortexM0\ARM_GCC_473\Debug\main.o
RTC_mstrWrBufIndexTmp
                    0x4               .\CortexM0\ARM_GCC_473\Debug\RGB_LED_Matrix.a(RTC_I2C_MASTER.o)
RTC_mstrRdBufSize   0x4               .\CortexM0\ARM_GCC_473\Debug\RGB_LED_Matrix.a(RTC_I2C_MASTER.o)
bit_shift           0x1               .\CortexM0\ARM_GCC_473\Debug\main.o

Discarded input sections

 .text          0x00000000        0x0 c:/program files (x86)/cypress/psoc creator/3.0/psoc creator/import/gnu_cs/arm/4.7.3/bin/../lib/gcc/arm-none-eabi/4.7.3/armv6-m/crti.o
 .data          0x00000000        0x0 c:/program files (x86)/cypress/psoc creator/3.0/psoc creator/import/gnu_cs/arm/4.7.3/bin/../lib/gcc/arm-none-eabi/4.7.3/armv6-m/crti.o
 .bss           0x00000000        0x0 c:/program files (x86)/cypress/psoc creator/3.0/psoc creator/import/gnu_cs/arm/4.7.3/bin/../lib/gcc/arm-none-eabi/4.7.3/armv6-m/crti.o
 .data          0x00000000        0x4 c:/program files (x86)/cypress/psoc creator/3.0/psoc creator/import/gnu_cs/arm/4.7.3/bin/../lib/gcc/arm-none-eabi/4.7.3/armv6-m/crtbegin.o
 .text          0x00000000       0x74 c:/program files (x86)/cypress/psoc creator/3.0/psoc creator/import/gnu_cs/arm/4.7.3/bin/../lib/gcc/arm-none-eabi/4.7.3/../../../../arm-none-eabi/lib/armv6-m/crt0.o
 .data          0x00000000        0x0 c:/program files (x86)/cypress/psoc creator/3.0/psoc creator/import/gnu_cs/arm/4.7.3/bin/../lib/gcc/arm-none-eabi/4.7.3/../../../../arm-none-eabi/lib/armv6-m/crt0.o
 .bss           0x00000000        0x0 c:/program files (x86)/cypress/psoc creator/3.0/psoc creator/import/gnu_cs/arm/4.7.3/bin/../lib/gcc/arm-none-eabi/4.7.3/../../../../arm-none-eabi/lib/armv6-m/crt0.o
 .ARM.extab     0x00000000        0x0 c:/program files (x86)/cypress/psoc creator/3.0/psoc creator/import/gnu_cs/arm/4.7.3/bin/../lib/gcc/arm-none-eabi/4.7.3/../../../../arm-none-eabi/lib/armv6-m/crt0.o
 .ARM.exidx     0x00000000        0x8 c:/program files (x86)/cypress/psoc creator/3.0/psoc creator/import/gnu_cs/arm/4.7.3/bin/../lib/gcc/arm-none-eabi/4.7.3/../../../../arm-none-eabi/lib/armv6-m/crt0.o
 .text          0x00000000        0x0 .\CortexM0\ARM_GCC_473\Debug\main.o
 .data          0x00000000        0x8 .\CortexM0\ARM_GCC_473\Debug\main.o
 .text.PB_ISR   0x00000000       0x1c .\CortexM0\ARM_GCC_473\Debug\main.o
 .text          0x00000000        0x0 .\CortexM0\ARM_GCC_473\Debug\LED_Matrix.o
 .data          0x00000000        0x0 .\CortexM0\ARM_GCC_473\Debug\LED_Matrix.o
 .bss           0x00000000        0x0 .\CortexM0\ARM_GCC_473\Debug\LED_Matrix.o
 .text.drawCircle
                0x00000000      0x168 .\CortexM0\ARM_GCC_473\Debug\LED_Matrix.o
 .text.drawCircleHelper
                0x00000000      0x178 .\CortexM0\ARM_GCC_473\Debug\LED_Matrix.o
 .text.drawFastHLine
                0x00000000       0x24 .\CortexM0\ARM_GCC_473\Debug\LED_Matrix.o
 .text.drawRect
                0x00000000       0x70 .\CortexM0\ARM_GCC_473\Debug\LED_Matrix.o
 .text.fillRect
                0x00000000       0x94 .\CortexM0\ARM_GCC_473\Debug\LED_Matrix.o
 .text.fillScreen
                0x00000000       0x20 .\CortexM0\ARM_GCC_473\Debug\LED_Matrix.o
 .text.drawTriangle
                0x00000000       0x80 .\CortexM0\ARM_GCC_473\Debug\LED_Matrix.o
 .text.drawOne  0x00000000       0x88 .\CortexM0\ARM_GCC_473\Debug\LED_Matrix.o
 .text.drawTwo  0x00000000       0x8c .\CortexM0\ARM_GCC_473\Debug\LED_Matrix.o
 .text.drawColon
                0x00000000       0x30 .\CortexM0\ARM_GCC_473\Debug\LED_Matrix.o
 .text.drawThree
                0x00000000       0x90 .\CortexM0\ARM_GCC_473\Debug\LED_Matrix.o
 .text.drawFour
                0x00000000       0x3c .\CortexM0\ARM_GCC_473\Debug\LED_Matrix.o
 .text.drawFive
                0x00000000       0x84 .\CortexM0\ARM_GCC_473\Debug\LED_Matrix.o
 .text.drawSix  0x00000000       0x70 .\CortexM0\ARM_GCC_473\Debug\LED_Matrix.o
 .text.drawSeven
                0x00000000       0x38 .\CortexM0\ARM_GCC_473\Debug\LED_Matrix.o
 .text.drawEight
                0x00000000       0xa0 .\CortexM0\ARM_GCC_473\Debug\LED_Matrix.o
 .text.drawNine
                0x00000000       0x60 .\CortexM0\ARM_GCC_473\Debug\LED_Matrix.o
 .text.drawZero
                0x00000000       0x64 .\CortexM0\ARM_GCC_473\Debug\LED_Matrix.o
 .text.drawA    0x00000000       0xb0 .\CortexM0\ARM_GCC_473\Debug\LED_Matrix.o
 .text.drawB    0x00000000       0x90 .\CortexM0\ARM_GCC_473\Debug\LED_Matrix.o
 .text.drawC    0x00000000       0x70 .\CortexM0\ARM_GCC_473\Debug\LED_Matrix.o
 .text.drawD    0x00000000       0x60 .\CortexM0\ARM_GCC_473\Debug\LED_Matrix.o
 .text.drawE    0x00000000       0x54 .\CortexM0\ARM_GCC_473\Debug\LED_Matrix.o
 .text.drawF    0x00000000       0x40 .\CortexM0\ARM_GCC_473\Debug\LED_Matrix.o
 .text.drawHex  0x00000000       0xfc .\CortexM0\ARM_GCC_473\Debug\LED_Matrix.o
 .rodata        0x00000000       0x40 .\CortexM0\ARM_GCC_473\Debug\LED_Matrix.o
 .text.printTime
                0x00000000       0x58 .\CortexM0\ARM_GCC_473\Debug\LED_Matrix.o
 .text.printHexString
                0x00000000       0x4c .\CortexM0\ARM_GCC_473\Debug\LED_Matrix.o
 .text          0x00000000        0x0 .\CortexM0\ARM_GCC_473\Debug\I2CDriver.o
 .data          0x00000000        0x0 .\CortexM0\ARM_GCC_473\Debug\I2CDriver.o
 .bss           0x00000000        0x0 .\CortexM0\ARM_GCC_473\Debug\I2CDriver.o
 .text.decToBcd
                0x00000000       0x1c .\CortexM0\ARM_GCC_473\Debug\I2CDriver.o
 .text.bcdToDec
                0x00000000       0x14 .\CortexM0\ARM_GCC_473\Debug\I2CDriver.o
 .text.localTimeInit
                0x00000000       0x20 .\CortexM0\ARM_GCC_473\Debug\I2CDriver.o
 .text.i2cWrite
                0x00000000       0x24 .\CortexM0\ARM_GCC_473\Debug\I2CDriver.o
 .text.setTime  0x00000000       0x58 .\CortexM0\ARM_GCC_473\Debug\I2CDriver.o
 .text.getTime  0x00000000       0x50 .\CortexM0\ARM_GCC_473\Debug\I2CDriver.o
 .text.i2cBurstRead
                0x00000000       0x9c .\CortexM0\ARM_GCC_473\Debug\I2CDriver.o
 .text          0x00000000        0x0 .\CortexM0\ARM_GCC_473\Debug\cymetadata.o
 .data          0x00000000        0x0 .\CortexM0\ARM_GCC_473\Debug\cymetadata.o
 .bss           0x00000000        0x0 .\CortexM0\ARM_GCC_473\Debug\cymetadata.o
 .text          0x00000000        0x0 .\CortexM0\ARM_GCC_473\Debug\Cm0Start.o
 .data          0x00000000        0x0 .\CortexM0\ARM_GCC_473\Debug\Cm0Start.o
 .bss           0x00000000        0x0 .\CortexM0\ARM_GCC_473\Debug\Cm0Start.o
 .text._exit    0x00000000        0x4 .\CortexM0\ARM_GCC_473\Debug\Cm0Start.o
 .text          0x00000000        0x0 .\CortexM0\ARM_GCC_473\Debug\RGB_LED_Matrix.a(cyfitter_cfg.o)
 .data          0x00000000        0x0 .\CortexM0\ARM_GCC_473\Debug\RGB_LED_Matrix.a(cyfitter_cfg.o)
 .bss           0x00000000        0x0 .\CortexM0\ARM_GCC_473\Debug\RGB_LED_Matrix.a(cyfitter_cfg.o)
 .text.SetAnalogRoutingPumps
                0x00000000       0x20 .\CortexM0\ARM_GCC_473\Debug\RGB_LED_Matrix.a(cyfitter_cfg.o)
 .text          0x00000000        0x0 .\CortexM0\ARM_GCC_473\Debug\RGB_LED_Matrix.a(isr_2.o)
 .data          0x00000000        0x0 .\CortexM0\ARM_GCC_473\Debug\RGB_LED_Matrix.a(isr_2.o)
 .bss           0x00000000        0x0 .\CortexM0\ARM_GCC_473\Debug\RGB_LED_Matrix.a(isr_2.o)
 .text.isr_2_Interrupt
                0x00000000        0x4 .\CortexM0\ARM_GCC_473\Debug\RGB_LED_Matrix.a(isr_2.o)
 .text.isr_2_Stop
                0x00000000       0x1c .\CortexM0\ARM_GCC_473\Debug\RGB_LED_Matrix.a(isr_2.o)
 .text.isr_2_SetVector
                0x00000000        0xc .\CortexM0\ARM_GCC_473\Debug\RGB_LED_Matrix.a(isr_2.o)
 .text.isr_2_GetVector
                0x00000000        0xc .\CortexM0\ARM_GCC_473\Debug\RGB_LED_Matrix.a(isr_2.o)
 .text.isr_2_Start
                0x00000000       0x2c .\CortexM0\ARM_GCC_473\Debug\RGB_LED_Matrix.a(isr_2.o)
 .text.isr_2_GetPriority
                0x00000000        0xc .\CortexM0\ARM_GCC_473\Debug\RGB_LED_Matrix.a(isr_2.o)
 .text.isr_2_Enable
                0x00000000        0xc .\CortexM0\ARM_GCC_473\Debug\RGB_LED_Matrix.a(isr_2.o)
 .text.isr_2_GetState
                0x00000000       0x10 .\CortexM0\ARM_GCC_473\Debug\RGB_LED_Matrix.a(isr_2.o)
 .text.isr_2_Disable
                0x00000000        0xc .\CortexM0\ARM_GCC_473\Debug\RGB_LED_Matrix.a(isr_2.o)
 .text.isr_2_SetPending
                0x00000000        0xc .\CortexM0\ARM_GCC_473\Debug\RGB_LED_Matrix.a(isr_2.o)
 .text.isr_2_ClearPending
                0x00000000        0xc .\CortexM0\ARM_GCC_473\Debug\RGB_LED_Matrix.a(isr_2.o)
 .text          0x00000000        0x0 .\CortexM0\ARM_GCC_473\Debug\RGB_LED_Matrix.a(LED_Matrix_1.o)
 .data          0x00000000        0x0 .\CortexM0\ARM_GCC_473\Debug\RGB_LED_Matrix.a(LED_Matrix_1.o)
 .bss           0x00000000        0x0 .\CortexM0\ARM_GCC_473\Debug\RGB_LED_Matrix.a(LED_Matrix_1.o)
 .data          0x00000000        0x0 .\CortexM0\ARM_GCC_473\Debug\RGB_LED_Matrix.a(CyBootAsmGnu.o)
 .bss           0x00000000        0x0 .\CortexM0\ARM_GCC_473\Debug\RGB_LED_Matrix.a(CyBootAsmGnu.o)
 .text          0x00000000        0x0 .\CortexM0\ARM_GCC_473\Debug\RGB_LED_Matrix.a(CyLib.o)
 .bss           0x00000000        0x0 .\CortexM0\ARM_GCC_473\Debug\RGB_LED_Matrix.a(CyLib.o)
 .text.CySysClkImoStart
                0x00000000       0x14 .\CortexM0\ARM_GCC_473\Debug\RGB_LED_Matrix.a(CyLib.o)
 .text.CySysClkImoStop
                0x00000000       0x10 .\CortexM0\ARM_GCC_473\Debug\RGB_LED_Matrix.a(CyLib.o)
 .text.CySysClkIloStart
                0x00000000       0x14 .\CortexM0\ARM_GCC_473\Debug\RGB_LED_Matrix.a(CyLib.o)
 .text.CySysClkIloStop
                0x00000000       0x10 .\CortexM0\ARM_GCC_473\Debug\RGB_LED_Matrix.a(CyLib.o)
 .text.CySysClkWriteHfclkDirect
                0x00000000       0x18 .\CortexM0\ARM_GCC_473\Debug\RGB_LED_Matrix.a(CyLib.o)
 .text.CySysClkWriteSysclkDiv
                0x00000000       0x20 .\CortexM0\ARM_GCC_473\Debug\RGB_LED_Matrix.a(CyLib.o)
 .text.CySysWdtLock
                0x00000000       0x34 .\CortexM0\ARM_GCC_473\Debug\RGB_LED_Matrix.a(CyLib.o)
 .text.CySysWdtUnlock
                0x00000000       0x48 .\CortexM0\ARM_GCC_473\Debug\RGB_LED_Matrix.a(CyLib.o)
 .text.CySysWdtReadEnabledStatus
                0x00000000       0x20 .\CortexM0\ARM_GCC_473\Debug\RGB_LED_Matrix.a(CyLib.o)
 .text.CySysWdtWriteMode
                0x00000000       0x54 .\CortexM0\ARM_GCC_473\Debug\RGB_LED_Matrix.a(CyLib.o)
 .text.CySysWdtReadMode
                0x00000000       0x14 .\CortexM0\ARM_GCC_473\Debug\RGB_LED_Matrix.a(CyLib.o)
 .text.CySysWdtWriteClearOnMatch
                0x00000000       0x48 .\CortexM0\ARM_GCC_473\Debug\RGB_LED_Matrix.a(CyLib.o)
 .text.CySysWdtReadClearOnMatch
                0x00000000       0x20 .\CortexM0\ARM_GCC_473\Debug\RGB_LED_Matrix.a(CyLib.o)
 .text.CySysWdtEnable
                0x00000000       0x28 .\CortexM0\ARM_GCC_473\Debug\RGB_LED_Matrix.a(CyLib.o)
 .text.CySysWdtDisable
                0x00000000       0x28 .\CortexM0\ARM_GCC_473\Debug\RGB_LED_Matrix.a(CyLib.o)
 .text.CySysWdtWriteCascade
                0x00000000       0x48 .\CortexM0\ARM_GCC_473\Debug\RGB_LED_Matrix.a(CyLib.o)
 .text.CySysWdtReadCascade
                0x00000000       0x14 .\CortexM0\ARM_GCC_473\Debug\RGB_LED_Matrix.a(CyLib.o)
 .text.CySysWdtWriteToggleBit
                0x00000000       0x40 .\CortexM0\ARM_GCC_473\Debug\RGB_LED_Matrix.a(CyLib.o)
 .text.CySysWdtReadToggleBit
                0x00000000       0x10 .\CortexM0\ARM_GCC_473\Debug\RGB_LED_Matrix.a(CyLib.o)
 .text.CySysWdtReadMatch
                0x00000000       0x1c .\CortexM0\ARM_GCC_473\Debug\RGB_LED_Matrix.a(CyLib.o)
 .text.CySysWdtReadCount
                0x00000000       0x34 .\CortexM0\ARM_GCC_473\Debug\RGB_LED_Matrix.a(CyLib.o)
 .text.CySysWdtGetInterruptSource
                0x00000000       0x14 .\CortexM0\ARM_GCC_473\Debug\RGB_LED_Matrix.a(CyLib.o)
 .text.CySysWdtClearInterrupt
                0x00000000       0x7c .\CortexM0\ARM_GCC_473\Debug\RGB_LED_Matrix.a(CyLib.o)
 .text.CySysWdtResetCounters
                0x00000000       0x30 .\CortexM0\ARM_GCC_473\Debug\RGB_LED_Matrix.a(CyLib.o)
 .text.CySysLvdEnable
                0x00000000       0x2c .\CortexM0\ARM_GCC_473\Debug\RGB_LED_Matrix.a(CyLib.o)
 .text.CySysLvdDisable
                0x00000000       0x20 .\CortexM0\ARM_GCC_473\Debug\RGB_LED_Matrix.a(CyLib.o)
 .text.CySysLvdGetInterruptSource
                0x00000000       0x10 .\CortexM0\ARM_GCC_473\Debug\RGB_LED_Matrix.a(CyLib.o)
 .text.CySysLvdClearInterrupt
                0x00000000        0xc .\CortexM0\ARM_GCC_473\Debug\RGB_LED_Matrix.a(CyLib.o)
 .text.CyDisableInts
                0x00000000       0x10 .\CortexM0\ARM_GCC_473\Debug\RGB_LED_Matrix.a(CyLib.o)
 .text.CyEnableInts
                0x00000000        0xc .\CortexM0\ARM_GCC_473\Debug\RGB_LED_Matrix.a(CyLib.o)
 .text.CyIntSetSysVector
                0x00000000       0x18 .\CortexM0\ARM_GCC_473\Debug\RGB_LED_Matrix.a(CyLib.o)
 .text.CyIntGetSysVector
                0x00000000       0x14 .\CortexM0\ARM_GCC_473\Debug\RGB_LED_Matrix.a(CyLib.o)
 .text.CyIntGetVector
                0x00000000       0x18 .\CortexM0\ARM_GCC_473\Debug\RGB_LED_Matrix.a(CyLib.o)
 .text.CyIntGetPriority
                0x00000000       0x28 .\CortexM0\ARM_GCC_473\Debug\RGB_LED_Matrix.a(CyLib.o)
 .text.CyIntEnable
                0x00000000       0x14 .\CortexM0\ARM_GCC_473\Debug\RGB_LED_Matrix.a(CyLib.o)
 .text.CyIntGetState
                0x00000000       0x18 .\CortexM0\ARM_GCC_473\Debug\RGB_LED_Matrix.a(CyLib.o)
 .text.CyIntDisable
                0x00000000       0x14 .\CortexM0\ARM_GCC_473\Debug\RGB_LED_Matrix.a(CyLib.o)
 .text.CyIntSetPending
                0x00000000       0x14 .\CortexM0\ARM_GCC_473\Debug\RGB_LED_Matrix.a(CyLib.o)
 .text.CyIntClearPending
                0x00000000       0x14 .\CortexM0\ARM_GCC_473\Debug\RGB_LED_Matrix.a(CyLib.o)
 .text.CyHalt   0x00000000        0x4 .\CortexM0\ARM_GCC_473\Debug\RGB_LED_Matrix.a(CyLib.o)
 .text.CySoftwareReset
                0x00000000       0x18 .\CortexM0\ARM_GCC_473\Debug\RGB_LED_Matrix.a(CyLib.o)
 .text.CySysWdtWriteMatch
                0x00000000       0x48 .\CortexM0\ARM_GCC_473\Debug\RGB_LED_Matrix.a(CyLib.o)
 .text.CySysClkWriteImoFreq
                0x00000000      0x164 .\CortexM0\ARM_GCC_473\Debug\RGB_LED_Matrix.a(CyLib.o)
 .text.CyDelayFreq
                0x00000000       0x54 .\CortexM0\ARM_GCC_473\Debug\RGB_LED_Matrix.a(CyLib.o)
 .rodata        0x00000000       0x30 .\CortexM0\ARM_GCC_473\Debug\RGB_LED_Matrix.a(CyLib.o)
 .text          0x00000000        0x0 .\CortexM0\ARM_GCC_473\Debug\RGB_LED_Matrix.a(ADC.o)
 .data          0x00000000        0x0 .\CortexM0\ARM_GCC_473\Debug\RGB_LED_Matrix.a(ADC.o)
 .text.ADC_Stop
                0x00000000       0x10 .\CortexM0\ARM_GCC_473\Debug\RGB_LED_Matrix.a(ADC.o)
 .text.ADC_StopConvert
                0x00000000       0x14 .\CortexM0\ARM_GCC_473\Debug\RGB_LED_Matrix.a(ADC.o)
 .text.ADC_IsEndConversion
                0x00000000       0x2c .\CortexM0\ARM_GCC_473\Debug\RGB_LED_Matrix.a(ADC.o)
 .text.ADC_GetResult16
                0x00000000       0x24 .\CortexM0\ARM_GCC_473\Debug\RGB_LED_Matrix.a(ADC.o)
 .text.ADC_SetChanMask
                0x00000000       0x10 .\CortexM0\ARM_GCC_473\Debug\RGB_LED_Matrix.a(ADC.o)
 .text.ADC_SetLowLimit
                0x00000000       0x1c .\CortexM0\ARM_GCC_473\Debug\RGB_LED_Matrix.a(ADC.o)
 .text.ADC_SetHighLimit
                0x00000000       0x18 .\CortexM0\ARM_GCC_473\Debug\RGB_LED_Matrix.a(ADC.o)
 .text.ADC_SetLimitMask
                0x00000000       0x10 .\CortexM0\ARM_GCC_473\Debug\RGB_LED_Matrix.a(ADC.o)
 .text.ADC_SetSatMask
                0x00000000       0x10 .\CortexM0\ARM_GCC_473\Debug\RGB_LED_Matrix.a(ADC.o)
 .text.ADC_SetOffset
                0x00000000       0x1c .\CortexM0\ARM_GCC_473\Debug\RGB_LED_Matrix.a(ADC.o)
 .text.ADC_SetGain
                0x00000000       0x1c .\CortexM0\ARM_GCC_473\Debug\RGB_LED_Matrix.a(ADC.o)
 .text.ADC_CountsTo_mVolts
                0x00000000       0x54 .\CortexM0\ARM_GCC_473\Debug\RGB_LED_Matrix.a(ADC.o)
 .text.ADC_CountsTo_uVolts
                0x00000000       0x48 .\CortexM0\ARM_GCC_473\Debug\RGB_LED_Matrix.a(ADC.o)
 .text.ADC_CountsTo_Volts
                0x00000000       0x48 .\CortexM0\ARM_GCC_473\Debug\RGB_LED_Matrix.a(ADC.o)
 .text          0x00000000        0x0 .\CortexM0\ARM_GCC_473\Debug\RGB_LED_Matrix.a(ADC_INT.o)
 .data          0x00000000        0x0 .\CortexM0\ARM_GCC_473\Debug\RGB_LED_Matrix.a(ADC_INT.o)
 .bss           0x00000000        0x0 .\CortexM0\ARM_GCC_473\Debug\RGB_LED_Matrix.a(ADC_INT.o)
 .text          0x00000000        0x0 .\CortexM0\ARM_GCC_473\Debug\RGB_LED_Matrix.a(eoc.o)
 .data          0x00000000        0x0 .\CortexM0\ARM_GCC_473\Debug\RGB_LED_Matrix.a(eoc.o)
 .bss           0x00000000        0x0 .\CortexM0\ARM_GCC_473\Debug\RGB_LED_Matrix.a(eoc.o)
 .text.eoc_Interrupt
                0x00000000        0x4 .\CortexM0\ARM_GCC_473\Debug\RGB_LED_Matrix.a(eoc.o)
 .text.eoc_Stop
                0x00000000       0x1c .\CortexM0\ARM_GCC_473\Debug\RGB_LED_Matrix.a(eoc.o)
 .text.eoc_SetVector
                0x00000000        0xc .\CortexM0\ARM_GCC_473\Debug\RGB_LED_Matrix.a(eoc.o)
 .text.eoc_GetVector
                0x00000000        0xc .\CortexM0\ARM_GCC_473\Debug\RGB_LED_Matrix.a(eoc.o)
 .text.eoc_Start
                0x00000000       0x2c .\CortexM0\ARM_GCC_473\Debug\RGB_LED_Matrix.a(eoc.o)
 .text.eoc_GetPriority
                0x00000000       0x10 .\CortexM0\ARM_GCC_473\Debug\RGB_LED_Matrix.a(eoc.o)
 .text.eoc_Enable
                0x00000000        0xc .\CortexM0\ARM_GCC_473\Debug\RGB_LED_Matrix.a(eoc.o)
 .text.eoc_GetState
                0x00000000       0x10 .\CortexM0\ARM_GCC_473\Debug\RGB_LED_Matrix.a(eoc.o)
 .text.eoc_Disable
                0x00000000        0xc .\CortexM0\ARM_GCC_473\Debug\RGB_LED_Matrix.a(eoc.o)
 .text.eoc_SetPending
                0x00000000        0xc .\CortexM0\ARM_GCC_473\Debug\RGB_LED_Matrix.a(eoc.o)
 .text.eoc_ClearPending
                0x00000000        0xc .\CortexM0\ARM_GCC_473\Debug\RGB_LED_Matrix.a(eoc.o)
 .text          0x00000000        0x0 .\CortexM0\ARM_GCC_473\Debug\RGB_LED_Matrix.a(RTC_I2C_MASTER.o)
 .data          0x00000000        0x0 .\CortexM0\ARM_GCC_473\Debug\RGB_LED_Matrix.a(RTC_I2C_MASTER.o)
 .bss           0x00000000        0x0 .\CortexM0\ARM_GCC_473\Debug\RGB_LED_Matrix.a(RTC_I2C_MASTER.o)
 .text.RTC_I2CMasterSendStart
                0x00000000       0xd4 .\CortexM0\ARM_GCC_473\Debug\RGB_LED_Matrix.a(RTC_I2C_MASTER.o)
 .text.RTC_I2CMasterSendStop
                0x00000000       0x8c .\CortexM0\ARM_GCC_473\Debug\RGB_LED_Matrix.a(RTC_I2C_MASTER.o)
 .text.RTC_I2CMasterWriteByte
                0x00000000       0x90 .\CortexM0\ARM_GCC_473\Debug\RGB_LED_Matrix.a(RTC_I2C_MASTER.o)
 .text.RTC_I2CMasterReadByte
                0x00000000       0x90 .\CortexM0\ARM_GCC_473\Debug\RGB_LED_Matrix.a(RTC_I2C_MASTER.o)
 .text.RTC_I2CMasterGetReadBufSize
                0x00000000        0xc .\CortexM0\ARM_GCC_473\Debug\RGB_LED_Matrix.a(RTC_I2C_MASTER.o)
 .text.RTC_I2CMasterGetWriteBufSize
                0x00000000        0xc .\CortexM0\ARM_GCC_473\Debug\RGB_LED_Matrix.a(RTC_I2C_MASTER.o)
 .text.RTC_I2CMasterClearReadBuf
                0x00000000       0x1c .\CortexM0\ARM_GCC_473\Debug\RGB_LED_Matrix.a(RTC_I2C_MASTER.o)
 .text.RTC_I2CMasterClearWriteBuf
                0x00000000       0x1c .\CortexM0\ARM_GCC_473\Debug\RGB_LED_Matrix.a(RTC_I2C_MASTER.o)
 .text.RTC_I2CMasterStatus
                0x00000000       0x1c .\CortexM0\ARM_GCC_473\Debug\RGB_LED_Matrix.a(RTC_I2C_MASTER.o)
 .text.RTC_I2CMasterClearStatus
                0x00000000       0x10 .\CortexM0\ARM_GCC_473\Debug\RGB_LED_Matrix.a(RTC_I2C_MASTER.o)
 .text.RTC_I2CReStartGeneration
                0x00000000       0xa0 .\CortexM0\ARM_GCC_473\Debug\RGB_LED_Matrix.a(RTC_I2C_MASTER.o)
 .text.RTC_I2CMasterSendRestart
                0x00000000       0xbc .\CortexM0\ARM_GCC_473\Debug\RGB_LED_Matrix.a(RTC_I2C_MASTER.o)
 .text.RTC_I2CMasterReadBuf
                0x00000000       0xf8 .\CortexM0\ARM_GCC_473\Debug\RGB_LED_Matrix.a(RTC_I2C_MASTER.o)
 .text.RTC_I2CMasterWriteBuf
                0x00000000       0xe4 .\CortexM0\ARM_GCC_473\Debug\RGB_LED_Matrix.a(RTC_I2C_MASTER.o)
 COMMON         0x00000000       0x24 .\CortexM0\ARM_GCC_473\Debug\RGB_LED_Matrix.a(RTC_I2C_MASTER.o)
 .text          0x00000000        0x0 .\CortexM0\ARM_GCC_473\Debug\RGB_LED_Matrix.a(RTC_SCB_IRQ.o)
 .data          0x00000000        0x0 .\CortexM0\ARM_GCC_473\Debug\RGB_LED_Matrix.a(RTC_SCB_IRQ.o)
 .bss           0x00000000        0x0 .\CortexM0\ARM_GCC_473\Debug\RGB_LED_Matrix.a(RTC_SCB_IRQ.o)
 .text.RTC_SCB_IRQ_Interrupt
                0x00000000        0x4 .\CortexM0\ARM_GCC_473\Debug\RGB_LED_Matrix.a(RTC_SCB_IRQ.o)
 .text.RTC_SCB_IRQ_Stop
                0x00000000       0x1c .\CortexM0\ARM_GCC_473\Debug\RGB_LED_Matrix.a(RTC_SCB_IRQ.o)
 .text.RTC_SCB_IRQ_SetVector
                0x00000000        0xc .\CortexM0\ARM_GCC_473\Debug\RGB_LED_Matrix.a(RTC_SCB_IRQ.o)
 .text.RTC_SCB_IRQ_GetVector
                0x00000000        0xc .\CortexM0\ARM_GCC_473\Debug\RGB_LED_Matrix.a(RTC_SCB_IRQ.o)
 .text.RTC_SCB_IRQ_SetPriority
                0x00000000       0x28 .\CortexM0\ARM_GCC_473\Debug\RGB_LED_Matrix.a(RTC_SCB_IRQ.o)
 .text.RTC_SCB_IRQ_StartEx
                0x00000000       0x28 .\CortexM0\ARM_GCC_473\Debug\RGB_LED_Matrix.a(RTC_SCB_IRQ.o)
 .text.RTC_SCB_IRQ_Start
                0x00000000       0x2c .\CortexM0\ARM_GCC_473\Debug\RGB_LED_Matrix.a(RTC_SCB_IRQ.o)
 .text.RTC_SCB_IRQ_GetPriority
                0x00000000       0x10 .\CortexM0\ARM_GCC_473\Debug\RGB_LED_Matrix.a(RTC_SCB_IRQ.o)
 .text.RTC_SCB_IRQ_Enable
                0x00000000       0x10 .\CortexM0\ARM_GCC_473\Debug\RGB_LED_Matrix.a(RTC_SCB_IRQ.o)
 .text.RTC_SCB_IRQ_GetState
                0x00000000       0x10 .\CortexM0\ARM_GCC_473\Debug\RGB_LED_Matrix.a(RTC_SCB_IRQ.o)
 .text.RTC_SCB_IRQ_Disable
                0x00000000       0x10 .\CortexM0\ARM_GCC_473\Debug\RGB_LED_Matrix.a(RTC_SCB_IRQ.o)
 .text.RTC_SCB_IRQ_SetPending
                0x00000000       0x10 .\CortexM0\ARM_GCC_473\Debug\RGB_LED_Matrix.a(RTC_SCB_IRQ.o)
 .text.RTC_SCB_IRQ_ClearPending
                0x00000000       0x10 .\CortexM0\ARM_GCC_473\Debug\RGB_LED_Matrix.a(RTC_SCB_IRQ.o)
 .text          0x00000000        0x0 .\CortexM0\ARM_GCC_473\Debug\RGB_LED_Matrix.a(RTC_scl.o)
 .data          0x00000000        0x0 .\CortexM0\ARM_GCC_473\Debug\RGB_LED_Matrix.a(RTC_scl.o)
 .bss           0x00000000        0x0 .\CortexM0\ARM_GCC_473\Debug\RGB_LED_Matrix.a(RTC_scl.o)
 .text.RTC_scl_Write
                0x00000000       0x18 .\CortexM0\ARM_GCC_473\Debug\RGB_LED_Matrix.a(RTC_scl.o)
 .text.RTC_scl_SetDriveMode
                0x00000000       0x14 .\CortexM0\ARM_GCC_473\Debug\RGB_LED_Matrix.a(RTC_scl.o)
 .text.RTC_scl_Read
                0x00000000       0x10 .\CortexM0\ARM_GCC_473\Debug\RGB_LED_Matrix.a(RTC_scl.o)
 .text.RTC_scl_ReadDataReg
                0x00000000       0x10 .\CortexM0\ARM_GCC_473\Debug\RGB_LED_Matrix.a(RTC_scl.o)
 .text.RTC_scl_ClearInterrupt
                0x00000000       0x10 .\CortexM0\ARM_GCC_473\Debug\RGB_LED_Matrix.a(RTC_scl.o)
 .text          0x00000000        0x0 .\CortexM0\ARM_GCC_473\Debug\RGB_LED_Matrix.a(RTC_I2C.o)
 .data          0x00000000        0x0 .\CortexM0\ARM_GCC_473\Debug\RGB_LED_Matrix.a(RTC_I2C.o)
 .bss           0x00000000        0x0 .\CortexM0\ARM_GCC_473\Debug\RGB_LED_Matrix.a(RTC_I2C.o)
 .text.RTC_I2CInit
                0x00000000       0xcc .\CortexM0\ARM_GCC_473\Debug\RGB_LED_Matrix.a(RTC_I2C.o)
 .text.RTC_I2CStop
                0x00000000        0xc .\CortexM0\ARM_GCC_473\Debug\RGB_LED_Matrix.a(RTC_I2C.o)
 COMMON         0x00000000        0x1 .\CortexM0\ARM_GCC_473\Debug\RGB_LED_Matrix.a(RTC_I2C.o)
 .text          0x00000000        0x0 .\CortexM0\ARM_GCC_473\Debug\RGB_LED_Matrix.a(RTC_I2C_INT.o)
 .data          0x00000000        0x0 .\CortexM0\ARM_GCC_473\Debug\RGB_LED_Matrix.a(RTC_I2C_INT.o)
 .bss           0x00000000        0x0 .\CortexM0\ARM_GCC_473\Debug\RGB_LED_Matrix.a(RTC_I2C_INT.o)
 .text.RTC_I2C_ISR
                0x00000000      0x410 .\CortexM0\ARM_GCC_473\Debug\RGB_LED_Matrix.a(RTC_I2C_INT.o)
 .text          0x00000000        0x0 .\CortexM0\ARM_GCC_473\Debug\RGB_LED_Matrix.a(RTC.o)
 .data          0x00000000        0x0 .\CortexM0\ARM_GCC_473\Debug\RGB_LED_Matrix.a(RTC.o)
 .bss           0x00000000        0x8 .\CortexM0\ARM_GCC_473\Debug\RGB_LED_Matrix.a(RTC.o)
 .text.RTC_Init
                0x00000000        0x8 .\CortexM0\ARM_GCC_473\Debug\RGB_LED_Matrix.a(RTC.o)
 .text.RTC_Enable
                0x00000000       0x18 .\CortexM0\ARM_GCC_473\Debug\RGB_LED_Matrix.a(RTC.o)
 .text.RTC_Start
                0x00000000       0x1c .\CortexM0\ARM_GCC_473\Debug\RGB_LED_Matrix.a(RTC.o)
 .text.RTC_Stop
                0x00000000       0x20 .\CortexM0\ARM_GCC_473\Debug\RGB_LED_Matrix.a(RTC.o)
 .text.RTC_SetCustomInterruptHandler
                0x00000000        0xc .\CortexM0\ARM_GCC_473\Debug\RGB_LED_Matrix.a(RTC.o)
 .text          0x00000000       0x9c c:/program files (x86)/cypress/psoc creator/3.0/psoc creator/import/gnu_cs/arm/4.7.3/bin/../lib/gcc/arm-none-eabi/4.7.3/armv6-m\libgcc.a(_udivsi3.o)
 .data          0x00000000        0x0 c:/program files (x86)/cypress/psoc creator/3.0/psoc creator/import/gnu_cs/arm/4.7.3/bin/../lib/gcc/arm-none-eabi/4.7.3/armv6-m\libgcc.a(_udivsi3.o)
 .bss           0x00000000        0x0 c:/program files (x86)/cypress/psoc creator/3.0/psoc creator/import/gnu_cs/arm/4.7.3/bin/../lib/gcc/arm-none-eabi/4.7.3/armv6-m\libgcc.a(_udivsi3.o)
 .text          0x00000000       0xc0 c:/program files (x86)/cypress/psoc creator/3.0/psoc creator/import/gnu_cs/arm/4.7.3/bin/../lib/gcc/arm-none-eabi/4.7.3/armv6-m\libgcc.a(_divsi3.o)
 .data          0x00000000        0x0 c:/program files (x86)/cypress/psoc creator/3.0/psoc creator/import/gnu_cs/arm/4.7.3/bin/../lib/gcc/arm-none-eabi/4.7.3/armv6-m\libgcc.a(_divsi3.o)
 .bss           0x00000000        0x0 c:/program files (x86)/cypress/psoc creator/3.0/psoc creator/import/gnu_cs/arm/4.7.3/bin/../lib/gcc/arm-none-eabi/4.7.3/armv6-m\libgcc.a(_divsi3.o)
 .text          0x00000000        0x4 c:/program files (x86)/cypress/psoc creator/3.0/psoc creator/import/gnu_cs/arm/4.7.3/bin/../lib/gcc/arm-none-eabi/4.7.3/armv6-m\libgcc.a(_dvmd_tls.o)
 .data          0x00000000        0x0 c:/program files (x86)/cypress/psoc creator/3.0/psoc creator/import/gnu_cs/arm/4.7.3/bin/../lib/gcc/arm-none-eabi/4.7.3/armv6-m\libgcc.a(_dvmd_tls.o)
 .bss           0x00000000        0x0 c:/program files (x86)/cypress/psoc creator/3.0/psoc creator/import/gnu_cs/arm/4.7.3/bin/../lib/gcc/arm-none-eabi/4.7.3/armv6-m\libgcc.a(_dvmd_tls.o)
 .text          0x00000000       0x48 c:/program files (x86)/cypress/psoc creator/3.0/psoc creator/import/gnu_cs/arm/4.7.3/bin/../lib/gcc/arm-none-eabi/4.7.3/armv6-m\libgcc.a(_aeabi_ldivmod.o)
 .data          0x00000000        0x0 c:/program files (x86)/cypress/psoc creator/3.0/psoc creator/import/gnu_cs/arm/4.7.3/bin/../lib/gcc/arm-none-eabi/4.7.3/armv6-m\libgcc.a(_aeabi_ldivmod.o)
 .bss           0x00000000        0x0 c:/program files (x86)/cypress/psoc creator/3.0/psoc creator/import/gnu_cs/arm/4.7.3/bin/../lib/gcc/arm-none-eabi/4.7.3/armv6-m\libgcc.a(_aeabi_ldivmod.o)
 .text          0x00000000       0x44 c:/program files (x86)/cypress/psoc creator/3.0/psoc creator/import/gnu_cs/arm/4.7.3/bin/../lib/gcc/arm-none-eabi/4.7.3/armv6-m\libgcc.a(_muldi3.o)
 .data          0x00000000        0x0 c:/program files (x86)/cypress/psoc creator/3.0/psoc creator/import/gnu_cs/arm/4.7.3/bin/../lib/gcc/arm-none-eabi/4.7.3/armv6-m\libgcc.a(_muldi3.o)
 .bss           0x00000000        0x0 c:/program files (x86)/cypress/psoc creator/3.0/psoc creator/import/gnu_cs/arm/4.7.3/bin/../lib/gcc/arm-none-eabi/4.7.3/armv6-m\libgcc.a(_muldi3.o)
 .text          0x00000000       0x74 c:/program files (x86)/cypress/psoc creator/3.0/psoc creator/import/gnu_cs/arm/4.7.3/bin/../lib/gcc/arm-none-eabi/4.7.3/armv6-m\libgcc.a(bpabi.o)
 .data          0x00000000        0x0 c:/program files (x86)/cypress/psoc creator/3.0/psoc creator/import/gnu_cs/arm/4.7.3/bin/../lib/gcc/arm-none-eabi/4.7.3/armv6-m\libgcc.a(bpabi.o)
 .bss           0x00000000        0x0 c:/program files (x86)/cypress/psoc creator/3.0/psoc creator/import/gnu_cs/arm/4.7.3/bin/../lib/gcc/arm-none-eabi/4.7.3/armv6-m\libgcc.a(bpabi.o)
 .text          0x00000000      0x274 c:/program files (x86)/cypress/psoc creator/3.0/psoc creator/import/gnu_cs/arm/4.7.3/bin/../lib/gcc/arm-none-eabi/4.7.3/armv6-m\libgcc.a(divsf3.o)
 .data          0x00000000        0x0 c:/program files (x86)/cypress/psoc creator/3.0/psoc creator/import/gnu_cs/arm/4.7.3/bin/../lib/gcc/arm-none-eabi/4.7.3/armv6-m\libgcc.a(divsf3.o)
 .bss           0x00000000        0x0 c:/program files (x86)/cypress/psoc creator/3.0/psoc creator/import/gnu_cs/arm/4.7.3/bin/../lib/gcc/arm-none-eabi/4.7.3/armv6-m\libgcc.a(divsf3.o)
 .rodata        0x00000000       0x40 c:/program files (x86)/cypress/psoc creator/3.0/psoc creator/import/gnu_cs/arm/4.7.3/bin/../lib/gcc/arm-none-eabi/4.7.3/armv6-m\libgcc.a(divsf3.o)
 .text          0x00000000      0x260 c:/program files (x86)/cypress/psoc creator/3.0/psoc creator/import/gnu_cs/arm/4.7.3/bin/../lib/gcc/arm-none-eabi/4.7.3/armv6-m\libgcc.a(mulsf3.o)
 .data          0x00000000        0x0 c:/program files (x86)/cypress/psoc creator/3.0/psoc creator/import/gnu_cs/arm/4.7.3/bin/../lib/gcc/arm-none-eabi/4.7.3/armv6-m\libgcc.a(mulsf3.o)
 .bss           0x00000000        0x0 c:/program files (x86)/cypress/psoc creator/3.0/psoc creator/import/gnu_cs/arm/4.7.3/bin/../lib/gcc/arm-none-eabi/4.7.3/armv6-m\libgcc.a(mulsf3.o)
 .rodata        0x00000000       0x40 c:/program files (x86)/cypress/psoc creator/3.0/psoc creator/import/gnu_cs/arm/4.7.3/bin/../lib/gcc/arm-none-eabi/4.7.3/armv6-m\libgcc.a(mulsf3.o)
 .text          0x00000000       0xa8 c:/program files (x86)/cypress/psoc creator/3.0/psoc creator/import/gnu_cs/arm/4.7.3/bin/../lib/gcc/arm-none-eabi/4.7.3/armv6-m\libgcc.a(floatsisf.o)
 .data          0x00000000        0x0 c:/program files (x86)/cypress/psoc creator/3.0/psoc creator/import/gnu_cs/arm/4.7.3/bin/../lib/gcc/arm-none-eabi/4.7.3/armv6-m\libgcc.a(floatsisf.o)
 .bss           0x00000000        0x0 c:/program files (x86)/cypress/psoc creator/3.0/psoc creator/import/gnu_cs/arm/4.7.3/bin/../lib/gcc/arm-none-eabi/4.7.3/armv6-m\libgcc.a(floatsisf.o)
 .text          0x00000000       0x3c c:/program files (x86)/cypress/psoc creator/3.0/psoc creator/import/gnu_cs/arm/4.7.3/bin/../lib/gcc/arm-none-eabi/4.7.3/armv6-m\libgcc.a(_clzsi2.o)
 .data          0x00000000        0x0 c:/program files (x86)/cypress/psoc creator/3.0/psoc creator/import/gnu_cs/arm/4.7.3/bin/../lib/gcc/arm-none-eabi/4.7.3/armv6-m\libgcc.a(_clzsi2.o)
 .bss           0x00000000        0x0 c:/program files (x86)/cypress/psoc creator/3.0/psoc creator/import/gnu_cs/arm/4.7.3/bin/../lib/gcc/arm-none-eabi/4.7.3/armv6-m\libgcc.a(_clzsi2.o)
 .text          0x00000000      0x3d0 c:/program files (x86)/cypress/psoc creator/3.0/psoc creator/import/gnu_cs/arm/4.7.3/bin/../lib/gcc/arm-none-eabi/4.7.3/armv6-m\libgcc.a(_divdi3.o)
 .data          0x00000000        0x0 c:/program files (x86)/cypress/psoc creator/3.0/psoc creator/import/gnu_cs/arm/4.7.3/bin/../lib/gcc/arm-none-eabi/4.7.3/armv6-m\libgcc.a(_divdi3.o)
 .bss           0x00000000        0x0 c:/program files (x86)/cypress/psoc creator/3.0/psoc creator/import/gnu_cs/arm/4.7.3/bin/../lib/gcc/arm-none-eabi/4.7.3/armv6-m\libgcc.a(_divdi3.o)
 .ARM.extab     0x00000000        0x0 c:/program files (x86)/cypress/psoc creator/3.0/psoc creator/import/gnu_cs/arm/4.7.3/bin/../lib/gcc/arm-none-eabi/4.7.3/armv6-m\libgcc.a(_divdi3.o)
 .ARM.exidx     0x00000000        0x8 c:/program files (x86)/cypress/psoc creator/3.0/psoc creator/import/gnu_cs/arm/4.7.3/bin/../lib/gcc/arm-none-eabi/4.7.3/armv6-m\libgcc.a(_divdi3.o)
 .text          0x00000000      0x38c c:/program files (x86)/cypress/psoc creator/3.0/psoc creator/import/gnu_cs/arm/4.7.3/bin/../lib/gcc/arm-none-eabi/4.7.3/armv6-m\libgcc.a(_udivdi3.o)
 .data          0x00000000        0x0 c:/program files (x86)/cypress/psoc creator/3.0/psoc creator/import/gnu_cs/arm/4.7.3/bin/../lib/gcc/arm-none-eabi/4.7.3/armv6-m\libgcc.a(_udivdi3.o)
 .bss           0x00000000        0x0 c:/program files (x86)/cypress/psoc creator/3.0/psoc creator/import/gnu_cs/arm/4.7.3/bin/../lib/gcc/arm-none-eabi/4.7.3/armv6-m\libgcc.a(_udivdi3.o)
 .ARM.extab     0x00000000        0x0 c:/program files (x86)/cypress/psoc creator/3.0/psoc creator/import/gnu_cs/arm/4.7.3/bin/../lib/gcc/arm-none-eabi/4.7.3/armv6-m\libgcc.a(_udivdi3.o)
 .ARM.exidx     0x00000000        0x8 c:/program files (x86)/cypress/psoc creator/3.0/psoc creator/import/gnu_cs/arm/4.7.3/bin/../lib/gcc/arm-none-eabi/4.7.3/armv6-m\libgcc.a(_udivdi3.o)
 .text          0x00000000        0x0 c:/program files (x86)/cypress/psoc creator/3.0/psoc creator/import/gnu_cs/arm/4.7.3/bin/../lib/gcc/arm-none-eabi/4.7.3/../../../../arm-none-eabi/lib/armv6-m\libc_s.a(lib_a-__atexit2.o)
 .data          0x00000000        0x0 c:/program files (x86)/cypress/psoc creator/3.0/psoc creator/import/gnu_cs/arm/4.7.3/bin/../lib/gcc/arm-none-eabi/4.7.3/../../../../arm-none-eabi/lib/armv6-m\libc_s.a(lib_a-__atexit2.o)
 .bss           0x00000000        0x0 c:/program files (x86)/cypress/psoc creator/3.0/psoc creator/import/gnu_cs/arm/4.7.3/bin/../lib/gcc/arm-none-eabi/4.7.3/../../../../arm-none-eabi/lib/armv6-m\libc_s.a(lib_a-__atexit2.o)
 .text.__register_exitproc
                0x00000000       0x18 c:/program files (x86)/cypress/psoc creator/3.0/psoc creator/import/gnu_cs/arm/4.7.3/bin/../lib/gcc/arm-none-eabi/4.7.3/../../../../arm-none-eabi/lib/armv6-m\libc_s.a(lib_a-__atexit2.o)
 .text          0x00000000        0x0 c:/program files (x86)/cypress/psoc creator/3.0/psoc creator/import/gnu_cs/arm/4.7.3/bin/../lib/gcc/arm-none-eabi/4.7.3/../../../../arm-none-eabi/lib/armv6-m\libc_s.a(lib_a-exit.o)
 .data          0x00000000        0x0 c:/program files (x86)/cypress/psoc creator/3.0/psoc creator/import/gnu_cs/arm/4.7.3/bin/../lib/gcc/arm-none-eabi/4.7.3/../../../../arm-none-eabi/lib/armv6-m\libc_s.a(lib_a-exit.o)
 .bss           0x00000000        0x0 c:/program files (x86)/cypress/psoc creator/3.0/psoc creator/import/gnu_cs/arm/4.7.3/bin/../lib/gcc/arm-none-eabi/4.7.3/../../../../arm-none-eabi/lib/armv6-m\libc_s.a(lib_a-exit.o)
 .text.exit     0x00000000       0x30 c:/program files (x86)/cypress/psoc creator/3.0/psoc creator/import/gnu_cs/arm/4.7.3/bin/../lib/gcc/arm-none-eabi/4.7.3/../../../../arm-none-eabi/lib/armv6-m\libc_s.a(lib_a-exit.o)
 .text          0x00000000        0x0 c:/program files (x86)/cypress/psoc creator/3.0/psoc creator/import/gnu_cs/arm/4.7.3/bin/../lib/gcc/arm-none-eabi/4.7.3/../../../../arm-none-eabi/lib/armv6-m\libc_s.a(lib_a-fini.o)
 .data          0x00000000        0x0 c:/program files (x86)/cypress/psoc creator/3.0/psoc creator/import/gnu_cs/arm/4.7.3/bin/../lib/gcc/arm-none-eabi/4.7.3/../../../../arm-none-eabi/lib/armv6-m\libc_s.a(lib_a-fini.o)
 .bss           0x00000000        0x0 c:/program files (x86)/cypress/psoc creator/3.0/psoc creator/import/gnu_cs/arm/4.7.3/bin/../lib/gcc/arm-none-eabi/4.7.3/../../../../arm-none-eabi/lib/armv6-m\libc_s.a(lib_a-fini.o)
 .text.__libc_fini_array
                0x00000000       0x2c c:/program files (x86)/cypress/psoc creator/3.0/psoc creator/import/gnu_cs/arm/4.7.3/bin/../lib/gcc/arm-none-eabi/4.7.3/../../../../arm-none-eabi/lib/armv6-m\libc_s.a(lib_a-fini.o)
 .text          0x00000000        0x0 c:/program files (x86)/cypress/psoc creator/3.0/psoc creator/import/gnu_cs/arm/4.7.3/bin/../lib/gcc/arm-none-eabi/4.7.3/../../../../arm-none-eabi/lib/armv6-m\libc_s.a(lib_a-impure.o)
 .data          0x00000000        0x0 c:/program files (x86)/cypress/psoc creator/3.0/psoc creator/import/gnu_cs/arm/4.7.3/bin/../lib/gcc/arm-none-eabi/4.7.3/../../../../arm-none-eabi/lib/armv6-m\libc_s.a(lib_a-impure.o)
 .bss           0x00000000        0x0 c:/program files (x86)/cypress/psoc creator/3.0/psoc creator/import/gnu_cs/arm/4.7.3/bin/../lib/gcc/arm-none-eabi/4.7.3/../../../../arm-none-eabi/lib/armv6-m\libc_s.a(lib_a-impure.o)
 .data.impure_data
                0x00000000       0x64 c:/program files (x86)/cypress/psoc creator/3.0/psoc creator/import/gnu_cs/arm/4.7.3/bin/../lib/gcc/arm-none-eabi/4.7.3/../../../../arm-none-eabi/lib/armv6-m\libc_s.a(lib_a-impure.o)
 .data._impure_ptr
                0x00000000        0x4 c:/program files (x86)/cypress/psoc creator/3.0/psoc creator/import/gnu_cs/arm/4.7.3/bin/../lib/gcc/arm-none-eabi/4.7.3/../../../../arm-none-eabi/lib/armv6-m\libc_s.a(lib_a-impure.o)
 .rodata.str1.1
                0x00000000        0x2 c:/program files (x86)/cypress/psoc creator/3.0/psoc creator/import/gnu_cs/arm/4.7.3/bin/../lib/gcc/arm-none-eabi/4.7.3/../../../../arm-none-eabi/lib/armv6-m\libc_s.a(lib_a-impure.o)
 .rodata._global_impure_ptr
                0x00000000        0x4 c:/program files (x86)/cypress/psoc creator/3.0/psoc creator/import/gnu_cs/arm/4.7.3/bin/../lib/gcc/arm-none-eabi/4.7.3/../../../../arm-none-eabi/lib/armv6-m\libc_s.a(lib_a-impure.o)
 .text          0x00000000        0x0 c:/program files (x86)/cypress/psoc creator/3.0/psoc creator/import/gnu_cs/arm/4.7.3/bin/../lib/gcc/arm-none-eabi/4.7.3/../../../../arm-none-eabi/lib/armv6-m\libc_s.a(lib_a-init.o)
 .data          0x00000000        0x0 c:/program files (x86)/cypress/psoc creator/3.0/psoc creator/import/gnu_cs/arm/4.7.3/bin/../lib/gcc/arm-none-eabi/4.7.3/../../../../arm-none-eabi/lib/armv6-m\libc_s.a(lib_a-init.o)
 .bss           0x00000000        0x0 c:/program files (x86)/cypress/psoc creator/3.0/psoc creator/import/gnu_cs/arm/4.7.3/bin/../lib/gcc/arm-none-eabi/4.7.3/../../../../arm-none-eabi/lib/armv6-m\libc_s.a(lib_a-init.o)
 .text          0x00000000        0x0 c:/program files (x86)/cypress/psoc creator/3.0/psoc creator/import/gnu_cs/arm/4.7.3/bin/../lib/gcc/arm-none-eabi/4.7.3/../../../../arm-none-eabi/lib/armv6-m\libc_s.a(lib_a-memset.o)
 .data          0x00000000        0x0 c:/program files (x86)/cypress/psoc creator/3.0/psoc creator/import/gnu_cs/arm/4.7.3/bin/../lib/gcc/arm-none-eabi/4.7.3/../../../../arm-none-eabi/lib/armv6-m\libc_s.a(lib_a-memset.o)
 .bss           0x00000000        0x0 c:/program files (x86)/cypress/psoc creator/3.0/psoc creator/import/gnu_cs/arm/4.7.3/bin/../lib/gcc/arm-none-eabi/4.7.3/../../../../arm-none-eabi/lib/armv6-m\libc_s.a(lib_a-memset.o)
 .text          0x00000000        0x0 c:/program files (x86)/cypress/psoc creator/3.0/psoc creator/import/gnu_cs/arm/4.7.3/bin/../lib/gcc/arm-none-eabi/4.7.3/armv6-m/crtend.o
 .data          0x00000000        0x0 c:/program files (x86)/cypress/psoc creator/3.0/psoc creator/import/gnu_cs/arm/4.7.3/bin/../lib/gcc/arm-none-eabi/4.7.3/armv6-m/crtend.o
 .bss           0x00000000        0x0 c:/program files (x86)/cypress/psoc creator/3.0/psoc creator/import/gnu_cs/arm/4.7.3/bin/../lib/gcc/arm-none-eabi/4.7.3/armv6-m/crtend.o
 .text          0x00000000        0x0 c:/program files (x86)/cypress/psoc creator/3.0/psoc creator/import/gnu_cs/arm/4.7.3/bin/../lib/gcc/arm-none-eabi/4.7.3/armv6-m/crtn.o
 .data          0x00000000        0x0 c:/program files (x86)/cypress/psoc creator/3.0/psoc creator/import/gnu_cs/arm/4.7.3/bin/../lib/gcc/arm-none-eabi/4.7.3/armv6-m/crtn.o
 .bss           0x00000000        0x0 c:/program files (x86)/cypress/psoc creator/3.0/psoc creator/import/gnu_cs/arm/4.7.3/bin/../lib/gcc/arm-none-eabi/4.7.3/armv6-m/crtn.o

Memory Configuration

Name             Origin             Length             Attributes
rom              0x00000000         0x00008000         xr
ram              0x20000000         0x00001000         xrw
*default*        0x00000000         0xffffffff

Linker script and memory map

LOAD c:/program files (x86)/cypress/psoc creator/3.0/psoc creator/import/gnu_cs/arm/4.7.3/bin/../lib/gcc/arm-none-eabi/4.7.3/armv6-m/crti.o
LOAD c:/program files (x86)/cypress/psoc creator/3.0/psoc creator/import/gnu_cs/arm/4.7.3/bin/../lib/gcc/arm-none-eabi/4.7.3/armv6-m/crtbegin.o
LOAD c:/program files (x86)/cypress/psoc creator/3.0/psoc creator/import/gnu_cs/arm/4.7.3/bin/../lib/gcc/arm-none-eabi/4.7.3/../../../../arm-none-eabi/lib/armv6-m/crt0.o
START GROUP
LOAD .\CortexM0\ARM_GCC_473\Debug\main.o
LOAD .\CortexM0\ARM_GCC_473\Debug\LED_Matrix.o
LOAD .\CortexM0\ARM_GCC_473\Debug\I2CDriver.o
LOAD .\CortexM0\ARM_GCC_473\Debug\cymetadata.o
LOAD .\CortexM0\ARM_GCC_473\Debug\Cm0Start.o
LOAD .\CortexM0\ARM_GCC_473\Debug\RGB_LED_Matrix.a
LOAD C:\Program Files (x86)\Cypress\PSoC Creator\3.0\PSoC Creator\psoc\content\cycomponentlibrary\CyComponentLibrary.cylib\CortexM0\ARM_GCC_473\Debug\CyComponentLibrary.a
END GROUP
START GROUP
LOAD c:/program files (x86)/cypress/psoc creator/3.0/psoc creator/import/gnu_cs/arm/4.7.3/bin/../lib/gcc/arm-none-eabi/4.7.3/armv6-m\libgcc.a
LOAD c:/program files (x86)/cypress/psoc creator/3.0/psoc creator/import/gnu_cs/arm/4.7.3/bin/../lib/gcc/arm-none-eabi/4.7.3/../../../../arm-none-eabi/lib/armv6-m\libc_s.a
END GROUP
LOAD c:/program files (x86)/cypress/psoc creator/3.0/psoc creator/import/gnu_cs/arm/4.7.3/bin/../lib/gcc/arm-none-eabi/4.7.3/armv6-m/crtend.o
LOAD c:/program files (x86)/cypress/psoc creator/3.0/psoc creator/import/gnu_cs/arm/4.7.3/bin/../lib/gcc/arm-none-eabi/4.7.3/armv6-m/crtn.o
START GROUP
LOAD c:/program files (x86)/cypress/psoc creator/3.0/psoc creator/import/gnu_cs/arm/4.7.3/bin/../lib/gcc/arm-none-eabi/4.7.3/armv6-m\libgcc.a
LOAD c:/program files (x86)/cypress/psoc creator/3.0/psoc creator/import/gnu_cs/arm/4.7.3/bin/../lib/gcc/arm-none-eabi/4.7.3/../../../../arm-none-eabi/lib/armv6-m\libc.a
LOAD c:/program files (x86)/cypress/psoc creator/3.0/psoc creator/import/gnu_cs/arm/4.7.3/bin/../lib/gcc/arm-none-eabi/4.7.3/../../../../arm-none-eabi/lib/armv6-m\libnosys.a
END GROUP
                0x00000000                CY_APPL_ORIGIN = 0x0
                0x00000080                CY_FLASH_ROW_SIZE = 0x80
                0x00000001                CY_APPL_NUM = 0x1
                0x00000040                CY_METADATA_SIZE = 0x40
                0x20000520                PROVIDE (__cy_heap_start, _end)
                0x00000001                PROVIDE (__cy_region_num, ((__cy_regions_end - __cy_regions) / 0x10))
                0x20001000                PROVIDE (__cy_stack, (ORIGIN (ram) + 0x1000))
                0x20000c00                PROVIDE (__cy_heap_end, (__cy_stack - 0x400))

.cybootloader   0x00000000        0x0
 *(.cybootloader)
                0x00000000                appl1_start = CY_APPL_ORIGIN?CY_APPL_ORIGIN:ALIGN (CY_FLASH_ROW_SIZE)
                0x00003f80                appl2_start = (appl1_start + ALIGN ((((0x8000 - appl1_start) - (0x2 * CY_FLASH_ROW_SIZE)) / 0x2), CY_FLASH_ROW_SIZE))
                0x00000000                appl_start = (CY_APPL_NUM == 0x1)?appl1_start:appl2_start

.text           0x00000000     0x1176
 CREATE_OBJECT_SYMBOLS
                0x00000000                PROVIDE (__cy_interrupt_vector, RomVectors)
 *(.romvectors)
 .romvectors    0x00000000       0x10 .\CortexM0\ARM_GCC_473\Debug\Cm0Start.o
                0x00000000                RomVectors
                0x00000001                ASSERT ((. != __cy_interrupt_vector), No interrupt vector)
                0x00000001                ASSERT (CY_APPL_ORIGIN?(SIZEOF (.cybootloader) <= CY_APPL_ORIGIN):0x1, Wrong image location)
                0x00000010                PROVIDE (__cy_reset, Reset)
 *(.text.Reset)
 .text.Reset    0x00000010        0x8 .\CortexM0\ARM_GCC_473\Debug\Cm0Start.o
                0x00000010                Reset
                0x00000001                ASSERT ((. != __cy_reset), No reset code)
 *(.psocinit)
 .psocinit      0x00000018      0x2d4 .\CortexM0\ARM_GCC_473\Debug\RGB_LED_Matrix.a(cyfitter_cfg.o)
                0x00000018                cyfitter_cfg
                0x000002ec                . = MAX (., 0x100)
 *(.text .text.* .gnu.linkonce.t.*)
 .text          0x000002ec       0x60 c:/program files (x86)/cypress/psoc creator/3.0/psoc creator/import/gnu_cs/arm/4.7.3/bin/../lib/gcc/arm-none-eabi/4.7.3/armv6-m/crtbegin.o
 .text.FIFO_EMPTY
                0x0000034c      0x1dc .\CortexM0\ARM_GCC_473\Debug\main.o
                0x0000034c                FIFO_EMPTY
 .text.eoc_isr  0x00000528      0x138 .\CortexM0\ARM_GCC_473\Debug\main.o
                0x00000528                eoc_isr
 .text.startup.main
                0x00000660      0x1a0 .\CortexM0\ARM_GCC_473\Debug\main.o
                0x00000660                main
 .text.clearPixel
                0x00000800       0x78 .\CortexM0\ARM_GCC_473\Debug\LED_Matrix.o
                0x00000800                clearPixel
 .text.drawPixel
                0x00000878       0xf8 .\CortexM0\ARM_GCC_473\Debug\LED_Matrix.o
                0x00000878                drawPixel
 .text.clearScreen
                0x00000970       0x50 .\CortexM0\ARM_GCC_473\Debug\LED_Matrix.o
                0x00000970                clearScreen
 .text.drawLine
                0x000009c0      0x200 .\CortexM0\ARM_GCC_473\Debug\LED_Matrix.o
                0x000009c0                drawLine
 .text.drawFastVLine
                0x00000bc0       0x24 .\CortexM0\ARM_GCC_473\Debug\LED_Matrix.o
                0x00000bc0                drawFastVLine
 .text.drawblock
                0x00000be4       0x64 .\CortexM0\ARM_GCC_473\Debug\LED_Matrix.o
                0x00000be4                drawblock
 .text.ifDataChange
                0x00000c48       0x6c .\CortexM0\ARM_GCC_473\Debug\LED_Matrix.o
                0x00000c48                ifDataChange
 .text.IntDefaultHandler
                0x00000cb4        0x4 .\CortexM0\ARM_GCC_473\Debug\Cm0Start.o
                0x00000cb4                IntDefaultHandler
 .text.Start_c  0x00000cb8       0xb4 .\CortexM0\ARM_GCC_473\Debug\Cm0Start.o
                0x00000cb8                Start_c
 .text.startup.initialize_psoc
                0x00000d6c       0x50 .\CortexM0\ARM_GCC_473\Debug\Cm0Start.o
                0x00000d6c                initialize_psoc
 .text.isr_2_SetPriority
                0x00000dbc       0x20 .\CortexM0\ARM_GCC_473\Debug\RGB_LED_Matrix.a(isr_2.o)
                0x00000dbc                isr_2_SetPriority
 .text.isr_2_StartEx
                0x00000ddc       0x24 .\CortexM0\ARM_GCC_473\Debug\RGB_LED_Matrix.a(isr_2.o)
                0x00000ddc                isr_2_StartEx
 .text.LED_Matrix_1_Start
                0x00000e00        0xc .\CortexM0\ARM_GCC_473\Debug\RGB_LED_Matrix.a(LED_Matrix_1.o)
                0x00000e00                LED_Matrix_1_Start
 *fill*         0x00000e0c        0x4 00
 .text          0x00000e10       0x20 .\CortexM0\ARM_GCC_473\Debug\RGB_LED_Matrix.a(CyBootAsmGnu.o)
                0x00000e10                CyDelayCycles
                0x00000e22                CyEnterCriticalSection
                0x00000e2a                CyExitCriticalSection
 .text.CyIntSetVector
                0x00000e30       0x18 .\CortexM0\ARM_GCC_473\Debug\RGB_LED_Matrix.a(CyLib.o)
                0x00000e30                CyIntSetVector
 .text.CyIntSetPriority
                0x00000e48       0x40 .\CortexM0\ARM_GCC_473\Debug\RGB_LED_Matrix.a(CyLib.o)
                0x00000e48                CyIntSetPriority
 .text.CyDelay  0x00000e88       0x80 .\CortexM0\ARM_GCC_473\Debug\RGB_LED_Matrix.a(CyLib.o)
                0x00000e88                CyDelay
 .text.CyDelayUs
                0x00000f08       0x14 .\CortexM0\ARM_GCC_473\Debug\RGB_LED_Matrix.a(CyLib.o)
                0x00000f08                CyDelayUs
 .text.ADC_Init
                0x00000f1c      0x158 .\CortexM0\ARM_GCC_473\Debug\RGB_LED_Matrix.a(ADC.o)
                0x00000f1c                ADC_Init
 .text.ADC_Enable
                0x00001074       0x1c .\CortexM0\ARM_GCC_473\Debug\RGB_LED_Matrix.a(ADC.o)
                0x00001074                ADC_Enable
 .text.ADC_Start
                0x00001090       0x1c .\CortexM0\ARM_GCC_473\Debug\RGB_LED_Matrix.a(ADC.o)
                0x00001090                ADC_Start
 .text.ADC_StartConvert
                0x000010ac       0x14 .\CortexM0\ARM_GCC_473\Debug\RGB_LED_Matrix.a(ADC.o)
                0x000010ac                ADC_StartConvert
 .text.ADC_ISR  0x000010c0        0xc .\CortexM0\ARM_GCC_473\Debug\RGB_LED_Matrix.a(ADC_INT.o)
                0x000010c0                ADC_ISR
 .text.eoc_SetPriority
                0x000010cc       0x28 .\CortexM0\ARM_GCC_473\Debug\RGB_LED_Matrix.a(eoc.o)
                0x000010cc                eoc_SetPriority
 .text.eoc_StartEx
                0x000010f4       0x24 .\CortexM0\ARM_GCC_473\Debug\RGB_LED_Matrix.a(eoc.o)
                0x000010f4                eoc_StartEx
 .text.__libc_init_array
                0x00001118       0x4c c:/program files (x86)/cypress/psoc creator/3.0/psoc creator/import/gnu_cs/arm/4.7.3/bin/../lib/gcc/arm-none-eabi/4.7.3/../../../../arm-none-eabi/lib/armv6-m\libc_s.a(lib_a-init.o)
                0x00001118                __libc_init_array
 .text.memset   0x00001164       0x12 c:/program files (x86)/cypress/psoc creator/3.0/psoc creator/import/gnu_cs/arm/4.7.3/bin/../lib/gcc/arm-none-eabi/4.7.3/../../../../arm-none-eabi/lib/armv6-m\libc_s.a(lib_a-memset.o)
                0x00001164                memset
 *(.plt)
 *(.gnu.warning)
 *(.glue_7t)
 .glue_7t       0x00000000        0x0 linker stubs
 *(.glue_7)
 .glue_7        0x00000000        0x0 linker stubs
 *(.vfp11_veneer)
 .vfp11_veneer  0x00000000        0x0 linker stubs
 *(.bootloader)
 *(.ARM.extab* .gnu.linkonce.armextab.*)
 *(.gcc_except_table)

.v4_bx          0x00001178        0x0
 .v4_bx         0x00000000        0x0 linker stubs

.iplt           0x00001178        0x0
 .iplt          0x00000000        0x0 c:/program files (x86)/cypress/psoc creator/3.0/psoc creator/import/gnu_cs/arm/4.7.3/bin/../lib/gcc/arm-none-eabi/4.7.3/armv6-m/crtbegin.o

.eh_frame_hdr
 *(.eh_frame_hdr)

.eh_frame       0x00001178        0x4
 *(.eh_frame)
 .eh_frame      0x00001178        0x0 c:/program files (x86)/cypress/psoc creator/3.0/psoc creator/import/gnu_cs/arm/4.7.3/bin/../lib/gcc/arm-none-eabi/4.7.3/armv6-m/crtbegin.o
 .eh_frame      0x00001178        0x4 c:/program files (x86)/cypress/psoc creator/3.0/psoc creator/import/gnu_cs/arm/4.7.3/bin/../lib/gcc/arm-none-eabi/4.7.3/armv6-m/crtend.o
                0x0000117c                PROVIDE (__exidx_start, .)

.ARM.exidx
 *(.ARM.exidx* .gnu.linkonce.armexidx.*)
                0x0000117c                __exidx_end = .

.rodata         0x0000117c      0x2b4
 *(.rodata .rodata.* .gnu.linkonce.r.*)
 .rodata        0x0000117c      0x27c .\CortexM0\ARM_GCC_473\Debug\RGB_LED_Matrix.a(cyfitter_cfg.o)
                0x000013f8                . = ALIGN (0x4)
 *(.init)
 .init          0x000013f8        0x4 c:/program files (x86)/cypress/psoc creator/3.0/psoc creator/import/gnu_cs/arm/4.7.3/bin/../lib/gcc/arm-none-eabi/4.7.3/armv6-m/crti.o
                0x000013f8                _init
 .init          0x000013fc        0x8 c:/program files (x86)/cypress/psoc creator/3.0/psoc creator/import/gnu_cs/arm/4.7.3/bin/../lib/gcc/arm-none-eabi/4.7.3/armv6-m/crtn.o
                0x00001404                . = ALIGN (0x4)
                0x00001404                __preinit_array_start = .
 *(.preinit_array)
                0x00001404                __preinit_array_end = .
                0x00001404                . = ALIGN (0x4)
                0x00001404                __init_array_start = .
 *(SORT(.init_array.*))
 *(.init_array)
 .init_array    0x00001404        0x4 c:/program files (x86)/cypress/psoc creator/3.0/psoc creator/import/gnu_cs/arm/4.7.3/bin/../lib/gcc/arm-none-eabi/4.7.3/armv6-m/crtbegin.o
 .init_array    0x00001408        0x4 .\CortexM0\ARM_GCC_473\Debug\Cm0Start.o
                0x0000140c                __init_array_end = .
                0x0000140c                . = ALIGN (0x4)
 *(.fini)
 .fini          0x0000140c        0x4 c:/program files (x86)/cypress/psoc creator/3.0/psoc creator/import/gnu_cs/arm/4.7.3/bin/../lib/gcc/arm-none-eabi/4.7.3/armv6-m/crti.o
                0x0000140c                _fini
 .fini          0x00001410        0x8 c:/program files (x86)/cypress/psoc creator/3.0/psoc creator/import/gnu_cs/arm/4.7.3/bin/../lib/gcc/arm-none-eabi/4.7.3/armv6-m/crtn.o
                0x00001418                . = ALIGN (0x4)
                0x00001418                __fini_array_start = .
 *(.fini_array)
 .fini_array    0x00001418        0x4 c:/program files (x86)/cypress/psoc creator/3.0/psoc creator/import/gnu_cs/arm/4.7.3/bin/../lib/gcc/arm-none-eabi/4.7.3/armv6-m/crtbegin.o
 *(SORT(.fini_array.*))
                0x0000141c                __fini_array_end = .
                0x0000141c                . = ALIGN (0x4)
 *crtbegin.o(.ctors)
 *(EXCLUDE_FILE(*crtend.o) .ctors)
 *(SORT(.ctors.*))
 *crtend.o(.ctors)
                0x0000141c                . = ALIGN (0x4)
 *crtbegin.o(.dtors)
 *(EXCLUDE_FILE(*crtend.o) .dtors)
 *(SORT(.dtors.*))
 *crtend.o(.dtors)
                0x0000141c                . = ALIGN (0x4)
                0x0000141c                __cy_regions = .
                0x0000141c        0x4 LONG 0x1430 __cy_region_init_ram
                0x00001420        0x4 LONG 0x200000c8 __cy_region_start_data
                0x00001424        0x4 LONG 0x18 __cy_region_init_size_ram
                0x00001428        0x4 LONG 0x440 __cy_region_zero_size_ram
                0x0000142c                __cy_regions_end = .
                0x00001430                . = ALIGN (0x8)
 *fill*         0x0000142c        0x4 00
                0x00001430                _etext = .

.ramvectors     0x20000000       0xc0
                0x20000000                __cy_region_start_ram = .
 *(.ramvectors)
 .ramvectors    0x20000000       0xc0 .\CortexM0\ARM_GCC_473\Debug\Cm0Start.o
                0x20000000                CyRamVectors

.noinit         0x200000c0        0x4
 *(.noinit)
 .noinit        0x200000c0        0x4 .\CortexM0\ARM_GCC_473\Debug\Cm0Start.o

.data           0x200000c8       0x18 load address 0x00001430
                0x200000c8                __cy_region_start_data = .
 *(.jcr)
 .jcr           0x200000c8        0x0 c:/program files (x86)/cypress/psoc creator/3.0/psoc creator/import/gnu_cs/arm/4.7.3/bin/../lib/gcc/arm-none-eabi/4.7.3/armv6-m/crtbegin.o
 .jcr           0x200000c8        0x4 c:/program files (x86)/cypress/psoc creator/3.0/psoc creator/import/gnu_cs/arm/4.7.3/bin/../lib/gcc/arm-none-eabi/4.7.3/armv6-m/crtend.o
 *(.got.plt)
 *(.got)
 *(.shdata)
 *(.data .data.* .gnu.linkonce.d.*)
 .data          0x200000cc       0x10 .\CortexM0\ARM_GCC_473\Debug\RGB_LED_Matrix.a(CyLib.o)
                0x200000cc                cydelay32kMs
                0x200000d0                cydelayFreqKhz
                0x200000d4                cydelayFreqMhz
                0x200000d8                cydelayFreqHz
                0x200000e0                . = ALIGN (0x8)
 *fill*         0x200000dc        0x4 00
 *(.ram)
                0x200000e0                _edata = .

.igot.plt       0x200000e0        0x0 load address 0x00001448
 .igot.plt      0x00000000        0x0 c:/program files (x86)/cypress/psoc creator/3.0/psoc creator/import/gnu_cs/arm/4.7.3/bin/../lib/gcc/arm-none-eabi/4.7.3/armv6-m/crtbegin.o

.bss            0x200000e0      0x440 load address 0x00001448
                0x200000e0                PROVIDE (__bss_start__, .)
 *(.shbss)
 *(.bss .bss.* .gnu.linkonce.b.*)
 .bss           0x200000e0       0x1c c:/program files (x86)/cypress/psoc creator/3.0/psoc creator/import/gnu_cs/arm/4.7.3/bin/../lib/gcc/arm-none-eabi/4.7.3/armv6-m/crtbegin.o
 .bss           0x200000fc       0x2c .\CortexM0\ARM_GCC_473\Debug\main.o
                0x200000fc                pwm_count
                0x200000fd                j
                0x20000100                result
                0x20000110                w
                0x20000114                dataReady
                0x20000118                PB
                0x2000011c                oldResult
                0x20000124                refresh
 .bss           0x20000128        0x1 .\CortexM0\ARM_GCC_473\Debug\RGB_LED_Matrix.a(ADC.o)
                0x20000128                ADC_initVar
 *(COMMON)
 *fill*         0x20000129        0x3 00
 COMMON         0x2000012c      0x3c1 .\CortexM0\ARM_GCC_473\Debug\main.o
                0x2000012c                matrix
                0x200004ec                bit_shift
 *fill*         0x200004ed        0x3 00
 COMMON         0x200004f0       0x30 .\CortexM0\ARM_GCC_473\Debug\RGB_LED_Matrix.a(ADC.o)
                0x200004f0                ADC_countsPer10Volt
                0x20000510                ADC_offset
                0x20000520                . = ALIGN (0x8)
 *(.ram.b)
                0x20000520                _end = .
                0x20000520                __end = .
                0x20000520                PROVIDE (end, .)
                0x20000520                PROVIDE (__bss_end__, .)
                0x00001430                __cy_region_init_ram = LOADADDR (.data)
                0x00000018                __cy_region_init_size_ram = (_edata - ADDR (.data))
                0x00000440                __cy_region_zero_size_ram = (_end - _edata)

.heap           0x20000520      0x100 load address 0x00001448
                0x20000520                . = _end
                0x20000620                . = (. + 0x100)
 *fill*         0x20000520      0x100 00
                0x20000620                __cy_heap_limit = .

.stack          0x20000c00      0x400
                0x20000c00                __cy_stack_limit = .
                0x20001000                . = (. + 0x400)
 *fill*         0x20000c00      0x400 00
                0x00000001                ASSERT ((__cy_stack_limit >= __cy_heap_limit), region RAM overflowed with stack)

.cyloadermeta
 *(.cyloadermeta)

.cyloadablemeta
 *(.cyloadablemeta)

.cyflashprotect
                0x90400000       0x20
 *(.cyflashprotect)
 .cyflashprotect
                0x90400000       0x20 .\CortexM0\ARM_GCC_473\Debug\cymetadata.o
                0x90400000                cy_meta_flashprotect

.cymeta         0x90500000        0xc
 *(.cymeta)
 .cymeta        0x90500000        0xc .\CortexM0\ARM_GCC_473\Debug\cymetadata.o
                0x90500000                cy_metadata

.cychipprotect  0x90600000        0x4
 *(.cychipprotect)
 .cychipprotect
                0x90600000        0x4 .\CortexM0\ARM_GCC_473\Debug\cymetadata.o
                0x90600000                cy_meta_chipprotect

.rel.dyn        0x00001448        0x0 load address 0x90600004
 .rel.iplt      0x00000000        0x0 c:/program files (x86)/cypress/psoc creator/3.0/psoc creator/import/gnu_cs/arm/4.7.3/bin/../lib/gcc/arm-none-eabi/4.7.3/armv6-m/crtbegin.o

.stab
 *(.stab)

.stabstr
 *(.stabstr)

.debug
 *(.debug)

.line
 *(.line)

.debug_srcinfo
 *(.debug_srcinfo)

.debug_sfnames
 *(.debug_sfnames)

.debug_aranges  0x00000000      0x7a0
 *(.debug_aranges)
 .debug_aranges
                0x00000000       0x38 .\CortexM0\ARM_GCC_473\Debug\main.o
 .debug_aranges
                0x00000038      0x128 .\CortexM0\ARM_GCC_473\Debug\LED_Matrix.o
 .debug_aranges
                0x00000160       0x50 .\CortexM0\ARM_GCC_473\Debug\I2CDriver.o
 .debug_aranges
                0x000001b0       0x18 .\CortexM0\ARM_GCC_473\Debug\cymetadata.o
 .debug_aranges
                0x000001c8       0x40 .\CortexM0\ARM_GCC_473\Debug\Cm0Start.o
 .debug_aranges
                0x00000208       0x28 .\CortexM0\ARM_GCC_473\Debug\RGB_LED_Matrix.a(cyfitter_cfg.o)
 .debug_aranges
                0x00000230       0x80 .\CortexM0\ARM_GCC_473\Debug\RGB_LED_Matrix.a(isr_2.o)
 .debug_aranges
                0x000002b0       0x20 .\CortexM0\ARM_GCC_473\Debug\RGB_LED_Matrix.a(LED_Matrix_1.o)
 .debug_aranges
                0x000002d0       0x20 .\CortexM0\ARM_GCC_473\Debug\RGB_LED_Matrix.a(CyBootAsmGnu.o)
 .debug_aranges
                0x000002f0      0x198 .\CortexM0\ARM_GCC_473\Debug\RGB_LED_Matrix.a(CyLib.o)
 .debug_aranges
                0x00000488       0xa8 .\CortexM0\ARM_GCC_473\Debug\RGB_LED_Matrix.a(ADC.o)
 .debug_aranges
                0x00000530       0x20 .\CortexM0\ARM_GCC_473\Debug\RGB_LED_Matrix.a(ADC_INT.o)
 .debug_aranges
                0x00000550       0x80 .\CortexM0\ARM_GCC_473\Debug\RGB_LED_Matrix.a(eoc.o)
 .debug_aranges
                0x000005d0       0x88 .\CortexM0\ARM_GCC_473\Debug\RGB_LED_Matrix.a(RTC_I2C_MASTER.o)
 .debug_aranges
                0x00000658       0x80 .\CortexM0\ARM_GCC_473\Debug\RGB_LED_Matrix.a(RTC_SCB_IRQ.o)
 .debug_aranges
                0x000006d8       0x40 .\CortexM0\ARM_GCC_473\Debug\RGB_LED_Matrix.a(RTC_scl.o)
 .debug_aranges
                0x00000718       0x28 .\CortexM0\ARM_GCC_473\Debug\RGB_LED_Matrix.a(RTC_I2C.o)
 .debug_aranges
                0x00000740       0x20 .\CortexM0\ARM_GCC_473\Debug\RGB_LED_Matrix.a(RTC_I2C_INT.o)
 .debug_aranges
                0x00000760       0x40 .\CortexM0\ARM_GCC_473\Debug\RGB_LED_Matrix.a(RTC.o)

.debug_pubnames
 *(.debug_pubnames)

.debug_info     0x00000000     0x6726
 *(.debug_info .gnu.linkonce.wi.*)
 .debug_info    0x00000000      0x548 .\CortexM0\ARM_GCC_473\Debug\main.o
 .debug_info    0x00000548     0x230f .\CortexM0\ARM_GCC_473\Debug\LED_Matrix.o
 .debug_info    0x00002857      0x5cc .\CortexM0\ARM_GCC_473\Debug\I2CDriver.o
 .debug_info    0x00002e23      0x100 .\CortexM0\ARM_GCC_473\Debug\cymetadata.o
 .debug_info    0x00002f23      0x310 .\CortexM0\ARM_GCC_473\Debug\Cm0Start.o
 .debug_info    0x00003233      0x547 .\CortexM0\ARM_GCC_473\Debug\RGB_LED_Matrix.a(cyfitter_cfg.o)
 .debug_info    0x0000377a      0x38e .\CortexM0\ARM_GCC_473\Debug\RGB_LED_Matrix.a(isr_2.o)
 .debug_info    0x00003b08       0xdb .\CortexM0\ARM_GCC_473\Debug\RGB_LED_Matrix.a(LED_Matrix_1.o)
 .debug_info    0x00003be3       0x8b .\CortexM0\ARM_GCC_473\Debug\RGB_LED_Matrix.a(CyBootAsmGnu.o)
 .debug_info    0x00003c6e      0xf03 .\CortexM0\ARM_GCC_473\Debug\RGB_LED_Matrix.a(CyLib.o)
 .debug_info    0x00004b71      0x613 .\CortexM0\ARM_GCC_473\Debug\RGB_LED_Matrix.a(ADC.o)
 .debug_info    0x00005184       0xca .\CortexM0\ARM_GCC_473\Debug\RGB_LED_Matrix.a(ADC_INT.o)
 .debug_info    0x0000524e      0x38e .\CortexM0\ARM_GCC_473\Debug\RGB_LED_Matrix.a(eoc.o)
 .debug_info    0x000055dc      0x69c .\CortexM0\ARM_GCC_473\Debug\RGB_LED_Matrix.a(RTC_I2C_MASTER.o)
 .debug_info    0x00005c78      0x38e .\CortexM0\ARM_GCC_473\Debug\RGB_LED_Matrix.a(RTC_SCB_IRQ.o)
 .debug_info    0x00006006      0x165 .\CortexM0\ARM_GCC_473\Debug\RGB_LED_Matrix.a(RTC_scl.o)
 .debug_info    0x0000616b      0x193 .\CortexM0\ARM_GCC_473\Debug\RGB_LED_Matrix.a(RTC_I2C.o)
 .debug_info    0x000062fe      0x1e8 .\CortexM0\ARM_GCC_473\Debug\RGB_LED_Matrix.a(RTC_I2C_INT.o)
 .debug_info    0x000064e6      0x240 .\CortexM0\ARM_GCC_473\Debug\RGB_LED_Matrix.a(RTC.o)

.debug_abbrev   0x00000000     0x1cc8
 *(.debug_abbrev)
 .debug_abbrev  0x00000000      0x1af .\CortexM0\ARM_GCC_473\Debug\main.o
 .debug_abbrev  0x000001af      0x1b4 .\CortexM0\ARM_GCC_473\Debug\LED_Matrix.o
 .debug_abbrev  0x00000363      0x220 .\CortexM0\ARM_GCC_473\Debug\I2CDriver.o
 .debug_abbrev  0x00000583       0x5d .\CortexM0\ARM_GCC_473\Debug\cymetadata.o
 .debug_abbrev  0x000005e0      0x199 .\CortexM0\ARM_GCC_473\Debug\Cm0Start.o
 .debug_abbrev  0x00000779      0x27f .\CortexM0\ARM_GCC_473\Debug\RGB_LED_Matrix.a(cyfitter_cfg.o)
 .debug_abbrev  0x000009f8      0x249 .\CortexM0\ARM_GCC_473\Debug\RGB_LED_Matrix.a(isr_2.o)
 .debug_abbrev  0x00000c41       0x8d .\CortexM0\ARM_GCC_473\Debug\RGB_LED_Matrix.a(LED_Matrix_1.o)
 .debug_abbrev  0x00000cce       0x14 .\CortexM0\ARM_GCC_473\Debug\RGB_LED_Matrix.a(CyBootAsmGnu.o)
 .debug_abbrev  0x00000ce2      0x361 .\CortexM0\ARM_GCC_473\Debug\RGB_LED_Matrix.a(CyLib.o)
 .debug_abbrev  0x00001043      0x1ea .\CortexM0\ARM_GCC_473\Debug\RGB_LED_Matrix.a(ADC.o)
 .debug_abbrev  0x0000122d       0x67 .\CortexM0\ARM_GCC_473\Debug\RGB_LED_Matrix.a(ADC_INT.o)
 .debug_abbrev  0x00001294      0x249 .\CortexM0\ARM_GCC_473\Debug\RGB_LED_Matrix.a(eoc.o)
 .debug_abbrev  0x000014dd      0x1ec .\CortexM0\ARM_GCC_473\Debug\RGB_LED_Matrix.a(RTC_I2C_MASTER.o)
 .debug_abbrev  0x000016c9      0x249 .\CortexM0\ARM_GCC_473\Debug\RGB_LED_Matrix.a(RTC_SCB_IRQ.o)
 .debug_abbrev  0x00001912       0xbb .\CortexM0\ARM_GCC_473\Debug\RGB_LED_Matrix.a(RTC_scl.o)
 .debug_abbrev  0x000019cd      0x10f .\CortexM0\ARM_GCC_473\Debug\RGB_LED_Matrix.a(RTC_I2C.o)
 .debug_abbrev  0x00001adc       0xcd .\CortexM0\ARM_GCC_473\Debug\RGB_LED_Matrix.a(RTC_I2C_INT.o)
 .debug_abbrev  0x00001ba9      0x11f .\CortexM0\ARM_GCC_473\Debug\RGB_LED_Matrix.a(RTC.o)

.debug_line     0x00000000     0x24f4
 *(.debug_line)
 .debug_line    0x00000000      0x1f9 .\CortexM0\ARM_GCC_473\Debug\main.o
 .debug_line    0x000001f9      0x722 .\CortexM0\ARM_GCC_473\Debug\LED_Matrix.o
 .debug_line    0x0000091b      0x152 .\CortexM0\ARM_GCC_473\Debug\I2CDriver.o
 .debug_line    0x00000a6d       0x53 .\CortexM0\ARM_GCC_473\Debug\cymetadata.o
 .debug_line    0x00000ac0      0x1b9 .\CortexM0\ARM_GCC_473\Debug\Cm0Start.o
 .debug_line    0x00000c79      0x236 .\CortexM0\ARM_GCC_473\Debug\RGB_LED_Matrix.a(cyfitter_cfg.o)
 .debug_line    0x00000eaf      0x1a9 .\CortexM0\ARM_GCC_473\Debug\RGB_LED_Matrix.a(isr_2.o)
 .debug_line    0x00001058       0x73 .\CortexM0\ARM_GCC_473\Debug\RGB_LED_Matrix.a(LED_Matrix_1.o)
 .debug_line    0x000010cb       0x68 .\CortexM0\ARM_GCC_473\Debug\RGB_LED_Matrix.a(CyBootAsmGnu.o)
 .debug_line    0x00001133      0x5d1 .\CortexM0\ARM_GCC_473\Debug\RGB_LED_Matrix.a(CyLib.o)
 .debug_line    0x00001704      0x299 .\CortexM0\ARM_GCC_473\Debug\RGB_LED_Matrix.a(ADC.o)
 .debug_line    0x0000199d       0x6a .\CortexM0\ARM_GCC_473\Debug\RGB_LED_Matrix.a(ADC_INT.o)
 .debug_line    0x00001a07      0x1a5 .\CortexM0\ARM_GCC_473\Debug\RGB_LED_Matrix.a(eoc.o)
 .debug_line    0x00001bac      0x356 .\CortexM0\ARM_GCC_473\Debug\RGB_LED_Matrix.a(RTC_I2C_MASTER.o)
 .debug_line    0x00001f02      0x1ad .\CortexM0\ARM_GCC_473\Debug\RGB_LED_Matrix.a(RTC_SCB_IRQ.o)
 .debug_line    0x000020af       0xb6 .\CortexM0\ARM_GCC_473\Debug\RGB_LED_Matrix.a(RTC_scl.o)
 .debug_line    0x00002165       0xc7 .\CortexM0\ARM_GCC_473\Debug\RGB_LED_Matrix.a(RTC_I2C.o)
 .debug_line    0x0000222c      0x1db .\CortexM0\ARM_GCC_473\Debug\RGB_LED_Matrix.a(RTC_I2C_INT.o)
 .debug_line    0x00002407       0xed .\CortexM0\ARM_GCC_473\Debug\RGB_LED_Matrix.a(RTC.o)

.debug_frame    0x00000000     0x174c
 *(.debug_frame)
 .debug_frame   0x00000000       0xa8 .\CortexM0\ARM_GCC_473\Debug\main.o
 .debug_frame   0x000000a8      0x59c .\CortexM0\ARM_GCC_473\Debug\LED_Matrix.o
 .debug_frame   0x00000644       0xd8 .\CortexM0\ARM_GCC_473\Debug\I2CDriver.o
 .debug_frame   0x0000071c       0xa8 .\CortexM0\ARM_GCC_473\Debug\Cm0Start.o
 .debug_frame   0x000007c4       0x58 .\CortexM0\ARM_GCC_473\Debug\RGB_LED_Matrix.a(cyfitter_cfg.o)
 .debug_frame   0x0000081c      0x104 .\CortexM0\ARM_GCC_473\Debug\RGB_LED_Matrix.a(isr_2.o)
 .debug_frame   0x00000920       0x2c .\CortexM0\ARM_GCC_473\Debug\RGB_LED_Matrix.a(LED_Matrix_1.o)
 .debug_frame   0x0000094c      0x444 .\CortexM0\ARM_GCC_473\Debug\RGB_LED_Matrix.a(CyLib.o)
 .debug_frame   0x00000d90      0x1bc .\CortexM0\ARM_GCC_473\Debug\RGB_LED_Matrix.a(ADC.o)
 .debug_frame   0x00000f4c       0x20 .\CortexM0\ARM_GCC_473\Debug\RGB_LED_Matrix.a(ADC_INT.o)
 .debug_frame   0x00000f6c      0x108 .\CortexM0\ARM_GCC_473\Debug\RGB_LED_Matrix.a(eoc.o)
 .debug_frame   0x00001074      0x1a8 .\CortexM0\ARM_GCC_473\Debug\RGB_LED_Matrix.a(RTC_I2C_MASTER.o)
 .debug_frame   0x0000121c      0x108 .\CortexM0\ARM_GCC_473\Debug\RGB_LED_Matrix.a(RTC_SCB_IRQ.o)
 .debug_frame   0x00001324       0x60 .\CortexM0\ARM_GCC_473\Debug\RGB_LED_Matrix.a(RTC_scl.o)
 .debug_frame   0x00001384       0x3c .\CortexM0\ARM_GCC_473\Debug\RGB_LED_Matrix.a(RTC_I2C.o)
 .debug_frame   0x000013c0       0x40 .\CortexM0\ARM_GCC_473\Debug\RGB_LED_Matrix.a(RTC_I2C_INT.o)
 .debug_frame   0x00001400       0x90 .\CortexM0\ARM_GCC_473\Debug\RGB_LED_Matrix.a(RTC.o)
 .debug_frame   0x00001490       0x20 c:/program files (x86)/cypress/psoc creator/3.0/psoc creator/import/gnu_cs/arm/4.7.3/bin/../lib/gcc/arm-none-eabi/4.7.3/armv6-m\libgcc.a(_udivsi3.o)
 .debug_frame   0x000014b0       0x20 c:/program files (x86)/cypress/psoc creator/3.0/psoc creator/import/gnu_cs/arm/4.7.3/bin/../lib/gcc/arm-none-eabi/4.7.3/armv6-m\libgcc.a(_divsi3.o)
 .debug_frame   0x000014d0       0x30 c:/program files (x86)/cypress/psoc creator/3.0/psoc creator/import/gnu_cs/arm/4.7.3/bin/../lib/gcc/arm-none-eabi/4.7.3/armv6-m\libgcc.a(_muldi3.o)
 .debug_frame   0x00001500       0x60 c:/program files (x86)/cypress/psoc creator/3.0/psoc creator/import/gnu_cs/arm/4.7.3/bin/../lib/gcc/arm-none-eabi/4.7.3/armv6-m\libgcc.a(bpabi.o)
 .debug_frame   0x00001560       0x3c c:/program files (x86)/cypress/psoc creator/3.0/psoc creator/import/gnu_cs/arm/4.7.3/bin/../lib/gcc/arm-none-eabi/4.7.3/armv6-m\libgcc.a(divsf3.o)
 .debug_frame   0x0000159c       0x3c c:/program files (x86)/cypress/psoc creator/3.0/psoc creator/import/gnu_cs/arm/4.7.3/bin/../lib/gcc/arm-none-eabi/4.7.3/armv6-m\libgcc.a(mulsf3.o)
 .debug_frame   0x000015d8       0x2c c:/program files (x86)/cypress/psoc creator/3.0/psoc creator/import/gnu_cs/arm/4.7.3/bin/../lib/gcc/arm-none-eabi/4.7.3/armv6-m\libgcc.a(floatsisf.o)
 .debug_frame   0x00001604       0x3c c:/program files (x86)/cypress/psoc creator/3.0/psoc creator/import/gnu_cs/arm/4.7.3/bin/../lib/gcc/arm-none-eabi/4.7.3/armv6-m\libgcc.a(_divdi3.o)
 .debug_frame   0x00001640       0x3c c:/program files (x86)/cypress/psoc creator/3.0/psoc creator/import/gnu_cs/arm/4.7.3/bin/../lib/gcc/arm-none-eabi/4.7.3/armv6-m\libgcc.a(_udivdi3.o)
 .debug_frame   0x0000167c       0x28 c:/program files (x86)/cypress/psoc creator/3.0/psoc creator/import/gnu_cs/arm/4.7.3/bin/../lib/gcc/arm-none-eabi/4.7.3/../../../../arm-none-eabi/lib/armv6-m\libc_s.a(lib_a-__atexit2.o)
 .debug_frame   0x000016a4       0x28 c:/program files (x86)/cypress/psoc creator/3.0/psoc creator/import/gnu_cs/arm/4.7.3/bin/../lib/gcc/arm-none-eabi/4.7.3/../../../../arm-none-eabi/lib/armv6-m\libc_s.a(lib_a-exit.o)
 .debug_frame   0x000016cc       0x2c c:/program files (x86)/cypress/psoc creator/3.0/psoc creator/import/gnu_cs/arm/4.7.3/bin/../lib/gcc/arm-none-eabi/4.7.3/../../../../arm-none-eabi/lib/armv6-m\libc_s.a(lib_a-fini.o)
 .debug_frame   0x000016f8       0x2c c:/program files (x86)/cypress/psoc creator/3.0/psoc creator/import/gnu_cs/arm/4.7.3/bin/../lib/gcc/arm-none-eabi/4.7.3/../../../../arm-none-eabi/lib/armv6-m\libc_s.a(lib_a-init.o)
 .debug_frame   0x00001724       0x28 c:/program files (x86)/cypress/psoc creator/3.0/psoc creator/import/gnu_cs/arm/4.7.3/bin/../lib/gcc/arm-none-eabi/4.7.3/../../../../arm-none-eabi/lib/armv6-m\libc_s.a(lib_a-memset.o)

.debug_str      0x00000000     0x15bd
 *(.debug_str)
 .debug_str     0x00000000      0x21a .\CortexM0\ARM_GCC_473\Debug\main.o
                                0x258 (size before relaxing)
 .debug_str     0x0000021a      0x1a4 .\CortexM0\ARM_GCC_473\Debug\LED_Matrix.o
                                0x31a (size before relaxing)
 .debug_str     0x000003be      0x135 .\CortexM0\ARM_GCC_473\Debug\I2CDriver.o
                                0x265 (size before relaxing)
 .debug_str     0x000004f3       0x5b .\CortexM0\ARM_GCC_473\Debug\cymetadata.o
                                0x184 (size before relaxing)
 .debug_str     0x0000054e      0x10f .\CortexM0\ARM_GCC_473\Debug\Cm0Start.o
                                0x271 (size before relaxing)
 .debug_str     0x0000065d      0x197 .\CortexM0\ARM_GCC_473\Debug\RGB_LED_Matrix.a(cyfitter_cfg.o)
                                0x323 (size before relaxing)
 .debug_str     0x000007f4      0x12e .\CortexM0\ARM_GCC_473\Debug\RGB_LED_Matrix.a(isr_2.o)
                                0x294 (size before relaxing)
 .debug_str     0x00000922       0x28 .\CortexM0\ARM_GCC_473\Debug\RGB_LED_Matrix.a(LED_Matrix_1.o)
                                0x189 (size before relaxing)
 .debug_str     0x0000094a      0x4b8 .\CortexM0\ARM_GCC_473\Debug\RGB_LED_Matrix.a(CyLib.o)
                                0x680 (size before relaxing)
 .debug_str     0x00000e02      0x1c5 .\CortexM0\ARM_GCC_473\Debug\RGB_LED_Matrix.a(ADC.o)
                                0x38f (size before relaxing)
 .debug_str     0x00000fc7       0x37 .\CortexM0\ARM_GCC_473\Debug\RGB_LED_Matrix.a(ADC_INT.o)
                                0x167 (size before relaxing)
 .debug_str     0x00000ffe       0xc0 .\CortexM0\ARM_GCC_473\Debug\RGB_LED_Matrix.a(eoc.o)
                                0x278 (size before relaxing)
 .debug_str     0x000010be      0x236 .\CortexM0\ARM_GCC_473\Debug\RGB_LED_Matrix.a(RTC_I2C_MASTER.o)
                                0x429 (size before relaxing)
 .debug_str     0x000012f4      0x115 .\CortexM0\ARM_GCC_473\Debug\RGB_LED_Matrix.a(RTC_SCB_IRQ.o)
                                0x2e8 (size before relaxing)
 .debug_str     0x00001409       0x83 .\CortexM0\ARM_GCC_473\Debug\RGB_LED_Matrix.a(RTC_scl.o)
                                0x1c9 (size before relaxing)
 .debug_str     0x0000148c       0x3b .\CortexM0\ARM_GCC_473\Debug\RGB_LED_Matrix.a(RTC_I2C.o)
                                0x206 (size before relaxing)
 .debug_str     0x000014c7       0x5f .\CortexM0\ARM_GCC_473\Debug\RGB_LED_Matrix.a(RTC_I2C_INT.o)
                                0x292 (size before relaxing)
 .debug_str     0x00001526       0x97 .\CortexM0\ARM_GCC_473\Debug\RGB_LED_Matrix.a(RTC.o)
                                0x248 (size before relaxing)

.debug_loc      0x00000000     0x4f2a
 *(.debug_loc)
 .debug_loc     0x00000000      0x199 .\CortexM0\ARM_GCC_473\Debug\main.o
 .debug_loc     0x00000199     0x2131 .\CortexM0\ARM_GCC_473\Debug\LED_Matrix.o
 .debug_loc     0x000022ca      0x425 .\CortexM0\ARM_GCC_473\Debug\I2CDriver.o
 .debug_loc     0x000026ef      0x1b0 .\CortexM0\ARM_GCC_473\Debug\Cm0Start.o
 .debug_loc     0x0000289f      0x278 .\CortexM0\ARM_GCC_473\Debug\RGB_LED_Matrix.a(cyfitter_cfg.o)
 .debug_loc     0x00002b17      0x10c .\CortexM0\ARM_GCC_473\Debug\RGB_LED_Matrix.a(isr_2.o)
 .debug_loc     0x00002c23       0x20 .\CortexM0\ARM_GCC_473\Debug\RGB_LED_Matrix.a(LED_Matrix_1.o)
 .debug_loc     0x00002c43      0xdd3 .\CortexM0\ARM_GCC_473\Debug\RGB_LED_Matrix.a(CyLib.o)
 .debug_loc     0x00003a16      0x5ca .\CortexM0\ARM_GCC_473\Debug\RGB_LED_Matrix.a(ADC.o)
 .debug_loc     0x00003fe0      0x10b .\CortexM0\ARM_GCC_473\Debug\RGB_LED_Matrix.a(eoc.o)
 .debug_loc     0x000040eb      0xadd .\CortexM0\ARM_GCC_473\Debug\RGB_LED_Matrix.a(RTC_I2C_MASTER.o)
 .debug_loc     0x00004bc8      0x10b .\CortexM0\ARM_GCC_473\Debug\RGB_LED_Matrix.a(RTC_SCB_IRQ.o)
 .debug_loc     0x00004cd3       0x5c .\CortexM0\ARM_GCC_473\Debug\RGB_LED_Matrix.a(RTC_scl.o)
 .debug_loc     0x00004d2f       0x20 .\CortexM0\ARM_GCC_473\Debug\RGB_LED_Matrix.a(RTC_I2C.o)
 .debug_loc     0x00004d4f      0x15b .\CortexM0\ARM_GCC_473\Debug\RGB_LED_Matrix.a(RTC_I2C_INT.o)
 .debug_loc     0x00004eaa       0x80 .\CortexM0\ARM_GCC_473\Debug\RGB_LED_Matrix.a(RTC.o)

.debug_macinfo
 *(.debug_macinfo)

.debug_ranges   0x00000000      0xac8
 *(.debug_ranges)
 .debug_ranges  0x00000000       0x28 .\CortexM0\ARM_GCC_473\Debug\main.o
 .debug_ranges  0x00000028      0x118 .\CortexM0\ARM_GCC_473\Debug\LED_Matrix.o
 .debug_ranges  0x00000140       0x70 .\CortexM0\ARM_GCC_473\Debug\I2CDriver.o
 .debug_ranges  0x000001b0       0x30 .\CortexM0\ARM_GCC_473\Debug\Cm0Start.o
 .debug_ranges  0x000001e0      0x198 .\CortexM0\ARM_GCC_473\Debug\RGB_LED_Matrix.a(cyfitter_cfg.o)
 .debug_ranges  0x00000378      0x130 .\CortexM0\ARM_GCC_473\Debug\RGB_LED_Matrix.a(isr_2.o)
 .debug_ranges  0x000004a8       0x10 .\CortexM0\ARM_GCC_473\Debug\RGB_LED_Matrix.a(LED_Matrix_1.o)
 .debug_ranges  0x000004b8      0x1f0 .\CortexM0\ARM_GCC_473\Debug\RGB_LED_Matrix.a(CyLib.o)
 .debug_ranges  0x000006a8       0x98 .\CortexM0\ARM_GCC_473\Debug\RGB_LED_Matrix.a(ADC.o)
 .debug_ranges  0x00000740       0x10 .\CortexM0\ARM_GCC_473\Debug\RGB_LED_Matrix.a(ADC_INT.o)
 .debug_ranges  0x00000750      0x130 .\CortexM0\ARM_GCC_473\Debug\RGB_LED_Matrix.a(eoc.o)
 .debug_ranges  0x00000880       0x90 .\CortexM0\ARM_GCC_473\Debug\RGB_LED_Matrix.a(RTC_I2C_MASTER.o)
 .debug_ranges  0x00000910      0x130 .\CortexM0\ARM_GCC_473\Debug\RGB_LED_Matrix.a(RTC_SCB_IRQ.o)
 .debug_ranges  0x00000a40       0x30 .\CortexM0\ARM_GCC_473\Debug\RGB_LED_Matrix.a(RTC_scl.o)
 .debug_ranges  0x00000a70       0x18 .\CortexM0\ARM_GCC_473\Debug\RGB_LED_Matrix.a(RTC_I2C.o)
 .debug_ranges  0x00000a88       0x10 .\CortexM0\ARM_GCC_473\Debug\RGB_LED_Matrix.a(RTC_I2C_INT.o)
 .debug_ranges  0x00000a98       0x30 .\CortexM0\ARM_GCC_473\Debug\RGB_LED_Matrix.a(RTC.o)

.comment        0x00000000       0x70
 .comment       0x00000000       0x70 .\CortexM0\ARM_GCC_473\Debug\main.o
                                 0x71 (size before relaxing)
 .comment       0x00000000       0x71 .\CortexM0\ARM_GCC_473\Debug\LED_Matrix.o
 .comment       0x00000000       0x71 .\CortexM0\ARM_GCC_473\Debug\I2CDriver.o
 .comment       0x00000000       0x71 .\CortexM0\ARM_GCC_473\Debug\cymetadata.o
 .comment       0x00000000       0x71 .\CortexM0\ARM_GCC_473\Debug\Cm0Start.o
 .comment       0x00000000       0x71 .\CortexM0\ARM_GCC_473\Debug\RGB_LED_Matrix.a(cyfitter_cfg.o)
 .comment       0x00000000       0x71 .\CortexM0\ARM_GCC_473\Debug\RGB_LED_Matrix.a(isr_2.o)
 .comment       0x00000000       0x71 .\CortexM0\ARM_GCC_473\Debug\RGB_LED_Matrix.a(LED_Matrix_1.o)
 .comment       0x00000000       0x71 .\CortexM0\ARM_GCC_473\Debug\RGB_LED_Matrix.a(CyLib.o)
 .comment       0x00000000       0x71 .\CortexM0\ARM_GCC_473\Debug\RGB_LED_Matrix.a(ADC.o)
 .comment       0x00000000       0x71 .\CortexM0\ARM_GCC_473\Debug\RGB_LED_Matrix.a(ADC_INT.o)
 .comment       0x00000000       0x71 .\CortexM0\ARM_GCC_473\Debug\RGB_LED_Matrix.a(eoc.o)
 .comment       0x00000000       0x71 .\CortexM0\ARM_GCC_473\Debug\RGB_LED_Matrix.a(RTC_I2C_MASTER.o)
 .comment       0x00000000       0x71 .\CortexM0\ARM_GCC_473\Debug\RGB_LED_Matrix.a(RTC_SCB_IRQ.o)
 .comment       0x00000000       0x71 .\CortexM0\ARM_GCC_473\Debug\RGB_LED_Matrix.a(RTC_scl.o)
 .comment       0x00000000       0x71 .\CortexM0\ARM_GCC_473\Debug\RGB_LED_Matrix.a(RTC_I2C.o)
 .comment       0x00000000       0x71 .\CortexM0\ARM_GCC_473\Debug\RGB_LED_Matrix.a(RTC_I2C_INT.o)
 .comment       0x00000000       0x71 .\CortexM0\ARM_GCC_473\Debug\RGB_LED_Matrix.a(RTC.o)

.debug_weaknames
 *(.debug_weaknames)

.debug_funcnames
 *(.debug_funcnames)

.debug_typenames
 *(.debug_typenames)

.debug_varnames
 *(.debug_varnames)

.note.gnu.arm.ident
 *(.note.gnu.arm.ident)

.ARM.attributes
                0x00000000       0x28
 *(.ARM.attributes)
 .ARM.attributes
                0x00000000       0x1e c:/program files (x86)/cypress/psoc creator/3.0/psoc creator/import/gnu_cs/arm/4.7.3/bin/../lib/gcc/arm-none-eabi/4.7.3/armv6-m/crti.o
 .ARM.attributes
                0x0000001e       0x2c c:/program files (x86)/cypress/psoc creator/3.0/psoc creator/import/gnu_cs/arm/4.7.3/bin/../lib/gcc/arm-none-eabi/4.7.3/armv6-m/crtbegin.o
 .ARM.attributes
                0x0000004a       0x1c c:/program files (x86)/cypress/psoc creator/3.0/psoc creator/import/gnu_cs/arm/4.7.3/bin/../lib/gcc/arm-none-eabi/4.7.3/../../../../arm-none-eabi/lib/armv6-m/crt0.o
 .ARM.attributes
                0x00000066       0x31 .\CortexM0\ARM_GCC_473\Debug\main.o
 .ARM.attributes
                0x00000097       0x31 .\CortexM0\ARM_GCC_473\Debug\LED_Matrix.o
 .ARM.attributes
                0x000000c8       0x31 .\CortexM0\ARM_GCC_473\Debug\I2CDriver.o
 .ARM.attributes
                0x000000f9       0x31 .\CortexM0\ARM_GCC_473\Debug\cymetadata.o
 .ARM.attributes
                0x0000012a       0x31 .\CortexM0\ARM_GCC_473\Debug\Cm0Start.o
 .ARM.attributes
                0x0000015b       0x31 .\CortexM0\ARM_GCC_473\Debug\RGB_LED_Matrix.a(cyfitter_cfg.o)
 .ARM.attributes
                0x0000018c       0x31 .\CortexM0\ARM_GCC_473\Debug\RGB_LED_Matrix.a(isr_2.o)
 .ARM.attributes
                0x000001bd       0x31 .\CortexM0\ARM_GCC_473\Debug\RGB_LED_Matrix.a(LED_Matrix_1.o)
 .ARM.attributes
                0x000001ee       0x21 .\CortexM0\ARM_GCC_473\Debug\RGB_LED_Matrix.a(CyBootAsmGnu.o)
 .ARM.attributes
                0x0000020f       0x31 .\CortexM0\ARM_GCC_473\Debug\RGB_LED_Matrix.a(CyLib.o)
 .ARM.attributes
                0x00000240       0x31 .\CortexM0\ARM_GCC_473\Debug\RGB_LED_Matrix.a(ADC.o)
 .ARM.attributes
                0x00000271       0x31 .\CortexM0\ARM_GCC_473\Debug\RGB_LED_Matrix.a(ADC_INT.o)
 .ARM.attributes
                0x000002a2       0x31 .\CortexM0\ARM_GCC_473\Debug\RGB_LED_Matrix.a(eoc.o)
 .ARM.attributes
                0x000002d3       0x31 .\CortexM0\ARM_GCC_473\Debug\RGB_LED_Matrix.a(RTC_I2C_MASTER.o)
 .ARM.attributes
                0x00000304       0x31 .\CortexM0\ARM_GCC_473\Debug\RGB_LED_Matrix.a(RTC_SCB_IRQ.o)
 .ARM.attributes
                0x00000335       0x31 .\CortexM0\ARM_GCC_473\Debug\RGB_LED_Matrix.a(RTC_scl.o)
 .ARM.attributes
                0x00000366       0x31 .\CortexM0\ARM_GCC_473\Debug\RGB_LED_Matrix.a(RTC_I2C.o)
 .ARM.attributes
                0x00000397       0x31 .\CortexM0\ARM_GCC_473\Debug\RGB_LED_Matrix.a(RTC_I2C_INT.o)
 .ARM.attributes
                0x000003c8       0x31 .\CortexM0\ARM_GCC_473\Debug\RGB_LED_Matrix.a(RTC.o)
 .ARM.attributes
                0x000003f9       0x1e c:/program files (x86)/cypress/psoc creator/3.0/psoc creator/import/gnu_cs/arm/4.7.3/bin/../lib/gcc/arm-none-eabi/4.7.3/armv6-m\libgcc.a(_udivsi3.o)
 .ARM.attributes
                0x00000417       0x1e c:/program files (x86)/cypress/psoc creator/3.0/psoc creator/import/gnu_cs/arm/4.7.3/bin/../lib/gcc/arm-none-eabi/4.7.3/armv6-m\libgcc.a(_divsi3.o)
 .ARM.attributes
                0x00000435       0x1e c:/program files (x86)/cypress/psoc creator/3.0/psoc creator/import/gnu_cs/arm/4.7.3/bin/../lib/gcc/arm-none-eabi/4.7.3/armv6-m\libgcc.a(_dvmd_tls.o)
 .ARM.attributes
                0x00000453       0x1e c:/program files (x86)/cypress/psoc creator/3.0/psoc creator/import/gnu_cs/arm/4.7.3/bin/../lib/gcc/arm-none-eabi/4.7.3/armv6-m\libgcc.a(_aeabi_ldivmod.o)
 .ARM.attributes
                0x00000471       0x2c c:/program files (x86)/cypress/psoc creator/3.0/psoc creator/import/gnu_cs/arm/4.7.3/bin/../lib/gcc/arm-none-eabi/4.7.3/armv6-m\libgcc.a(_muldi3.o)
 .ARM.attributes
                0x0000049d       0x2c c:/program files (x86)/cypress/psoc creator/3.0/psoc creator/import/gnu_cs/arm/4.7.3/bin/../lib/gcc/arm-none-eabi/4.7.3/armv6-m\libgcc.a(bpabi.o)
 .ARM.attributes
                0x000004c9       0x2c c:/program files (x86)/cypress/psoc creator/3.0/psoc creator/import/gnu_cs/arm/4.7.3/bin/../lib/gcc/arm-none-eabi/4.7.3/armv6-m\libgcc.a(divsf3.o)
 .ARM.attributes
                0x000004f5       0x2c c:/program files (x86)/cypress/psoc creator/3.0/psoc creator/import/gnu_cs/arm/4.7.3/bin/../lib/gcc/arm-none-eabi/4.7.3/armv6-m\libgcc.a(mulsf3.o)
 .ARM.attributes
                0x00000521       0x2c c:/program files (x86)/cypress/psoc creator/3.0/psoc creator/import/gnu_cs/arm/4.7.3/bin/../lib/gcc/arm-none-eabi/4.7.3/armv6-m\libgcc.a(floatsisf.o)
 .ARM.attributes
                0x0000054d       0x1e c:/program files (x86)/cypress/psoc creator/3.0/psoc creator/import/gnu_cs/arm/4.7.3/bin/../lib/gcc/arm-none-eabi/4.7.3/armv6-m\libgcc.a(_clzsi2.o)
 .ARM.attributes
                0x0000056b       0x2c c:/program files (x86)/cypress/psoc creator/3.0/psoc creator/import/gnu_cs/arm/4.7.3/bin/../lib/gcc/arm-none-eabi/4.7.3/armv6-m\libgcc.a(_divdi3.o)
 .ARM.attributes
                0x00000597       0x2c c:/program files (x86)/cypress/psoc creator/3.0/psoc creator/import/gnu_cs/arm/4.7.3/bin/../lib/gcc/arm-none-eabi/4.7.3/armv6-m\libgcc.a(_udivdi3.o)
 .ARM.attributes
                0x000005c3       0x2c c:/program files (x86)/cypress/psoc creator/3.0/psoc creator/import/gnu_cs/arm/4.7.3/bin/../lib/gcc/arm-none-eabi/4.7.3/../../../../arm-none-eabi/lib/armv6-m\libc_s.a(lib_a-__atexit2.o)
 .ARM.attributes
                0x000005ef       0x2c c:/program files (x86)/cypress/psoc creator/3.0/psoc creator/import/gnu_cs/arm/4.7.3/bin/../lib/gcc/arm-none-eabi/4.7.3/../../../../arm-none-eabi/lib/armv6-m\libc_s.a(lib_a-exit.o)
 .ARM.attributes
                0x0000061b       0x2c c:/program files (x86)/cypress/psoc creator/3.0/psoc creator/import/gnu_cs/arm/4.7.3/bin/../lib/gcc/arm-none-eabi/4.7.3/../../../../arm-none-eabi/lib/armv6-m\libc_s.a(lib_a-fini.o)
 .ARM.attributes
                0x00000647       0x2c c:/program files (x86)/cypress/psoc creator/3.0/psoc creator/import/gnu_cs/arm/4.7.3/bin/../lib/gcc/arm-none-eabi/4.7.3/../../../../arm-none-eabi/lib/armv6-m\libc_s.a(lib_a-impure.o)
 .ARM.attributes
                0x00000673       0x2c c:/program files (x86)/cypress/psoc creator/3.0/psoc creator/import/gnu_cs/arm/4.7.3/bin/../lib/gcc/arm-none-eabi/4.7.3/../../../../arm-none-eabi/lib/armv6-m\libc_s.a(lib_a-init.o)
 .ARM.attributes
                0x0000069f       0x2c c:/program files (x86)/cypress/psoc creator/3.0/psoc creator/import/gnu_cs/arm/4.7.3/bin/../lib/gcc/arm-none-eabi/4.7.3/../../../../arm-none-eabi/lib/armv6-m\libc_s.a(lib_a-memset.o)
 .ARM.attributes
                0x000006cb       0x2c c:/program files (x86)/cypress/psoc creator/3.0/psoc creator/import/gnu_cs/arm/4.7.3/bin/../lib/gcc/arm-none-eabi/4.7.3/armv6-m/crtend.o
 .ARM.attributes
                0x000006f7       0x1e c:/program files (x86)/cypress/psoc creator/3.0/psoc creator/import/gnu_cs/arm/4.7.3/bin/../lib/gcc/arm-none-eabi/4.7.3/armv6-m/crtn.o

/DISCARD/
 *(.note.GNU-stack)
OUTPUT(.\CortexM0\ARM_GCC_473\Debug\RGB_LED_Matrix.elf elf32-littlearm)
