Archive member included because of file (symbol)

.\CortexM0\ARM_GCC_473\Debug\RGB_LED_Matrix.a(cyfitter_cfg.o)
                              .\CortexM0\ARM_GCC_473\Debug\Cm0Start.o (cyfitter_cfg)
.\CortexM0\ARM_GCC_473\Debug\RGB_LED_Matrix.a(UART.o)
                              .\CortexM0\ARM_GCC_473\Debug\main.o (UART_Start)
.\CortexM0\ARM_GCC_473\Debug\RGB_LED_Matrix.a(UART_SPI_UART.o)
                              .\CortexM0\ARM_GCC_473\Debug\main.o (UART_SpiUartGetRxBufferSize)
.\CortexM0\ARM_GCC_473\Debug\RGB_LED_Matrix.a(UART_UART.o)
                              .\CortexM0\ARM_GCC_473\Debug\RGB_LED_Matrix.a(UART.o) (UART_UartInit)
.\CortexM0\ARM_GCC_473\Debug\RGB_LED_Matrix.a(isr_2.o)
                              .\CortexM0\ARM_GCC_473\Debug\main.o (isr_2_StartEx)
.\CortexM0\ARM_GCC_473\Debug\RGB_LED_Matrix.a(LED_Matrix_1.o)
                              .\CortexM0\ARM_GCC_473\Debug\main.o (LED_Matrix_1_Start)
.\CortexM0\ARM_GCC_473\Debug\RGB_LED_Matrix.a(CyBootAsmGnu.o)
                              .\CortexM0\ARM_GCC_473\Debug\RGB_LED_Matrix.a(isr_2.o) (CyEnterCriticalSection)
.\CortexM0\ARM_GCC_473\Debug\RGB_LED_Matrix.a(CyLib.o)
                              .\CortexM0\ARM_GCC_473\Debug\RGB_LED_Matrix.a(cyfitter_cfg.o) (CyDelayUs)
c:/program files (x86)/cypress/psoc creator/3.0/psoc creator/import/gnu_cs/arm/4.7.3/bin/../lib/gcc/arm-none-eabi/4.7.3/armv6-m\libgcc.a(_udivsi3.o)
                              .\CortexM0\ARM_GCC_473\Debug\RGB_LED_Matrix.a(CyLib.o) (__aeabi_uidiv)
c:/program files (x86)/cypress/psoc creator/3.0/psoc creator/import/gnu_cs/arm/4.7.3/bin/../lib/gcc/arm-none-eabi/4.7.3/armv6-m\libgcc.a(_dvmd_tls.o)
                              c:/program files (x86)/cypress/psoc creator/3.0/psoc creator/import/gnu_cs/arm/4.7.3/bin/../lib/gcc/arm-none-eabi/4.7.3/armv6-m\libgcc.a(_udivsi3.o) (__aeabi_idiv0)
c:/program files (x86)/cypress/psoc creator/3.0/psoc creator/import/gnu_cs/arm/4.7.3/bin/../lib/gcc/arm-none-eabi/4.7.3/../../../../arm-none-eabi/lib/armv6-m\libc_s.a(lib_a-__atexit2.o)
                              c:/program files (x86)/cypress/psoc creator/3.0/psoc creator/import/gnu_cs/arm/4.7.3/bin/../lib/gcc/arm-none-eabi/4.7.3/../../../../arm-none-eabi/lib/armv6-m/crt0.o (__register_exitproc)
c:/program files (x86)/cypress/psoc creator/3.0/psoc creator/import/gnu_cs/arm/4.7.3/bin/../lib/gcc/arm-none-eabi/4.7.3/../../../../arm-none-eabi/lib/armv6-m\libc_s.a(lib_a-exit.o)
                              c:/program files (x86)/cypress/psoc creator/3.0/psoc creator/import/gnu_cs/arm/4.7.3/bin/../lib/gcc/arm-none-eabi/4.7.3/../../../../arm-none-eabi/lib/armv6-m/crt0.o (exit)
c:/program files (x86)/cypress/psoc creator/3.0/psoc creator/import/gnu_cs/arm/4.7.3/bin/../lib/gcc/arm-none-eabi/4.7.3/../../../../arm-none-eabi/lib/armv6-m\libc_s.a(lib_a-fini.o)
                              c:/program files (x86)/cypress/psoc creator/3.0/psoc creator/import/gnu_cs/arm/4.7.3/bin/../lib/gcc/arm-none-eabi/4.7.3/../../../../arm-none-eabi/lib/armv6-m/crt0.o (__libc_fini_array)
c:/program files (x86)/cypress/psoc creator/3.0/psoc creator/import/gnu_cs/arm/4.7.3/bin/../lib/gcc/arm-none-eabi/4.7.3/../../../../arm-none-eabi/lib/armv6-m\libc_s.a(lib_a-impure.o)
                              c:/program files (x86)/cypress/psoc creator/3.0/psoc creator/import/gnu_cs/arm/4.7.3/bin/../lib/gcc/arm-none-eabi/4.7.3/../../../../arm-none-eabi/lib/armv6-m\libc_s.a(lib_a-exit.o) (_global_impure_ptr)
c:/program files (x86)/cypress/psoc creator/3.0/psoc creator/import/gnu_cs/arm/4.7.3/bin/../lib/gcc/arm-none-eabi/4.7.3/../../../../arm-none-eabi/lib/armv6-m\libc_s.a(lib_a-init.o)
                              c:/program files (x86)/cypress/psoc creator/3.0/psoc creator/import/gnu_cs/arm/4.7.3/bin/../lib/gcc/arm-none-eabi/4.7.3/../../../../arm-none-eabi/lib/armv6-m/crt0.o (__libc_init_array)
c:/program files (x86)/cypress/psoc creator/3.0/psoc creator/import/gnu_cs/arm/4.7.3/bin/../lib/gcc/arm-none-eabi/4.7.3/../../../../arm-none-eabi/lib/armv6-m\libc_s.a(lib_a-memcpy.o)
                              .\CortexM0\ARM_GCC_473\Debug\RGB_LED_Matrix.a(cyfitter_cfg.o) (memcpy)
c:/program files (x86)/cypress/psoc creator/3.0/psoc creator/import/gnu_cs/arm/4.7.3/bin/../lib/gcc/arm-none-eabi/4.7.3/../../../../arm-none-eabi/lib/armv6-m\libc_s.a(lib_a-memset.o)
                              c:/program files (x86)/cypress/psoc creator/3.0/psoc creator/import/gnu_cs/arm/4.7.3/bin/../lib/gcc/arm-none-eabi/4.7.3/../../../../arm-none-eabi/lib/armv6-m/crt0.o (memset)

Allocating common symbols
Common symbol       size              file

matrix              0x3c0             .\CortexM0\ARM_GCC_473\Debug\main.o
bit_shift           0x1               .\CortexM0\ARM_GCC_473\Debug\main.o

Discarded input sections

 .text          0x00000000        0x0 c:/program files (x86)/cypress/psoc creator/3.0/psoc creator/import/gnu_cs/arm/4.7.3/bin/../lib/gcc/arm-none-eabi/4.7.3/armv6-m/crti.o
 .data          0x00000000        0x0 c:/program files (x86)/cypress/psoc creator/3.0/psoc creator/import/gnu_cs/arm/4.7.3/bin/../lib/gcc/arm-none-eabi/4.7.3/armv6-m/crti.o
 .bss           0x00000000        0x0 c:/program files (x86)/cypress/psoc creator/3.0/psoc creator/import/gnu_cs/arm/4.7.3/bin/../lib/gcc/arm-none-eabi/4.7.3/armv6-m/crti.o
 .data          0x00000000        0x4 c:/program files (x86)/cypress/psoc creator/3.0/psoc creator/import/gnu_cs/arm/4.7.3/bin/../lib/gcc/arm-none-eabi/4.7.3/armv6-m/crtbegin.o
 .text          0x00000000       0x74 c:/program files (x86)/cypress/psoc creator/3.0/psoc creator/import/gnu_cs/arm/4.7.3/bin/../lib/gcc/arm-none-eabi/4.7.3/../../../../arm-none-eabi/lib/armv6-m/crt0.o
 .data          0x00000000        0x0 c:/program files (x86)/cypress/psoc creator/3.0/psoc creator/import/gnu_cs/arm/4.7.3/bin/../lib/gcc/arm-none-eabi/4.7.3/../../../../arm-none-eabi/lib/armv6-m/crt0.o
 .bss           0x00000000        0x0 c:/program files (x86)/cypress/psoc creator/3.0/psoc creator/import/gnu_cs/arm/4.7.3/bin/../lib/gcc/arm-none-eabi/4.7.3/../../../../arm-none-eabi/lib/armv6-m/crt0.o
 .ARM.extab     0x00000000        0x0 c:/program files (x86)/cypress/psoc creator/3.0/psoc creator/import/gnu_cs/arm/4.7.3/bin/../lib/gcc/arm-none-eabi/4.7.3/../../../../arm-none-eabi/lib/armv6-m/crt0.o
 .ARM.exidx     0x00000000        0x8 c:/program files (x86)/cypress/psoc creator/3.0/psoc creator/import/gnu_cs/arm/4.7.3/bin/../lib/gcc/arm-none-eabi/4.7.3/../../../../arm-none-eabi/lib/armv6-m/crt0.o
 .text          0x00000000        0x0 .\CortexM0\ARM_GCC_473\Debug\main.o
 .data          0x00000000        0x0 .\CortexM0\ARM_GCC_473\Debug\main.o
 .text          0x00000000        0x0 .\CortexM0\ARM_GCC_473\Debug\LED_Matrix.o
 .data          0x00000000        0x0 .\CortexM0\ARM_GCC_473\Debug\LED_Matrix.o
 .bss           0x00000000        0x0 .\CortexM0\ARM_GCC_473\Debug\LED_Matrix.o
 .text          0x00000000        0x0 .\CortexM0\ARM_GCC_473\Debug\cymetadata.o
 .data          0x00000000        0x0 .\CortexM0\ARM_GCC_473\Debug\cymetadata.o
 .bss           0x00000000        0x0 .\CortexM0\ARM_GCC_473\Debug\cymetadata.o
 .text          0x00000000        0x0 .\CortexM0\ARM_GCC_473\Debug\Cm0Start.o
 .data          0x00000000        0x0 .\CortexM0\ARM_GCC_473\Debug\Cm0Start.o
 .bss           0x00000000        0x0 .\CortexM0\ARM_GCC_473\Debug\Cm0Start.o
 .text._exit    0x00000000        0x4 .\CortexM0\ARM_GCC_473\Debug\Cm0Start.o
 .text          0x00000000        0x0 .\CortexM0\ARM_GCC_473\Debug\RGB_LED_Matrix.a(cyfitter_cfg.o)
 .data          0x00000000        0x0 .\CortexM0\ARM_GCC_473\Debug\RGB_LED_Matrix.a(cyfitter_cfg.o)
 .bss           0x00000000        0x0 .\CortexM0\ARM_GCC_473\Debug\RGB_LED_Matrix.a(cyfitter_cfg.o)
 .text          0x00000000        0x0 .\CortexM0\ARM_GCC_473\Debug\RGB_LED_Matrix.a(UART.o)
 .data          0x00000000        0x0 .\CortexM0\ARM_GCC_473\Debug\RGB_LED_Matrix.a(UART.o)
 .text.UART_Init
                0x00000000        0x8 .\CortexM0\ARM_GCC_473\Debug\RGB_LED_Matrix.a(UART.o)
 .text.UART_Enable
                0x00000000       0x14 .\CortexM0\ARM_GCC_473\Debug\RGB_LED_Matrix.a(UART.o)
 .text.UART_Stop
                0x00000000       0x10 .\CortexM0\ARM_GCC_473\Debug\RGB_LED_Matrix.a(UART.o)
 .text.UART_SetCustomInterruptHandler
                0x00000000        0xc .\CortexM0\ARM_GCC_473\Debug\RGB_LED_Matrix.a(UART.o)
 .text          0x00000000        0x0 .\CortexM0\ARM_GCC_473\Debug\RGB_LED_Matrix.a(UART_SPI_UART.o)
 .data          0x00000000        0x0 .\CortexM0\ARM_GCC_473\Debug\RGB_LED_Matrix.a(UART_SPI_UART.o)
 .bss           0x00000000        0x0 .\CortexM0\ARM_GCC_473\Debug\RGB_LED_Matrix.a(UART_SPI_UART.o)
 .text.UART_SpiUartClearRxBuffer
                0x00000000       0x20 .\CortexM0\ARM_GCC_473\Debug\RGB_LED_Matrix.a(UART_SPI_UART.o)
 .text.UART_SpiUartWriteTxData
                0x00000000       0x1c .\CortexM0\ARM_GCC_473\Debug\RGB_LED_Matrix.a(UART_SPI_UART.o)
 .text.UART_SpiUartPutArray
                0x00000000       0x2c .\CortexM0\ARM_GCC_473\Debug\RGB_LED_Matrix.a(UART_SPI_UART.o)
 .text.UART_SpiUartGetTxBufferSize
                0x00000000       0x10 .\CortexM0\ARM_GCC_473\Debug\RGB_LED_Matrix.a(UART_SPI_UART.o)
 .text.UART_SpiUartClearTxBuffer
                0x00000000       0x20 .\CortexM0\ARM_GCC_473\Debug\RGB_LED_Matrix.a(UART_SPI_UART.o)
 .text.UART_SpiUartDisableIntTx
                0x00000000       0x10 .\CortexM0\ARM_GCC_473\Debug\RGB_LED_Matrix.a(UART_SPI_UART.o)
 .text          0x00000000        0x0 .\CortexM0\ARM_GCC_473\Debug\RGB_LED_Matrix.a(UART_UART.o)
 .data          0x00000000        0x0 .\CortexM0\ARM_GCC_473\Debug\RGB_LED_Matrix.a(UART_UART.o)
 .bss           0x00000000        0x0 .\CortexM0\ARM_GCC_473\Debug\RGB_LED_Matrix.a(UART_UART.o)
 .text.UART_UartSetRxAddress
                0x00000000       0x14 .\CortexM0\ARM_GCC_473\Debug\RGB_LED_Matrix.a(UART_UART.o)
 .text.UART_UartSetRxAddressMask
                0x00000000       0x18 .\CortexM0\ARM_GCC_473\Debug\RGB_LED_Matrix.a(UART_UART.o)
 .text.UART_UartGetChar
                0x00000000       0x2c .\CortexM0\ARM_GCC_473\Debug\RGB_LED_Matrix.a(UART_UART.o)
 .text.UART_UartPutString
                0x00000000       0x1c .\CortexM0\ARM_GCC_473\Debug\RGB_LED_Matrix.a(UART_UART.o)
 .text.UART_UartPutCRLF
                0x00000000       0x14 .\CortexM0\ARM_GCC_473\Debug\RGB_LED_Matrix.a(UART_UART.o)
 .text          0x00000000        0x0 .\CortexM0\ARM_GCC_473\Debug\RGB_LED_Matrix.a(isr_2.o)
 .data          0x00000000        0x0 .\CortexM0\ARM_GCC_473\Debug\RGB_LED_Matrix.a(isr_2.o)
 .bss           0x00000000        0x0 .\CortexM0\ARM_GCC_473\Debug\RGB_LED_Matrix.a(isr_2.o)
 .text.isr_2_Interrupt
                0x00000000        0x4 .\CortexM0\ARM_GCC_473\Debug\RGB_LED_Matrix.a(isr_2.o)
 .text.isr_2_Stop
                0x00000000       0x1c .\CortexM0\ARM_GCC_473\Debug\RGB_LED_Matrix.a(isr_2.o)
 .text.isr_2_SetVector
                0x00000000        0xc .\CortexM0\ARM_GCC_473\Debug\RGB_LED_Matrix.a(isr_2.o)
 .text.isr_2_GetVector
                0x00000000        0xc .\CortexM0\ARM_GCC_473\Debug\RGB_LED_Matrix.a(isr_2.o)
 .text.isr_2_Start
                0x00000000       0x2c .\CortexM0\ARM_GCC_473\Debug\RGB_LED_Matrix.a(isr_2.o)
 .text.isr_2_GetPriority
                0x00000000       0x10 .\CortexM0\ARM_GCC_473\Debug\RGB_LED_Matrix.a(isr_2.o)
 .text.isr_2_Enable
                0x00000000        0xc .\CortexM0\ARM_GCC_473\Debug\RGB_LED_Matrix.a(isr_2.o)
 .text.isr_2_GetState
                0x00000000       0x10 .\CortexM0\ARM_GCC_473\Debug\RGB_LED_Matrix.a(isr_2.o)
 .text.isr_2_Disable
                0x00000000        0xc .\CortexM0\ARM_GCC_473\Debug\RGB_LED_Matrix.a(isr_2.o)
 .text.isr_2_SetPending
                0x00000000        0xc .\CortexM0\ARM_GCC_473\Debug\RGB_LED_Matrix.a(isr_2.o)
 .text.isr_2_ClearPending
                0x00000000        0xc .\CortexM0\ARM_GCC_473\Debug\RGB_LED_Matrix.a(isr_2.o)
 .text          0x00000000        0x0 .\CortexM0\ARM_GCC_473\Debug\RGB_LED_Matrix.a(LED_Matrix_1.o)
 .data          0x00000000        0x0 .\CortexM0\ARM_GCC_473\Debug\RGB_LED_Matrix.a(LED_Matrix_1.o)
 .bss           0x00000000        0x0 .\CortexM0\ARM_GCC_473\Debug\RGB_LED_Matrix.a(LED_Matrix_1.o)
 .data          0x00000000        0x0 .\CortexM0\ARM_GCC_473\Debug\RGB_LED_Matrix.a(CyBootAsmGnu.o)
 .bss           0x00000000        0x0 .\CortexM0\ARM_GCC_473\Debug\RGB_LED_Matrix.a(CyBootAsmGnu.o)
 .text          0x00000000        0x0 .\CortexM0\ARM_GCC_473\Debug\RGB_LED_Matrix.a(CyLib.o)
 .bss           0x00000000        0x0 .\CortexM0\ARM_GCC_473\Debug\RGB_LED_Matrix.a(CyLib.o)
 .text.CySysClkImoStart
                0x00000000       0x14 .\CortexM0\ARM_GCC_473\Debug\RGB_LED_Matrix.a(CyLib.o)
 .text.CySysClkImoStop
                0x00000000       0x10 .\CortexM0\ARM_GCC_473\Debug\RGB_LED_Matrix.a(CyLib.o)
 .text.CySysClkIloStart
                0x00000000       0x14 .\CortexM0\ARM_GCC_473\Debug\RGB_LED_Matrix.a(CyLib.o)
 .text.CySysClkIloStop
                0x00000000       0x10 .\CortexM0\ARM_GCC_473\Debug\RGB_LED_Matrix.a(CyLib.o)
 .text.CySysClkWriteHfclkDirect
                0x00000000       0x18 .\CortexM0\ARM_GCC_473\Debug\RGB_LED_Matrix.a(CyLib.o)
 .text.CySysClkWriteSysclkDiv
                0x00000000       0x20 .\CortexM0\ARM_GCC_473\Debug\RGB_LED_Matrix.a(CyLib.o)
 .text.CySysWdtLock
                0x00000000       0x34 .\CortexM0\ARM_GCC_473\Debug\RGB_LED_Matrix.a(CyLib.o)
 .text.CySysWdtUnlock
                0x00000000       0x48 .\CortexM0\ARM_GCC_473\Debug\RGB_LED_Matrix.a(CyLib.o)
 .text.CySysWdtReadEnabledStatus
                0x00000000       0x20 .\CortexM0\ARM_GCC_473\Debug\RGB_LED_Matrix.a(CyLib.o)
 .text.CySysWdtWriteMode
                0x00000000       0x54 .\CortexM0\ARM_GCC_473\Debug\RGB_LED_Matrix.a(CyLib.o)
 .text.CySysWdtReadMode
                0x00000000       0x14 .\CortexM0\ARM_GCC_473\Debug\RGB_LED_Matrix.a(CyLib.o)
 .text.CySysWdtWriteClearOnMatch
                0x00000000       0x48 .\CortexM0\ARM_GCC_473\Debug\RGB_LED_Matrix.a(CyLib.o)
 .text.CySysWdtReadClearOnMatch
                0x00000000       0x20 .\CortexM0\ARM_GCC_473\Debug\RGB_LED_Matrix.a(CyLib.o)
 .text.CySysWdtEnable
                0x00000000       0x28 .\CortexM0\ARM_GCC_473\Debug\RGB_LED_Matrix.a(CyLib.o)
 .text.CySysWdtDisable
                0x00000000       0x28 .\CortexM0\ARM_GCC_473\Debug\RGB_LED_Matrix.a(CyLib.o)
 .text.CySysWdtWriteCascade
                0x00000000       0x48 .\CortexM0\ARM_GCC_473\Debug\RGB_LED_Matrix.a(CyLib.o)
 .text.CySysWdtReadCascade
                0x00000000       0x14 .\CortexM0\ARM_GCC_473\Debug\RGB_LED_Matrix.a(CyLib.o)
 .text.CySysWdtWriteToggleBit
                0x00000000       0x40 .\CortexM0\ARM_GCC_473\Debug\RGB_LED_Matrix.a(CyLib.o)
 .text.CySysWdtReadToggleBit
                0x00000000       0x10 .\CortexM0\ARM_GCC_473\Debug\RGB_LED_Matrix.a(CyLib.o)
 .text.CySysWdtReadMatch
                0x00000000       0x1c .\CortexM0\ARM_GCC_473\Debug\RGB_LED_Matrix.a(CyLib.o)
 .text.CySysWdtReadCount
                0x00000000       0x34 .\CortexM0\ARM_GCC_473\Debug\RGB_LED_Matrix.a(CyLib.o)
 .text.CySysWdtGetInterruptSource
                0x00000000       0x14 .\CortexM0\ARM_GCC_473\Debug\RGB_LED_Matrix.a(CyLib.o)
 .text.CySysWdtClearInterrupt
                0x00000000       0x7c .\CortexM0\ARM_GCC_473\Debug\RGB_LED_Matrix.a(CyLib.o)
 .text.CySysWdtResetCounters
                0x00000000       0x30 .\CortexM0\ARM_GCC_473\Debug\RGB_LED_Matrix.a(CyLib.o)
 .text.CySysLvdEnable
                0x00000000       0x2c .\CortexM0\ARM_GCC_473\Debug\RGB_LED_Matrix.a(CyLib.o)
 .text.CySysLvdDisable
                0x00000000       0x20 .\CortexM0\ARM_GCC_473\Debug\RGB_LED_Matrix.a(CyLib.o)
 .text.CySysLvdGetInterruptSource
                0x00000000       0x10 .\CortexM0\ARM_GCC_473\Debug\RGB_LED_Matrix.a(CyLib.o)
 .text.CySysLvdClearInterrupt
                0x00000000        0xc .\CortexM0\ARM_GCC_473\Debug\RGB_LED_Matrix.a(CyLib.o)
 .text.CyDisableInts
                0x00000000       0x10 .\CortexM0\ARM_GCC_473\Debug\RGB_LED_Matrix.a(CyLib.o)
 .text.CyEnableInts
                0x00000000        0xc .\CortexM0\ARM_GCC_473\Debug\RGB_LED_Matrix.a(CyLib.o)
 .text.CyIntSetSysVector
                0x00000000       0x18 .\CortexM0\ARM_GCC_473\Debug\RGB_LED_Matrix.a(CyLib.o)
 .text.CyIntGetSysVector
                0x00000000       0x14 .\CortexM0\ARM_GCC_473\Debug\RGB_LED_Matrix.a(CyLib.o)
 .text.CyIntSetVector
                0x00000000       0x18 .\CortexM0\ARM_GCC_473\Debug\RGB_LED_Matrix.a(CyLib.o)
 .text.CyIntGetVector
                0x00000000       0x18 .\CortexM0\ARM_GCC_473\Debug\RGB_LED_Matrix.a(CyLib.o)
 .text.CyIntSetPriority
                0x00000000       0x40 .\CortexM0\ARM_GCC_473\Debug\RGB_LED_Matrix.a(CyLib.o)
 .text.CyIntGetPriority
                0x00000000       0x28 .\CortexM0\ARM_GCC_473\Debug\RGB_LED_Matrix.a(CyLib.o)
 .text.CyIntEnable
                0x00000000       0x14 .\CortexM0\ARM_GCC_473\Debug\RGB_LED_Matrix.a(CyLib.o)
 .text.CyIntGetState
                0x00000000       0x18 .\CortexM0\ARM_GCC_473\Debug\RGB_LED_Matrix.a(CyLib.o)
 .text.CyIntDisable
                0x00000000       0x14 .\CortexM0\ARM_GCC_473\Debug\RGB_LED_Matrix.a(CyLib.o)
 .text.CyIntSetPending
                0x00000000       0x14 .\CortexM0\ARM_GCC_473\Debug\RGB_LED_Matrix.a(CyLib.o)
 .text.CyIntClearPending
                0x00000000       0x14 .\CortexM0\ARM_GCC_473\Debug\RGB_LED_Matrix.a(CyLib.o)
 .text.CyHalt   0x00000000        0x4 .\CortexM0\ARM_GCC_473\Debug\RGB_LED_Matrix.a(CyLib.o)
 .text.CySoftwareReset
                0x00000000       0x18 .\CortexM0\ARM_GCC_473\Debug\RGB_LED_Matrix.a(CyLib.o)
 .text.CyDelay  0x00000000       0x80 .\CortexM0\ARM_GCC_473\Debug\RGB_LED_Matrix.a(CyLib.o)
 .text.CySysWdtWriteMatch
                0x00000000       0x48 .\CortexM0\ARM_GCC_473\Debug\RGB_LED_Matrix.a(CyLib.o)
 .text.CySysClkWriteImoFreq
                0x00000000      0x164 .\CortexM0\ARM_GCC_473\Debug\RGB_LED_Matrix.a(CyLib.o)
 .text.CyDelayFreq
                0x00000000       0x54 .\CortexM0\ARM_GCC_473\Debug\RGB_LED_Matrix.a(CyLib.o)
 .rodata        0x00000000       0x30 .\CortexM0\ARM_GCC_473\Debug\RGB_LED_Matrix.a(CyLib.o)
 .text          0x00000000       0x9c c:/program files (x86)/cypress/psoc creator/3.0/psoc creator/import/gnu_cs/arm/4.7.3/bin/../lib/gcc/arm-none-eabi/4.7.3/armv6-m\libgcc.a(_udivsi3.o)
 .data          0x00000000        0x0 c:/program files (x86)/cypress/psoc creator/3.0/psoc creator/import/gnu_cs/arm/4.7.3/bin/../lib/gcc/arm-none-eabi/4.7.3/armv6-m\libgcc.a(_udivsi3.o)
 .bss           0x00000000        0x0 c:/program files (x86)/cypress/psoc creator/3.0/psoc creator/import/gnu_cs/arm/4.7.3/bin/../lib/gcc/arm-none-eabi/4.7.3/armv6-m\libgcc.a(_udivsi3.o)
 .text          0x00000000        0x4 c:/program files (x86)/cypress/psoc creator/3.0/psoc creator/import/gnu_cs/arm/4.7.3/bin/../lib/gcc/arm-none-eabi/4.7.3/armv6-m\libgcc.a(_dvmd_tls.o)
 .data          0x00000000        0x0 c:/program files (x86)/cypress/psoc creator/3.0/psoc creator/import/gnu_cs/arm/4.7.3/bin/../lib/gcc/arm-none-eabi/4.7.3/armv6-m\libgcc.a(_dvmd_tls.o)
 .bss           0x00000000        0x0 c:/program files (x86)/cypress/psoc creator/3.0/psoc creator/import/gnu_cs/arm/4.7.3/bin/../lib/gcc/arm-none-eabi/4.7.3/armv6-m\libgcc.a(_dvmd_tls.o)
 .text          0x00000000        0x0 c:/program files (x86)/cypress/psoc creator/3.0/psoc creator/import/gnu_cs/arm/4.7.3/bin/../lib/gcc/arm-none-eabi/4.7.3/../../../../arm-none-eabi/lib/armv6-m\libc_s.a(lib_a-__atexit2.o)
 .data          0x00000000        0x0 c:/program files (x86)/cypress/psoc creator/3.0/psoc creator/import/gnu_cs/arm/4.7.3/bin/../lib/gcc/arm-none-eabi/4.7.3/../../../../arm-none-eabi/lib/armv6-m\libc_s.a(lib_a-__atexit2.o)
 .bss           0x00000000        0x0 c:/program files (x86)/cypress/psoc creator/3.0/psoc creator/import/gnu_cs/arm/4.7.3/bin/../lib/gcc/arm-none-eabi/4.7.3/../../../../arm-none-eabi/lib/armv6-m\libc_s.a(lib_a-__atexit2.o)
 .text.__register_exitproc
                0x00000000       0x18 c:/program files (x86)/cypress/psoc creator/3.0/psoc creator/import/gnu_cs/arm/4.7.3/bin/../lib/gcc/arm-none-eabi/4.7.3/../../../../arm-none-eabi/lib/armv6-m\libc_s.a(lib_a-__atexit2.o)
 .text          0x00000000        0x0 c:/program files (x86)/cypress/psoc creator/3.0/psoc creator/import/gnu_cs/arm/4.7.3/bin/../lib/gcc/arm-none-eabi/4.7.3/../../../../arm-none-eabi/lib/armv6-m\libc_s.a(lib_a-exit.o)
 .data          0x00000000        0x0 c:/program files (x86)/cypress/psoc creator/3.0/psoc creator/import/gnu_cs/arm/4.7.3/bin/../lib/gcc/arm-none-eabi/4.7.3/../../../../arm-none-eabi/lib/armv6-m\libc_s.a(lib_a-exit.o)
 .bss           0x00000000        0x0 c:/program files (x86)/cypress/psoc creator/3.0/psoc creator/import/gnu_cs/arm/4.7.3/bin/../lib/gcc/arm-none-eabi/4.7.3/../../../../arm-none-eabi/lib/armv6-m\libc_s.a(lib_a-exit.o)
 .text.exit     0x00000000       0x30 c:/program files (x86)/cypress/psoc creator/3.0/psoc creator/import/gnu_cs/arm/4.7.3/bin/../lib/gcc/arm-none-eabi/4.7.3/../../../../arm-none-eabi/lib/armv6-m\libc_s.a(lib_a-exit.o)
 .text          0x00000000        0x0 c:/program files (x86)/cypress/psoc creator/3.0/psoc creator/import/gnu_cs/arm/4.7.3/bin/../lib/gcc/arm-none-eabi/4.7.3/../../../../arm-none-eabi/lib/armv6-m\libc_s.a(lib_a-fini.o)
 .data          0x00000000        0x0 c:/program files (x86)/cypress/psoc creator/3.0/psoc creator/import/gnu_cs/arm/4.7.3/bin/../lib/gcc/arm-none-eabi/4.7.3/../../../../arm-none-eabi/lib/armv6-m\libc_s.a(lib_a-fini.o)
 .bss           0x00000000        0x0 c:/program files (x86)/cypress/psoc creator/3.0/psoc creator/import/gnu_cs/arm/4.7.3/bin/../lib/gcc/arm-none-eabi/4.7.3/../../../../arm-none-eabi/lib/armv6-m\libc_s.a(lib_a-fini.o)
 .text.__libc_fini_array
                0x00000000       0x2c c:/program files (x86)/cypress/psoc creator/3.0/psoc creator/import/gnu_cs/arm/4.7.3/bin/../lib/gcc/arm-none-eabi/4.7.3/../../../../arm-none-eabi/lib/armv6-m\libc_s.a(lib_a-fini.o)
 .text          0x00000000        0x0 c:/program files (x86)/cypress/psoc creator/3.0/psoc creator/import/gnu_cs/arm/4.7.3/bin/../lib/gcc/arm-none-eabi/4.7.3/../../../../arm-none-eabi/lib/armv6-m\libc_s.a(lib_a-impure.o)
 .data          0x00000000        0x0 c:/program files (x86)/cypress/psoc creator/3.0/psoc creator/import/gnu_cs/arm/4.7.3/bin/../lib/gcc/arm-none-eabi/4.7.3/../../../../arm-none-eabi/lib/armv6-m\libc_s.a(lib_a-impure.o)
 .bss           0x00000000        0x0 c:/program files (x86)/cypress/psoc creator/3.0/psoc creator/import/gnu_cs/arm/4.7.3/bin/../lib/gcc/arm-none-eabi/4.7.3/../../../../arm-none-eabi/lib/armv6-m\libc_s.a(lib_a-impure.o)
 .data.impure_data
                0x00000000       0x64 c:/program files (x86)/cypress/psoc creator/3.0/psoc creator/import/gnu_cs/arm/4.7.3/bin/../lib/gcc/arm-none-eabi/4.7.3/../../../../arm-none-eabi/lib/armv6-m\libc_s.a(lib_a-impure.o)
 .data._impure_ptr
                0x00000000        0x4 c:/program files (x86)/cypress/psoc creator/3.0/psoc creator/import/gnu_cs/arm/4.7.3/bin/../lib/gcc/arm-none-eabi/4.7.3/../../../../arm-none-eabi/lib/armv6-m\libc_s.a(lib_a-impure.o)
 .rodata.str1.1
                0x00000000        0x2 c:/program files (x86)/cypress/psoc creator/3.0/psoc creator/import/gnu_cs/arm/4.7.3/bin/../lib/gcc/arm-none-eabi/4.7.3/../../../../arm-none-eabi/lib/armv6-m\libc_s.a(lib_a-impure.o)
 .rodata._global_impure_ptr
                0x00000000        0x4 c:/program files (x86)/cypress/psoc creator/3.0/psoc creator/import/gnu_cs/arm/4.7.3/bin/../lib/gcc/arm-none-eabi/4.7.3/../../../../arm-none-eabi/lib/armv6-m\libc_s.a(lib_a-impure.o)
 .text          0x00000000        0x0 c:/program files (x86)/cypress/psoc creator/3.0/psoc creator/import/gnu_cs/arm/4.7.3/bin/../lib/gcc/arm-none-eabi/4.7.3/../../../../arm-none-eabi/lib/armv6-m\libc_s.a(lib_a-init.o)
 .data          0x00000000        0x0 c:/program files (x86)/cypress/psoc creator/3.0/psoc creator/import/gnu_cs/arm/4.7.3/bin/../lib/gcc/arm-none-eabi/4.7.3/../../../../arm-none-eabi/lib/armv6-m\libc_s.a(lib_a-init.o)
 .bss           0x00000000        0x0 c:/program files (x86)/cypress/psoc creator/3.0/psoc creator/import/gnu_cs/arm/4.7.3/bin/../lib/gcc/arm-none-eabi/4.7.3/../../../../arm-none-eabi/lib/armv6-m\libc_s.a(lib_a-init.o)
 .text          0x00000000        0x0 c:/program files (x86)/cypress/psoc creator/3.0/psoc creator/import/gnu_cs/arm/4.7.3/bin/../lib/gcc/arm-none-eabi/4.7.3/../../../../arm-none-eabi/lib/armv6-m\libc_s.a(lib_a-memcpy.o)
 .data          0x00000000        0x0 c:/program files (x86)/cypress/psoc creator/3.0/psoc creator/import/gnu_cs/arm/4.7.3/bin/../lib/gcc/arm-none-eabi/4.7.3/../../../../arm-none-eabi/lib/armv6-m\libc_s.a(lib_a-memcpy.o)
 .bss           0x00000000        0x0 c:/program files (x86)/cypress/psoc creator/3.0/psoc creator/import/gnu_cs/arm/4.7.3/bin/../lib/gcc/arm-none-eabi/4.7.3/../../../../arm-none-eabi/lib/armv6-m\libc_s.a(lib_a-memcpy.o)
 .text          0x00000000        0x0 c:/program files (x86)/cypress/psoc creator/3.0/psoc creator/import/gnu_cs/arm/4.7.3/bin/../lib/gcc/arm-none-eabi/4.7.3/../../../../arm-none-eabi/lib/armv6-m\libc_s.a(lib_a-memset.o)
 .data          0x00000000        0x0 c:/program files (x86)/cypress/psoc creator/3.0/psoc creator/import/gnu_cs/arm/4.7.3/bin/../lib/gcc/arm-none-eabi/4.7.3/../../../../arm-none-eabi/lib/armv6-m\libc_s.a(lib_a-memset.o)
 .bss           0x00000000        0x0 c:/program files (x86)/cypress/psoc creator/3.0/psoc creator/import/gnu_cs/arm/4.7.3/bin/../lib/gcc/arm-none-eabi/4.7.3/../../../../arm-none-eabi/lib/armv6-m\libc_s.a(lib_a-memset.o)
 .text          0x00000000        0x0 c:/program files (x86)/cypress/psoc creator/3.0/psoc creator/import/gnu_cs/arm/4.7.3/bin/../lib/gcc/arm-none-eabi/4.7.3/armv6-m/crtend.o
 .data          0x00000000        0x0 c:/program files (x86)/cypress/psoc creator/3.0/psoc creator/import/gnu_cs/arm/4.7.3/bin/../lib/gcc/arm-none-eabi/4.7.3/armv6-m/crtend.o
 .bss           0x00000000        0x0 c:/program files (x86)/cypress/psoc creator/3.0/psoc creator/import/gnu_cs/arm/4.7.3/bin/../lib/gcc/arm-none-eabi/4.7.3/armv6-m/crtend.o
 .text          0x00000000        0x0 c:/program files (x86)/cypress/psoc creator/3.0/psoc creator/import/gnu_cs/arm/4.7.3/bin/../lib/gcc/arm-none-eabi/4.7.3/armv6-m/crtn.o
 .data          0x00000000        0x0 c:/program files (x86)/cypress/psoc creator/3.0/psoc creator/import/gnu_cs/arm/4.7.3/bin/../lib/gcc/arm-none-eabi/4.7.3/armv6-m/crtn.o
 .bss           0x00000000        0x0 c:/program files (x86)/cypress/psoc creator/3.0/psoc creator/import/gnu_cs/arm/4.7.3/bin/../lib/gcc/arm-none-eabi/4.7.3/armv6-m/crtn.o

Memory Configuration

Name             Origin             Length             Attributes
rom              0x00000000         0x00008000         xr
ram              0x20000000         0x00001000         xrw
*default*        0x00000000         0xffffffff

Linker script and memory map

LOAD c:/program files (x86)/cypress/psoc creator/3.0/psoc creator/import/gnu_cs/arm/4.7.3/bin/../lib/gcc/arm-none-eabi/4.7.3/armv6-m/crti.o
LOAD c:/program files (x86)/cypress/psoc creator/3.0/psoc creator/import/gnu_cs/arm/4.7.3/bin/../lib/gcc/arm-none-eabi/4.7.3/armv6-m/crtbegin.o
LOAD c:/program files (x86)/cypress/psoc creator/3.0/psoc creator/import/gnu_cs/arm/4.7.3/bin/../lib/gcc/arm-none-eabi/4.7.3/../../../../arm-none-eabi/lib/armv6-m/crt0.o
START GROUP
LOAD .\CortexM0\ARM_GCC_473\Debug\main.o
LOAD .\CortexM0\ARM_GCC_473\Debug\LED_Matrix.o
LOAD .\CortexM0\ARM_GCC_473\Debug\cymetadata.o
LOAD .\CortexM0\ARM_GCC_473\Debug\Cm0Start.o
LOAD .\CortexM0\ARM_GCC_473\Debug\RGB_LED_Matrix.a
LOAD C:\Program Files (x86)\Cypress\PSoC Creator\3.0\PSoC Creator\psoc\content\cycomponentlibrary\CyComponentLibrary.cylib\CortexM0\ARM_GCC_473\Debug\CyComponentLibrary.a
END GROUP
START GROUP
LOAD c:/program files (x86)/cypress/psoc creator/3.0/psoc creator/import/gnu_cs/arm/4.7.3/bin/../lib/gcc/arm-none-eabi/4.7.3/armv6-m\libgcc.a
LOAD c:/program files (x86)/cypress/psoc creator/3.0/psoc creator/import/gnu_cs/arm/4.7.3/bin/../lib/gcc/arm-none-eabi/4.7.3/../../../../arm-none-eabi/lib/armv6-m\libc_s.a
END GROUP
LOAD c:/program files (x86)/cypress/psoc creator/3.0/psoc creator/import/gnu_cs/arm/4.7.3/bin/../lib/gcc/arm-none-eabi/4.7.3/armv6-m/crtend.o
LOAD c:/program files (x86)/cypress/psoc creator/3.0/psoc creator/import/gnu_cs/arm/4.7.3/bin/../lib/gcc/arm-none-eabi/4.7.3/armv6-m/crtn.o
START GROUP
LOAD c:/program files (x86)/cypress/psoc creator/3.0/psoc creator/import/gnu_cs/arm/4.7.3/bin/../lib/gcc/arm-none-eabi/4.7.3/armv6-m\libgcc.a
LOAD c:/program files (x86)/cypress/psoc creator/3.0/psoc creator/import/gnu_cs/arm/4.7.3/bin/../lib/gcc/arm-none-eabi/4.7.3/../../../../arm-none-eabi/lib/armv6-m\libc.a
LOAD c:/program files (x86)/cypress/psoc creator/3.0/psoc creator/import/gnu_cs/arm/4.7.3/bin/../lib/gcc/arm-none-eabi/4.7.3/../../../../arm-none-eabi/lib/armv6-m\libnosys.a
END GROUP
                0x00000000                CY_APPL_ORIGIN = 0x0
                0x00000080                CY_FLASH_ROW_SIZE = 0x80
                0x00000001                CY_APPL_NUM = 0x1
                0x00000040                CY_METADATA_SIZE = 0x40
                0x200004d0                PROVIDE (__cy_heap_start, _end)
                0x00000001                PROVIDE (__cy_region_num, ((__cy_regions_end - __cy_regions) / 0x10))
                0x20001000                PROVIDE (__cy_stack, (ORIGIN (ram) + 0x1000))
                0x20000c00                PROVIDE (__cy_heap_end, (__cy_stack - 0x400))

.cybootloader   0x00000000        0x0
 *(.cybootloader)
                0x00000000                appl1_start = CY_APPL_ORIGIN?CY_APPL_ORIGIN:ALIGN (CY_FLASH_ROW_SIZE)
                0x00003f80                appl2_start = (appl1_start + ALIGN ((((0x8000 - appl1_start) - (0x2 * CY_FLASH_ROW_SIZE)) / 0x2), CY_FLASH_ROW_SIZE))
                0x00000000                appl_start = (CY_APPL_NUM == 0x1)?appl1_start:appl2_start

.text           0x00000000      0xaec
 CREATE_OBJECT_SYMBOLS
                0x00000000                PROVIDE (__cy_interrupt_vector, RomVectors)
 *(.romvectors)
 .romvectors    0x00000000       0x10 .\CortexM0\ARM_GCC_473\Debug\Cm0Start.o
                0x00000000                RomVectors
                0x00000001                ASSERT ((. != __cy_interrupt_vector), No interrupt vector)
                0x00000001                ASSERT (CY_APPL_ORIGIN?(SIZEOF (.cybootloader) <= CY_APPL_ORIGIN):0x1, Wrong image location)
                0x00000010                PROVIDE (__cy_reset, Reset)
 *(.text.Reset)
 .text.Reset    0x00000010        0x8 .\CortexM0\ARM_GCC_473\Debug\Cm0Start.o
                0x00000010                Reset
                0x00000001                ASSERT ((. != __cy_reset), No reset code)
 *(.psocinit)
 .psocinit      0x00000018      0x2c8 .\CortexM0\ARM_GCC_473\Debug\RGB_LED_Matrix.a(cyfitter_cfg.o)
                0x00000018                cyfitter_cfg
                0x000002e0                . = MAX (., 0x100)
 *(.text .text.* .gnu.linkonce.t.*)
 .text          0x000002e0       0x60 c:/program files (x86)/cypress/psoc creator/3.0/psoc creator/import/gnu_cs/arm/4.7.3/bin/../lib/gcc/arm-none-eabi/4.7.3/armv6-m/crtbegin.o
 .text.FIFO_EMPTY
                0x00000340      0x214 .\CortexM0\ARM_GCC_473\Debug\main.o
                0x00000340                FIFO_EMPTY
 .text.startup.main
                0x00000554       0xc4 .\CortexM0\ARM_GCC_473\Debug\main.o
                0x00000554                main
 .text.ClearPixel
                0x00000618       0x78 .\CortexM0\ARM_GCC_473\Debug\LED_Matrix.o
                0x00000618                ClearPixel
 .text.DrawPixel
                0x00000690       0xe8 .\CortexM0\ARM_GCC_473\Debug\LED_Matrix.o
                0x00000690                DrawPixel
 .text.ClearScreen
                0x00000778       0x50 .\CortexM0\ARM_GCC_473\Debug\LED_Matrix.o
                0x00000778                ClearScreen
 .text.IntDefaultHandler
                0x000007c8        0x4 .\CortexM0\ARM_GCC_473\Debug\Cm0Start.o
                0x000007c8                IntDefaultHandler
 .text.Start_c  0x000007cc       0xb4 .\CortexM0\ARM_GCC_473\Debug\Cm0Start.o
                0x000007cc                Start_c
 .text.startup.initialize_psoc
                0x00000880       0x50 .\CortexM0\ARM_GCC_473\Debug\Cm0Start.o
                0x00000880                initialize_psoc
 .text.UART_Start
                0x000008d0       0x28 .\CortexM0\ARM_GCC_473\Debug\RGB_LED_Matrix.a(UART.o)
                0x000008d0                UART_Start
 .text.UART_SpiUartReadRxData
                0x000008f8        0xc .\CortexM0\ARM_GCC_473\Debug\RGB_LED_Matrix.a(UART_SPI_UART.o)
                0x000008f8                UART_SpiUartReadRxData
 .text.UART_SpiUartGetRxBufferSize
                0x00000904       0x10 .\CortexM0\ARM_GCC_473\Debug\RGB_LED_Matrix.a(UART_SPI_UART.o)
                0x00000904                UART_SpiUartGetRxBufferSize
 .text.UART_SpiUartDisableIntRx
                0x00000914       0x10 .\CortexM0\ARM_GCC_473\Debug\RGB_LED_Matrix.a(UART_SPI_UART.o)
                0x00000914                UART_SpiUartDisableIntRx
 .text.UART_UartInit
                0x00000924       0x90 .\CortexM0\ARM_GCC_473\Debug\RGB_LED_Matrix.a(UART_UART.o)
                0x00000924                UART_UartInit
 .text.UART_UartGetByte
                0x000009b4       0x40 .\CortexM0\ARM_GCC_473\Debug\RGB_LED_Matrix.a(UART_UART.o)
                0x000009b4                UART_UartGetByte
 .text.isr_2_SetPriority
                0x000009f4       0x20 .\CortexM0\ARM_GCC_473\Debug\RGB_LED_Matrix.a(isr_2.o)
                0x000009f4                isr_2_SetPriority
 .text.isr_2_StartEx
                0x00000a14       0x24 .\CortexM0\ARM_GCC_473\Debug\RGB_LED_Matrix.a(isr_2.o)
                0x00000a14                isr_2_StartEx
 .text.LED_Matrix_1_Start
                0x00000a38        0xc .\CortexM0\ARM_GCC_473\Debug\RGB_LED_Matrix.a(LED_Matrix_1.o)
                0x00000a38                LED_Matrix_1_Start
 *fill*         0x00000a44        0x4 00
 .text          0x00000a48       0x20 .\CortexM0\ARM_GCC_473\Debug\RGB_LED_Matrix.a(CyBootAsmGnu.o)
                0x00000a48                CyDelayCycles
                0x00000a5a                CyEnterCriticalSection
                0x00000a62                CyExitCriticalSection
 .text.CyDelayUs
                0x00000a68       0x14 .\CortexM0\ARM_GCC_473\Debug\RGB_LED_Matrix.a(CyLib.o)
                0x00000a68                CyDelayUs
 .text.__libc_init_array
                0x00000a7c       0x4c c:/program files (x86)/cypress/psoc creator/3.0/psoc creator/import/gnu_cs/arm/4.7.3/bin/../lib/gcc/arm-none-eabi/4.7.3/../../../../arm-none-eabi/lib/armv6-m\libc_s.a(lib_a-init.o)
                0x00000a7c                __libc_init_array
 .text.memcpy   0x00000ac8       0x12 c:/program files (x86)/cypress/psoc creator/3.0/psoc creator/import/gnu_cs/arm/4.7.3/bin/../lib/gcc/arm-none-eabi/4.7.3/../../../../arm-none-eabi/lib/armv6-m\libc_s.a(lib_a-memcpy.o)
                0x00000ac8                memcpy
 .text.memset   0x00000ada       0x12 c:/program files (x86)/cypress/psoc creator/3.0/psoc creator/import/gnu_cs/arm/4.7.3/bin/../lib/gcc/arm-none-eabi/4.7.3/../../../../arm-none-eabi/lib/armv6-m\libc_s.a(lib_a-memset.o)
                0x00000ada                memset
 *(.plt)
 *(.gnu.warning)
 *(.glue_7t)
 .glue_7t       0x00000000        0x0 linker stubs
 *(.glue_7)
 .glue_7        0x00000000        0x0 linker stubs
 *(.vfp11_veneer)
 .vfp11_veneer  0x00000000        0x0 linker stubs
 *(.bootloader)
 *(.ARM.extab* .gnu.linkonce.armextab.*)
 *(.gcc_except_table)

.v4_bx          0x00000aec        0x0
 .v4_bx         0x00000000        0x0 linker stubs

.iplt           0x00000aec        0x0
 .iplt          0x00000000        0x0 c:/program files (x86)/cypress/psoc creator/3.0/psoc creator/import/gnu_cs/arm/4.7.3/bin/../lib/gcc/arm-none-eabi/4.7.3/armv6-m/crtbegin.o

.eh_frame_hdr
 *(.eh_frame_hdr)

.eh_frame       0x00000aec        0x4
 *(.eh_frame)
 .eh_frame      0x00000aec        0x0 c:/program files (x86)/cypress/psoc creator/3.0/psoc creator/import/gnu_cs/arm/4.7.3/bin/../lib/gcc/arm-none-eabi/4.7.3/armv6-m/crtbegin.o
 .eh_frame      0x00000aec        0x4 c:/program files (x86)/cypress/psoc creator/3.0/psoc creator/import/gnu_cs/arm/4.7.3/bin/../lib/gcc/arm-none-eabi/4.7.3/armv6-m/crtend.o
                0x00000af0                PROVIDE (__exidx_start, .)

.ARM.exidx
 *(.ARM.exidx* .gnu.linkonce.armexidx.*)
                0x00000af0                __exidx_end = .

.rodata         0x00000af0      0x2a0
 *(.rodata .rodata.* .gnu.linkonce.r.*)
 .rodata        0x00000af0      0x268 .\CortexM0\ARM_GCC_473\Debug\RGB_LED_Matrix.a(cyfitter_cfg.o)
                0x00000d58                . = ALIGN (0x4)
 *(.init)
 .init          0x00000d58        0x4 c:/program files (x86)/cypress/psoc creator/3.0/psoc creator/import/gnu_cs/arm/4.7.3/bin/../lib/gcc/arm-none-eabi/4.7.3/armv6-m/crti.o
                0x00000d58                _init
 .init          0x00000d5c        0x8 c:/program files (x86)/cypress/psoc creator/3.0/psoc creator/import/gnu_cs/arm/4.7.3/bin/../lib/gcc/arm-none-eabi/4.7.3/armv6-m/crtn.o
                0x00000d64                . = ALIGN (0x4)
                0x00000d64                __preinit_array_start = .
 *(.preinit_array)
                0x00000d64                __preinit_array_end = .
                0x00000d64                . = ALIGN (0x4)
                0x00000d64                __init_array_start = .
 *(SORT(.init_array.*))
 *(.init_array)
 .init_array    0x00000d64        0x4 c:/program files (x86)/cypress/psoc creator/3.0/psoc creator/import/gnu_cs/arm/4.7.3/bin/../lib/gcc/arm-none-eabi/4.7.3/armv6-m/crtbegin.o
 .init_array    0x00000d68        0x4 .\CortexM0\ARM_GCC_473\Debug\Cm0Start.o
                0x00000d6c                __init_array_end = .
                0x00000d6c                . = ALIGN (0x4)
 *(.fini)
 .fini          0x00000d6c        0x4 c:/program files (x86)/cypress/psoc creator/3.0/psoc creator/import/gnu_cs/arm/4.7.3/bin/../lib/gcc/arm-none-eabi/4.7.3/armv6-m/crti.o
                0x00000d6c                _fini
 .fini          0x00000d70        0x8 c:/program files (x86)/cypress/psoc creator/3.0/psoc creator/import/gnu_cs/arm/4.7.3/bin/../lib/gcc/arm-none-eabi/4.7.3/armv6-m/crtn.o
                0x00000d78                . = ALIGN (0x4)
                0x00000d78                __fini_array_start = .
 *(.fini_array)
 .fini_array    0x00000d78        0x4 c:/program files (x86)/cypress/psoc creator/3.0/psoc creator/import/gnu_cs/arm/4.7.3/bin/../lib/gcc/arm-none-eabi/4.7.3/armv6-m/crtbegin.o
 *(SORT(.fini_array.*))
                0x00000d7c                __fini_array_end = .
                0x00000d7c                . = ALIGN (0x4)
 *crtbegin.o(.ctors)
 *(EXCLUDE_FILE(*crtend.o) .ctors)
 *(SORT(.ctors.*))
 *crtend.o(.ctors)
                0x00000d7c                . = ALIGN (0x4)
 *crtbegin.o(.dtors)
 *(EXCLUDE_FILE(*crtend.o) .dtors)
 *(SORT(.dtors.*))
 *crtend.o(.dtors)
                0x00000d7c                . = ALIGN (0x4)
                0x00000d7c                __cy_regions = .
                0x00000d7c        0x4 LONG 0xd90 __cy_region_init_ram
                0x00000d80        0x4 LONG 0x200000c8 __cy_region_start_data
                0x00000d84        0x4 LONG 0x18 __cy_region_init_size_ram
                0x00000d88        0x4 LONG 0x3f0 __cy_region_zero_size_ram
                0x00000d8c                __cy_regions_end = .
                0x00000d90                . = ALIGN (0x8)
 *fill*         0x00000d8c        0x4 00
                0x00000d90                _etext = .

.ramvectors     0x20000000       0xc0
                0x20000000                __cy_region_start_ram = .
 *(.ramvectors)
 .ramvectors    0x20000000       0xc0 .\CortexM0\ARM_GCC_473\Debug\Cm0Start.o
                0x20000000                CyRamVectors

.noinit         0x200000c0        0x4
 *(.noinit)
 .noinit        0x200000c0        0x4 .\CortexM0\ARM_GCC_473\Debug\Cm0Start.o

.data           0x200000c8       0x18 load address 0x00000d90
                0x200000c8                __cy_region_start_data = .
 *(.jcr)
 .jcr           0x200000c8        0x0 c:/program files (x86)/cypress/psoc creator/3.0/psoc creator/import/gnu_cs/arm/4.7.3/bin/../lib/gcc/arm-none-eabi/4.7.3/armv6-m/crtbegin.o
 .jcr           0x200000c8        0x4 c:/program files (x86)/cypress/psoc creator/3.0/psoc creator/import/gnu_cs/arm/4.7.3/bin/../lib/gcc/arm-none-eabi/4.7.3/armv6-m/crtend.o
 *(.got.plt)
 *(.got)
 *(.shdata)
 *(.data .data.* .gnu.linkonce.d.*)
 .data          0x200000cc       0x10 .\CortexM0\ARM_GCC_473\Debug\RGB_LED_Matrix.a(CyLib.o)
                0x200000cc                cydelay32kMs
                0x200000d0                cydelayFreqKhz
                0x200000d4                cydelayFreqMhz
                0x200000d8                cydelayFreqHz
                0x200000e0                . = ALIGN (0x8)
 *fill*         0x200000dc        0x4 00
 *(.ram)
                0x200000e0                _edata = .

.igot.plt       0x200000e0        0x0 load address 0x00000da8
 .igot.plt      0x00000000        0x0 c:/program files (x86)/cypress/psoc creator/3.0/psoc creator/import/gnu_cs/arm/4.7.3/bin/../lib/gcc/arm-none-eabi/4.7.3/armv6-m/crtbegin.o

.bss            0x200000e0      0x3f0 load address 0x00000da8
                0x200000e0                PROVIDE (__bss_start__, .)
 *(.shbss)
 *(.bss .bss.* .gnu.linkonce.b.*)
 .bss           0x200000e0       0x1c c:/program files (x86)/cypress/psoc creator/3.0/psoc creator/import/gnu_cs/arm/4.7.3/bin/../lib/gcc/arm-none-eabi/4.7.3/armv6-m/crtbegin.o
 .bss           0x200000fc        0x2 .\CortexM0\ARM_GCC_473\Debug\main.o
                0x200000fc                pwm_count
                0x200000fd                j
 *fill*         0x200000fe        0x2 00
 .bss           0x20000100        0x8 .\CortexM0\ARM_GCC_473\Debug\RGB_LED_Matrix.a(UART.o)
                0x20000100                UART_initVar
                0x20000104                UART_customIntrHandler
 *(COMMON)
 COMMON         0x20000108      0x3c1 .\CortexM0\ARM_GCC_473\Debug\main.o
                0x20000108                matrix
                0x200004c8                bit_shift
                0x200004d0                . = ALIGN (0x8)
 *fill*         0x200004c9        0x7 00
 *(.ram.b)
                0x200004d0                _end = .
                0x200004d0                __end = .
                0x200004d0                PROVIDE (end, .)
                0x200004d0                PROVIDE (__bss_end__, .)
                0x00000d90                __cy_region_init_ram = LOADADDR (.data)
                0x00000018                __cy_region_init_size_ram = (_edata - ADDR (.data))
                0x000003f0                __cy_region_zero_size_ram = (_end - _edata)

.heap           0x200004d0      0x100 load address 0x00000da8
                0x200004d0                . = _end
                0x200005d0                . = (. + 0x100)
 *fill*         0x200004d0      0x100 00
                0x200005d0                __cy_heap_limit = .

.stack          0x20000c00      0x400
                0x20000c00                __cy_stack_limit = .
                0x20001000                . = (. + 0x400)
 *fill*         0x20000c00      0x400 00
                0x00000001                ASSERT ((__cy_stack_limit >= __cy_heap_limit), region RAM overflowed with stack)

.cyloadermeta
 *(.cyloadermeta)

.cyloadablemeta
 *(.cyloadablemeta)

.cyflashprotect
                0x90400000       0x20
 *(.cyflashprotect)
 .cyflashprotect
                0x90400000       0x20 .\CortexM0\ARM_GCC_473\Debug\cymetadata.o
                0x90400000                cy_meta_flashprotect

.cymeta         0x90500000        0xc
 *(.cymeta)
 .cymeta        0x90500000        0xc .\CortexM0\ARM_GCC_473\Debug\cymetadata.o
                0x90500000                cy_metadata

.cychipprotect  0x90600000        0x4
 *(.cychipprotect)
 .cychipprotect
                0x90600000        0x4 .\CortexM0\ARM_GCC_473\Debug\cymetadata.o
                0x90600000                cy_meta_chipprotect

.rel.dyn        0x00000da8        0x0 load address 0x90600004
 .rel.iplt      0x00000000        0x0 c:/program files (x86)/cypress/psoc creator/3.0/psoc creator/import/gnu_cs/arm/4.7.3/bin/../lib/gcc/arm-none-eabi/4.7.3/armv6-m/crtbegin.o

.stab
 *(.stab)

.stabstr
 *(.stabstr)

.debug
 *(.debug)

.line
 *(.line)

.debug_srcinfo
 *(.debug_srcinfo)

.debug_sfnames
 *(.debug_sfnames)

.debug_aranges  0x00000000      0x418
 *(.debug_aranges)
 .debug_aranges
                0x00000000       0x28 .\CortexM0\ARM_GCC_473\Debug\main.o
 .debug_aranges
                0x00000028       0x30 .\CortexM0\ARM_GCC_473\Debug\LED_Matrix.o
 .debug_aranges
                0x00000058       0x18 .\CortexM0\ARM_GCC_473\Debug\cymetadata.o
 .debug_aranges
                0x00000070       0x40 .\CortexM0\ARM_GCC_473\Debug\Cm0Start.o
 .debug_aranges
                0x000000b0       0x20 .\CortexM0\ARM_GCC_473\Debug\RGB_LED_Matrix.a(cyfitter_cfg.o)
 .debug_aranges
                0x000000d0       0x40 .\CortexM0\ARM_GCC_473\Debug\RGB_LED_Matrix.a(UART.o)
 .debug_aranges
                0x00000110       0x60 .\CortexM0\ARM_GCC_473\Debug\RGB_LED_Matrix.a(UART_SPI_UART.o)
 .debug_aranges
                0x00000170       0x50 .\CortexM0\ARM_GCC_473\Debug\RGB_LED_Matrix.a(UART_UART.o)
 .debug_aranges
                0x000001c0       0x80 .\CortexM0\ARM_GCC_473\Debug\RGB_LED_Matrix.a(isr_2.o)
 .debug_aranges
                0x00000240       0x20 .\CortexM0\ARM_GCC_473\Debug\RGB_LED_Matrix.a(LED_Matrix_1.o)
 .debug_aranges
                0x00000260       0x20 .\CortexM0\ARM_GCC_473\Debug\RGB_LED_Matrix.a(CyBootAsmGnu.o)
 .debug_aranges
                0x00000280      0x198 .\CortexM0\ARM_GCC_473\Debug\RGB_LED_Matrix.a(CyLib.o)

.debug_pubnames
 *(.debug_pubnames)

.debug_info     0x00000000     0x2b04
 *(.debug_info .gnu.linkonce.wi.*)
 .debug_info    0x00000000      0x326 .\CortexM0\ARM_GCC_473\Debug\main.o
 .debug_info    0x00000326      0x29b .\CortexM0\ARM_GCC_473\Debug\LED_Matrix.o
 .debug_info    0x000005c1      0x100 .\CortexM0\ARM_GCC_473\Debug\cymetadata.o
 .debug_info    0x000006c1      0x310 .\CortexM0\ARM_GCC_473\Debug\Cm0Start.o
 .debug_info    0x000009d1      0x623 .\CortexM0\ARM_GCC_473\Debug\RGB_LED_Matrix.a(cyfitter_cfg.o)
 .debug_info    0x00000ff4      0x1d0 .\CortexM0\ARM_GCC_473\Debug\RGB_LED_Matrix.a(UART.o)
 .debug_info    0x000011c4      0x263 .\CortexM0\ARM_GCC_473\Debug\RGB_LED_Matrix.a(UART_SPI_UART.o)
 .debug_info    0x00001427      0x2d9 .\CortexM0\ARM_GCC_473\Debug\RGB_LED_Matrix.a(UART_UART.o)
 .debug_info    0x00001700      0x390 .\CortexM0\ARM_GCC_473\Debug\RGB_LED_Matrix.a(isr_2.o)
 .debug_info    0x00001a90       0xdb .\CortexM0\ARM_GCC_473\Debug\RGB_LED_Matrix.a(LED_Matrix_1.o)
 .debug_info    0x00001b6b       0x96 .\CortexM0\ARM_GCC_473\Debug\RGB_LED_Matrix.a(CyBootAsmGnu.o)
 .debug_info    0x00001c01      0xf03 .\CortexM0\ARM_GCC_473\Debug\RGB_LED_Matrix.a(CyLib.o)

.debug_abbrev   0x00000000     0x1142
 *(.debug_abbrev)
 .debug_abbrev  0x00000000      0x18f .\CortexM0\ARM_GCC_473\Debug\main.o
 .debug_abbrev  0x0000018f      0x111 .\CortexM0\ARM_GCC_473\Debug\LED_Matrix.o
 .debug_abbrev  0x000002a0       0x5d .\CortexM0\ARM_GCC_473\Debug\cymetadata.o
 .debug_abbrev  0x000002fd      0x199 .\CortexM0\ARM_GCC_473\Debug\Cm0Start.o
 .debug_abbrev  0x00000496      0x23e .\CortexM0\ARM_GCC_473\Debug\RGB_LED_Matrix.a(cyfitter_cfg.o)
 .debug_abbrev  0x000006d4      0x147 .\CortexM0\ARM_GCC_473\Debug\RGB_LED_Matrix.a(UART.o)
 .debug_abbrev  0x0000081b      0x18a .\CortexM0\ARM_GCC_473\Debug\RGB_LED_Matrix.a(UART_SPI_UART.o)
 .debug_abbrev  0x000009a5      0x152 .\CortexM0\ARM_GCC_473\Debug\RGB_LED_Matrix.a(UART_UART.o)
 .debug_abbrev  0x00000af7      0x249 .\CortexM0\ARM_GCC_473\Debug\RGB_LED_Matrix.a(isr_2.o)
 .debug_abbrev  0x00000d40       0x8d .\CortexM0\ARM_GCC_473\Debug\RGB_LED_Matrix.a(LED_Matrix_1.o)
 .debug_abbrev  0x00000dcd       0x14 .\CortexM0\ARM_GCC_473\Debug\RGB_LED_Matrix.a(CyBootAsmGnu.o)
 .debug_abbrev  0x00000de1      0x361 .\CortexM0\ARM_GCC_473\Debug\RGB_LED_Matrix.a(CyLib.o)

.debug_line     0x00000000     0x12e8
 *(.debug_line)
 .debug_line    0x00000000      0x189 .\CortexM0\ARM_GCC_473\Debug\main.o
 .debug_line    0x00000189      0x19b .\CortexM0\ARM_GCC_473\Debug\LED_Matrix.o
 .debug_line    0x00000324       0x53 .\CortexM0\ARM_GCC_473\Debug\cymetadata.o
 .debug_line    0x00000377      0x1b9 .\CortexM0\ARM_GCC_473\Debug\Cm0Start.o
 .debug_line    0x00000530      0x1f3 .\CortexM0\ARM_GCC_473\Debug\RGB_LED_Matrix.a(cyfitter_cfg.o)
 .debug_line    0x00000723       0xd2 .\CortexM0\ARM_GCC_473\Debug\RGB_LED_Matrix.a(UART.o)
 .debug_line    0x000007f5      0x140 .\CortexM0\ARM_GCC_473\Debug\RGB_LED_Matrix.a(UART_SPI_UART.o)
 .debug_line    0x00000935      0x160 .\CortexM0\ARM_GCC_473\Debug\RGB_LED_Matrix.a(UART_UART.o)
 .debug_line    0x00000a95      0x1a7 .\CortexM0\ARM_GCC_473\Debug\RGB_LED_Matrix.a(isr_2.o)
 .debug_line    0x00000c3c       0x73 .\CortexM0\ARM_GCC_473\Debug\RGB_LED_Matrix.a(LED_Matrix_1.o)
 .debug_line    0x00000caf       0x68 .\CortexM0\ARM_GCC_473\Debug\RGB_LED_Matrix.a(CyBootAsmGnu.o)
 .debug_line    0x00000d17      0x5d1 .\CortexM0\ARM_GCC_473\Debug\RGB_LED_Matrix.a(CyLib.o)

.debug_frame    0x00000000      0xa44
 *(.debug_frame)
 .debug_frame   0x00000000       0x78 .\CortexM0\ARM_GCC_473\Debug\main.o
 .debug_frame   0x00000078       0x6c .\CortexM0\ARM_GCC_473\Debug\LED_Matrix.o
 .debug_frame   0x000000e4       0xa8 .\CortexM0\ARM_GCC_473\Debug\Cm0Start.o
 .debug_frame   0x0000018c       0x40 .\CortexM0\ARM_GCC_473\Debug\RGB_LED_Matrix.a(cyfitter_cfg.o)
 .debug_frame   0x000001cc       0x78 .\CortexM0\ARM_GCC_473\Debug\RGB_LED_Matrix.a(UART.o)
 .debug_frame   0x00000244       0xb8 .\CortexM0\ARM_GCC_473\Debug\RGB_LED_Matrix.a(UART_SPI_UART.o)
 .debug_frame   0x000002fc       0xbc .\CortexM0\ARM_GCC_473\Debug\RGB_LED_Matrix.a(UART_UART.o)
 .debug_frame   0x000003b8      0x104 .\CortexM0\ARM_GCC_473\Debug\RGB_LED_Matrix.a(isr_2.o)
 .debug_frame   0x000004bc       0x2c .\CortexM0\ARM_GCC_473\Debug\RGB_LED_Matrix.a(LED_Matrix_1.o)
 .debug_frame   0x000004e8      0x444 .\CortexM0\ARM_GCC_473\Debug\RGB_LED_Matrix.a(CyLib.o)
 .debug_frame   0x0000092c       0x20 c:/program files (x86)/cypress/psoc creator/3.0/psoc creator/import/gnu_cs/arm/4.7.3/bin/../lib/gcc/arm-none-eabi/4.7.3/armv6-m\libgcc.a(_udivsi3.o)
 .debug_frame   0x0000094c       0x28 c:/program files (x86)/cypress/psoc creator/3.0/psoc creator/import/gnu_cs/arm/4.7.3/bin/../lib/gcc/arm-none-eabi/4.7.3/../../../../arm-none-eabi/lib/armv6-m\libc_s.a(lib_a-__atexit2.o)
 .debug_frame   0x00000974       0x28 c:/program files (x86)/cypress/psoc creator/3.0/psoc creator/import/gnu_cs/arm/4.7.3/bin/../lib/gcc/arm-none-eabi/4.7.3/../../../../arm-none-eabi/lib/armv6-m\libc_s.a(lib_a-exit.o)
 .debug_frame   0x0000099c       0x2c c:/program files (x86)/cypress/psoc creator/3.0/psoc creator/import/gnu_cs/arm/4.7.3/bin/../lib/gcc/arm-none-eabi/4.7.3/../../../../arm-none-eabi/lib/armv6-m\libc_s.a(lib_a-fini.o)
 .debug_frame   0x000009c8       0x2c c:/program files (x86)/cypress/psoc creator/3.0/psoc creator/import/gnu_cs/arm/4.7.3/bin/../lib/gcc/arm-none-eabi/4.7.3/../../../../arm-none-eabi/lib/armv6-m\libc_s.a(lib_a-init.o)
 .debug_frame   0x000009f4       0x28 c:/program files (x86)/cypress/psoc creator/3.0/psoc creator/import/gnu_cs/arm/4.7.3/bin/../lib/gcc/arm-none-eabi/4.7.3/../../../../arm-none-eabi/lib/armv6-m\libc_s.a(lib_a-memcpy.o)
 .debug_frame   0x00000a1c       0x28 c:/program files (x86)/cypress/psoc creator/3.0/psoc creator/import/gnu_cs/arm/4.7.3/bin/../lib/gcc/arm-none-eabi/4.7.3/../../../../arm-none-eabi/lib/armv6-m\libc_s.a(lib_a-memset.o)

.debug_str      0x00000000      0xe0c
 *(.debug_str)
 .debug_str     0x00000000      0x1ca .\CortexM0\ARM_GCC_473\Debug\main.o
                                0x209 (size before relaxing)
 .debug_str     0x000001ca       0x3a .\CortexM0\ARM_GCC_473\Debug\LED_Matrix.o
                                0x191 (size before relaxing)
 .debug_str     0x00000204       0x5b .\CortexM0\ARM_GCC_473\Debug\cymetadata.o
                                0x18f (size before relaxing)
 .debug_str     0x0000025f      0x116 .\CortexM0\ARM_GCC_473\Debug\Cm0Start.o
                                0x27c (size before relaxing)
 .debug_str     0x00000375      0x1e0 .\CortexM0\ARM_GCC_473\Debug\RGB_LED_Matrix.a(cyfitter_cfg.o)
                                0x370 (size before relaxing)
 .debug_str     0x00000555       0xba .\CortexM0\ARM_GCC_473\Debug\RGB_LED_Matrix.a(UART.o)
                                0x213 (size before relaxing)
 .debug_str     0x0000060f      0x11f .\CortexM0\ARM_GCC_473\Debug\RGB_LED_Matrix.a(UART_SPI_UART.o)
                                0x287 (size before relaxing)
 .debug_str     0x0000072e       0xbf .\CortexM0\ARM_GCC_473\Debug\RGB_LED_Matrix.a(UART_UART.o)
                                0x2a5 (size before relaxing)
 .debug_str     0x000007ed      0x12e .\CortexM0\ARM_GCC_473\Debug\RGB_LED_Matrix.a(isr_2.o)
                                0x29f (size before relaxing)
 .debug_str     0x0000091b       0x28 .\CortexM0\ARM_GCC_473\Debug\RGB_LED_Matrix.a(LED_Matrix_1.o)
                                0x194 (size before relaxing)
 .debug_str     0x00000943      0x4c9 .\CortexM0\ARM_GCC_473\Debug\RGB_LED_Matrix.a(CyLib.o)
                                0x68b (size before relaxing)

.debug_loc      0x00000000     0x1a8a
 *(.debug_loc)
 .debug_loc     0x00000000       0xa6 .\CortexM0\ARM_GCC_473\Debug\main.o
 .debug_loc     0x000000a6      0x380 .\CortexM0\ARM_GCC_473\Debug\LED_Matrix.o
 .debug_loc     0x00000426      0x1b0 .\CortexM0\ARM_GCC_473\Debug\Cm0Start.o
 .debug_loc     0x000005d6      0x232 .\CortexM0\ARM_GCC_473\Debug\RGB_LED_Matrix.a(cyfitter_cfg.o)
 .debug_loc     0x00000808       0x40 .\CortexM0\ARM_GCC_473\Debug\RGB_LED_Matrix.a(UART.o)
 .debug_loc     0x00000848      0x10c .\CortexM0\ARM_GCC_473\Debug\RGB_LED_Matrix.a(UART_SPI_UART.o)
 .debug_loc     0x00000954      0x239 .\CortexM0\ARM_GCC_473\Debug\RGB_LED_Matrix.a(UART_UART.o)
 .debug_loc     0x00000b8d      0x10a .\CortexM0\ARM_GCC_473\Debug\RGB_LED_Matrix.a(isr_2.o)
 .debug_loc     0x00000c97       0x20 .\CortexM0\ARM_GCC_473\Debug\RGB_LED_Matrix.a(LED_Matrix_1.o)
 .debug_loc     0x00000cb7      0xdd3 .\CortexM0\ARM_GCC_473\Debug\RGB_LED_Matrix.a(CyLib.o)

.debug_macinfo
 *(.debug_macinfo)

.debug_ranges   0x00000000      0x590
 *(.debug_ranges)
 .debug_ranges  0x00000000       0x18 .\CortexM0\ARM_GCC_473\Debug\main.o
 .debug_ranges  0x00000018       0x20 .\CortexM0\ARM_GCC_473\Debug\LED_Matrix.o
 .debug_ranges  0x00000038       0x30 .\CortexM0\ARM_GCC_473\Debug\Cm0Start.o
 .debug_ranges  0x00000068      0x120 .\CortexM0\ARM_GCC_473\Debug\RGB_LED_Matrix.a(cyfitter_cfg.o)
 .debug_ranges  0x00000188       0x30 .\CortexM0\ARM_GCC_473\Debug\RGB_LED_Matrix.a(UART.o)
 .debug_ranges  0x000001b8       0x68 .\CortexM0\ARM_GCC_473\Debug\RGB_LED_Matrix.a(UART_SPI_UART.o)
 .debug_ranges  0x00000220       0x40 .\CortexM0\ARM_GCC_473\Debug\RGB_LED_Matrix.a(UART_UART.o)
 .debug_ranges  0x00000260      0x130 .\CortexM0\ARM_GCC_473\Debug\RGB_LED_Matrix.a(isr_2.o)
 .debug_ranges  0x00000390       0x10 .\CortexM0\ARM_GCC_473\Debug\RGB_LED_Matrix.a(LED_Matrix_1.o)
 .debug_ranges  0x000003a0      0x1f0 .\CortexM0\ARM_GCC_473\Debug\RGB_LED_Matrix.a(CyLib.o)

.comment        0x00000000       0x70
 .comment       0x00000000       0x70 .\CortexM0\ARM_GCC_473\Debug\main.o
                                 0x71 (size before relaxing)
 .comment       0x00000000       0x71 .\CortexM0\ARM_GCC_473\Debug\LED_Matrix.o
 .comment       0x00000000       0x71 .\CortexM0\ARM_GCC_473\Debug\cymetadata.o
 .comment       0x00000000       0x71 .\CortexM0\ARM_GCC_473\Debug\Cm0Start.o
 .comment       0x00000000       0x71 .\CortexM0\ARM_GCC_473\Debug\RGB_LED_Matrix.a(cyfitter_cfg.o)
 .comment       0x00000000       0x71 .\CortexM0\ARM_GCC_473\Debug\RGB_LED_Matrix.a(UART.o)
 .comment       0x00000000       0x71 .\CortexM0\ARM_GCC_473\Debug\RGB_LED_Matrix.a(UART_SPI_UART.o)
 .comment       0x00000000       0x71 .\CortexM0\ARM_GCC_473\Debug\RGB_LED_Matrix.a(UART_UART.o)
 .comment       0x00000000       0x71 .\CortexM0\ARM_GCC_473\Debug\RGB_LED_Matrix.a(isr_2.o)
 .comment       0x00000000       0x71 .\CortexM0\ARM_GCC_473\Debug\RGB_LED_Matrix.a(LED_Matrix_1.o)
 .comment       0x00000000       0x71 .\CortexM0\ARM_GCC_473\Debug\RGB_LED_Matrix.a(CyLib.o)

.debug_weaknames
 *(.debug_weaknames)

.debug_funcnames
 *(.debug_funcnames)

.debug_typenames
 *(.debug_typenames)

.debug_varnames
 *(.debug_varnames)

.note.gnu.arm.ident
 *(.note.gnu.arm.ident)

.ARM.attributes
                0x00000000       0x28
 *(.ARM.attributes)
 .ARM.attributes
                0x00000000       0x1e c:/program files (x86)/cypress/psoc creator/3.0/psoc creator/import/gnu_cs/arm/4.7.3/bin/../lib/gcc/arm-none-eabi/4.7.3/armv6-m/crti.o
 .ARM.attributes
                0x0000001e       0x2c c:/program files (x86)/cypress/psoc creator/3.0/psoc creator/import/gnu_cs/arm/4.7.3/bin/../lib/gcc/arm-none-eabi/4.7.3/armv6-m/crtbegin.o
 .ARM.attributes
                0x0000004a       0x1c c:/program files (x86)/cypress/psoc creator/3.0/psoc creator/import/gnu_cs/arm/4.7.3/bin/../lib/gcc/arm-none-eabi/4.7.3/../../../../arm-none-eabi/lib/armv6-m/crt0.o
 .ARM.attributes
                0x00000066       0x31 .\CortexM0\ARM_GCC_473\Debug\main.o
 .ARM.attributes
                0x00000097       0x31 .\CortexM0\ARM_GCC_473\Debug\LED_Matrix.o
 .ARM.attributes
                0x000000c8       0x31 .\CortexM0\ARM_GCC_473\Debug\cymetadata.o
 .ARM.attributes
                0x000000f9       0x31 .\CortexM0\ARM_GCC_473\Debug\Cm0Start.o
 .ARM.attributes
                0x0000012a       0x31 .\CortexM0\ARM_GCC_473\Debug\RGB_LED_Matrix.a(cyfitter_cfg.o)
 .ARM.attributes
                0x0000015b       0x31 .\CortexM0\ARM_GCC_473\Debug\RGB_LED_Matrix.a(UART.o)
 .ARM.attributes
                0x0000018c       0x31 .\CortexM0\ARM_GCC_473\Debug\RGB_LED_Matrix.a(UART_SPI_UART.o)
 .ARM.attributes
                0x000001bd       0x31 .\CortexM0\ARM_GCC_473\Debug\RGB_LED_Matrix.a(UART_UART.o)
 .ARM.attributes
                0x000001ee       0x31 .\CortexM0\ARM_GCC_473\Debug\RGB_LED_Matrix.a(isr_2.o)
 .ARM.attributes
                0x0000021f       0x31 .\CortexM0\ARM_GCC_473\Debug\RGB_LED_Matrix.a(LED_Matrix_1.o)
 .ARM.attributes
                0x00000250       0x21 .\CortexM0\ARM_GCC_473\Debug\RGB_LED_Matrix.a(CyBootAsmGnu.o)
 .ARM.attributes
                0x00000271       0x31 .\CortexM0\ARM_GCC_473\Debug\RGB_LED_Matrix.a(CyLib.o)
 .ARM.attributes
                0x000002a2       0x1e c:/program files (x86)/cypress/psoc creator/3.0/psoc creator/import/gnu_cs/arm/4.7.3/bin/../lib/gcc/arm-none-eabi/4.7.3/armv6-m\libgcc.a(_udivsi3.o)
 .ARM.attributes
                0x000002c0       0x1e c:/program files (x86)/cypress/psoc creator/3.0/psoc creator/import/gnu_cs/arm/4.7.3/bin/../lib/gcc/arm-none-eabi/4.7.3/armv6-m\libgcc.a(_dvmd_tls.o)
 .ARM.attributes
                0x000002de       0x2c c:/program files (x86)/cypress/psoc creator/3.0/psoc creator/import/gnu_cs/arm/4.7.3/bin/../lib/gcc/arm-none-eabi/4.7.3/../../../../arm-none-eabi/lib/armv6-m\libc_s.a(lib_a-__atexit2.o)
 .ARM.attributes
                0x0000030a       0x2c c:/program files (x86)/cypress/psoc creator/3.0/psoc creator/import/gnu_cs/arm/4.7.3/bin/../lib/gcc/arm-none-eabi/4.7.3/../../../../arm-none-eabi/lib/armv6-m\libc_s.a(lib_a-exit.o)
 .ARM.attributes
                0x00000336       0x2c c:/program files (x86)/cypress/psoc creator/3.0/psoc creator/import/gnu_cs/arm/4.7.3/bin/../lib/gcc/arm-none-eabi/4.7.3/../../../../arm-none-eabi/lib/armv6-m\libc_s.a(lib_a-fini.o)
 .ARM.attributes
                0x00000362       0x2c c:/program files (x86)/cypress/psoc creator/3.0/psoc creator/import/gnu_cs/arm/4.7.3/bin/../lib/gcc/arm-none-eabi/4.7.3/../../../../arm-none-eabi/lib/armv6-m\libc_s.a(lib_a-impure.o)
 .ARM.attributes
                0x0000038e       0x2c c:/program files (x86)/cypress/psoc creator/3.0/psoc creator/import/gnu_cs/arm/4.7.3/bin/../lib/gcc/arm-none-eabi/4.7.3/../../../../arm-none-eabi/lib/armv6-m\libc_s.a(lib_a-init.o)
 .ARM.attributes
                0x000003ba       0x2c c:/program files (x86)/cypress/psoc creator/3.0/psoc creator/import/gnu_cs/arm/4.7.3/bin/../lib/gcc/arm-none-eabi/4.7.3/../../../../arm-none-eabi/lib/armv6-m\libc_s.a(lib_a-memcpy.o)
 .ARM.attributes
                0x000003e6       0x2c c:/program files (x86)/cypress/psoc creator/3.0/psoc creator/import/gnu_cs/arm/4.7.3/bin/../lib/gcc/arm-none-eabi/4.7.3/../../../../arm-none-eabi/lib/armv6-m\libc_s.a(lib_a-memset.o)
 .ARM.attributes
                0x00000412       0x2c c:/program files (x86)/cypress/psoc creator/3.0/psoc creator/import/gnu_cs/arm/4.7.3/bin/../lib/gcc/arm-none-eabi/4.7.3/armv6-m/crtend.o
 .ARM.attributes
                0x0000043e       0x1e c:/program files (x86)/cypress/psoc creator/3.0/psoc creator/import/gnu_cs/arm/4.7.3/bin/../lib/gcc/arm-none-eabi/4.7.3/armv6-m/crtn.o

/DISCARD/
 *(.note.GNU-stack)
OUTPUT(.\CortexM0\ARM_GCC_473\Debug\RGB_LED_Matrix.elf elf32-littlearm)
