Archive member included because of file (symbol)

.\CortexM0\ARM_GCC_473\Debug\RGB_LED_Matrix.a(cyfitter_cfg.o)
                              .\CortexM0\ARM_GCC_473\Debug\Cm0Start.o (cyfitter_cfg)
.\CortexM0\ARM_GCC_473\Debug\RGB_LED_Matrix.a(isr_2.o)
                              .\CortexM0\ARM_GCC_473\Debug\main.o (isr_2_StartEx)
.\CortexM0\ARM_GCC_473\Debug\RGB_LED_Matrix.a(LED_Matrix_1.o)
                              .\CortexM0\ARM_GCC_473\Debug\main.o (LED_Matrix_1_Start)
.\CortexM0\ARM_GCC_473\Debug\RGB_LED_Matrix.a(CyBootAsmGnu.o)
                              .\CortexM0\ARM_GCC_473\Debug\RGB_LED_Matrix.a(isr_2.o) (CyEnterCriticalSection)
.\CortexM0\ARM_GCC_473\Debug\RGB_LED_Matrix.a(CyLib.o)
                              .\CortexM0\ARM_GCC_473\Debug\main.o (CyDelay)
.\CortexM0\ARM_GCC_473\Debug\RGB_LED_Matrix.a(ADC.o)
                              .\CortexM0\ARM_GCC_473\Debug\main.o (ADC_Start)
.\CortexM0\ARM_GCC_473\Debug\RGB_LED_Matrix.a(ADC_INT.o)
                              .\CortexM0\ARM_GCC_473\Debug\RGB_LED_Matrix.a(ADC.o) (ADC_ISR)
.\CortexM0\ARM_GCC_473\Debug\RGB_LED_Matrix.a(eoc.o)
                              .\CortexM0\ARM_GCC_473\Debug\main.o (eoc_StartEx)
.\CortexM0\ARM_GCC_473\Debug\RGB_LED_Matrix.a(RTC.o)
                              .\CortexM0\ARM_GCC_473\Debug\main.o (RTC_Start)
.\CortexM0\ARM_GCC_473\Debug\RGB_LED_Matrix.a(RTC_I2C.o)
                              .\CortexM0\ARM_GCC_473\Debug\RGB_LED_Matrix.a(RTC.o) (RTC_I2CInit)
.\CortexM0\ARM_GCC_473\Debug\RGB_LED_Matrix.a(RTC_I2C_MASTER.o)
                              .\CortexM0\ARM_GCC_473\Debug\I2CDriver.o (RTC_I2CMasterSendStart)
.\CortexM0\ARM_GCC_473\Debug\RGB_LED_Matrix.a(RTC_SCB_IRQ.o)
                              .\CortexM0\ARM_GCC_473\Debug\RGB_LED_Matrix.a(RTC_I2C.o) (RTC_SCB_IRQ_SetVector)
.\CortexM0\ARM_GCC_473\Debug\RGB_LED_Matrix.a(RTC_scl.o)
                              .\CortexM0\ARM_GCC_473\Debug\RGB_LED_Matrix.a(RTC_I2C_MASTER.o) (RTC_scl_Write)
.\CortexM0\ARM_GCC_473\Debug\RGB_LED_Matrix.a(PB.o)
                              .\CortexM0\ARM_GCC_473\Debug\main.o (PB_StartEx)
.\CortexM0\ARM_GCC_473\Debug\RGB_LED_Matrix.a(RTC_I2C_INT.o)
                              .\CortexM0\ARM_GCC_473\Debug\RGB_LED_Matrix.a(RTC_I2C.o) (RTC_I2C_ISR)
c:/program files (x86)/cypress/psoc creator/3.0/psoc creator/import/gnu_cs/arm/4.7.3/bin/../lib/gcc/arm-none-eabi/4.7.3/armv6-m\libgcc.a(_udivsi3.o)
                              .\CortexM0\ARM_GCC_473\Debug\RGB_LED_Matrix.a(CyLib.o) (__aeabi_uidiv)
c:/program files (x86)/cypress/psoc creator/3.0/psoc creator/import/gnu_cs/arm/4.7.3/bin/../lib/gcc/arm-none-eabi/4.7.3/armv6-m\libgcc.a(_divsi3.o)
                              .\CortexM0\ARM_GCC_473\Debug\RGB_LED_Matrix.a(ADC.o) (__aeabi_idiv)
c:/program files (x86)/cypress/psoc creator/3.0/psoc creator/import/gnu_cs/arm/4.7.3/bin/../lib/gcc/arm-none-eabi/4.7.3/armv6-m\libgcc.a(_dvmd_tls.o)
                              c:/program files (x86)/cypress/psoc creator/3.0/psoc creator/import/gnu_cs/arm/4.7.3/bin/../lib/gcc/arm-none-eabi/4.7.3/armv6-m\libgcc.a(_udivsi3.o) (__aeabi_idiv0)
c:/program files (x86)/cypress/psoc creator/3.0/psoc creator/import/gnu_cs/arm/4.7.3/bin/../lib/gcc/arm-none-eabi/4.7.3/armv6-m\libgcc.a(_aeabi_ldivmod.o)
                              .\CortexM0\ARM_GCC_473\Debug\RGB_LED_Matrix.a(ADC.o) (__aeabi_ldivmod)
c:/program files (x86)/cypress/psoc creator/3.0/psoc creator/import/gnu_cs/arm/4.7.3/bin/../lib/gcc/arm-none-eabi/4.7.3/armv6-m\libgcc.a(_muldi3.o)
                              .\CortexM0\ARM_GCC_473\Debug\RGB_LED_Matrix.a(ADC.o) (__aeabi_lmul)
c:/program files (x86)/cypress/psoc creator/3.0/psoc creator/import/gnu_cs/arm/4.7.3/bin/../lib/gcc/arm-none-eabi/4.7.3/armv6-m\libgcc.a(_fixunsdfsi.o)
                              .\CortexM0\ARM_GCC_473\Debug\LED_Matrix.o (__aeabi_d2uiz)
c:/program files (x86)/cypress/psoc creator/3.0/psoc creator/import/gnu_cs/arm/4.7.3/bin/../lib/gcc/arm-none-eabi/4.7.3/armv6-m\libgcc.a(bpabi.o)
                              c:/program files (x86)/cypress/psoc creator/3.0/psoc creator/import/gnu_cs/arm/4.7.3/bin/../lib/gcc/arm-none-eabi/4.7.3/armv6-m\libgcc.a(_aeabi_ldivmod.o) (__gnu_ldivmod_helper)
c:/program files (x86)/cypress/psoc creator/3.0/psoc creator/import/gnu_cs/arm/4.7.3/bin/../lib/gcc/arm-none-eabi/4.7.3/armv6-m\libgcc.a(divsf3.o)
                              .\CortexM0\ARM_GCC_473\Debug\RGB_LED_Matrix.a(ADC.o) (__aeabi_fdiv)
c:/program files (x86)/cypress/psoc creator/3.0/psoc creator/import/gnu_cs/arm/4.7.3/bin/../lib/gcc/arm-none-eabi/4.7.3/armv6-m\libgcc.a(mulsf3.o)
                              .\CortexM0\ARM_GCC_473\Debug\RGB_LED_Matrix.a(ADC.o) (__aeabi_fmul)
c:/program files (x86)/cypress/psoc creator/3.0/psoc creator/import/gnu_cs/arm/4.7.3/bin/../lib/gcc/arm-none-eabi/4.7.3/armv6-m\libgcc.a(floatsisf.o)
                              .\CortexM0\ARM_GCC_473\Debug\RGB_LED_Matrix.a(ADC.o) (__aeabi_i2f)
[...]
Memory Configuration

Name             Origin             Length             Attributes
rom              0x00000000         0x00008000         xr
ram              0x20000000         0x00001000         xrw
*default*        0x00000000         0xffffffff

Linker script and memory map

LOAD c:/program files (x86)/cypress/psoc creator/3.0/psoc creator/import/gnu_cs/arm/4.7.3/bin/../lib/gcc/arm-none-eabi/4.7.3/armv6-m/crti.o
LOAD c:/program files (x86)/cypress/psoc creator/3.0/psoc creator/import/gnu_cs/arm/4.7.3/bin/../lib/gcc/arm-none-eabi/4.7.3/armv6-m/crtbegin.o
LOAD c:/program files (x86)/cypress/psoc creator/3.0/psoc creator/import/gnu_cs/arm/4.7.3/bin/../lib/gcc/arm-none-eabi/4.7.3/../../../../arm-none-eabi/lib/armv6-m/crt0.o
START GROUP
LOAD .\CortexM0\ARM_GCC_473\Debug\main.o
LOAD .\CortexM0\ARM_GCC_473\Debug\LED_Matrix.o
LOAD .\CortexM0\ARM_GCC_473\Debug\I2CDriver.o
LOAD .\CortexM0\ARM_GCC_473\Debug\cymetadata.o
LOAD .\CortexM0\ARM_GCC_473\Debug\Cm0Start.o
LOAD .\CortexM0\ARM_GCC_473\Debug\RGB_LED_Matrix.a
LOAD C:\Program Files (x86)\Cypress\PSoC Creator\3.0\PSoC Creator\psoc\content\cycomponentlibrary\CyComponentLibrary.cylib\CortexM0\ARM_GCC_473\Debug\CyComponentLibrary.a
END GROUP
START GROUP
LOAD c:/program files (x86)/cypress/psoc creator/3.0/psoc creator/import/gnu_cs/arm/4.7.3/bin/../lib/gcc/arm-none-eabi/4.7.3/armv6-m\libgcc.a
LOAD c:/program files (x86)/cypress/psoc creator/3.0/psoc creator/import/gnu_cs/arm/4.7.3/bin/../lib/gcc/arm-none-eabi/4.7.3/../../../../arm-none-eabi/lib/armv6-m\libc_s.a
END GROUP
LOAD c:/program files (x86)/cypress/psoc creator/3.0/psoc creator/import/gnu_cs/arm/4.7.3/bin/../lib/gcc/arm-none-eabi/4.7.3/armv6-m/crtend.o
LOAD c:/program files (x86)/cypress/psoc creator/3.0/psoc creator/import/gnu_cs/arm/4.7.3/bin/../lib/gcc/arm-none-eabi/4.7.3/armv6-m/crtn.o
START GROUP
LOAD c:/program files (x86)/cypress/psoc creator/3.0/psoc creator/import/gnu_cs/arm/4.7.3/bin/../lib/gcc/arm-none-eabi/4.7.3/armv6-m\libgcc.a
LOAD c:/program files (x86)/cypress/psoc creator/3.0/psoc creator/import/gnu_cs/arm/4.7.3/bin/../lib/gcc/arm-none-eabi/4.7.3/../../../../arm-none-eabi/lib/armv6-m\libc.a
LOAD c:/program files (x86)/cypress/psoc creator/3.0/psoc creator/import/gnu_cs/arm/4.7.3/bin/../lib/gcc/arm-none-eabi/4.7.3/../../../../arm-none-eabi/lib/armv6-m\libnosys.a
END GROUP
                0x00000000                CY_APPL_ORIGIN = 0x0
                0x00000080                CY_FLASH_ROW_SIZE = 0x80
                0x00000001                CY_APPL_NUM = 0x1
                0x00000040                CY_METADATA_SIZE = 0x40
                0x20000568                PROVIDE (__cy_heap_start, _end)
                0x00000001                PROVIDE (__cy_region_num, ((__cy_regions_end - __cy_regions) / 0x10))
                0x20001000                PROVIDE (__cy_stack, (ORIGIN (ram) + 0x1000))
                0x20000c00                PROVIDE (__cy_heap_end, (__cy_stack - 0x400))

.cybootloader   0x00000000        0x0
 *(.cybootloader)
                0x00000000                appl1_start = CY_APPL_ORIGIN?CY_APPL_ORIGIN:ALIGN (CY_FLASH_ROW_SIZE)
                0x00003f80                appl2_start = (appl1_start + ALIGN ((((0x8000 - appl1_start) - (0x2 * CY_FLASH_ROW_SIZE)) / 0x2), CY_FLASH_ROW_SIZE))
                0x00000000                appl_start = (CY_APPL_NUM == 0x1)?appl1_start:appl2_start

.text           0x00000000     0x398c
 CREATE_OBJECT_SYMBOLS
                0x00000000                PROVIDE (__cy_interrupt_vector, RomVectors)
 *(.romvectors)
 .romvectors    0x00000000       0x10 .\CortexM0\ARM_GCC_473\Debug\Cm0Start.o
                0x00000000                RomVectors
                0x00000001                ASSERT ((. != __cy_interrupt_vector), No interrupt vector)
                0x00000001                ASSERT (CY_APPL_ORIGIN?(SIZEOF (.cybootloader) <= CY_APPL_ORIGIN):0x1, Wrong image location)
                0x00000010                PROVIDE (__cy_reset, Reset)
 *(.text.Reset)
 .text.Reset    0x00000010        0x8 .\CortexM0\ARM_GCC_473\Debug\Cm0Start.o
                0x00000010                Reset
                0x00000001                ASSERT ((. != __cy_reset), No reset code)
 *(.psocinit)
 .psocinit      0x00000018      0x330 .\CortexM0\ARM_GCC_473\Debug\RGB_LED_Matrix.a(cyfitter_cfg.o)
                0x00000018                cyfitter_cfg
                0x00000348                . = MAX (., 0x100)
 *(.text .text.* .gnu.linkonce.t.*)
 .text          0x00000348       0x60 c:/program files (x86)/cypress/psoc creator/3.0/psoc creator/import/gnu_cs/arm/4.7.3/bin/../lib/gcc/arm-none-eabi/4.7.3/armv6-m/crtbegin.o
 .text.PB_ISR   0x000003a8       0x1c .\CortexM0\ARM_GCC_473\Debug\main.o
                0x000003a8                PB_ISR
 .text.FIFO_EMPTY
                0x000003c4      0x1dc .\CortexM0\ARM_GCC_473\Debug\main.o
                0x000003c4                FIFO_EMPTY
 .text.eoc_isr  0x000005a0      0x138 .\CortexM0\ARM_GCC_473\Debug\main.o
                0x000005a0                eoc_isr
 .text.startup.main
                0x000006d8      0x294 .\CortexM0\ARM_GCC_473\Debug\main.o
                0x000006d8                main
 .text.clearPixel
                0x0000096c       0x78 .\CortexM0\ARM_GCC_473\Debug\LED_Matrix.o
                0x0000096c                clearPixel
 .text.drawPixel
                0x000009e4       0xf8 .\CortexM0\ARM_GCC_473\Debug\LED_Matrix.o
                0x000009e4                drawPixel
 .text.clearScreen
                0x00000adc       0x50 .\CortexM0\ARM_GCC_473\Debug\LED_Matrix.o
                0x00000adc                clearScreen
 .text.drawLine
                0x00000b2c      0x200 .\CortexM0\ARM_GCC_473\Debug\LED_Matrix.o
                0x00000b2c                drawLine
 .text.drawFastVLine
                0x00000d2c       0x24 .\CortexM0\ARM_GCC_473\Debug\LED_Matrix.o
                0x00000d2c                drawFastVLine
 .text.drawFastHLine
                0x00000d50       0x24 .\CortexM0\ARM_GCC_473\Debug\LED_Matrix.o
                0x00000d50                drawFastHLine
 .text.drawOne  0x00000d74       0x90 .\CortexM0\ARM_GCC_473\Debug\LED_Matrix.o
                0x00000d74                drawOne
 .text.drawTwo  0x00000e04       0x8c .\CortexM0\ARM_GCC_473\Debug\LED_Matrix.o
                0x00000e04                drawTwo
 .text.drawColon
                0x00000e90       0x60 .\CortexM0\ARM_GCC_473\Debug\LED_Matrix.o
                0x00000e90                drawColon
 .text.drawThree
                0x00000ef0       0x8c .\CortexM0\ARM_GCC_473\Debug\LED_Matrix.o
                0x00000ef0                drawThree
 .text.drawFour
                0x00000f7c       0x48 .\CortexM0\ARM_GCC_473\Debug\LED_Matrix.o
                0x00000f7c                drawFour
 .text.drawFive
                0x00000fc4       0x8c .\CortexM0\ARM_GCC_473\Debug\LED_Matrix.o
                0x00000fc4                drawFive
 .text.drawSix  0x00001050       0x80 .\CortexM0\ARM_GCC_473\Debug\LED_Matrix.o
                0x00001050                drawSix
 .text.drawSeven
                0x000010d0       0x44 .\CortexM0\ARM_GCC_473\Debug\LED_Matrix.o
                0x000010d0                drawSeven
 .text.drawEight
                0x00001114       0x98 .\CortexM0\ARM_GCC_473\Debug\LED_Matrix.o
                0x00001114                drawEight
 .text.drawNine
                0x000011ac       0x64 .\CortexM0\ARM_GCC_473\Debug\LED_Matrix.o
                0x000011ac                drawNine
 .text.drawZero
                0x00001210       0x64 .\CortexM0\ARM_GCC_473\Debug\LED_Matrix.o
                0x00001210                drawZero
 .text.drawA    0x00001274       0xb0 .\CortexM0\ARM_GCC_473\Debug\LED_Matrix.o
                0x00001274                drawA
 .text.drawB    0x00001324       0x90 .\CortexM0\ARM_GCC_473\Debug\LED_Matrix.o
                0x00001324                drawB
 .text.drawC    0x000013b4       0x70 .\CortexM0\ARM_GCC_473\Debug\LED_Matrix.o
                0x000013b4                drawC
 .text.drawD    0x00001424       0x60 .\CortexM0\ARM_GCC_473\Debug\LED_Matrix.o
                0x00001424                drawD
 .text.drawE    0x00001484       0x54 .\CortexM0\ARM_GCC_473\Debug\LED_Matrix.o
                0x00001484                drawE
 .text.drawF    0x000014d8       0x40 .\CortexM0\ARM_GCC_473\Debug\LED_Matrix.o
                0x000014d8                drawF
 .text.drawHex  0x00001518       0xfc .\CortexM0\ARM_GCC_473\Debug\LED_Matrix.o
                0x00001518                drawHex
 .text.printTime
                0x00001614       0x60 .\CortexM0\ARM_GCC_473\Debug\LED_Matrix.o
                0x00001614                printTime
 .text.drawblock
                0x00001674       0xc4 .\CortexM0\ARM_GCC_473\Debug\LED_Matrix.o
                0x00001674                drawblock
 .text.ifDataChange
                0x00001738       0x6c .\CortexM0\ARM_GCC_473\Debug\LED_Matrix.o
                0x00001738                ifDataChange
 *fill*         0x000017a4        0x4 00
 .text.scaleResult
                0x000017a8      0x120 .\CortexM0\ARM_GCC_473\Debug\LED_Matrix.o
                0x000017a8                scaleResult
 .text.localTimeInit
                0x000018c8       0x1c .\CortexM0\ARM_GCC_473\Debug\I2CDriver.o
                0x000018c8                localTimeInit
 .text.randomTimeInit
                0x000018e4       0x18 .\CortexM0\ARM_GCC_473\Debug\I2CDriver.o
                0x000018e4                randomTimeInit
 .text.i2cWrite
                0x000018fc       0x24 .\CortexM0\ARM_GCC_473\Debug\I2CDriver.o
                0x000018fc                i2cWrite
 .text.setTime  0x00001920       0x48 .\CortexM0\ARM_GCC_473\Debug\I2CDriver.o
                0x00001920                setTime
 .text.getTime  0x00001968       0x40 .\CortexM0\ARM_GCC_473\Debug\I2CDriver.o
                0x00001968                getTime
 .text.IntDefaultHandler
                0x000019a8        0x4 .\CortexM0\ARM_GCC_473\Debug\Cm0Start.o
                0x000019a8                IntDefaultHandler
 .text.Start_c  0x000019ac       0xb4 .\CortexM0\ARM_GCC_473\Debug\Cm0Start.o
                0x000019ac                Start_c
 .text.startup.initialize_psoc
                0x00001a60       0x50 .\CortexM0\ARM_GCC_473\Debug\Cm0Start.o
                0x00001a60                initialize_psoc
 .text.isr_2_SetPriority
                0x00001ab0       0x20 .\CortexM0\ARM_GCC_473\Debug\RGB_LED_Matrix.a(isr_2.o)
                0x00001ab0                isr_2_SetPriority
 .text.isr_2_StartEx
                0x00001ad0       0x24 .\CortexM0\ARM_GCC_473\Debug\RGB_LED_Matrix.a(isr_2.o)
                0x00001ad0                isr_2_StartEx
 .text.LED_Matrix_1_Start
                0x00001af4        0xc .\CortexM0\ARM_GCC_473\Debug\RGB_LED_Matrix.a(LED_Matrix_1.o)
                0x00001af4                LED_Matrix_1_Start
 .text          0x00001b00       0x20 .\CortexM0\ARM_GCC_473\Debug\RGB_LED_Matrix.a(CyBootAsmGnu.o)
                0x00001b00                CyDelayCycles
                0x00001b12                CyEnterCriticalSection
                0x00001b1a                CyExitCriticalSection
 .text.CyIntSetVector
                0x00001b20       0x18 .\CortexM0\ARM_GCC_473\Debug\RGB_LED_Matrix.a(CyLib.o)
                0x00001b20                CyIntSetVector
 .text.CyIntSetPriority
                0x00001b38       0x40 .\CortexM0\ARM_GCC_473\Debug\RGB_LED_Matrix.a(CyLib.o)
                0x00001b38                CyIntSetPriority
 .text.CyDelay  0x00001b78       0x80 .\CortexM0\ARM_GCC_473\Debug\RGB_LED_Matrix.a(CyLib.o)
                0x00001b78                CyDelay
 .text.CyDelayUs
                0x00001bf8       0x14 .\CortexM0\ARM_GCC_473\Debug\RGB_LED_Matrix.a(CyLib.o)
                0x00001bf8                CyDelayUs
 .text.ADC_Init
                0x00001c0c      0x164 .\CortexM0\ARM_GCC_473\Debug\RGB_LED_Matrix.a(ADC.o)
                0x00001c0c                ADC_Init
 .text.ADC_Enable
                0x00001d70       0x1c .\CortexM0\ARM_GCC_473\Debug\RGB_LED_Matrix.a(ADC.o)
                0x00001d70                ADC_Enable
 .text.ADC_Start
                0x00001d8c       0x1c .\CortexM0\ARM_GCC_473\Debug\RGB_LED_Matrix.a(ADC.o)
                0x00001d8c                ADC_Start
 .text.ADC_StartConvert
                0x00001da8       0x14 .\CortexM0\ARM_GCC_473\Debug\RGB_LED_Matrix.a(ADC.o)
                0x00001da8                ADC_StartConvert
 .text.ADC_ISR  0x00001dbc        0xc .\CortexM0\ARM_GCC_473\Debug\RGB_LED_Matrix.a(ADC_INT.o)
                0x00001dbc                ADC_ISR
 .text.eoc_SetPriority
                0x00001dc8       0x28 .\CortexM0\ARM_GCC_473\Debug\RGB_LED_Matrix.a(eoc.o)
                0x00001dc8                eoc_SetPriority
 .text.eoc_StartEx
                0x00001df0       0x24 .\CortexM0\ARM_GCC_473\Debug\RGB_LED_Matrix.a(eoc.o)
                0x00001df0                eoc_StartEx
 .text.RTC_Enable
                0x00001e14       0x18 .\CortexM0\ARM_GCC_473\Debug\RGB_LED_Matrix.a(RTC.o)
                0x00001e14                RTC_Enable
 .text.RTC_Start
                0x00001e2c       0x1c .\CortexM0\ARM_GCC_473\Debug\RGB_LED_Matrix.a(RTC.o)
                0x00001e2c                RTC_Start
 .text.RTC_I2CInit
                0x00001e48       0xcc .\CortexM0\ARM_GCC_473\Debug\RGB_LED_Matrix.a(RTC_I2C.o)
                0x00001e48                RTC_I2CInit
 .text.RTC_I2CMasterSendStart
                0x00001f14       0xd4 .\CortexM0\ARM_GCC_473\Debug\RGB_LED_Matrix.a(RTC_I2C_MASTER.o)
                0x00001f14                RTC_I2CMasterSendStart
 .text.RTC_I2CMasterSendStop
                0x00001fe8       0x8c .\CortexM0\ARM_GCC_473\Debug\RGB_LED_Matrix.a(RTC_I2C_MASTER.o)
                0x00001fe8                RTC_I2CMasterSendStop
 .text.RTC_I2CMasterWriteByte
                0x00002074       0x90 .\CortexM0\ARM_GCC_473\Debug\RGB_LED_Matrix.a(RTC_I2C_MASTER.o)
                0x00002074                RTC_I2CMasterWriteByte
 .text.RTC_I2CMasterReadByte
                0x00002104       0x90 .\CortexM0\ARM_GCC_473\Debug\RGB_LED_Matrix.a(RTC_I2C_MASTER.o)
                0x00002104                RTC_I2CMasterReadByte
 .text.RTC_I2CReStartGeneration
                0x00002194       0xa0 .\CortexM0\ARM_GCC_473\Debug\RGB_LED_Matrix.a(RTC_I2C_MASTER.o)
                0x00002194                RTC_I2CReStartGeneration
 .text.RTC_I2CMasterSendRestart
                0x00002234       0xbc .\CortexM0\ARM_GCC_473\Debug\RGB_LED_Matrix.a(RTC_I2C_MASTER.o)
                0x00002234                RTC_I2CMasterSendRestart
 .text.RTC_SCB_IRQ_SetVector
                0x000022f0        0xc .\CortexM0\ARM_GCC_473\Debug\RGB_LED_Matrix.a(RTC_SCB_IRQ.o)
                0x000022f0                RTC_SCB_IRQ_SetVector
 .text.RTC_SCB_IRQ_SetPriority
                0x000022fc       0x28 .\CortexM0\ARM_GCC_473\Debug\RGB_LED_Matrix.a(RTC_SCB_IRQ.o)
                0x000022fc                RTC_SCB_IRQ_SetPriority
 .text.RTC_SCB_IRQ_Enable
                0x00002324       0x10 .\CortexM0\ARM_GCC_473\Debug\RGB_LED_Matrix.a(RTC_SCB_IRQ.o)
                0x00002324                RTC_SCB_IRQ_Enable
 .text.RTC_SCB_IRQ_Disable
                0x00002334       0x10 .\CortexM0\ARM_GCC_473\Debug\RGB_LED_Matrix.a(RTC_SCB_IRQ.o)
                0x00002334                RTC_SCB_IRQ_Disable
 .text.RTC_scl_Write
                0x00002344       0x18 .\CortexM0\ARM_GCC_473\Debug\RGB_LED_Matrix.a(RTC_scl.o)
                0x00002344                RTC_scl_Write
 .text.PB_SetPriority
                0x0000235c       0x20 .\CortexM0\ARM_GCC_473\Debug\RGB_LED_Matrix.a(PB.o)
                0x0000235c                PB_SetPriority
 .text.PB_StartEx
                0x0000237c       0x24 .\CortexM0\ARM_GCC_473\Debug\RGB_LED_Matrix.a(PB.o)
                0x0000237c                PB_StartEx
 .text.RTC_I2C_ISR
                0x000023a0      0x410 .\CortexM0\ARM_GCC_473\Debug\RGB_LED_Matrix.a(RTC_I2C_INT.o)
                0x000023a0                RTC_I2C_ISR
 .text          0x000027b0       0x9c c:/program files (x86)/cypress/psoc creator/3.0/psoc creator/import/gnu_cs/arm/4.7.3/bin/../lib/gcc/arm-none-eabi/4.7.3/armv6-m\libgcc.a(_udivsi3.o)
                0x000027b0                __aeabi_uidiv
                0x000027b0                __udivsi3
                0x00002838                __aeabi_uidivmod
 .text          0x0000284c        0x4 c:/program files (x86)/cypress/psoc creator/3.0/psoc creator/import/gnu_cs/arm/4.7.3/bin/../lib/gcc/arm-none-eabi/4.7.3/armv6-m\libgcc.a(_dvmd_tls.o)
                0x0000284c                __aeabi_idiv0
                0x0000284c                __aeabi_ldiv0
 .text          0x00002850       0x40 c:/program files (x86)/cypress/psoc creator/3.0/psoc creator/import/gnu_cs/arm/4.7.3/bin/../lib/gcc/arm-none-eabi/4.7.3/armv6-m\libgcc.a(_fixunsdfsi.o)
                0x00002850                __aeabi_d2uiz
                0x00002850                __fixunsdfsi
 .text          0x00002890      0x5b8 c:/program files (x86)/cypress/psoc creator/3.0/psoc creator/import/gnu_cs/arm/4.7.3/bin/../lib/gcc/arm-none-eabi/4.7.3/armv6-m\libgcc.a(divdf3.o)
                0x00002890                __aeabi_ddiv
 .text          0x00002e48      0x704 c:/program files (x86)/cypress/psoc creator/3.0/psoc creator/import/gnu_cs/arm/4.7.3/bin/../lib/gcc/arm-none-eabi/4.7.3/armv6-m\libgcc.a(subdf3.o)
                0x00002e48                __aeabi_dsub
 .text          0x0000354c       0x68 c:/program files (x86)/cypress/psoc creator/3.0/psoc creator/import/gnu_cs/arm/4.7.3/bin/../lib/gcc/arm-none-eabi/4.7.3/armv6-m\libgcc.a(fixdfsi.o)
                0x0000354c                __aeabi_d2iz
 .text          0x000035b4       0x74 c:/program files (x86)/cypress/psoc creator/3.0/psoc creator/import/gnu_cs/arm/4.7.3/bin/../lib/gcc/arm-none-eabi/4.7.3/armv6-m\libgcc.a(floatsidf.o)
                0x000035b4                __aeabi_i2d
 .text          0x00003628       0x7c c:/program files (x86)/cypress/psoc creator/3.0/psoc creator/import/gnu_cs/arm/4.7.3/bin/../lib/gcc/arm-none-eabi/4.7.3/armv6-m\libgcc.a(_arm_cmpdf2.o)
                0x00003628                __aeabi_cdrcmple
                0x00003638                __aeabi_cdcmple
                0x00003638                __aeabi_cdcmpeq
                0x00003648                __aeabi_dcmpeq
                0x00003654                __aeabi_dcmplt
                0x00003668                __aeabi_dcmple
                0x0000367c                __aeabi_dcmpgt
                0x00003690                __aeabi_dcmpge
 .text          0x000036a4       0x3c c:/program files (x86)/cypress/psoc creator/3.0/psoc creator/import/gnu_cs/arm/4.7.3/bin/../lib/gcc/arm-none-eabi/4.7.3/armv6-m\libgcc.a(_clzsi2.o)
                0x000036a4                __clzsi2
 .text          0x000036e0       0x7c c:/program files (x86)/cypress/psoc creator/3.0/psoc creator/import/gnu_cs/arm/4.7.3/bin/../lib/gcc/arm-none-eabi/4.7.3/armv6-m\libgcc.a(eqdf2.o)
                0x000036e0                __nedf2
                0x000036e0                __eqdf2
 .text          0x0000375c       0xe8 c:/program files (x86)/cypress/psoc creator/3.0/psoc creator/import/gnu_cs/arm/4.7.3/bin/../lib/gcc/arm-none-eabi/4.7.3/armv6-m\libgcc.a(gedf2.o)
                0x0000375c                __gedf2
                0x0000375c                __gtdf2
 .text          0x00003844       0xd8 c:/program files (x86)/cypress/psoc creator/3.0/psoc creator/import/gnu_cs/arm/4.7.3/bin/../lib/gcc/arm-none-eabi/4.7.3/armv6-m\libgcc.a(ledf2.o)
                0x00003844                __ledf2
                0x00003844                __ltdf2
 .text.__libc_init_array
                0x0000391c       0x4c c:/program files (x86)/cypress/psoc creator/3.0/psoc creator/import/gnu_cs/arm/4.7.3/bin/../lib/gcc/arm-none-eabi/4.7.3/../../../../arm-none-eabi/lib/armv6-m\libc_s.a(lib_a-init.o)
                0x0000391c                __libc_init_array
 .text.memcpy   0x00003968       0x12 c:/program files (x86)/cypress/psoc creator/3.0/psoc creator/import/gnu_cs/arm/4.7.3/bin/../lib/gcc/arm-none-eabi/4.7.3/../../../../arm-none-eabi/lib/armv6-m\libc_s.a(lib_a-memcpy.o)
                0x00003968                memcpy
 .text.memset   0x0000397a       0x12 c:/program files (x86)/cypress/psoc creator/3.0/psoc creator/import/gnu_cs/arm/4.7.3/bin/../lib/gcc/arm-none-eabi/4.7.3/../../../../arm-none-eabi/lib/armv6-m\libc_s.a(lib_a-memset.o)
                0x0000397a                memset
 *(.plt)
 *(.gnu.warning)
 *(.glue_7t)
 .glue_7t       0x00000000        0x0 linker stubs
 *(.glue_7)
 .glue_7        0x00000000        0x0 linker stubs
 *(.vfp11_veneer)
 .vfp11_veneer  0x00000000        0x0 linker stubs
 *(.bootloader)
 *(.ARM.extab* .gnu.linkonce.armextab.*)
 *(.gcc_except_table)

.v4_bx          0x0000398c        0x0
 .v4_bx         0x00000000        0x0 linker stubs

.iplt           0x0000398c        0x0
 .iplt          0x00000000        0x0 c:/program files (x86)/cypress/psoc creator/3.0/psoc creator/import/gnu_cs/arm/4.7.3/bin/../lib/gcc/arm-none-eabi/4.7.3/armv6-m/crtbegin.o

.eh_frame_hdr
 *(.eh_frame_hdr)

.eh_frame       0x0000398c        0x4
 *(.eh_frame)
 .eh_frame      0x0000398c        0x0 c:/program files (x86)/cypress/psoc creator/3.0/psoc creator/import/gnu_cs/arm/4.7.3/bin/../lib/gcc/arm-none-eabi/4.7.3/armv6-m/crtbegin.o
 .eh_frame      0x0000398c        0x4 c:/program files (x86)/cypress/psoc creator/3.0/psoc creator/import/gnu_cs/arm/4.7.3/bin/../lib/gcc/arm-none-eabi/4.7.3/armv6-m/crtend.o
                0x00003990                PROVIDE (__exidx_start, .)

.ARM.exidx
 *(.ARM.exidx* .gnu.linkonce.armexidx.*)
                0x00003990                __exidx_end = .

.rodata         0x00003990      0x370
 *(.rodata .rodata.* .gnu.linkonce.r.*)
 .rodata        0x00003990       0x40 .\CortexM0\ARM_GCC_473\Debug\LED_Matrix.o
 .rodata        0x000039d0      0x2bc .\CortexM0\ARM_GCC_473\Debug\RGB_LED_Matrix.a(cyfitter_cfg.o)
 .rodata        0x00003c8c       0x40 c:/program files (x86)/cypress/psoc creator/3.0/psoc creator/import/gnu_cs/arm/4.7.3/bin/../lib/gcc/arm-none-eabi/4.7.3/armv6-m\libgcc.a(divdf3.o)
                0x00003ccc                . = ALIGN (0x4)
 *(.init)
 .init          0x00003ccc        0x4 c:/program files (x86)/cypress/psoc creator/3.0/psoc creator/import/gnu_cs/arm/4.7.3/bin/../lib/gcc/arm-none-eabi/4.7.3/armv6-m/crti.o
                0x00003ccc                _init
 .init          0x00003cd0        0x8 c:/program files (x86)/cypress/psoc creator/3.0/psoc creator/import/gnu_cs/arm/4.7.3/bin/../lib/gcc/arm-none-eabi/4.7.3/armv6-m/crtn.o
                0x00003cd8                . = ALIGN (0x4)
                0x00003cd8                __preinit_array_start = .
 *(.preinit_array)
                0x00003cd8                __preinit_array_end = .
                0x00003cd8                . = ALIGN (0x4)
                0x00003cd8                __init_array_start = .
 *(SORT(.init_array.*))
 *(.init_array)
 .init_array    0x00003cd8        0x4 c:/program files (x86)/cypress/psoc creator/3.0/psoc creator/import/gnu_cs/arm/4.7.3/bin/../lib/gcc/arm-none-eabi/4.7.3/armv6-m/crtbegin.o
 .init_array    0x00003cdc        0x4 .\CortexM0\ARM_GCC_473\Debug\Cm0Start.o
                0x00003ce0                __init_array_end = .
                0x00003ce0                . = ALIGN (0x4)
 *(.fini)
 .fini          0x00003ce0        0x4 c:/program files (x86)/cypress/psoc creator/3.0/psoc creator/import/gnu_cs/arm/4.7.3/bin/../lib/gcc/arm-none-eabi/4.7.3/armv6-m/crti.o
                0x00003ce0                _fini
 .fini          0x00003ce4        0x8 c:/program files (x86)/cypress/psoc creator/3.0/psoc creator/import/gnu_cs/arm/4.7.3/bin/../lib/gcc/arm-none-eabi/4.7.3/armv6-m/crtn.o
                0x00003cec                . = ALIGN (0x4)
                0x00003cec                __fini_array_start = .
 *(.fini_array)
 .fini_array    0x00003cec        0x4 c:/program files (x86)/cypress/psoc creator/3.0/psoc creator/import/gnu_cs/arm/4.7.3/bin/../lib/gcc/arm-none-eabi/4.7.3/armv6-m/crtbegin.o
 *(SORT(.fini_array.*))
                0x00003cf0                __fini_array_end = .
                0x00003cf0                . = ALIGN (0x4)
 *crtbegin.o(.ctors)
 *(EXCLUDE_FILE(*crtend.o) .ctors)
 *(SORT(.ctors.*))
 *crtend.o(.ctors)
                0x00003cf0                . = ALIGN (0x4)
 *crtbegin.o(.dtors)
 *(EXCLUDE_FILE(*crtend.o) .dtors)
 *(SORT(.dtors.*))
 *crtend.o(.dtors)
                0x00003cf0                . = ALIGN (0x4)
                0x00003cf0                __cy_regions = .
                0x00003cf0        0x4 LONG 0x3d00 __cy_region_init_ram
                0x00003cf4        0x4 LONG 0x200000c8 __cy_region_start_data
                0x00003cf8        0x4 LONG 0x18 __cy_region_init_size_ram
                0x00003cfc        0x4 LONG 0x488 __cy_region_zero_size_ram
                0x00003d00                __cy_regions_end = .
                0x00003d00                . = ALIGN (0x8)
                0x00003d00                _etext = .

.ramvectors     0x20000000       0xc0
                0x20000000                __cy_region_start_ram = .
 *(.ramvectors)
 .ramvectors    0x20000000       0xc0 .\CortexM0\ARM_GCC_473\Debug\Cm0Start.o
                0x20000000                CyRamVectors

.noinit         0x200000c0        0x4
 *(.noinit)
 .noinit        0x200000c0        0x4 .\CortexM0\ARM_GCC_473\Debug\Cm0Start.o

.data           0x200000c8       0x18 load address 0x00003d00
                0x200000c8                __cy_region_start_data = .
 *(.jcr)
 .jcr           0x200000c8        0x0 c:/program files (x86)/cypress/psoc creator/3.0/psoc creator/import/gnu_cs/arm/4.7.3/bin/../lib/gcc/arm-none-eabi/4.7.3/armv6-m/crtbegin.o
 .jcr           0x200000c8        0x4 c:/program files (x86)/cypress/psoc creator/3.0/psoc creator/import/gnu_cs/arm/4.7.3/bin/../lib/gcc/arm-none-eabi/4.7.3/armv6-m/crtend.o
 *(.got.plt)
 *(.got)
 *(.shdata)
 *(.data .data.* .gnu.linkonce.d.*)
 .data          0x200000cc        0x4 .\CortexM0\ARM_GCC_473\Debug\main.o
                0x200000cc                clock
 .data          0x200000d0       0x10 .\CortexM0\ARM_GCC_473\Debug\RGB_LED_Matrix.a(CyLib.o)
                0x200000d0                cydelay32kMs
                0x200000d4                cydelayFreqKhz
                0x200000d8                cydelayFreqMhz
                0x200000dc                cydelayFreqHz
                0x200000e0                . = ALIGN (0x8)
 *(.ram)
                0x200000e0                _edata = .

.igot.plt       0x200000e0        0x0 load address 0x00003d18
 .igot.plt      0x00000000        0x0 c:/program files (x86)/cypress/psoc creator/3.0/psoc creator/import/gnu_cs/arm/4.7.3/bin/../lib/gcc/arm-none-eabi/4.7.3/armv6-m/crtbegin.o

.bss            0x200000e0      0x488 load address 0x00003d18
                0x200000e0                PROVIDE (__bss_start__, .)
 *(.shbss)
 *(.bss .bss.* .gnu.linkonce.b.*)
 .bss           0x200000e0       0x1c c:/program files (x86)/cypress/psoc creator/3.0/psoc creator/import/gnu_cs/arm/4.7.3/bin/../lib/gcc/arm-none-eabi/4.7.3/armv6-m/crtbegin.o
 .bss           0x200000fc       0x40 .\CortexM0\ARM_GCC_473\Debug\main.o
                0x200000fc                pwm_count
                0x200000fd                j
                0x20000100                result
                0x20000110                w
                0x20000114                dataReady
                0x20000118                oldResult
                0x20000120                scaledResult
                0x20000128                refresh
                0x2000012c                adcMax
 .bss           0x2000013c        0x1 .\CortexM0\ARM_GCC_473\Debug\RGB_LED_Matrix.a(ADC.o)
                0x2000013c                ADC_initVar
 *fill*         0x2000013d        0x3 00
 .bss           0x20000140        0x8 .\CortexM0\ARM_GCC_473\Debug\RGB_LED_Matrix.a(RTC.o)
                0x20000140                RTC_initVar
                0x20000144                RTC_customIntrHandler
 *(COMMON)
 COMMON         0x20000148      0x3c1 .\CortexM0\ARM_GCC_473\Debug\main.o
                0x20000148                matrix
                0x20000508                bit_shift
 *fill*         0x20000509        0x3 00
 COMMON         0x2000050c       0x30 .\CortexM0\ARM_GCC_473\Debug\RGB_LED_Matrix.a(ADC.o)
                0x2000050c                ADC_countsPer10Volt
                0x2000052c                ADC_offset
 COMMON         0x2000053c        0x1 .\CortexM0\ARM_GCC_473\Debug\RGB_LED_Matrix.a(RTC_I2C.o)
                0x2000053c                RTC_state
 *fill*         0x2000053d        0x3 00
 COMMON         0x20000540       0x24 .\CortexM0\ARM_GCC_473\Debug\RGB_LED_Matrix.a(RTC_I2C_MASTER.o)
                0x20000540                RTC_mstrStatus
                0x20000544                RTC_mstrRdBufIndex
                0x20000548                RTC_mstrRdBufPtr
                0x2000054c                RTC_mstrWrBufIndex
                0x20000550                RTC_mstrWrBufPtr
                0x20000554                RTC_mstrWrBufSize
                0x20000558                RTC_mstrControl
                0x2000055c                RTC_mstrWrBufIndexTmp
                0x20000560                RTC_mstrRdBufSize
                0x20000568                . = ALIGN (0x8)
 *fill*         0x20000564        0x4 00
 *(.ram.b)
                0x20000568                _end = .
                0x20000568                __end = .
                0x20000568                PROVIDE (end, .)
                0x20000568                PROVIDE (__bss_end__, .)
                0x00003d00                __cy_region_init_ram = LOADADDR (.data)
                0x00000018                __cy_region_init_size_ram = (_edata - ADDR (.data))
                0x00000488                __cy_region_zero_size_ram = (_end - _edata)

.heap           0x20000568      0x100 load address 0x00003d18
                0x20000568                . = _end
                0x20000668                . = (. + 0x100)
 *fill*         0x20000568      0x100 00
                0x20000668                __cy_heap_limit = .

.stack          0x20000c00      0x400
                0x20000c00                __cy_stack_limit = .
                0x20001000                . = (. + 0x400)
 *fill*         0x20000c00      0x400 00
                0x00000001                ASSERT ((__cy_stack_limit >= __cy_heap_limit), region RAM overflowed with stack)

.cyloadermeta
 *(.cyloadermeta)

.cyloadablemeta
 *(.cyloadablemeta)

.cyflashprotect
                0x90400000       0x20
 *(.cyflashprotect)
 .cyflashprotect
                0x90400000       0x20 .\CortexM0\ARM_GCC_473\Debug\cymetadata.o
                0x90400000                cy_meta_flashprotect

.cymeta         0x90500000        0xc
 *(.cymeta)
 .cymeta        0x90500000        0xc .\CortexM0\ARM_GCC_473\Debug\cymetadata.o
                0x90500000                cy_metadata

.cychipprotect  0x90600000        0x4
 *(.cychipprotect)
 .cychipprotect
                0x90600000        0x4 .\CortexM0\ARM_GCC_473\Debug\cymetadata.o
                0x90600000                cy_meta_chipprotect

.rel.dyn        0x00003d18        0x0 load address 0x90600004
 .rel.iplt      0x00000000        0x0 c:/program files (x86)/cypress/psoc creator/3.0/psoc creator/import/gnu_cs/arm/4.7.3/bin/../lib/gcc/arm-none-eabi/4.7.3/armv6-m/crtbegin.o

.stab
 *(.stab)

.stabstr
 *(.stabstr)

.debug
 *(.debug)

.line
 *(.line)

.debug_srcinfo
 *(.debug_srcinfo)

.debug_sfnames
 *(.debug_sfnames)

.debug_aranges  0x00000000      0x840
 *(.debug_aranges)
 .debug_aranges
                0x00000000       0x38 .\CortexM0\ARM_GCC_473\Debug\main.o
 .debug_aranges
                0x00000038      0x140 .\CortexM0\ARM_GCC_473\Debug\LED_Matrix.o
 .debug_aranges
                0x00000178       0x58 .\CortexM0\ARM_GCC_473\Debug\I2CDriver.o
 .debug_aranges
                0x000001d0       0x18 .\CortexM0\ARM_GCC_473\Debug\cymetadata.o
 .debug_aranges
                0x000001e8       0x40 .\CortexM0\ARM_GCC_473\Debug\Cm0Start.o
 .debug_aranges
                0x00000228       0x28 .\CortexM0\ARM_GCC_473\Debug\RGB_LED_Matrix.a(cyfitter_cfg.o)
 .debug_aranges
                0x00000250       0x80 .\CortexM0\ARM_GCC_473\Debug\RGB_LED_Matrix.a(isr_2.o)
 .debug_aranges
                0x000002d0       0x20 .\CortexM0\ARM_GCC_473\Debug\RGB_LED_Matrix.a(LED_Matrix_1.o)
 .debug_aranges
                0x000002f0       0x20 .\CortexM0\ARM_GCC_473\Debug\RGB_LED_Matrix.a(CyBootAsmGnu.o)
 .debug_aranges
                0x00000310      0x198 .\CortexM0\ARM_GCC_473\Debug\RGB_LED_Matrix.a(CyLib.o)
 .debug_aranges
                0x000004a8       0xa8 .\CortexM0\ARM_GCC_473\Debug\RGB_LED_Matrix.a(ADC.o)
 .debug_aranges
                0x00000550       0x20 .\CortexM0\ARM_GCC_473\Debug\RGB_LED_Matrix.a(ADC_INT.o)
 .debug_aranges
                0x00000570       0x80 .\CortexM0\ARM_GCC_473\Debug\RGB_LED_Matrix.a(eoc.o)
 .debug_aranges
                0x000005f0       0x40 .\CortexM0\ARM_GCC_473\Debug\RGB_LED_Matrix.a(RTC.o)
 .debug_aranges
                0x00000630       0x28 .\CortexM0\ARM_GCC_473\Debug\RGB_LED_Matrix.a(RTC_I2C.o)
 .debug_aranges
                0x00000658       0x88 .\CortexM0\ARM_GCC_473\Debug\RGB_LED_Matrix.a(RTC_I2C_MASTER.o)
 .debug_aranges
                0x000006e0       0x80 .\CortexM0\ARM_GCC_473\Debug\RGB_LED_Matrix.a(RTC_SCB_IRQ.o)
 .debug_aranges
                0x00000760       0x40 .\CortexM0\ARM_GCC_473\Debug\RGB_LED_Matrix.a(RTC_scl.o)
 .debug_aranges
                0x000007a0       0x80 .\CortexM0\ARM_GCC_473\Debug\RGB_LED_Matrix.a(PB.o)
 .debug_aranges
                0x00000820       0x20 .\CortexM0\ARM_GCC_473\Debug\RGB_LED_Matrix.a(RTC_I2C_INT.o)

.debug_pubnames
 *(.debug_pubnames)

.debug_info     0x00000000     0x7017
 *(.debug_info .gnu.linkonce.wi.*)
 .debug_info    0x00000000      0x799 .\CortexM0\ARM_GCC_473\Debug\main.o
 .debug_info    0x00000799     0x24e0 .\CortexM0\ARM_GCC_473\Debug\LED_Matrix.o
 .debug_info    0x00002c79      0x5ce .\CortexM0\ARM_GCC_473\Debug\I2CDriver.o
 .debug_info    0x00003247      0x100 .\CortexM0\ARM_GCC_473\Debug\cymetadata.o
 .debug_info    0x00003347      0x310 .\CortexM0\ARM_GCC_473\Debug\Cm0Start.o
 .debug_info    0x00003657      0x683 .\CortexM0\ARM_GCC_473\Debug\RGB_LED_Matrix.a(cyfitter_cfg.o)
 .debug_info    0x00003cda      0x38e .\CortexM0\ARM_GCC_473\Debug\RGB_LED_Matrix.a(isr_2.o)
 .debug_info    0x00004068       0xdb .\CortexM0\ARM_GCC_473\Debug\RGB_LED_Matrix.a(LED_Matrix_1.o)
 .debug_info    0x00004143       0x8e .\CortexM0\ARM_GCC_473\Debug\RGB_LED_Matrix.a(CyBootAsmGnu.o)
 .debug_info    0x000041d1      0xf03 .\CortexM0\ARM_GCC_473\Debug\RGB_LED_Matrix.a(CyLib.o)
 .debug_info    0x000050d4      0x613 .\CortexM0\ARM_GCC_473\Debug\RGB_LED_Matrix.a(ADC.o)
 .debug_info    0x000056e7       0xca .\CortexM0\ARM_GCC_473\Debug\RGB_LED_Matrix.a(ADC_INT.o)
 .debug_info    0x000057b1      0x38e .\CortexM0\ARM_GCC_473\Debug\RGB_LED_Matrix.a(eoc.o)
 .debug_info    0x00005b3f      0x240 .\CortexM0\ARM_GCC_473\Debug\RGB_LED_Matrix.a(RTC.o)
 .debug_info    0x00005d7f      0x193 .\CortexM0\ARM_GCC_473\Debug\RGB_LED_Matrix.a(RTC_I2C.o)
 .debug_info    0x00005f12      0x69c .\CortexM0\ARM_GCC_473\Debug\RGB_LED_Matrix.a(RTC_I2C_MASTER.o)
 .debug_info    0x000065ae      0x38e .\CortexM0\ARM_GCC_473\Debug\RGB_LED_Matrix.a(RTC_SCB_IRQ.o)
 .debug_info    0x0000693c      0x165 .\CortexM0\ARM_GCC_473\Debug\RGB_LED_Matrix.a(RTC_scl.o)
 .debug_info    0x00006aa1      0x38e .\CortexM0\ARM_GCC_473\Debug\RGB_LED_Matrix.a(PB.o)
 .debug_info    0x00006e2f      0x1e8 .\CortexM0\ARM_GCC_473\Debug\RGB_LED_Matrix.a(RTC_I2C_INT.o)

.debug_abbrev   0x00000000     0x1f94
 *(.debug_abbrev)
 .debug_abbrev  0x00000000      0x1e9 .\CortexM0\ARM_GCC_473\Debug\main.o
 .debug_abbrev  0x000001e9      0x204 .\CortexM0\ARM_GCC_473\Debug\LED_Matrix.o
 .debug_abbrev  0x000003ed      0x20e .\CortexM0\ARM_GCC_473\Debug\I2CDriver.o
 .debug_abbrev  0x000005fb       0x5d .\CortexM0\ARM_GCC_473\Debug\cymetadata.o
 .debug_abbrev  0x00000658      0x199 .\CortexM0\ARM_GCC_473\Debug\Cm0Start.o
 .debug_abbrev  0x000007f1      0x28a .\CortexM0\ARM_GCC_473\Debug\RGB_LED_Matrix.a(cyfitter_cfg.o)
 .debug_abbrev  0x00000a7b      0x249 .\CortexM0\ARM_GCC_473\Debug\RGB_LED_Matrix.a(isr_2.o)
 .debug_abbrev  0x00000cc4       0x8d .\CortexM0\ARM_GCC_473\Debug\RGB_LED_Matrix.a(LED_Matrix_1.o)
 .debug_abbrev  0x00000d51       0x14 .\CortexM0\ARM_GCC_473\Debug\RGB_LED_Matrix.a(CyBootAsmGnu.o)
 .debug_abbrev  0x00000d65      0x361 .\CortexM0\ARM_GCC_473\Debug\RGB_LED_Matrix.a(CyLib.o)
 .debug_abbrev  0x000010c6      0x1ea .\CortexM0\ARM_GCC_473\Debug\RGB_LED_Matrix.a(ADC.o)
 .debug_abbrev  0x000012b0       0x67 .\CortexM0\ARM_GCC_473\Debug\RGB_LED_Matrix.a(ADC_INT.o)
 .debug_abbrev  0x00001317      0x249 .\CortexM0\ARM_GCC_473\Debug\RGB_LED_Matrix.a(eoc.o)
 .debug_abbrev  0x00001560      0x11f .\CortexM0\ARM_GCC_473\Debug\RGB_LED_Matrix.a(RTC.o)
 .debug_abbrev  0x0000167f      0x10f .\CortexM0\ARM_GCC_473\Debug\RGB_LED_Matrix.a(RTC_I2C.o)
 .debug_abbrev  0x0000178e      0x1ec .\CortexM0\ARM_GCC_473\Debug\RGB_LED_Matrix.a(RTC_I2C_MASTER.o)
 .debug_abbrev  0x0000197a      0x249 .\CortexM0\ARM_GCC_473\Debug\RGB_LED_Matrix.a(RTC_SCB_IRQ.o)
 .debug_abbrev  0x00001bc3       0xbb .\CortexM0\ARM_GCC_473\Debug\RGB_LED_Matrix.a(RTC_scl.o)
 .debug_abbrev  0x00001c7e      0x249 .\CortexM0\ARM_GCC_473\Debug\RGB_LED_Matrix.a(PB.o)
 .debug_abbrev  0x00001ec7       0xcd .\CortexM0\ARM_GCC_473\Debug\RGB_LED_Matrix.a(RTC_I2C_INT.o)

.debug_line     0x00000000     0x27b6
 *(.debug_line)
 .debug_line    0x00000000      0x252 .\CortexM0\ARM_GCC_473\Debug\main.o
 .debug_line    0x00000252      0x7cb .\CortexM0\ARM_GCC_473\Debug\LED_Matrix.o
 .debug_line    0x00000a1d      0x160 .\CortexM0\ARM_GCC_473\Debug\I2CDriver.o
 .debug_line    0x00000b7d       0x53 .\CortexM0\ARM_GCC_473\Debug\cymetadata.o
 .debug_line    0x00000bd0      0x1b9 .\CortexM0\ARM_GCC_473\Debug\Cm0Start.o
 .debug_line    0x00000d89      0x249 .\CortexM0\ARM_GCC_473\Debug\RGB_LED_Matrix.a(cyfitter_cfg.o)
 .debug_line    0x00000fd2      0x1a9 .\CortexM0\ARM_GCC_473\Debug\RGB_LED_Matrix.a(isr_2.o)
 .debug_line    0x0000117b       0x73 .\CortexM0\ARM_GCC_473\Debug\RGB_LED_Matrix.a(LED_Matrix_1.o)
 .debug_line    0x000011ee       0x68 .\CortexM0\ARM_GCC_473\Debug\RGB_LED_Matrix.a(CyBootAsmGnu.o)
 .debug_line    0x00001256      0x5d1 .\CortexM0\ARM_GCC_473\Debug\RGB_LED_Matrix.a(CyLib.o)
 .debug_line    0x00001827      0x294 .\CortexM0\ARM_GCC_473\Debug\RGB_LED_Matrix.a(ADC.o)
 .debug_line    0x00001abb       0x6a .\CortexM0\ARM_GCC_473\Debug\RGB_LED_Matrix.a(ADC_INT.o)
 .debug_line    0x00001b25      0x1a5 .\CortexM0\ARM_GCC_473\Debug\RGB_LED_Matrix.a(eoc.o)
 .debug_line    0x00001cca       0xed .\CortexM0\ARM_GCC_473\Debug\RGB_LED_Matrix.a(RTC.o)
 .debug_line    0x00001db7       0xc7 .\CortexM0\ARM_GCC_473\Debug\RGB_LED_Matrix.a(RTC_I2C.o)
 .debug_line    0x00001e7e      0x356 .\CortexM0\ARM_GCC_473\Debug\RGB_LED_Matrix.a(RTC_I2C_MASTER.o)
 .debug_line    0x000021d4      0x1ad .\CortexM0\ARM_GCC_473\Debug\RGB_LED_Matrix.a(RTC_SCB_IRQ.o)
 .debug_line    0x00002381       0xb6 .\CortexM0\ARM_GCC_473\Debug\RGB_LED_Matrix.a(RTC_scl.o)
 .debug_line    0x00002437      0x1a4 .\CortexM0\ARM_GCC_473\Debug\RGB_LED_Matrix.a(PB.o)
 .debug_line    0x000025db      0x1db .\CortexM0\ARM_GCC_473\Debug\RGB_LED_Matrix.a(RTC_I2C_INT.o)

.debug_frame    0x00000000     0x1a7c
 *(.debug_frame)
 .debug_frame   0x00000000       0xa8 .\CortexM0\ARM_GCC_473\Debug\main.o
 .debug_frame   0x000000a8      0x604 .\CortexM0\ARM_GCC_473\Debug\LED_Matrix.o
 .debug_frame   0x000006ac       0xd4 .\CortexM0\ARM_GCC_473\Debug\I2CDriver.o
 .debug_frame   0x00000780       0xa8 .\CortexM0\ARM_GCC_473\Debug\Cm0Start.o
 .debug_frame   0x00000828       0x58 .\CortexM0\ARM_GCC_473\Debug\RGB_LED_Matrix.a(cyfitter_cfg.o)
 .debug_frame   0x00000880      0x104 .\CortexM0\ARM_GCC_473\Debug\RGB_LED_Matrix.a(isr_2.o)
 .debug_frame   0x00000984       0x2c .\CortexM0\ARM_GCC_473\Debug\RGB_LED_Matrix.a(LED_Matrix_1.o)
 .debug_frame   0x000009b0      0x444 .\CortexM0\ARM_GCC_473\Debug\RGB_LED_Matrix.a(CyLib.o)
 .debug_frame   0x00000df4      0x1bc .\CortexM0\ARM_GCC_473\Debug\RGB_LED_Matrix.a(ADC.o)
 .debug_frame   0x00000fb0       0x20 .\CortexM0\ARM_GCC_473\Debug\RGB_LED_Matrix.a(ADC_INT.o)
 .debug_frame   0x00000fd0      0x108 .\CortexM0\ARM_GCC_473\Debug\RGB_LED_Matrix.a(eoc.o)
 .debug_frame   0x000010d8       0x90 .\CortexM0\ARM_GCC_473\Debug\RGB_LED_Matrix.a(RTC.o)
 .debug_frame   0x00001168       0x3c .\CortexM0\ARM_GCC_473\Debug\RGB_LED_Matrix.a(RTC_I2C.o)
 .debug_frame   0x000011a4      0x1a8 .\CortexM0\ARM_GCC_473\Debug\RGB_LED_Matrix.a(RTC_I2C_MASTER.o)
 .debug_frame   0x0000134c      0x108 .\CortexM0\ARM_GCC_473\Debug\RGB_LED_Matrix.a(RTC_SCB_IRQ.o)
 .debug_frame   0x00001454       0x60 .\CortexM0\ARM_GCC_473\Debug\RGB_LED_Matrix.a(RTC_scl.o)
 .debug_frame   0x000014b4      0x104 .\CortexM0\ARM_GCC_473\Debug\RGB_LED_Matrix.a(PB.o)
 .debug_frame   0x000015b8       0x40 .\CortexM0\ARM_GCC_473\Debug\RGB_LED_Matrix.a(RTC_I2C_INT.o)
 .debug_frame   0x000015f8       0x20 c:/program files (x86)/cypress/psoc creator/3.0/psoc creator/import/gnu_cs/arm/4.7.3/bin/../lib/gcc/arm-none-eabi/4.7.3/armv6-m\libgcc.a(_udivsi3.o)
 .debug_frame   0x00001618       0x20 c:/program files (x86)/cypress/psoc creator/3.0/psoc creator/import/gnu_cs/arm/4.7.3/bin/../lib/gcc/arm-none-eabi/4.7.3/armv6-m\libgcc.a(_divsi3.o)
 .debug_frame   0x00001638       0x30 c:/program files (x86)/cypress/psoc creator/3.0/psoc creator/import/gnu_cs/arm/4.7.3/bin/../lib/gcc/arm-none-eabi/4.7.3/armv6-m\libgcc.a(_muldi3.o)
 .debug_frame   0x00001668       0x2c c:/program files (x86)/cypress/psoc creator/3.0/psoc creator/import/gnu_cs/arm/4.7.3/bin/../lib/gcc/arm-none-eabi/4.7.3/armv6-m\libgcc.a(_fixunsdfsi.o)
 .debug_frame   0x00001694       0x60 c:/program files (x86)/cypress/psoc creator/3.0/psoc creator/import/gnu_cs/arm/4.7.3/bin/../lib/gcc/arm-none-eabi/4.7.3/armv6-m\libgcc.a(bpabi.o)
 .debug_frame   0x000016f4       0x3c c:/program files (x86)/cypress/psoc creator/3.0/psoc creator/import/gnu_cs/arm/4.7.3/bin/../lib/gcc/arm-none-eabi/4.7.3/armv6-m\libgcc.a(divsf3.o)
 .debug_frame   0x00001730       0x3c c:/program files (x86)/cypress/psoc creator/3.0/psoc creator/import/gnu_cs/arm/4.7.3/bin/../lib/gcc/arm-none-eabi/4.7.3/armv6-m\libgcc.a(mulsf3.o)
 .debug_frame   0x0000176c       0x2c c:/program files (x86)/cypress/psoc creator/3.0/psoc creator/import/gnu_cs/arm/4.7.3/bin/../lib/gcc/arm-none-eabi/4.7.3/armv6-m\libgcc.a(floatsisf.o)
 .debug_frame   0x00001798       0x3c c:/program files (x86)/cypress/psoc creator/3.0/psoc creator/import/gnu_cs/arm/4.7.3/bin/../lib/gcc/arm-none-eabi/4.7.3/armv6-m\libgcc.a(divdf3.o)
 .debug_frame   0x000017d4       0x38 c:/program files (x86)/cypress/psoc creator/3.0/psoc creator/import/gnu_cs/arm/4.7.3/bin/../lib/gcc/arm-none-eabi/4.7.3/armv6-m\libgcc.a(subdf3.o)
 .debug_frame   0x0000180c       0x2c c:/program files (x86)/cypress/psoc creator/3.0/psoc creator/import/gnu_cs/arm/4.7.3/bin/../lib/gcc/arm-none-eabi/4.7.3/armv6-m\libgcc.a(fixdfsi.o)
 .debug_frame   0x00001838       0x30 c:/program files (x86)/cypress/psoc creator/3.0/psoc creator/import/gnu_cs/arm/4.7.3/bin/../lib/gcc/arm-none-eabi/4.7.3/armv6-m\libgcc.a(floatsidf.o)
 .debug_frame   0x00001868       0x3c c:/program files (x86)/cypress/psoc creator/3.0/psoc creator/import/gnu_cs/arm/4.7.3/bin/../lib/gcc/arm-none-eabi/4.7.3/armv6-m\libgcc.a(_divdi3.o)
 .debug_frame   0x000018a4       0x3c c:/program files (x86)/cypress/psoc creator/3.0/psoc creator/import/gnu_cs/arm/4.7.3/bin/../lib/gcc/arm-none-eabi/4.7.3/armv6-m\libgcc.a(_udivdi3.o)
 .debug_frame   0x000018e0       0x34 c:/program files (x86)/cypress/psoc creator/3.0/psoc creator/import/gnu_cs/arm/4.7.3/bin/../lib/gcc/arm-none-eabi/4.7.3/armv6-m\libgcc.a(eqdf2.o)
 .debug_frame   0x00001914       0x38 c:/program files (x86)/cypress/psoc creator/3.0/psoc creator/import/gnu_cs/arm/4.7.3/bin/../lib/gcc/arm-none-eabi/4.7.3/armv6-m\libgcc.a(gedf2.o)
 .debug_frame   0x0000194c       0x38 c:/program files (x86)/cypress/psoc creator/3.0/psoc creator/import/gnu_cs/arm/4.7.3/bin/../lib/gcc/arm-none-eabi/4.7.3/armv6-m\libgcc.a(ledf2.o)
 .debug_frame   0x00001984       0x28 c:/program files (x86)/cypress/psoc creator/3.0/psoc creator/import/gnu_cs/arm/4.7.3/bin/../lib/gcc/arm-none-eabi/4.7.3/../../../../arm-none-eabi/lib/armv6-m\libc_s.a(lib_a-__atexit2.o)
 .debug_frame   0x000019ac       0x28 c:/program files (x86)/cypress/psoc creator/3.0/psoc creator/import/gnu_cs/arm/4.7.3/bin/../lib/gcc/arm-none-eabi/4.7.3/../../../../arm-none-eabi/lib/armv6-m\libc_s.a(lib_a-exit.o)
 .debug_frame   0x000019d4       0x2c c:/program files (x86)/cypress/psoc creator/3.0/psoc creator/import/gnu_cs/arm/4.7.3/bin/../lib/gcc/arm-none-eabi/4.7.3/../../../../arm-none-eabi/lib/armv6-m\libc_s.a(lib_a-fini.o)
 .debug_frame   0x00001a00       0x2c c:/program files (x86)/cypress/psoc creator/3.0/psoc creator/import/gnu_cs/arm/4.7.3/bin/../lib/gcc/arm-none-eabi/4.7.3/../../../../arm-none-eabi/lib/armv6-m\libc_s.a(lib_a-init.o)
 .debug_frame   0x00001a2c       0x28 c:/program files (x86)/cypress/psoc creator/3.0/psoc creator/import/gnu_cs/arm/4.7.3/bin/../lib/gcc/arm-none-eabi/4.7.3/../../../../arm-none-eabi/lib/armv6-m\libc_s.a(lib_a-memcpy.o)
 .debug_frame   0x00001a54       0x28 c:/program files (x86)/cypress/psoc creator/3.0/psoc creator/import/gnu_cs/arm/4.7.3/bin/../lib/gcc/arm-none-eabi/4.7.3/../../../../arm-none-eabi/lib/armv6-m\libc_s.a(lib_a-memset.o)

.debug_str      0x00000000     0x172f
 *(.debug_str)
 .debug_str     0x00000000      0x2e2 .\CortexM0\ARM_GCC_473\Debug\main.o
                                0x320 (size before relaxing)
 .debug_str     0x000002e2      0x1ba .\CortexM0\ARM_GCC_473\Debug\LED_Matrix.o
                                0x356 (size before relaxing)
 .debug_str     0x0000049c       0xc9 .\CortexM0\ARM_GCC_473\Debug\I2CDriver.o
                                0x277 (size before relaxing)
 .debug_str     0x00000565       0x5b .\CortexM0\ARM_GCC_473\Debug\cymetadata.o
                                0x187 (size before relaxing)
 .debug_str     0x000005c0      0x10f .\CortexM0\ARM_GCC_473\Debug\Cm0Start.o
                                0x274 (size before relaxing)
 .debug_str     0x000006cf      0x1ee .\CortexM0\ARM_GCC_473\Debug\RGB_LED_Matrix.a(cyfitter_cfg.o)
                                0x37d (size before relaxing)
 .debug_str     0x000008bd      0x12e .\CortexM0\ARM_GCC_473\Debug\RGB_LED_Matrix.a(isr_2.o)
                                0x297 (size before relaxing)
 .debug_str     0x000009eb       0x28 .\CortexM0\ARM_GCC_473\Debug\RGB_LED_Matrix.a(LED_Matrix_1.o)
                                0x18c (size before relaxing)
 .debug_str     0x00000a13      0x4b8 .\CortexM0\ARM_GCC_473\Debug\RGB_LED_Matrix.a(CyLib.o)
                                0x683 (size before relaxing)
 .debug_str     0x00000ecb      0x1c5 .\CortexM0\ARM_GCC_473\Debug\RGB_LED_Matrix.a(ADC.o)
                                0x392 (size before relaxing)
 .debug_str     0x00001090       0x37 .\CortexM0\ARM_GCC_473\Debug\RGB_LED_Matrix.a(ADC_INT.o)
                                0x16a (size before relaxing)
 .debug_str     0x000010c7       0xc0 .\CortexM0\ARM_GCC_473\Debug\RGB_LED_Matrix.a(eoc.o)
                                0x27b (size before relaxing)
 .debug_str     0x00001187       0xfb .\CortexM0\ARM_GCC_473\Debug\RGB_LED_Matrix.a(RTC.o)
                                0x24b (size before relaxing)
 .debug_str     0x00001282       0x90 .\CortexM0\ARM_GCC_473\Debug\RGB_LED_Matrix.a(RTC_I2C.o)
                                0x209 (size before relaxing)
 .debug_str     0x00001312      0x1d0 .\CortexM0\ARM_GCC_473\Debug\RGB_LED_Matrix.a(RTC_I2C_MASTER.o)
                                0x42c (size before relaxing)
 .debug_str     0x000014e2       0xce .\CortexM0\ARM_GCC_473\Debug\RGB_LED_Matrix.a(RTC_SCB_IRQ.o)
                                0x2eb (size before relaxing)
 .debug_str     0x000015b0       0x83 .\CortexM0\ARM_GCC_473\Debug\RGB_LED_Matrix.a(RTC_scl.o)
                                0x1cc (size before relaxing)
 .debug_str     0x00001633       0xb3 .\CortexM0\ARM_GCC_473\Debug\RGB_LED_Matrix.a(PB.o)
                                0x26d (size before relaxing)
 .debug_str     0x000016e6       0x49 .\CortexM0\ARM_GCC_473\Debug\RGB_LED_Matrix.a(RTC_I2C_INT.o)
                                0x295 (size before relaxing)

.debug_loc      0x00000000     0x5502
 *(.debug_loc)
 .debug_loc     0x00000000      0x209 .\CortexM0\ARM_GCC_473\Debug\main.o
 .debug_loc     0x00000209     0x25a1 .\CortexM0\ARM_GCC_473\Debug\LED_Matrix.o
 .debug_loc     0x000027aa      0x3ad .\CortexM0\ARM_GCC_473\Debug\I2CDriver.o
 .debug_loc     0x00002b57      0x1b0 .\CortexM0\ARM_GCC_473\Debug\Cm0Start.o
 .debug_loc     0x00002d07      0x2de .\CortexM0\ARM_GCC_473\Debug\RGB_LED_Matrix.a(cyfitter_cfg.o)
 .debug_loc     0x00002fe5      0x10c .\CortexM0\ARM_GCC_473\Debug\RGB_LED_Matrix.a(isr_2.o)
 .debug_loc     0x000030f1       0x20 .\CortexM0\ARM_GCC_473\Debug\RGB_LED_Matrix.a(LED_Matrix_1.o)
 .debug_loc     0x00003111      0xdd3 .\CortexM0\ARM_GCC_473\Debug\RGB_LED_Matrix.a(CyLib.o)
 .debug_loc     0x00003ee4      0x5ca .\CortexM0\ARM_GCC_473\Debug\RGB_LED_Matrix.a(ADC.o)
 .debug_loc     0x000044ae      0x10b .\CortexM0\ARM_GCC_473\Debug\RGB_LED_Matrix.a(eoc.o)
 .debug_loc     0x000045b9       0x80 .\CortexM0\ARM_GCC_473\Debug\RGB_LED_Matrix.a(RTC.o)
 .debug_loc     0x00004639       0x20 .\CortexM0\ARM_GCC_473\Debug\RGB_LED_Matrix.a(RTC_I2C.o)
 .debug_loc     0x00004659      0xadd .\CortexM0\ARM_GCC_473\Debug\RGB_LED_Matrix.a(RTC_I2C_MASTER.o)
 .debug_loc     0x00005136      0x10b .\CortexM0\ARM_GCC_473\Debug\RGB_LED_Matrix.a(RTC_SCB_IRQ.o)
 .debug_loc     0x00005241       0x5c .\CortexM0\ARM_GCC_473\Debug\RGB_LED_Matrix.a(RTC_scl.o)
 .debug_loc     0x0000529d      0x10a .\CortexM0\ARM_GCC_473\Debug\RGB_LED_Matrix.a(PB.o)
 .debug_loc     0x000053a7      0x15b .\CortexM0\ARM_GCC_473\Debug\RGB_LED_Matrix.a(RTC_I2C_INT.o)

.debug_macinfo
 *(.debug_macinfo)

.debug_ranges   0x00000000      0xc18
 *(.debug_ranges)
 .debug_ranges  0x00000000       0x28 .\CortexM0\ARM_GCC_473\Debug\main.o
 .debug_ranges  0x00000028      0x130 .\CortexM0\ARM_GCC_473\Debug\LED_Matrix.o
 .debug_ranges  0x00000158       0x78 .\CortexM0\ARM_GCC_473\Debug\I2CDriver.o
 .debug_ranges  0x000001d0       0x30 .\CortexM0\ARM_GCC_473\Debug\Cm0Start.o
 .debug_ranges  0x00000200      0x198 .\CortexM0\ARM_GCC_473\Debug\RGB_LED_Matrix.a(cyfitter_cfg.o)
 .debug_ranges  0x00000398      0x130 .\CortexM0\ARM_GCC_473\Debug\RGB_LED_Matrix.a(isr_2.o)
 .debug_ranges  0x000004c8       0x10 .\CortexM0\ARM_GCC_473\Debug\RGB_LED_Matrix.a(LED_Matrix_1.o)
 .debug_ranges  0x000004d8      0x1f0 .\CortexM0\ARM_GCC_473\Debug\RGB_LED_Matrix.a(CyLib.o)
 .debug_ranges  0x000006c8       0x98 .\CortexM0\ARM_GCC_473\Debug\RGB_LED_Matrix.a(ADC.o)
 .debug_ranges  0x00000760       0x10 .\CortexM0\ARM_GCC_473\Debug\RGB_LED_Matrix.a(ADC_INT.o)
 .debug_ranges  0x00000770      0x130 .\CortexM0\ARM_GCC_473\Debug\RGB_LED_Matrix.a(eoc.o)
 .debug_ranges  0x000008a0       0x30 .\CortexM0\ARM_GCC_473\Debug\RGB_LED_Matrix.a(RTC.o)
 .debug_ranges  0x000008d0       0x18 .\CortexM0\ARM_GCC_473\Debug\RGB_LED_Matrix.a(RTC_I2C.o)
 .debug_ranges  0x000008e8       0x90 .\CortexM0\ARM_GCC_473\Debug\RGB_LED_Matrix.a(RTC_I2C_MASTER.o)
 .debug_ranges  0x00000978      0x130 .\CortexM0\ARM_GCC_473\Debug\RGB_LED_Matrix.a(RTC_SCB_IRQ.o)
 .debug_ranges  0x00000aa8       0x30 .\CortexM0\ARM_GCC_473\Debug\RGB_LED_Matrix.a(RTC_scl.o)
 .debug_ranges  0x00000ad8      0x130 .\CortexM0\ARM_GCC_473\Debug\RGB_LED_Matrix.a(PB.o)
 .debug_ranges  0x00000c08       0x10 .\CortexM0\ARM_GCC_473\Debug\RGB_LED_Matrix.a(RTC_I2C_INT.o)

.comment        0x00000000       0x70
 .comment       0x00000000       0x70 .\CortexM0\ARM_GCC_473\Debug\main.o
                                 0x71 (size before relaxing)
 .comment       0x00000000       0x71 .\CortexM0\ARM_GCC_473\Debug\LED_Matrix.o
 .comment       0x00000000       0x71 .\CortexM0\ARM_GCC_473\Debug\I2CDriver.o
 .comment       0x00000000       0x71 .\CortexM0\ARM_GCC_473\Debug\cymetadata.o
 .comment       0x00000000       0x71 .\CortexM0\ARM_GCC_473\Debug\Cm0Start.o
 .comment       0x00000000       0x71 .\CortexM0\ARM_GCC_473\Debug\RGB_LED_Matrix.a(cyfitter_cfg.o)
 .comment       0x00000000       0x71 .\CortexM0\ARM_GCC_473\Debug\RGB_LED_Matrix.a(isr_2.o)
 .comment       0x00000000       0x71 .\CortexM0\ARM_GCC_473\Debug\RGB_LED_Matrix.a(LED_Matrix_1.o)
 .comment       0x00000000       0x71 .\CortexM0\ARM_GCC_473\Debug\RGB_LED_Matrix.a(CyLib.o)
 .comment       0x00000000       0x71 .\CortexM0\ARM_GCC_473\Debug\RGB_LED_Matrix.a(ADC.o)
 .comment       0x00000000       0x71 .\CortexM0\ARM_GCC_473\Debug\RGB_LED_Matrix.a(ADC_INT.o)
 .comment       0x00000000       0x71 .\CortexM0\ARM_GCC_473\Debug\RGB_LED_Matrix.a(eoc.o)
 .comment       0x00000000       0x71 .\CortexM0\ARM_GCC_473\Debug\RGB_LED_Matrix.a(RTC.o)
 .comment       0x00000000       0x71 .\CortexM0\ARM_GCC_473\Debug\RGB_LED_Matrix.a(RTC_I2C.o)
 .comment       0x00000000       0x71 .\CortexM0\ARM_GCC_473\Debug\RGB_LED_Matrix.a(RTC_I2C_MASTER.o)
 .comment       0x00000000       0x71 .\CortexM0\ARM_GCC_473\Debug\RGB_LED_Matrix.a(RTC_SCB_IRQ.o)
 .comment       0x00000000       0x71 .\CortexM0\ARM_GCC_473\Debug\RGB_LED_Matrix.a(RTC_scl.o)
 .comment       0x00000000       0x71 .\CortexM0\ARM_GCC_473\Debug\RGB_LED_Matrix.a(PB.o)
 .comment       0x00000000       0x71 .\CortexM0\ARM_GCC_473\Debug\RGB_LED_Matrix.a(RTC_I2C_INT.o)

.debug_weaknames
 *(.debug_weaknames)

.debug_funcnames
 *(.debug_funcnames)

.debug_typenames
 *(.debug_typenames)

.debug_varnames
 *(.debug_varnames)

.note.gnu.arm.ident
 *(.note.gnu.arm.ident)

.ARM.attributes
                0x00000000       0x28
 *(.ARM.attributes)
 .ARM.attributes
                0x00000000       0x1e c:/program files (x86)/cypress/psoc creator/3.0/psoc creator/import/gnu_cs/arm/4.7.3/bin/../lib/gcc/arm-none-eabi/4.7.3/armv6-m/crti.o
 .ARM.attributes
                0x0000001e       0x2c c:/program files (x86)/cypress/psoc creator/3.0/psoc creator/import/gnu_cs/arm/4.7.3/bin/../lib/gcc/arm-none-eabi/4.7.3/armv6-m/crtbegin.o
 .ARM.attributes
                0x0000004a       0x1c c:/program files (x86)/cypress/psoc creator/3.0/psoc creator/import/gnu_cs/arm/4.7.3/bin/../lib/gcc/arm-none-eabi/4.7.3/../../../../arm-none-eabi/lib/armv6-m/crt0.o
 .ARM.attributes
                0x00000066       0x31 .\CortexM0\ARM_GCC_473\Debug\main.o
 .ARM.attributes
                0x00000097       0x31 .\CortexM0\ARM_GCC_473\Debug\LED_Matrix.o
 .ARM.attributes
                0x000000c8       0x31 .\CortexM0\ARM_GCC_473\Debug\I2CDriver.o
 .ARM.attributes
                0x000000f9       0x31 .\CortexM0\ARM_GCC_473\Debug\cymetadata.o
 .ARM.attributes
                0x0000012a       0x31 .\CortexM0\ARM_GCC_473\Debug\Cm0Start.o
 .ARM.attributes
                0x0000015b       0x31 .\CortexM0\ARM_GCC_473\Debug\RGB_LED_Matrix.a(cyfitter_cfg.o)
 .ARM.attributes
                0x0000018c       0x31 .\CortexM0\ARM_GCC_473\Debug\RGB_LED_Matrix.a(isr_2.o)
 .ARM.attributes
                0x000001bd       0x31 .\CortexM0\ARM_GCC_473\Debug\RGB_LED_Matrix.a(LED_Matrix_1.o)
 .ARM.attributes
                0x000001ee       0x21 .\CortexM0\ARM_GCC_473\Debug\RGB_LED_Matrix.a(CyBootAsmGnu.o)
 .ARM.attributes
                0x0000020f       0x31 .\CortexM0\ARM_GCC_473\Debug\RGB_LED_Matrix.a(CyLib.o)
 .ARM.attributes
                0x00000240       0x31 .\CortexM0\ARM_GCC_473\Debug\RGB_LED_Matrix.a(ADC.o)
 .ARM.attributes
                0x00000271       0x31 .\CortexM0\ARM_GCC_473\Debug\RGB_LED_Matrix.a(ADC_INT.o)
 .ARM.attributes
                0x000002a2       0x31 .\CortexM0\ARM_GCC_473\Debug\RGB_LED_Matrix.a(eoc.o)
 .ARM.attributes
                0x000002d3       0x31 .\CortexM0\ARM_GCC_473\Debug\RGB_LED_Matrix.a(RTC.o)
 .ARM.attributes
                0x00000304       0x31 .\CortexM0\ARM_GCC_473\Debug\RGB_LED_Matrix.a(RTC_I2C.o)
 .ARM.attributes
                0x00000335       0x31 .\CortexM0\ARM_GCC_473\Debug\RGB_LED_Matrix.a(RTC_I2C_MASTER.o)
 .ARM.attributes
                0x00000366       0x31 .\CortexM0\ARM_GCC_473\Debug\RGB_LED_Matrix.a(RTC_SCB_IRQ.o)
 .ARM.attributes
                0x00000397       0x31 .\CortexM0\ARM_GCC_473\Debug\RGB_LED_Matrix.a(RTC_scl.o)
 .ARM.attributes
                0x000003c8       0x31 .\CortexM0\ARM_GCC_473\Debug\RGB_LED_Matrix.a(PB.o)
 .ARM.attributes
                0x000003f9       0x31 .\CortexM0\ARM_GCC_473\Debug\RGB_LED_Matrix.a(RTC_I2C_INT.o)
 .ARM.attributes
                0x0000042a       0x1e c:/program files (x86)/cypress/psoc creator/3.0/psoc creator/import/gnu_cs/arm/4.7.3/bin/../lib/gcc/arm-none-eabi/4.7.3/armv6-m\libgcc.a(_udivsi3.o)
 .ARM.attributes
                0x00000448       0x1e c:/program files (x86)/cypress/psoc creator/3.0/psoc creator/import/gnu_cs/arm/4.7.3/bin/../lib/gcc/arm-none-eabi/4.7.3/armv6-m\libgcc.a(_divsi3.o)
 .ARM.attributes
                0x00000466       0x1e c:/program files (x86)/cypress/psoc creator/3.0/psoc creator/import/gnu_cs/arm/4.7.3/bin/../lib/gcc/arm-none-eabi/4.7.3/armv6-m\libgcc.a(_dvmd_tls.o)
 .ARM.attributes
                0x00000484       0x1e c:/program files (x86)/cypress/psoc creator/3.0/psoc creator/import/gnu_cs/arm/4.7.3/bin/../lib/gcc/arm-none-eabi/4.7.3/armv6-m\libgcc.a(_aeabi_ldivmod.o)
 .ARM.attributes
                0x000004a2       0x2c c:/program files (x86)/cypress/psoc creator/3.0/psoc creator/import/gnu_cs/arm/4.7.3/bin/../lib/gcc/arm-none-eabi/4.7.3/armv6-m\libgcc.a(_muldi3.o)
 .ARM.attributes
                0x000004ce       0x2c c:/program files (x86)/cypress/psoc creator/3.0/psoc creator/import/gnu_cs/arm/4.7.3/bin/../lib/gcc/arm-none-eabi/4.7.3/armv6-m\libgcc.a(_fixunsdfsi.o)
 .ARM.attributes
                0x000004fa       0x2c c:/program files (x86)/cypress/psoc creator/3.0/psoc creator/import/gnu_cs/arm/4.7.3/bin/../lib/gcc/arm-none-eabi/4.7.3/armv6-m\libgcc.a(bpabi.o)
 .ARM.attributes
                0x00000526       0x2c c:/program files (x86)/cypress/psoc creator/3.0/psoc creator/import/gnu_cs/arm/4.7.3/bin/../lib/gcc/arm-none-eabi/4.7.3/armv6-m\libgcc.a(divsf3.o)
 .ARM.attributes
                0x00000552       0x2c c:/program files (x86)/cypress/psoc creator/3.0/psoc creator/import/gnu_cs/arm/4.7.3/bin/../lib/gcc/arm-none-eabi/4.7.3/armv6-m\libgcc.a(mulsf3.o)
 .ARM.attributes
                0x0000057e       0x2c c:/program files (x86)/cypress/psoc creator/3.0/psoc creator/import/gnu_cs/arm/4.7.3/bin/../lib/gcc/arm-none-eabi/4.7.3/armv6-m\libgcc.a(floatsisf.o)
 .ARM.attributes
                0x000005aa       0x2c c:/program files (x86)/cypress/psoc creator/3.0/psoc creator/import/gnu_cs/arm/4.7.3/bin/../lib/gcc/arm-none-eabi/4.7.3/armv6-m\libgcc.a(divdf3.o)
 .ARM.attributes
                0x000005d6       0x2c c:/program files (x86)/cypress/psoc creator/3.0/psoc creator/import/gnu_cs/arm/4.7.3/bin/../lib/gcc/arm-none-eabi/4.7.3/armv6-m\libgcc.a(subdf3.o)
 .ARM.attributes
                0x00000602       0x2c c:/program files (x86)/cypress/psoc creator/3.0/psoc creator/import/gnu_cs/arm/4.7.3/bin/../lib/gcc/arm-none-eabi/4.7.3/armv6-m\libgcc.a(fixdfsi.o)
 .ARM.attributes
                0x0000062e       0x2c c:/program files (x86)/cypress/psoc creator/3.0/psoc creator/import/gnu_cs/arm/4.7.3/bin/../lib/gcc/arm-none-eabi/4.7.3/armv6-m\libgcc.a(floatsidf.o)
 .ARM.attributes
                0x0000065a       0x1e c:/program files (x86)/cypress/psoc creator/3.0/psoc creator/import/gnu_cs/arm/4.7.3/bin/../lib/gcc/arm-none-eabi/4.7.3/armv6-m\libgcc.a(_arm_cmpdf2.o)
 .ARM.attributes
                0x00000678       0x1e c:/program files (x86)/cypress/psoc creator/3.0/psoc creator/import/gnu_cs/arm/4.7.3/bin/../lib/gcc/arm-none-eabi/4.7.3/armv6-m\libgcc.a(_clzsi2.o)
 .ARM.attributes
                0x00000696       0x2c c:/program files (x86)/cypress/psoc creator/3.0/psoc creator/import/gnu_cs/arm/4.7.3/bin/../lib/gcc/arm-none-eabi/4.7.3/armv6-m\libgcc.a(_divdi3.o)
 .ARM.attributes
                0x000006c2       0x2c c:/program files (x86)/cypress/psoc creator/3.0/psoc creator/import/gnu_cs/arm/4.7.3/bin/../lib/gcc/arm-none-eabi/4.7.3/armv6-m\libgcc.a(_udivdi3.o)
 .ARM.attributes
                0x000006ee       0x2c c:/program files (x86)/cypress/psoc creator/3.0/psoc creator/import/gnu_cs/arm/4.7.3/bin/../lib/gcc/arm-none-eabi/4.7.3/armv6-m\libgcc.a(eqdf2.o)
 .ARM.attributes
                0x0000071a       0x2c c:/program files (x86)/cypress/psoc creator/3.0/psoc creator/import/gnu_cs/arm/4.7.3/bin/../lib/gcc/arm-none-eabi/4.7.3/armv6-m\libgcc.a(gedf2.o)
 .ARM.attributes
                0x00000746       0x2c c:/program files (x86)/cypress/psoc creator/3.0/psoc creator/import/gnu_cs/arm/4.7.3/bin/../lib/gcc/arm-none-eabi/4.7.3/armv6-m\libgcc.a(ledf2.o)
 .ARM.attributes
                0x00000772       0x2c c:/program files (x86)/cypress/psoc creator/3.0/psoc creator/import/gnu_cs/arm/4.7.3/bin/../lib/gcc/arm-none-eabi/4.7.3/../../../../arm-none-eabi/lib/armv6-m\libc_s.a(lib_a-__atexit2.o)
 .ARM.attributes
                0x0000079e       0x2c c:/program files (x86)/cypress/psoc creator/3.0/psoc creator/import/gnu_cs/arm/4.7.3/bin/../lib/gcc/arm-none-eabi/4.7.3/../../../../arm-none-eabi/lib/armv6-m\libc_s.a(lib_a-exit.o)
 .ARM.attributes
                0x000007ca       0x2c c:/program files (x86)/cypress/psoc creator/3.0/psoc creator/import/gnu_cs/arm/4.7.3/bin/../lib/gcc/arm-none-eabi/4.7.3/../../../../arm-none-eabi/lib/armv6-m\libc_s.a(lib_a-fini.o)
 .ARM.attributes
                0x000007f6       0x2c c:/program files (x86)/cypress/psoc creator/3.0/psoc creator/import/gnu_cs/arm/4.7.3/bin/../lib/gcc/arm-none-eabi/4.7.3/../../../../arm-none-eabi/lib/armv6-m\libc_s.a(lib_a-impure.o)
 .ARM.attributes
                0x00000822       0x2c c:/program files (x86)/cypress/psoc creator/3.0/psoc creator/import/gnu_cs/arm/4.7.3/bin/../lib/gcc/arm-none-eabi/4.7.3/../../../../arm-none-eabi/lib/armv6-m\libc_s.a(lib_a-init.o)
 .ARM.attributes
                0x0000084e       0x2c c:/program files (x86)/cypress/psoc creator/3.0/psoc creator/import/gnu_cs/arm/4.7.3/bin/../lib/gcc/arm-none-eabi/4.7.3/../../../../arm-none-eabi/lib/armv6-m\libc_s.a(lib_a-memcpy.o)
 .ARM.attributes
                0x0000087a       0x2c c:/program files (x86)/cypress/psoc creator/3.0/psoc creator/import/gnu_cs/arm/4.7.3/bin/../lib/gcc/arm-none-eabi/4.7.3/../../../../arm-none-eabi/lib/armv6-m\libc_s.a(lib_a-memset.o)
 .ARM.attributes
                0x000008a6       0x2c c:/program files (x86)/cypress/psoc creator/3.0/psoc creator/import/gnu_cs/arm/4.7.3/bin/../lib/gcc/arm-none-eabi/4.7.3/armv6-m/crtend.o
 .ARM.attributes
                0x000008d2       0x1e c:/program files (x86)/cypress/psoc creator/3.0/psoc creator/import/gnu_cs/arm/4.7.3/bin/../lib/gcc/arm-none-eabi/4.7.3/armv6-m/crtn.o

/DISCARD/
 *(.note.GNU-stack)
OUTPUT(.\CortexM0\ARM_GCC_473\Debug\RGB_LED_Matrix.elf elf32-littlearm)
