Archive member included because of file (symbol)

.\CortexM0\ARM_GCC_473\Debug\RGB_LED_Matrix.a(cyfitter_cfg.o)
                              .\CortexM0\ARM_GCC_473\Debug\Cm0Start.o (cyfitter_cfg)
.\CortexM0\ARM_GCC_473\Debug\RGB_LED_Matrix.a(isr_2.o)
                              .\CortexM0\ARM_GCC_473\Debug\main.o (isr_2_StartEx)
.\CortexM0\ARM_GCC_473\Debug\RGB_LED_Matrix.a(LED_Matrix_1.o)
                              .\CortexM0\ARM_GCC_473\Debug\main.o (LED_Matrix_1_Start)
.\CortexM0\ARM_GCC_473\Debug\RGB_LED_Matrix.a(CyBootAsmGnu.o)
                              .\CortexM0\ARM_GCC_473\Debug\RGB_LED_Matrix.a(isr_2.o) (CyEnterCriticalSection)
.\CortexM0\ARM_GCC_473\Debug\RGB_LED_Matrix.a(CyLib.o)
                              .\CortexM0\ARM_GCC_473\Debug\RGB_LED_Matrix.a(cyfitter_cfg.o) (CyDelayUs)
.\CortexM0\ARM_GCC_473\Debug\RGB_LED_Matrix.a(RTC_I2C_MASTER.o)
                              .\CortexM0\ARM_GCC_473\Debug\I2CDriver.o (RTC_I2CMasterSendStart)
.\CortexM0\ARM_GCC_473\Debug\RGB_LED_Matrix.a(RTC_SCB_IRQ.o)
                              .\CortexM0\ARM_GCC_473\Debug\RGB_LED_Matrix.a(RTC_I2C_MASTER.o) (RTC_SCB_IRQ_Enable)
.\CortexM0\ARM_GCC_473\Debug\RGB_LED_Matrix.a(RTC_scl.o)
                              .\CortexM0\ARM_GCC_473\Debug\RGB_LED_Matrix.a(RTC_I2C_MASTER.o) (RTC_scl_Write)
.\CortexM0\ARM_GCC_473\Debug\RGB_LED_Matrix.a(RTC_I2C.o)
                              .\CortexM0\ARM_GCC_473\Debug\RGB_LED_Matrix.a(RTC_I2C_MASTER.o) (RTC_state)
.\CortexM0\ARM_GCC_473\Debug\RGB_LED_Matrix.a(RTC_I2C_INT.o)
                              .\CortexM0\ARM_GCC_473\Debug\RGB_LED_Matrix.a(RTC_I2C.o) (RTC_I2C_ISR)
.\CortexM0\ARM_GCC_473\Debug\RGB_LED_Matrix.a(RTC.o)
                              .\CortexM0\ARM_GCC_473\Debug\RGB_LED_Matrix.a(RTC_I2C_INT.o) (RTC_customIntrHandler)
c:/program files (x86)/cypress/psoc creator/3.0/psoc creator/import/gnu_cs/arm/4.7.3/bin/../lib/gcc/arm-none-eabi/4.7.3/armv6-m\libgcc.a(_udivsi3.o)
                              .\CortexM0\ARM_GCC_473\Debug\I2CDriver.o (__aeabi_uidiv)
c:/program files (x86)/cypress/psoc creator/3.0/psoc creator/import/gnu_cs/arm/4.7.3/bin/../lib/gcc/arm-none-eabi/4.7.3/armv6-m\libgcc.a(_dvmd_tls.o)
                              c:/program files (x86)/cypress/psoc creator/3.0/psoc creator/import/gnu_cs/arm/4.7.3/bin/../lib/gcc/arm-none-eabi/4.7.3/armv6-m\libgcc.a(_udivsi3.o) (__aeabi_idiv0)
c:/program files (x86)/cypress/psoc creator/3.0/psoc creator/import/gnu_cs/arm/4.7.3/bin/../lib/gcc/arm-none-eabi/4.7.3/../../../../arm-none-eabi/lib/armv6-m\libc_s.a(lib_a-__atexit2.o)
                              c:/program files (x86)/cypress/psoc creator/3.0/psoc creator/import/gnu_cs/arm/4.7.3/bin/../lib/gcc/arm-none-eabi/4.7.3/../../../../arm-none-eabi/lib/armv6-m/crt0.o (__register_exitproc)
c:/program files (x86)/cypress/psoc creator/3.0/psoc creator/import/gnu_cs/arm/4.7.3/bin/../lib/gcc/arm-none-eabi/4.7.3/../../../../arm-none-eabi/lib/armv6-m\libc_s.a(lib_a-exit.o)
                              c:/program files (x86)/cypress/psoc creator/3.0/psoc creator/import/gnu_cs/arm/4.7.3/bin/../lib/gcc/arm-none-eabi/4.7.3/../../../../arm-none-eabi/lib/armv6-m/crt0.o (exit)
c:/program files (x86)/cypress/psoc creator/3.0/psoc creator/import/gnu_cs/arm/4.7.3/bin/../lib/gcc/arm-none-eabi/4.7.3/../../../../arm-none-eabi/lib/armv6-m\libc_s.a(lib_a-fini.o)
                              c:/program files (x86)/cypress/psoc creator/3.0/psoc creator/import/gnu_cs/arm/4.7.3/bin/../lib/gcc/arm-none-eabi/4.7.3/../../../../arm-none-eabi/lib/armv6-m/crt0.o (__libc_fini_array)
c:/program files (x86)/cypress/psoc creator/3.0/psoc creator/import/gnu_cs/arm/4.7.3/bin/../lib/gcc/arm-none-eabi/4.7.3/../../../../arm-none-eabi/lib/armv6-m\libc_s.a(lib_a-impure.o)
                              c:/program files (x86)/cypress/psoc creator/3.0/psoc creator/import/gnu_cs/arm/4.7.3/bin/../lib/gcc/arm-none-eabi/4.7.3/../../../../arm-none-eabi/lib/armv6-m\libc_s.a(lib_a-exit.o) (_global_impure_ptr)
c:/program files (x86)/cypress/psoc creator/3.0/psoc creator/import/gnu_cs/arm/4.7.3/bin/../lib/gcc/arm-none-eabi/4.7.3/../../../../arm-none-eabi/lib/armv6-m\libc_s.a(lib_a-init.o)
                              c:/program files (x86)/cypress/psoc creator/3.0/psoc creator/import/gnu_cs/arm/4.7.3/bin/../lib/gcc/arm-none-eabi/4.7.3/../../../../arm-none-eabi/lib/armv6-m/crt0.o (__libc_init_array)
c:/program files (x86)/cypress/psoc creator/3.0/psoc creator/import/gnu_cs/arm/4.7.3/bin/../lib/gcc/arm-none-eabi/4.7.3/../../../../arm-none-eabi/lib/armv6-m\libc_s.a(lib_a-memset.o)
                              c:/program files (x86)/cypress/psoc creator/3.0/psoc creator/import/gnu_cs/arm/4.7.3/bin/../lib/gcc/arm-none-eabi/4.7.3/../../../../arm-none-eabi/lib/armv6-m/crt0.o (memset)

Allocating common symbols
Common symbol       size              file

RTC_mstrStatus      0x2               .\CortexM0\ARM_GCC_473\Debug\RGB_LED_Matrix.a(RTC_I2C_MASTER.o)
RTC_state           0x1               .\CortexM0\ARM_GCC_473\Debug\RGB_LED_Matrix.a(RTC_I2C.o)
RTC_mstrRdBufIndex  0x4               .\CortexM0\ARM_GCC_473\Debug\RGB_LED_Matrix.a(RTC_I2C_MASTER.o)
RTC_mstrRdBufPtr    0x4               .\CortexM0\ARM_GCC_473\Debug\RGB_LED_Matrix.a(RTC_I2C_MASTER.o)
RTC_mstrWrBufIndex  0x4               .\CortexM0\ARM_GCC_473\Debug\RGB_LED_Matrix.a(RTC_I2C_MASTER.o)
RTC_mstrWrBufPtr    0x4               .\CortexM0\ARM_GCC_473\Debug\RGB_LED_Matrix.a(RTC_I2C_MASTER.o)
RTC_mstrWrBufSize   0x4               .\CortexM0\ARM_GCC_473\Debug\RGB_LED_Matrix.a(RTC_I2C_MASTER.o)
RTC_mstrControl     0x1               .\CortexM0\ARM_GCC_473\Debug\RGB_LED_Matrix.a(RTC_I2C_MASTER.o)
matrix              0x3c0             .\CortexM0\ARM_GCC_473\Debug\main.o
RTC_mstrWrBufIndexTmp
                    0x4               .\CortexM0\ARM_GCC_473\Debug\RGB_LED_Matrix.a(RTC_I2C_MASTER.o)
RTC_mstrRdBufSize   0x4               .\CortexM0\ARM_GCC_473\Debug\RGB_LED_Matrix.a(RTC_I2C_MASTER.o)
bit_shift           0x1               .\CortexM0\ARM_GCC_473\Debug\main.o

Discarded input sections

 .text          0x00000000        0x0 c:/program files (x86)/cypress/psoc creator/3.0/psoc creator/import/gnu_cs/arm/4.7.3/bin/../lib/gcc/arm-none-eabi/4.7.3/armv6-m/crti.o
 .data          0x00000000        0x0 c:/program files (x86)/cypress/psoc creator/3.0/psoc creator/import/gnu_cs/arm/4.7.3/bin/../lib/gcc/arm-none-eabi/4.7.3/armv6-m/crti.o
 .bss           0x00000000        0x0 c:/program files (x86)/cypress/psoc creator/3.0/psoc creator/import/gnu_cs/arm/4.7.3/bin/../lib/gcc/arm-none-eabi/4.7.3/armv6-m/crti.o
 .data          0x00000000        0x4 c:/program files (x86)/cypress/psoc creator/3.0/psoc creator/import/gnu_cs/arm/4.7.3/bin/../lib/gcc/arm-none-eabi/4.7.3/armv6-m/crtbegin.o
 .text          0x00000000       0x74 c:/program files (x86)/cypress/psoc creator/3.0/psoc creator/import/gnu_cs/arm/4.7.3/bin/../lib/gcc/arm-none-eabi/4.7.3/../../../../arm-none-eabi/lib/armv6-m/crt0.o
 .data          0x00000000        0x0 c:/program files (x86)/cypress/psoc creator/3.0/psoc creator/import/gnu_cs/arm/4.7.3/bin/../lib/gcc/arm-none-eabi/4.7.3/../../../../arm-none-eabi/lib/armv6-m/crt0.o
 .bss           0x00000000        0x0 c:/program files (x86)/cypress/psoc creator/3.0/psoc creator/import/gnu_cs/arm/4.7.3/bin/../lib/gcc/arm-none-eabi/4.7.3/../../../../arm-none-eabi/lib/armv6-m/crt0.o
 .ARM.extab     0x00000000        0x0 c:/program files (x86)/cypress/psoc creator/3.0/psoc creator/import/gnu_cs/arm/4.7.3/bin/../lib/gcc/arm-none-eabi/4.7.3/../../../../arm-none-eabi/lib/armv6-m/crt0.o
 .ARM.exidx     0x00000000        0x8 c:/program files (x86)/cypress/psoc creator/3.0/psoc creator/import/gnu_cs/arm/4.7.3/bin/../lib/gcc/arm-none-eabi/4.7.3/../../../../arm-none-eabi/lib/armv6-m/crt0.o
 .text          0x00000000        0x0 .\CortexM0\ARM_GCC_473\Debug\main.o
 .text.PB_ISR   0x00000000       0x1c .\CortexM0\ARM_GCC_473\Debug\main.o
 .text.eoc_isr  0x00000000      0x104 .\CortexM0\ARM_GCC_473\Debug\main.o
 .text          0x00000000        0x0 .\CortexM0\ARM_GCC_473\Debug\LED_Matrix.o
 .data          0x00000000        0x0 .\CortexM0\ARM_GCC_473\Debug\LED_Matrix.o
 .bss           0x00000000        0x0 .\CortexM0\ARM_GCC_473\Debug\LED_Matrix.o
 .text.drawCircle
                0x00000000      0x168 .\CortexM0\ARM_GCC_473\Debug\LED_Matrix.o
 .text.drawCircleHelper
                0x00000000      0x178 .\CortexM0\ARM_GCC_473\Debug\LED_Matrix.o
 .text.drawFastHLine
                0x00000000       0x24 .\CortexM0\ARM_GCC_473\Debug\LED_Matrix.o
 .text.drawRect
                0x00000000       0x70 .\CortexM0\ARM_GCC_473\Debug\LED_Matrix.o
 .text.fillRect
                0x00000000       0x94 .\CortexM0\ARM_GCC_473\Debug\LED_Matrix.o
 .text.fillScreen
                0x00000000       0x20 .\CortexM0\ARM_GCC_473\Debug\LED_Matrix.o
 .text.drawTriangle
                0x00000000       0x80 .\CortexM0\ARM_GCC_473\Debug\LED_Matrix.o
 .text.drawOne  0x00000000       0x88 .\CortexM0\ARM_GCC_473\Debug\LED_Matrix.o
 .text.drawTwo  0x00000000       0x8c .\CortexM0\ARM_GCC_473\Debug\LED_Matrix.o
 .text.drawColon
                0x00000000       0x30 .\CortexM0\ARM_GCC_473\Debug\LED_Matrix.o
 .text.drawThree
                0x00000000       0x90 .\CortexM0\ARM_GCC_473\Debug\LED_Matrix.o
 .text.drawFour
                0x00000000       0x3c .\CortexM0\ARM_GCC_473\Debug\LED_Matrix.o
 .text.drawFive
                0x00000000       0x84 .\CortexM0\ARM_GCC_473\Debug\LED_Matrix.o
 .text.drawSix  0x00000000       0x70 .\CortexM0\ARM_GCC_473\Debug\LED_Matrix.o
 .text.drawSeven
                0x00000000       0x38 .\CortexM0\ARM_GCC_473\Debug\LED_Matrix.o
 .text.drawEight
                0x00000000       0xa0 .\CortexM0\ARM_GCC_473\Debug\LED_Matrix.o
 .text.drawNine
                0x00000000       0x60 .\CortexM0\ARM_GCC_473\Debug\LED_Matrix.o
 .text.drawZero
                0x00000000       0x64 .\CortexM0\ARM_GCC_473\Debug\LED_Matrix.o
 .text.drawA    0x00000000       0xb0 .\CortexM0\ARM_GCC_473\Debug\LED_Matrix.o
 .text.drawB    0x00000000       0x90 .\CortexM0\ARM_GCC_473\Debug\LED_Matrix.o
 .text.drawC    0x00000000       0x70 .\CortexM0\ARM_GCC_473\Debug\LED_Matrix.o
 .text.drawD    0x00000000       0x60 .\CortexM0\ARM_GCC_473\Debug\LED_Matrix.o
 .text.drawE    0x00000000       0x54 .\CortexM0\ARM_GCC_473\Debug\LED_Matrix.o
 .text.drawF    0x00000000       0x40 .\CortexM0\ARM_GCC_473\Debug\LED_Matrix.o
 .text.drawHex  0x00000000       0xfc .\CortexM0\ARM_GCC_473\Debug\LED_Matrix.o
 .rodata        0x00000000       0x40 .\CortexM0\ARM_GCC_473\Debug\LED_Matrix.o
 .text.printTime
                0x00000000       0x58 .\CortexM0\ARM_GCC_473\Debug\LED_Matrix.o
 .text.printHexString
                0x00000000       0x4c .\CortexM0\ARM_GCC_473\Debug\LED_Matrix.o
 .text          0x00000000        0x0 .\CortexM0\ARM_GCC_473\Debug\I2CDriver.o
 .data          0x00000000        0x0 .\CortexM0\ARM_GCC_473\Debug\I2CDriver.o
 .bss           0x00000000        0x0 .\CortexM0\ARM_GCC_473\Debug\I2CDriver.o
 .text.decToBcd
                0x00000000       0x1c .\CortexM0\ARM_GCC_473\Debug\I2CDriver.o
 .text.bcdToDec
                0x00000000       0x14 .\CortexM0\ARM_GCC_473\Debug\I2CDriver.o
 .text.localTimeInit
                0x00000000       0x20 .\CortexM0\ARM_GCC_473\Debug\I2CDriver.o
 .text.i2cWrite
                0x00000000       0x24 .\CortexM0\ARM_GCC_473\Debug\I2CDriver.o
 .text.setTime  0x00000000       0x58 .\CortexM0\ARM_GCC_473\Debug\I2CDriver.o
 .text.getTime  0x00000000       0x50 .\CortexM0\ARM_GCC_473\Debug\I2CDriver.o
 .text.i2cBurstRead
                0x00000000       0x9c .\CortexM0\ARM_GCC_473\Debug\I2CDriver.o
 .text          0x00000000        0x0 .\CortexM0\ARM_GCC_473\Debug\cymetadata.o
 .data          0x00000000        0x0 .\CortexM0\ARM_GCC_473\Debug\cymetadata.o
 .bss           0x00000000        0x0 .\CortexM0\ARM_GCC_473\Debug\cymetadata.o
 .text          0x00000000        0x0 .\CortexM0\ARM_GCC_473\Debug\Cm0Start.o
 .data          0x00000000        0x0 .\CortexM0\ARM_GCC_473\Debug\Cm0Start.o
 .bss           0x00000000        0x0 .\CortexM0\ARM_GCC_473\Debug\Cm0Start.o
 .text._exit    0x00000000        0x4 .\CortexM0\ARM_GCC_473\Debug\Cm0Start.o
 .text          0x00000000        0x0 .\CortexM0\ARM_GCC_473\Debug\RGB_LED_Matrix.a(cyfitter_cfg.o)
 .data          0x00000000        0x0 .\CortexM0\ARM_GCC_473\Debug\RGB_LED_Matrix.a(cyfitter_cfg.o)
 .bss           0x00000000        0x0 .\CortexM0\ARM_GCC_473\Debug\RGB_LED_Matrix.a(cyfitter_cfg.o)
 .text.SetAnalogRoutingPumps
                0x00000000       0x20 .\CortexM0\ARM_GCC_473\Debug\RGB_LED_Matrix.a(cyfitter_cfg.o)
 .text          0x00000000        0x0 .\CortexM0\ARM_GCC_473\Debug\RGB_LED_Matrix.a(isr_2.o)
 .data          0x00000000        0x0 .\CortexM0\ARM_GCC_473\Debug\RGB_LED_Matrix.a(isr_2.o)
 .bss           0x00000000        0x0 .\CortexM0\ARM_GCC_473\Debug\RGB_LED_Matrix.a(isr_2.o)
 .text.isr_2_Interrupt
                0x00000000        0x4 .\CortexM0\ARM_GCC_473\Debug\RGB_LED_Matrix.a(isr_2.o)
 .text.isr_2_Stop
                0x00000000       0x1c .\CortexM0\ARM_GCC_473\Debug\RGB_LED_Matrix.a(isr_2.o)
 .text.isr_2_SetVector
                0x00000000        0xc .\CortexM0\ARM_GCC_473\Debug\RGB_LED_Matrix.a(isr_2.o)
 .text.isr_2_GetVector
                0x00000000        0xc .\CortexM0\ARM_GCC_473\Debug\RGB_LED_Matrix.a(isr_2.o)
 .text.isr_2_Start
                0x00000000       0x2c .\CortexM0\ARM_GCC_473\Debug\RGB_LED_Matrix.a(isr_2.o)
 .text.isr_2_GetPriority
                0x00000000        0xc .\CortexM0\ARM_GCC_473\Debug\RGB_LED_Matrix.a(isr_2.o)
 .text.isr_2_Enable
                0x00000000        0xc .\CortexM0\ARM_GCC_473\Debug\RGB_LED_Matrix.a(isr_2.o)
 .text.isr_2_GetState
                0x00000000       0x10 .\CortexM0\ARM_GCC_473\Debug\RGB_LED_Matrix.a(isr_2.o)
 .text.isr_2_Disable
                0x00000000        0xc .\CortexM0\ARM_GCC_473\Debug\RGB_LED_Matrix.a(isr_2.o)
 .text.isr_2_SetPending
                0x00000000        0xc .\CortexM0\ARM_GCC_473\Debug\RGB_LED_Matrix.a(isr_2.o)
 .text.isr_2_ClearPending
                0x00000000        0xc .\CortexM0\ARM_GCC_473\Debug\RGB_LED_Matrix.a(isr_2.o)
 .text          0x00000000        0x0 .\CortexM0\ARM_GCC_473\Debug\RGB_LED_Matrix.a(LED_Matrix_1.o)
 .data          0x00000000        0x0 .\CortexM0\ARM_GCC_473\Debug\RGB_LED_Matrix.a(LED_Matrix_1.o)
 .bss           0x00000000        0x0 .\CortexM0\ARM_GCC_473\Debug\RGB_LED_Matrix.a(LED_Matrix_1.o)
 .data          0x00000000        0x0 .\CortexM0\ARM_GCC_473\Debug\RGB_LED_Matrix.a(CyBootAsmGnu.o)
 .bss           0x00000000        0x0 .\CortexM0\ARM_GCC_473\Debug\RGB_LED_Matrix.a(CyBootAsmGnu.o)
 .text          0x00000000        0x0 .\CortexM0\ARM_GCC_473\Debug\RGB_LED_Matrix.a(CyLib.o)
 .bss           0x00000000        0x0 .\CortexM0\ARM_GCC_473\Debug\RGB_LED_Matrix.a(CyLib.o)
 .text.CySysClkImoStart
                0x00000000       0x14 .\CortexM0\ARM_GCC_473\Debug\RGB_LED_Matrix.a(CyLib.o)
 .text.CySysClkImoStop
                0x00000000       0x10 .\CortexM0\ARM_GCC_473\Debug\RGB_LED_Matrix.a(CyLib.o)
 .text.CySysClkIloStart
                0x00000000       0x14 .\CortexM0\ARM_GCC_473\Debug\RGB_LED_Matrix.a(CyLib.o)
 .text.CySysClkIloStop
                0x00000000       0x10 .\CortexM0\ARM_GCC_473\Debug\RGB_LED_Matrix.a(CyLib.o)
 .text.CySysClkWriteHfclkDirect
                0x00000000       0x18 .\CortexM0\ARM_GCC_473\Debug\RGB_LED_Matrix.a(CyLib.o)
 .text.CySysClkWriteSysclkDiv
                0x00000000       0x20 .\CortexM0\ARM_GCC_473\Debug\RGB_LED_Matrix.a(CyLib.o)
 .text.CySysWdtLock
                0x00000000       0x34 .\CortexM0\ARM_GCC_473\Debug\RGB_LED_Matrix.a(CyLib.o)
 .text.CySysWdtUnlock
                0x00000000       0x48 .\CortexM0\ARM_GCC_473\Debug\RGB_LED_Matrix.a(CyLib.o)
 .text.CySysWdtReadEnabledStatus
                0x00000000       0x20 .\CortexM0\ARM_GCC_473\Debug\RGB_LED_Matrix.a(CyLib.o)
 .text.CySysWdtWriteMode
                0x00000000       0x54 .\CortexM0\ARM_GCC_473\Debug\RGB_LED_Matrix.a(CyLib.o)
 .text.CySysWdtReadMode
                0x00000000       0x14 .\CortexM0\ARM_GCC_473\Debug\RGB_LED_Matrix.a(CyLib.o)
 .text.CySysWdtWriteClearOnMatch
                0x00000000       0x48 .\CortexM0\ARM_GCC_473\Debug\RGB_LED_Matrix.a(CyLib.o)
 .text.CySysWdtReadClearOnMatch
                0x00000000       0x20 .\CortexM0\ARM_GCC_473\Debug\RGB_LED_Matrix.a(CyLib.o)
 .text.CySysWdtEnable
                0x00000000       0x28 .\CortexM0\ARM_GCC_473\Debug\RGB_LED_Matrix.a(CyLib.o)
 .text.CySysWdtDisable
                0x00000000       0x28 .\CortexM0\ARM_GCC_473\Debug\RGB_LED_Matrix.a(CyLib.o)
 .text.CySysWdtWriteCascade
                0x00000000       0x48 .\CortexM0\ARM_GCC_473\Debug\RGB_LED_Matrix.a(CyLib.o)
 .text.CySysWdtReadCascade
                0x00000000       0x14 .\CortexM0\ARM_GCC_473\Debug\RGB_LED_Matrix.a(CyLib.o)
 .text.CySysWdtWriteToggleBit
                0x00000000       0x40 .\CortexM0\ARM_GCC_473\Debug\RGB_LED_Matrix.a(CyLib.o)
 .text.CySysWdtReadToggleBit
                0x00000000       0x10 .\CortexM0\ARM_GCC_473\Debug\RGB_LED_Matrix.a(CyLib.o)
 .text.CySysWdtReadMatch
                0x00000000       0x1c .\CortexM0\ARM_GCC_473\Debug\RGB_LED_Matrix.a(CyLib.o)
 .text.CySysWdtReadCount
                0x00000000       0x34 .\CortexM0\ARM_GCC_473\Debug\RGB_LED_Matrix.a(CyLib.o)
 .text.CySysWdtGetInterruptSource
                0x00000000       0x14 .\CortexM0\ARM_GCC_473\Debug\RGB_LED_Matrix.a(CyLib.o)
 .text.CySysWdtClearInterrupt
                0x00000000       0x7c .\CortexM0\ARM_GCC_473\Debug\RGB_LED_Matrix.a(CyLib.o)
 .text.CySysWdtResetCounters
                0x00000000       0x30 .\CortexM0\ARM_GCC_473\Debug\RGB_LED_Matrix.a(CyLib.o)
 .text.CySysLvdEnable
                0x00000000       0x2c .\CortexM0\ARM_GCC_473\Debug\RGB_LED_Matrix.a(CyLib.o)
 .text.CySysLvdDisable
                0x00000000       0x20 .\CortexM0\ARM_GCC_473\Debug\RGB_LED_Matrix.a(CyLib.o)
 .text.CySysLvdGetInterruptSource
                0x00000000       0x10 .\CortexM0\ARM_GCC_473\Debug\RGB_LED_Matrix.a(CyLib.o)
 .text.CySysLvdClearInterrupt
                0x00000000        0xc .\CortexM0\ARM_GCC_473\Debug\RGB_LED_Matrix.a(CyLib.o)
 .text.CyDisableInts
                0x00000000       0x10 .\CortexM0\ARM_GCC_473\Debug\RGB_LED_Matrix.a(CyLib.o)
 .text.CyEnableInts
                0x00000000        0xc .\CortexM0\ARM_GCC_473\Debug\RGB_LED_Matrix.a(CyLib.o)
 .text.CyIntSetSysVector
                0x00000000       0x18 .\CortexM0\ARM_GCC_473\Debug\RGB_LED_Matrix.a(CyLib.o)
 .text.CyIntGetSysVector
                0x00000000       0x14 .\CortexM0\ARM_GCC_473\Debug\RGB_LED_Matrix.a(CyLib.o)
 .text.CyIntSetVector
                0x00000000       0x18 .\CortexM0\ARM_GCC_473\Debug\RGB_LED_Matrix.a(CyLib.o)
 .text.CyIntGetVector
                0x00000000       0x18 .\CortexM0\ARM_GCC_473\Debug\RGB_LED_Matrix.a(CyLib.o)
 .text.CyIntSetPriority
                0x00000000       0x40 .\CortexM0\ARM_GCC_473\Debug\RGB_LED_Matrix.a(CyLib.o)
 .text.CyIntGetPriority
                0x00000000       0x28 .\CortexM0\ARM_GCC_473\Debug\RGB_LED_Matrix.a(CyLib.o)
 .text.CyIntEnable
                0x00000000       0x14 .\CortexM0\ARM_GCC_473\Debug\RGB_LED_Matrix.a(CyLib.o)
 .text.CyIntGetState
                0x00000000       0x18 .\CortexM0\ARM_GCC_473\Debug\RGB_LED_Matrix.a(CyLib.o)
 .text.CyIntDisable
                0x00000000       0x14 .\CortexM0\ARM_GCC_473\Debug\RGB_LED_Matrix.a(CyLib.o)
 .text.CyIntSetPending
                0x00000000       0x14 .\CortexM0\ARM_GCC_473\Debug\RGB_LED_Matrix.a(CyLib.o)
 .text.CyIntClearPending
                0x00000000       0x14 .\CortexM0\ARM_GCC_473\Debug\RGB_LED_Matrix.a(CyLib.o)
 .text.CyHalt   0x00000000        0x4 .\CortexM0\ARM_GCC_473\Debug\RGB_LED_Matrix.a(CyLib.o)
 .text.CySoftwareReset
                0x00000000       0x18 .\CortexM0\ARM_GCC_473\Debug\RGB_LED_Matrix.a(CyLib.o)
 .text.CyDelay  0x00000000       0x80 .\CortexM0\ARM_GCC_473\Debug\RGB_LED_Matrix.a(CyLib.o)
 .text.CySysWdtWriteMatch
                0x00000000       0x48 .\CortexM0\ARM_GCC_473\Debug\RGB_LED_Matrix.a(CyLib.o)
 .text.CySysClkWriteImoFreq
                0x00000000      0x164 .\CortexM0\ARM_GCC_473\Debug\RGB_LED_Matrix.a(CyLib.o)
 .text.CyDelayFreq
                0x00000000       0x54 .\CortexM0\ARM_GCC_473\Debug\RGB_LED_Matrix.a(CyLib.o)
 .rodata        0x00000000       0x30 .\CortexM0\ARM_GCC_473\Debug\RGB_LED_Matrix.a(CyLib.o)
 .text          0x00000000        0x0 .\CortexM0\ARM_GCC_473\Debug\RGB_LED_Matrix.a(RTC_I2C_MASTER.o)
 .data          0x00000000        0x0 .\CortexM0\ARM_GCC_473\Debug\RGB_LED_Matrix.a(RTC_I2C_MASTER.o)
 .bss           0x00000000        0x0 .\CortexM0\ARM_GCC_473\Debug\RGB_LED_Matrix.a(RTC_I2C_MASTER.o)
 .text.RTC_I2CMasterSendStart
                0x00000000       0xd4 .\CortexM0\ARM_GCC_473\Debug\RGB_LED_Matrix.a(RTC_I2C_MASTER.o)
 .text.RTC_I2CMasterSendStop
                0x00000000       0x8c .\CortexM0\ARM_GCC_473\Debug\RGB_LED_Matrix.a(RTC_I2C_MASTER.o)
 .text.RTC_I2CMasterWriteByte
                0x00000000       0x90 .\CortexM0\ARM_GCC_473\Debug\RGB_LED_Matrix.a(RTC_I2C_MASTER.o)
 .text.RTC_I2CMasterReadByte
                0x00000000       0x90 .\CortexM0\ARM_GCC_473\Debug\RGB_LED_Matrix.a(RTC_I2C_MASTER.o)
 .text.RTC_I2CMasterGetReadBufSize
                0x00000000        0xc .\CortexM0\ARM_GCC_473\Debug\RGB_LED_Matrix.a(RTC_I2C_MASTER.o)
 .text.RTC_I2CMasterGetWriteBufSize
                0x00000000        0xc .\CortexM0\ARM_GCC_473\Debug\RGB_LED_Matrix.a(RTC_I2C_MASTER.o)
 .text.RTC_I2CMasterClearReadBuf
                0x00000000       0x1c .\CortexM0\ARM_GCC_473\Debug\RGB_LED_Matrix.a(RTC_I2C_MASTER.o)
 .text.RTC_I2CMasterClearWriteBuf
                0x00000000       0x1c .\CortexM0\ARM_GCC_473\Debug\RGB_LED_Matrix.a(RTC_I2C_MASTER.o)
 .text.RTC_I2CMasterStatus
                0x00000000       0x1c .\CortexM0\ARM_GCC_473\Debug\RGB_LED_Matrix.a(RTC_I2C_MASTER.o)
 .text.RTC_I2CMasterClearStatus
                0x00000000       0x10 .\CortexM0\ARM_GCC_473\Debug\RGB_LED_Matrix.a(RTC_I2C_MASTER.o)
 .text.RTC_I2CReStartGeneration
                0x00000000       0xa0 .\CortexM0\ARM_GCC_473\Debug\RGB_LED_Matrix.a(RTC_I2C_MASTER.o)
 .text.RTC_I2CMasterSendRestart
                0x00000000       0xbc .\CortexM0\ARM_GCC_473\Debug\RGB_LED_Matrix.a(RTC_I2C_MASTER.o)
 .text.RTC_I2CMasterReadBuf
                0x00000000       0xf8 .\CortexM0\ARM_GCC_473\Debug\RGB_LED_Matrix.a(RTC_I2C_MASTER.o)
 .text.RTC_I2CMasterWriteBuf
                0x00000000       0xe4 .\CortexM0\ARM_GCC_473\Debug\RGB_LED_Matrix.a(RTC_I2C_MASTER.o)
 COMMON         0x00000000       0x24 .\CortexM0\ARM_GCC_473\Debug\RGB_LED_Matrix.a(RTC_I2C_MASTER.o)
 .text          0x00000000        0x0 .\CortexM0\ARM_GCC_473\Debug\RGB_LED_Matrix.a(RTC_SCB_IRQ.o)
 .data          0x00000000        0x0 .\CortexM0\ARM_GCC_473\Debug\RGB_LED_Matrix.a(RTC_SCB_IRQ.o)
 .bss           0x00000000        0x0 .\CortexM0\ARM_GCC_473\Debug\RGB_LED_Matrix.a(RTC_SCB_IRQ.o)
 .text.RTC_SCB_IRQ_Interrupt
                0x00000000        0x4 .\CortexM0\ARM_GCC_473\Debug\RGB_LED_Matrix.a(RTC_SCB_IRQ.o)
 .text.RTC_SCB_IRQ_Stop
                0x00000000       0x1c .\CortexM0\ARM_GCC_473\Debug\RGB_LED_Matrix.a(RTC_SCB_IRQ.o)
 .text.RTC_SCB_IRQ_SetVector
                0x00000000        0xc .\CortexM0\ARM_GCC_473\Debug\RGB_LED_Matrix.a(RTC_SCB_IRQ.o)
 .text.RTC_SCB_IRQ_GetVector
                0x00000000        0xc .\CortexM0\ARM_GCC_473\Debug\RGB_LED_Matrix.a(RTC_SCB_IRQ.o)
 .text.RTC_SCB_IRQ_SetPriority
                0x00000000       0x28 .\CortexM0\ARM_GCC_473\Debug\RGB_LED_Matrix.a(RTC_SCB_IRQ.o)
 .text.RTC_SCB_IRQ_StartEx
                0x00000000       0x28 .\CortexM0\ARM_GCC_473\Debug\RGB_LED_Matrix.a(RTC_SCB_IRQ.o)
 .text.RTC_SCB_IRQ_Start
                0x00000000       0x2c .\CortexM0\ARM_GCC_473\Debug\RGB_LED_Matrix.a(RTC_SCB_IRQ.o)
 .text.RTC_SCB_IRQ_GetPriority
                0x00000000       0x10 .\CortexM0\ARM_GCC_473\Debug\RGB_LED_Matrix.a(RTC_SCB_IRQ.o)
 .text.RTC_SCB_IRQ_Enable
                0x00000000       0x10 .\CortexM0\ARM_GCC_473\Debug\RGB_LED_Matrix.a(RTC_SCB_IRQ.o)
 .text.RTC_SCB_IRQ_GetState
                0x00000000       0x10 .\CortexM0\ARM_GCC_473\Debug\RGB_LED_Matrix.a(RTC_SCB_IRQ.o)
 .text.RTC_SCB_IRQ_Disable
                0x00000000       0x10 .\CortexM0\ARM_GCC_473\Debug\RGB_LED_Matrix.a(RTC_SCB_IRQ.o)
 .text.RTC_SCB_IRQ_SetPending
                0x00000000       0x10 .\CortexM0\ARM_GCC_473\Debug\RGB_LED_Matrix.a(RTC_SCB_IRQ.o)
 .text.RTC_SCB_IRQ_ClearPending
                0x00000000       0x10 .\CortexM0\ARM_GCC_473\Debug\RGB_LED_Matrix.a(RTC_SCB_IRQ.o)
 .text          0x00000000        0x0 .\CortexM0\ARM_GCC_473\Debug\RGB_LED_Matrix.a(RTC_scl.o)
 .data          0x00000000        0x0 .\CortexM0\ARM_GCC_473\Debug\RGB_LED_Matrix.a(RTC_scl.o)
 .bss           0x00000000        0x0 .\CortexM0\ARM_GCC_473\Debug\RGB_LED_Matrix.a(RTC_scl.o)
 .text.RTC_scl_Write
                0x00000000       0x18 .\CortexM0\ARM_GCC_473\Debug\RGB_LED_Matrix.a(RTC_scl.o)
 .text.RTC_scl_SetDriveMode
                0x00000000       0x14 .\CortexM0\ARM_GCC_473\Debug\RGB_LED_Matrix.a(RTC_scl.o)
 .text.RTC_scl_Read
                0x00000000       0x10 .\CortexM0\ARM_GCC_473\Debug\RGB_LED_Matrix.a(RTC_scl.o)
 .text.RTC_scl_ReadDataReg
                0x00000000       0x10 .\CortexM0\ARM_GCC_473\Debug\RGB_LED_Matrix.a(RTC_scl.o)
 .text.RTC_scl_ClearInterrupt
                0x00000000       0x10 .\CortexM0\ARM_GCC_473\Debug\RGB_LED_Matrix.a(RTC_scl.o)
 .text          0x00000000        0x0 .\CortexM0\ARM_GCC_473\Debug\RGB_LED_Matrix.a(RTC_I2C.o)
 .data          0x00000000        0x0 .\CortexM0\ARM_GCC_473\Debug\RGB_LED_Matrix.a(RTC_I2C.o)
 .bss           0x00000000        0x0 .\CortexM0\ARM_GCC_473\Debug\RGB_LED_Matrix.a(RTC_I2C.o)
 .text.RTC_I2CInit
                0x00000000       0xcc .\CortexM0\ARM_GCC_473\Debug\RGB_LED_Matrix.a(RTC_I2C.o)
 .text.RTC_I2CStop
                0x00000000        0xc .\CortexM0\ARM_GCC_473\Debug\RGB_LED_Matrix.a(RTC_I2C.o)
 COMMON         0x00000000        0x1 .\CortexM0\ARM_GCC_473\Debug\RGB_LED_Matrix.a(RTC_I2C.o)
 .text          0x00000000        0x0 .\CortexM0\ARM_GCC_473\Debug\RGB_LED_Matrix.a(RTC_I2C_INT.o)
 .data          0x00000000        0x0 .\CortexM0\ARM_GCC_473\Debug\RGB_LED_Matrix.a(RTC_I2C_INT.o)
 .bss           0x00000000        0x0 .\CortexM0\ARM_GCC_473\Debug\RGB_LED_Matrix.a(RTC_I2C_INT.o)
 .text.RTC_I2C_ISR
                0x00000000      0x410 .\CortexM0\ARM_GCC_473\Debug\RGB_LED_Matrix.a(RTC_I2C_INT.o)
 .text          0x00000000        0x0 .\CortexM0\ARM_GCC_473\Debug\RGB_LED_Matrix.a(RTC.o)
 .data          0x00000000        0x0 .\CortexM0\ARM_GCC_473\Debug\RGB_LED_Matrix.a(RTC.o)
 .bss           0x00000000        0x8 .\CortexM0\ARM_GCC_473\Debug\RGB_LED_Matrix.a(RTC.o)
 .text.RTC_Init
                0x00000000        0x8 .\CortexM0\ARM_GCC_473\Debug\RGB_LED_Matrix.a(RTC.o)
 .text.RTC_Enable
                0x00000000       0x18 .\CortexM0\ARM_GCC_473\Debug\RGB_LED_Matrix.a(RTC.o)
 .text.RTC_Start
                0x00000000       0x1c .\CortexM0\ARM_GCC_473\Debug\RGB_LED_Matrix.a(RTC.o)
 .text.RTC_Stop
                0x00000000       0x20 .\CortexM0\ARM_GCC_473\Debug\RGB_LED_Matrix.a(RTC.o)
 .text.RTC_SetCustomInterruptHandler
                0x00000000        0xc .\CortexM0\ARM_GCC_473\Debug\RGB_LED_Matrix.a(RTC.o)
 .text          0x00000000       0x9c c:/program files (x86)/cypress/psoc creator/3.0/psoc creator/import/gnu_cs/arm/4.7.3/bin/../lib/gcc/arm-none-eabi/4.7.3/armv6-m\libgcc.a(_udivsi3.o)
 .data          0x00000000        0x0 c:/program files (x86)/cypress/psoc creator/3.0/psoc creator/import/gnu_cs/arm/4.7.3/bin/../lib/gcc/arm-none-eabi/4.7.3/armv6-m\libgcc.a(_udivsi3.o)
 .bss           0x00000000        0x0 c:/program files (x86)/cypress/psoc creator/3.0/psoc creator/import/gnu_cs/arm/4.7.3/bin/../lib/gcc/arm-none-eabi/4.7.3/armv6-m\libgcc.a(_udivsi3.o)
 .text          0x00000000        0x4 c:/program files (x86)/cypress/psoc creator/3.0/psoc creator/import/gnu_cs/arm/4.7.3/bin/../lib/gcc/arm-none-eabi/4.7.3/armv6-m\libgcc.a(_dvmd_tls.o)
 .data          0x00000000        0x0 c:/program files (x86)/cypress/psoc creator/3.0/psoc creator/import/gnu_cs/arm/4.7.3/bin/../lib/gcc/arm-none-eabi/4.7.3/armv6-m\libgcc.a(_dvmd_tls.o)
 .bss           0x00000000        0x0 c:/program files (x86)/cypress/psoc creator/3.0/psoc creator/import/gnu_cs/arm/4.7.3/bin/../lib/gcc/arm-none-eabi/4.7.3/armv6-m\libgcc.a(_dvmd_tls.o)
 .text          0x00000000        0x0 c:/program files (x86)/cypress/psoc creator/3.0/psoc creator/import/gnu_cs/arm/4.7.3/bin/../lib/gcc/arm-none-eabi/4.7.3/../../../../arm-none-eabi/lib/armv6-m\libc_s.a(lib_a-__atexit2.o)
 .data          0x00000000        0x0 c:/program files (x86)/cypress/psoc creator/3.0/psoc creator/import/gnu_cs/arm/4.7.3/bin/../lib/gcc/arm-none-eabi/4.7.3/../../../../arm-none-eabi/lib/armv6-m\libc_s.a(lib_a-__atexit2.o)
 .bss           0x00000000        0x0 c:/program files (x86)/cypress/psoc creator/3.0/psoc creator/import/gnu_cs/arm/4.7.3/bin/../lib/gcc/arm-none-eabi/4.7.3/../../../../arm-none-eabi/lib/armv6-m\libc_s.a(lib_a-__atexit2.o)
 .text.__register_exitproc
                0x00000000       0x18 c:/program files (x86)/cypress/psoc creator/3.0/psoc creator/import/gnu_cs/arm/4.7.3/bin/../lib/gcc/arm-none-eabi/4.7.3/../../../../arm-none-eabi/lib/armv6-m\libc_s.a(lib_a-__atexit2.o)
 .text          0x00000000        0x0 c:/program files (x86)/cypress/psoc creator/3.0/psoc creator/import/gnu_cs/arm/4.7.3/bin/../lib/gcc/arm-none-eabi/4.7.3/../../../../arm-none-eabi/lib/armv6-m\libc_s.a(lib_a-exit.o)
 .data          0x00000000        0x0 c:/program files (x86)/cypress/psoc creator/3.0/psoc creator/import/gnu_cs/arm/4.7.3/bin/../lib/gcc/arm-none-eabi/4.7.3/../../../../arm-none-eabi/lib/armv6-m\libc_s.a(lib_a-exit.o)
 .bss           0x00000000        0x0 c:/program files (x86)/cypress/psoc creator/3.0/psoc creator/import/gnu_cs/arm/4.7.3/bin/../lib/gcc/arm-none-eabi/4.7.3/../../../../arm-none-eabi/lib/armv6-m\libc_s.a(lib_a-exit.o)
 .text.exit     0x00000000       0x30 c:/program files (x86)/cypress/psoc creator/3.0/psoc creator/import/gnu_cs/arm/4.7.3/bin/../lib/gcc/arm-none-eabi/4.7.3/../../../../arm-none-eabi/lib/armv6-m\libc_s.a(lib_a-exit.o)
 .text          0x00000000        0x0 c:/program files (x86)/cypress/psoc creator/3.0/psoc creator/import/gnu_cs/arm/4.7.3/bin/../lib/gcc/arm-none-eabi/4.7.3/../../../../arm-none-eabi/lib/armv6-m\libc_s.a(lib_a-fini.o)
 .data          0x00000000        0x0 c:/program files (x86)/cypress/psoc creator/3.0/psoc creator/import/gnu_cs/arm/4.7.3/bin/../lib/gcc/arm-none-eabi/4.7.3/../../../../arm-none-eabi/lib/armv6-m\libc_s.a(lib_a-fini.o)
 .bss           0x00000000        0x0 c:/program files (x86)/cypress/psoc creator/3.0/psoc creator/import/gnu_cs/arm/4.7.3/bin/../lib/gcc/arm-none-eabi/4.7.3/../../../../arm-none-eabi/lib/armv6-m\libc_s.a(lib_a-fini.o)
 .text.__libc_fini_array
                0x00000000       0x2c c:/program files (x86)/cypress/psoc creator/3.0/psoc creator/import/gnu_cs/arm/4.7.3/bin/../lib/gcc/arm-none-eabi/4.7.3/../../../../arm-none-eabi/lib/armv6-m\libc_s.a(lib_a-fini.o)
 .text          0x00000000        0x0 c:/program files (x86)/cypress/psoc creator/3.0/psoc creator/import/gnu_cs/arm/4.7.3/bin/../lib/gcc/arm-none-eabi/4.7.3/../../../../arm-none-eabi/lib/armv6-m\libc_s.a(lib_a-impure.o)
 .data          0x00000000        0x0 c:/program files (x86)/cypress/psoc creator/3.0/psoc creator/import/gnu_cs/arm/4.7.3/bin/../lib/gcc/arm-none-eabi/4.7.3/../../../../arm-none-eabi/lib/armv6-m\libc_s.a(lib_a-impure.o)
 .bss           0x00000000        0x0 c:/program files (x86)/cypress/psoc creator/3.0/psoc creator/import/gnu_cs/arm/4.7.3/bin/../lib/gcc/arm-none-eabi/4.7.3/../../../../arm-none-eabi/lib/armv6-m\libc_s.a(lib_a-impure.o)
 .data.impure_data
                0x00000000       0x64 c:/program files (x86)/cypress/psoc creator/3.0/psoc creator/import/gnu_cs/arm/4.7.3/bin/../lib/gcc/arm-none-eabi/4.7.3/../../../../arm-none-eabi/lib/armv6-m\libc_s.a(lib_a-impure.o)
 .data._impure_ptr
                0x00000000        0x4 c:/program files (x86)/cypress/psoc creator/3.0/psoc creator/import/gnu_cs/arm/4.7.3/bin/../lib/gcc/arm-none-eabi/4.7.3/../../../../arm-none-eabi/lib/armv6-m\libc_s.a(lib_a-impure.o)
 .rodata.str1.1
                0x00000000        0x2 c:/program files (x86)/cypress/psoc creator/3.0/psoc creator/import/gnu_cs/arm/4.7.3/bin/../lib/gcc/arm-none-eabi/4.7.3/../../../../arm-none-eabi/lib/armv6-m\libc_s.a(lib_a-impure.o)
 .rodata._global_impure_ptr
                0x00000000        0x4 c:/program files (x86)/cypress/psoc creator/3.0/psoc creator/import/gnu_cs/arm/4.7.3/bin/../lib/gcc/arm-none-eabi/4.7.3/../../../../arm-none-eabi/lib/armv6-m\libc_s.a(lib_a-impure.o)
 .text          0x00000000        0x0 c:/program files (x86)/cypress/psoc creator/3.0/psoc creator/import/gnu_cs/arm/4.7.3/bin/../lib/gcc/arm-none-eabi/4.7.3/../../../../arm-none-eabi/lib/armv6-m\libc_s.a(lib_a-init.o)
 .data          0x00000000        0x0 c:/program files (x86)/cypress/psoc creator/3.0/psoc creator/import/gnu_cs/arm/4.7.3/bin/../lib/gcc/arm-none-eabi/4.7.3/../../../../arm-none-eabi/lib/armv6-m\libc_s.a(lib_a-init.o)
 .bss           0x00000000        0x0 c:/program files (x86)/cypress/psoc creator/3.0/psoc creator/import/gnu_cs/arm/4.7.3/bin/../lib/gcc/arm-none-eabi/4.7.3/../../../../arm-none-eabi/lib/armv6-m\libc_s.a(lib_a-init.o)
 .text          0x00000000        0x0 c:/program files (x86)/cypress/psoc creator/3.0/psoc creator/import/gnu_cs/arm/4.7.3/bin/../lib/gcc/arm-none-eabi/4.7.3/../../../../arm-none-eabi/lib/armv6-m\libc_s.a(lib_a-memset.o)
 .data          0x00000000        0x0 c:/program files (x86)/cypress/psoc creator/3.0/psoc creator/import/gnu_cs/arm/4.7.3/bin/../lib/gcc/arm-none-eabi/4.7.3/../../../../arm-none-eabi/lib/armv6-m\libc_s.a(lib_a-memset.o)
 .bss           0x00000000        0x0 c:/program files (x86)/cypress/psoc creator/3.0/psoc creator/import/gnu_cs/arm/4.7.3/bin/../lib/gcc/arm-none-eabi/4.7.3/../../../../arm-none-eabi/lib/armv6-m\libc_s.a(lib_a-memset.o)
 .text          0x00000000        0x0 c:/program files (x86)/cypress/psoc creator/3.0/psoc creator/import/gnu_cs/arm/4.7.3/bin/../lib/gcc/arm-none-eabi/4.7.3/armv6-m/crtend.o
 .data          0x00000000        0x0 c:/program files (x86)/cypress/psoc creator/3.0/psoc creator/import/gnu_cs/arm/4.7.3/bin/../lib/gcc/arm-none-eabi/4.7.3/armv6-m/crtend.o
 .bss           0x00000000        0x0 c:/program files (x86)/cypress/psoc creator/3.0/psoc creator/import/gnu_cs/arm/4.7.3/bin/../lib/gcc/arm-none-eabi/4.7.3/armv6-m/crtend.o
 .text          0x00000000        0x0 c:/program files (x86)/cypress/psoc creator/3.0/psoc creator/import/gnu_cs/arm/4.7.3/bin/../lib/gcc/arm-none-eabi/4.7.3/armv6-m/crtn.o
 .data          0x00000000        0x0 c:/program files (x86)/cypress/psoc creator/3.0/psoc creator/import/gnu_cs/arm/4.7.3/bin/../lib/gcc/arm-none-eabi/4.7.3/armv6-m/crtn.o
 .bss           0x00000000        0x0 c:/program files (x86)/cypress/psoc creator/3.0/psoc creator/import/gnu_cs/arm/4.7.3/bin/../lib/gcc/arm-none-eabi/4.7.3/armv6-m/crtn.o

Memory Configuration

Name             Origin             Length             Attributes
rom              0x00000000         0x00008000         xr
ram              0x20000000         0x00001000         xrw
*default*        0x00000000         0xffffffff

Linker script and memory map

LOAD c:/program files (x86)/cypress/psoc creator/3.0/psoc creator/import/gnu_cs/arm/4.7.3/bin/../lib/gcc/arm-none-eabi/4.7.3/armv6-m/crti.o
LOAD c:/program files (x86)/cypress/psoc creator/3.0/psoc creator/import/gnu_cs/arm/4.7.3/bin/../lib/gcc/arm-none-eabi/4.7.3/armv6-m/crtbegin.o
LOAD c:/program files (x86)/cypress/psoc creator/3.0/psoc creator/import/gnu_cs/arm/4.7.3/bin/../lib/gcc/arm-none-eabi/4.7.3/../../../../arm-none-eabi/lib/armv6-m/crt0.o
START GROUP
LOAD .\CortexM0\ARM_GCC_473\Debug\main.o
LOAD .\CortexM0\ARM_GCC_473\Debug\LED_Matrix.o
LOAD .\CortexM0\ARM_GCC_473\Debug\I2CDriver.o
LOAD .\CortexM0\ARM_GCC_473\Debug\cymetadata.o
LOAD .\CortexM0\ARM_GCC_473\Debug\Cm0Start.o
LOAD .\CortexM0\ARM_GCC_473\Debug\RGB_LED_Matrix.a
LOAD C:\Program Files (x86)\Cypress\PSoC Creator\3.0\PSoC Creator\psoc\content\cycomponentlibrary\CyComponentLibrary.cylib\CortexM0\ARM_GCC_473\Debug\CyComponentLibrary.a
END GROUP
START GROUP
LOAD c:/program files (x86)/cypress/psoc creator/3.0/psoc creator/import/gnu_cs/arm/4.7.3/bin/../lib/gcc/arm-none-eabi/4.7.3/armv6-m\libgcc.a
LOAD c:/program files (x86)/cypress/psoc creator/3.0/psoc creator/import/gnu_cs/arm/4.7.3/bin/../lib/gcc/arm-none-eabi/4.7.3/../../../../arm-none-eabi/lib/armv6-m\libc_s.a
END GROUP
LOAD c:/program files (x86)/cypress/psoc creator/3.0/psoc creator/import/gnu_cs/arm/4.7.3/bin/../lib/gcc/arm-none-eabi/4.7.3/armv6-m/crtend.o
LOAD c:/program files (x86)/cypress/psoc creator/3.0/psoc creator/import/gnu_cs/arm/4.7.3/bin/../lib/gcc/arm-none-eabi/4.7.3/armv6-m/crtn.o
START GROUP
LOAD c:/program files (x86)/cypress/psoc creator/3.0/psoc creator/import/gnu_cs/arm/4.7.3/bin/../lib/gcc/arm-none-eabi/4.7.3/armv6-m\libgcc.a
LOAD c:/program files (x86)/cypress/psoc creator/3.0/psoc creator/import/gnu_cs/arm/4.7.3/bin/../lib/gcc/arm-none-eabi/4.7.3/../../../../arm-none-eabi/lib/armv6-m\libc.a
LOAD c:/program files (x86)/cypress/psoc creator/3.0/psoc creator/import/gnu_cs/arm/4.7.3/bin/../lib/gcc/arm-none-eabi/4.7.3/../../../../arm-none-eabi/lib/armv6-m\libnosys.a
END GROUP
                0x00000000                CY_APPL_ORIGIN = 0x0
                0x00000080                CY_FLASH_ROW_SIZE = 0x80
                0x00000001                CY_APPL_NUM = 0x1
                0x00000040                CY_METADATA_SIZE = 0x40
                0x200004f8                PROVIDE (__cy_heap_start, _end)
                0x00000001                PROVIDE (__cy_region_num, ((__cy_regions_end - __cy_regions) / 0x10))
                0x20001000                PROVIDE (__cy_stack, (ORIGIN (ram) + 0x1000))
                0x20000c00                PROVIDE (__cy_heap_end, (__cy_stack - 0x400))

.cybootloader   0x00000000        0x0
 *(.cybootloader)
                0x00000000                appl1_start = CY_APPL_ORIGIN?CY_APPL_ORIGIN:ALIGN (CY_FLASH_ROW_SIZE)
                0x00003f80                appl2_start = (appl1_start + ALIGN ((((0x8000 - appl1_start) - (0x2 * CY_FLASH_ROW_SIZE)) / 0x2), CY_FLASH_ROW_SIZE))
                0x00000000                appl_start = (CY_APPL_NUM == 0x1)?appl1_start:appl2_start

.text           0x00000000      0xc52
 CREATE_OBJECT_SYMBOLS
                0x00000000                PROVIDE (__cy_interrupt_vector, RomVectors)
 *(.romvectors)
 .romvectors    0x00000000       0x10 .\CortexM0\ARM_GCC_473\Debug\Cm0Start.o
                0x00000000                RomVectors
                0x00000001                ASSERT ((. != __cy_interrupt_vector), No interrupt vector)
                0x00000001                ASSERT (CY_APPL_ORIGIN?(SIZEOF (.cybootloader) <= CY_APPL_ORIGIN):0x1, Wrong image location)
                0x00000010                PROVIDE (__cy_reset, Reset)
 *(.text.Reset)
 .text.Reset    0x00000010        0x8 .\CortexM0\ARM_GCC_473\Debug\Cm0Start.o
                0x00000010                Reset
                0x00000001                ASSERT ((. != __cy_reset), No reset code)
 *(.psocinit)
 .psocinit      0x00000018      0x2d4 .\CortexM0\ARM_GCC_473\Debug\RGB_LED_Matrix.a(cyfitter_cfg.o)
                0x00000018                cyfitter_cfg
                0x000002ec                . = MAX (., 0x100)
 *(.text .text.* .gnu.linkonce.t.*)
 .text          0x000002ec       0x60 c:/program files (x86)/cypress/psoc creator/3.0/psoc creator/import/gnu_cs/arm/4.7.3/bin/../lib/gcc/arm-none-eabi/4.7.3/armv6-m/crtbegin.o
 .text.FIFO_EMPTY
                0x0000034c      0x218 .\CortexM0\ARM_GCC_473\Debug\main.o
                0x0000034c                FIFO_EMPTY
 .text.startup.main
                0x00000564       0xb8 .\CortexM0\ARM_GCC_473\Debug\main.o
                0x00000564                main
 .text.clearPixel
                0x0000061c       0x78 .\CortexM0\ARM_GCC_473\Debug\LED_Matrix.o
                0x0000061c                clearPixel
 .text.drawPixel
                0x00000694       0xf8 .\CortexM0\ARM_GCC_473\Debug\LED_Matrix.o
                0x00000694                drawPixel
 .text.clearScreen
                0x0000078c       0x50 .\CortexM0\ARM_GCC_473\Debug\LED_Matrix.o
                0x0000078c                clearScreen
 .text.drawLine
                0x000007dc      0x200 .\CortexM0\ARM_GCC_473\Debug\LED_Matrix.o
                0x000007dc                drawLine
 .text.drawFastVLine
                0x000009dc       0x24 .\CortexM0\ARM_GCC_473\Debug\LED_Matrix.o
                0x000009dc                drawFastVLine
 .text.drawblock
                0x00000a00       0x64 .\CortexM0\ARM_GCC_473\Debug\LED_Matrix.o
                0x00000a00                drawblock
 .text.IntDefaultHandler
                0x00000a64        0x4 .\CortexM0\ARM_GCC_473\Debug\Cm0Start.o
                0x00000a64                IntDefaultHandler
 .text.Start_c  0x00000a68       0xb4 .\CortexM0\ARM_GCC_473\Debug\Cm0Start.o
                0x00000a68                Start_c
 .text.startup.initialize_psoc
                0x00000b1c       0x50 .\CortexM0\ARM_GCC_473\Debug\Cm0Start.o
                0x00000b1c                initialize_psoc
 .text.isr_2_SetPriority
                0x00000b6c       0x20 .\CortexM0\ARM_GCC_473\Debug\RGB_LED_Matrix.a(isr_2.o)
                0x00000b6c                isr_2_SetPriority
 .text.isr_2_StartEx
                0x00000b8c       0x24 .\CortexM0\ARM_GCC_473\Debug\RGB_LED_Matrix.a(isr_2.o)
                0x00000b8c                isr_2_StartEx
 .text.LED_Matrix_1_Start
                0x00000bb0        0xc .\CortexM0\ARM_GCC_473\Debug\RGB_LED_Matrix.a(LED_Matrix_1.o)
                0x00000bb0                LED_Matrix_1_Start
 *fill*         0x00000bbc        0x4 00
 .text          0x00000bc0       0x20 .\CortexM0\ARM_GCC_473\Debug\RGB_LED_Matrix.a(CyBootAsmGnu.o)
                0x00000bc0                CyDelayCycles
                0x00000bd2                CyEnterCriticalSection
                0x00000bda                CyExitCriticalSection
 .text.CyDelayUs
                0x00000be0       0x14 .\CortexM0\ARM_GCC_473\Debug\RGB_LED_Matrix.a(CyLib.o)
                0x00000be0                CyDelayUs
 .text.__libc_init_array
                0x00000bf4       0x4c c:/program files (x86)/cypress/psoc creator/3.0/psoc creator/import/gnu_cs/arm/4.7.3/bin/../lib/gcc/arm-none-eabi/4.7.3/../../../../arm-none-eabi/lib/armv6-m\libc_s.a(lib_a-init.o)
                0x00000bf4                __libc_init_array
 .text.memset   0x00000c40       0x12 c:/program files (x86)/cypress/psoc creator/3.0/psoc creator/import/gnu_cs/arm/4.7.3/bin/../lib/gcc/arm-none-eabi/4.7.3/../../../../arm-none-eabi/lib/armv6-m\libc_s.a(lib_a-memset.o)
                0x00000c40                memset
 *(.plt)
 *(.gnu.warning)
 *(.glue_7t)
 .glue_7t       0x00000000        0x0 linker stubs
 *(.glue_7)
 .glue_7        0x00000000        0x0 linker stubs
 *(.vfp11_veneer)
 .vfp11_veneer  0x00000000        0x0 linker stubs
 *(.bootloader)
 *(.ARM.extab* .gnu.linkonce.armextab.*)
 *(.gcc_except_table)

.v4_bx          0x00000c54        0x0
 .v4_bx         0x00000000        0x0 linker stubs

.iplt           0x00000c54        0x0
 .iplt          0x00000000        0x0 c:/program files (x86)/cypress/psoc creator/3.0/psoc creator/import/gnu_cs/arm/4.7.3/bin/../lib/gcc/arm-none-eabi/4.7.3/armv6-m/crtbegin.o

.eh_frame_hdr
 *(.eh_frame_hdr)

.eh_frame       0x00000c54        0x4
 *(.eh_frame)
 .eh_frame      0x00000c54        0x0 c:/program files (x86)/cypress/psoc creator/3.0/psoc creator/import/gnu_cs/arm/4.7.3/bin/../lib/gcc/arm-none-eabi/4.7.3/armv6-m/crtbegin.o
 .eh_frame      0x00000c54        0x4 c:/program files (x86)/cypress/psoc creator/3.0/psoc creator/import/gnu_cs/arm/4.7.3/bin/../lib/gcc/arm-none-eabi/4.7.3/armv6-m/crtend.o
                0x00000c58                PROVIDE (__exidx_start, .)

.ARM.exidx
 *(.ARM.exidx* .gnu.linkonce.armexidx.*)
                0x00000c58                __exidx_end = .

.rodata         0x00000c58      0x2b0
 *(.rodata .rodata.* .gnu.linkonce.r.*)
 .rodata        0x00000c58      0x27c .\CortexM0\ARM_GCC_473\Debug\RGB_LED_Matrix.a(cyfitter_cfg.o)
                0x00000ed4                . = ALIGN (0x4)
 *(.init)
 .init          0x00000ed4        0x4 c:/program files (x86)/cypress/psoc creator/3.0/psoc creator/import/gnu_cs/arm/4.7.3/bin/../lib/gcc/arm-none-eabi/4.7.3/armv6-m/crti.o
                0x00000ed4                _init
 .init          0x00000ed8        0x8 c:/program files (x86)/cypress/psoc creator/3.0/psoc creator/import/gnu_cs/arm/4.7.3/bin/../lib/gcc/arm-none-eabi/4.7.3/armv6-m/crtn.o
                0x00000ee0                . = ALIGN (0x4)
                0x00000ee0                __preinit_array_start = .
 *(.preinit_array)
                0x00000ee0                __preinit_array_end = .
                0x00000ee0                . = ALIGN (0x4)
                0x00000ee0                __init_array_start = .
 *(SORT(.init_array.*))
 *(.init_array)
 .init_array    0x00000ee0        0x4 c:/program files (x86)/cypress/psoc creator/3.0/psoc creator/import/gnu_cs/arm/4.7.3/bin/../lib/gcc/arm-none-eabi/4.7.3/armv6-m/crtbegin.o
 .init_array    0x00000ee4        0x4 .\CortexM0\ARM_GCC_473\Debug\Cm0Start.o
                0x00000ee8                __init_array_end = .
                0x00000ee8                . = ALIGN (0x4)
 *(.fini)
 .fini          0x00000ee8        0x4 c:/program files (x86)/cypress/psoc creator/3.0/psoc creator/import/gnu_cs/arm/4.7.3/bin/../lib/gcc/arm-none-eabi/4.7.3/armv6-m/crti.o
                0x00000ee8                _fini
 .fini          0x00000eec        0x8 c:/program files (x86)/cypress/psoc creator/3.0/psoc creator/import/gnu_cs/arm/4.7.3/bin/../lib/gcc/arm-none-eabi/4.7.3/armv6-m/crtn.o
                0x00000ef4                . = ALIGN (0x4)
                0x00000ef4                __fini_array_start = .
 *(.fini_array)
 .fini_array    0x00000ef4        0x4 c:/program files (x86)/cypress/psoc creator/3.0/psoc creator/import/gnu_cs/arm/4.7.3/bin/../lib/gcc/arm-none-eabi/4.7.3/armv6-m/crtbegin.o
 *(SORT(.fini_array.*))
                0x00000ef8                __fini_array_end = .
                0x00000ef8                . = ALIGN (0x4)
 *crtbegin.o(.ctors)
 *(EXCLUDE_FILE(*crtend.o) .ctors)
 *(SORT(.ctors.*))
 *crtend.o(.ctors)
                0x00000ef8                . = ALIGN (0x4)
 *crtbegin.o(.dtors)
 *(EXCLUDE_FILE(*crtend.o) .dtors)
 *(SORT(.dtors.*))
 *crtend.o(.dtors)
                0x00000ef8                . = ALIGN (0x4)
                0x00000ef8                __cy_regions = .
                0x00000ef8        0x4 LONG 0xf08 __cy_region_init_ram
                0x00000efc        0x4 LONG 0x200000c8 __cy_region_start_data
                0x00000f00        0x4 LONG 0x20 __cy_region_init_size_ram
                0x00000f04        0x4 LONG 0x410 __cy_region_zero_size_ram
                0x00000f08                __cy_regions_end = .
                0x00000f08                . = ALIGN (0x8)
                0x00000f08                _etext = .

.ramvectors     0x20000000       0xc0
                0x20000000                __cy_region_start_ram = .
 *(.ramvectors)
 .ramvectors    0x20000000       0xc0 .\CortexM0\ARM_GCC_473\Debug\Cm0Start.o
                0x20000000                CyRamVectors

.noinit         0x200000c0        0x4
 *(.noinit)
 .noinit        0x200000c0        0x4 .\CortexM0\ARM_GCC_473\Debug\Cm0Start.o

.data           0x200000c8       0x20 load address 0x00000f08
                0x200000c8                __cy_region_start_data = .
 *(.jcr)
 .jcr           0x200000c8        0x0 c:/program files (x86)/cypress/psoc creator/3.0/psoc creator/import/gnu_cs/arm/4.7.3/bin/../lib/gcc/arm-none-eabi/4.7.3/armv6-m/crtbegin.o
 .jcr           0x200000c8        0x4 c:/program files (x86)/cypress/psoc creator/3.0/psoc creator/import/gnu_cs/arm/4.7.3/bin/../lib/gcc/arm-none-eabi/4.7.3/armv6-m/crtend.o
 *(.got.plt)
 *(.got)
 *(.shdata)
 *(.data .data.* .gnu.linkonce.d.*)
 .data          0x200000cc        0x8 .\CortexM0\ARM_GCC_473\Debug\main.o
                0x200000cc                height
 .data          0x200000d4       0x10 .\CortexM0\ARM_GCC_473\Debug\RGB_LED_Matrix.a(CyLib.o)
                0x200000d4                cydelay32kMs
                0x200000d8                cydelayFreqKhz
                0x200000dc                cydelayFreqMhz
                0x200000e0                cydelayFreqHz
                0x200000e8                . = ALIGN (0x8)
 *fill*         0x200000e4        0x4 00
 *(.ram)
                0x200000e8                _edata = .

.igot.plt       0x200000e8        0x0 load address 0x00000f28
 .igot.plt      0x00000000        0x0 c:/program files (x86)/cypress/psoc creator/3.0/psoc creator/import/gnu_cs/arm/4.7.3/bin/../lib/gcc/arm-none-eabi/4.7.3/armv6-m/crtbegin.o

.bss            0x200000e8      0x410 load address 0x00000f28
                0x200000e8                PROVIDE (__bss_start__, .)
 *(.shbss)
 *(.bss .bss.* .gnu.linkonce.b.*)
 .bss           0x200000e8       0x1c c:/program files (x86)/cypress/psoc creator/3.0/psoc creator/import/gnu_cs/arm/4.7.3/bin/../lib/gcc/arm-none-eabi/4.7.3/armv6-m/crtbegin.o
 .bss           0x20000104       0x30 .\CortexM0\ARM_GCC_473\Debug\main.o
                0x20000104                pwm_count
                0x20000105                j
                0x20000108                PB
                0x2000010c                result
                0x2000011c                w
                0x20000120                dataReady
                0x20000124                oldResult
 *(COMMON)
 COMMON         0x20000134      0x3c1 .\CortexM0\ARM_GCC_473\Debug\main.o
                0x20000134                matrix
                0x200004f4                bit_shift
                0x200004f8                . = ALIGN (0x8)
 *fill*         0x200004f5        0x3 00
 *(.ram.b)
                0x200004f8                _end = .
                0x200004f8                __end = .
                0x200004f8                PROVIDE (end, .)
                0x200004f8                PROVIDE (__bss_end__, .)
                0x00000f08                __cy_region_init_ram = LOADADDR (.data)
                0x00000020                __cy_region_init_size_ram = (_edata - ADDR (.data))
                0x00000410                __cy_region_zero_size_ram = (_end - _edata)

.heap           0x200004f8      0x100 load address 0x00000f28
                0x200004f8                . = _end
                0x200005f8                . = (. + 0x100)
 *fill*         0x200004f8      0x100 00
                0x200005f8                __cy_heap_limit = .

.stack          0x20000c00      0x400
                0x20000c00                __cy_stack_limit = .
                0x20001000                . = (. + 0x400)
 *fill*         0x20000c00      0x400 00
                0x00000001                ASSERT ((__cy_stack_limit >= __cy_heap_limit), region RAM overflowed with stack)

.cyloadermeta
 *(.cyloadermeta)

.cyloadablemeta
 *(.cyloadablemeta)

.cyflashprotect
                0x90400000       0x20
 *(.cyflashprotect)
 .cyflashprotect
                0x90400000       0x20 .\CortexM0\ARM_GCC_473\Debug\cymetadata.o
                0x90400000                cy_meta_flashprotect

.cymeta         0x90500000        0xc
 *(.cymeta)
 .cymeta        0x90500000        0xc .\CortexM0\ARM_GCC_473\Debug\cymetadata.o
                0x90500000                cy_metadata

.cychipprotect  0x90600000        0x4
 *(.cychipprotect)
 .cychipprotect
                0x90600000        0x4 .\CortexM0\ARM_GCC_473\Debug\cymetadata.o
                0x90600000                cy_meta_chipprotect

.rel.dyn        0x00000f28        0x0 load address 0x90600004
 .rel.iplt      0x00000000        0x0 c:/program files (x86)/cypress/psoc creator/3.0/psoc creator/import/gnu_cs/arm/4.7.3/bin/../lib/gcc/arm-none-eabi/4.7.3/armv6-m/crtbegin.o

.stab
 *(.stab)

.stabstr
 *(.stabstr)

.debug
 *(.debug)

.line
 *(.line)

.debug_srcinfo
 *(.debug_srcinfo)

.debug_sfnames
 *(.debug_sfnames)

.debug_aranges  0x00000000      0x650
 *(.debug_aranges)
 .debug_aranges
                0x00000000       0x38 .\CortexM0\ARM_GCC_473\Debug\main.o
 .debug_aranges
                0x00000038      0x120 .\CortexM0\ARM_GCC_473\Debug\LED_Matrix.o
 .debug_aranges
                0x00000158       0x50 .\CortexM0\ARM_GCC_473\Debug\I2CDriver.o
 .debug_aranges
                0x000001a8       0x18 .\CortexM0\ARM_GCC_473\Debug\cymetadata.o
 .debug_aranges
                0x000001c0       0x40 .\CortexM0\ARM_GCC_473\Debug\Cm0Start.o
 .debug_aranges
                0x00000200       0x28 .\CortexM0\ARM_GCC_473\Debug\RGB_LED_Matrix.a(cyfitter_cfg.o)
 .debug_aranges
                0x00000228       0x80 .\CortexM0\ARM_GCC_473\Debug\RGB_LED_Matrix.a(isr_2.o)
 .debug_aranges
                0x000002a8       0x20 .\CortexM0\ARM_GCC_473\Debug\RGB_LED_Matrix.a(LED_Matrix_1.o)
 .debug_aranges
                0x000002c8       0x20 .\CortexM0\ARM_GCC_473\Debug\RGB_LED_Matrix.a(CyBootAsmGnu.o)
 .debug_aranges
                0x000002e8      0x198 .\CortexM0\ARM_GCC_473\Debug\RGB_LED_Matrix.a(CyLib.o)
 .debug_aranges
                0x00000480       0x88 .\CortexM0\ARM_GCC_473\Debug\RGB_LED_Matrix.a(RTC_I2C_MASTER.o)
 .debug_aranges
                0x00000508       0x80 .\CortexM0\ARM_GCC_473\Debug\RGB_LED_Matrix.a(RTC_SCB_IRQ.o)
 .debug_aranges
                0x00000588       0x40 .\CortexM0\ARM_GCC_473\Debug\RGB_LED_Matrix.a(RTC_scl.o)
 .debug_aranges
                0x000005c8       0x28 .\CortexM0\ARM_GCC_473\Debug\RGB_LED_Matrix.a(RTC_I2C.o)
 .debug_aranges
                0x000005f0       0x20 .\CortexM0\ARM_GCC_473\Debug\RGB_LED_Matrix.a(RTC_I2C_INT.o)
 .debug_aranges
                0x00000610       0x40 .\CortexM0\ARM_GCC_473\Debug\RGB_LED_Matrix.a(RTC.o)

.debug_pubnames
 *(.debug_pubnames)

.debug_info     0x00000000     0x5a8c
 *(.debug_info .gnu.linkonce.wi.*)
 .debug_info    0x00000000      0x387 .\CortexM0\ARM_GCC_473\Debug\main.o
 .debug_info    0x00000387     0x22a1 .\CortexM0\ARM_GCC_473\Debug\LED_Matrix.o
 .debug_info    0x00002628      0x5cc .\CortexM0\ARM_GCC_473\Debug\I2CDriver.o
 .debug_info    0x00002bf4      0x100 .\CortexM0\ARM_GCC_473\Debug\cymetadata.o
 .debug_info    0x00002cf4      0x310 .\CortexM0\ARM_GCC_473\Debug\Cm0Start.o
 .debug_info    0x00003004      0x547 .\CortexM0\ARM_GCC_473\Debug\RGB_LED_Matrix.a(cyfitter_cfg.o)
 .debug_info    0x0000354b      0x38e .\CortexM0\ARM_GCC_473\Debug\RGB_LED_Matrix.a(isr_2.o)
 .debug_info    0x000038d9       0xdb .\CortexM0\ARM_GCC_473\Debug\RGB_LED_Matrix.a(LED_Matrix_1.o)
 .debug_info    0x000039b4       0x8b .\CortexM0\ARM_GCC_473\Debug\RGB_LED_Matrix.a(CyBootAsmGnu.o)
 .debug_info    0x00003a3f      0xf03 .\CortexM0\ARM_GCC_473\Debug\RGB_LED_Matrix.a(CyLib.o)
 .debug_info    0x00004942      0x69c .\CortexM0\ARM_GCC_473\Debug\RGB_LED_Matrix.a(RTC_I2C_MASTER.o)
 .debug_info    0x00004fde      0x38e .\CortexM0\ARM_GCC_473\Debug\RGB_LED_Matrix.a(RTC_SCB_IRQ.o)
 .debug_info    0x0000536c      0x165 .\CortexM0\ARM_GCC_473\Debug\RGB_LED_Matrix.a(RTC_scl.o)
 .debug_info    0x000054d1      0x193 .\CortexM0\ARM_GCC_473\Debug\RGB_LED_Matrix.a(RTC_I2C.o)
 .debug_info    0x00005664      0x1e8 .\CortexM0\ARM_GCC_473\Debug\RGB_LED_Matrix.a(RTC_I2C_INT.o)
 .debug_info    0x0000584c      0x240 .\CortexM0\ARM_GCC_473\Debug\RGB_LED_Matrix.a(RTC.o)

.debug_abbrev   0x00000000     0x17f5
 *(.debug_abbrev)
 .debug_abbrev  0x00000000      0x17a .\CortexM0\ARM_GCC_473\Debug\main.o
 .debug_abbrev  0x0000017a      0x1b0 .\CortexM0\ARM_GCC_473\Debug\LED_Matrix.o
 .debug_abbrev  0x0000032a      0x220 .\CortexM0\ARM_GCC_473\Debug\I2CDriver.o
 .debug_abbrev  0x0000054a       0x5d .\CortexM0\ARM_GCC_473\Debug\cymetadata.o
 .debug_abbrev  0x000005a7      0x199 .\CortexM0\ARM_GCC_473\Debug\Cm0Start.o
 .debug_abbrev  0x00000740      0x27f .\CortexM0\ARM_GCC_473\Debug\RGB_LED_Matrix.a(cyfitter_cfg.o)
 .debug_abbrev  0x000009bf      0x249 .\CortexM0\ARM_GCC_473\Debug\RGB_LED_Matrix.a(isr_2.o)
 .debug_abbrev  0x00000c08       0x8d .\CortexM0\ARM_GCC_473\Debug\RGB_LED_Matrix.a(LED_Matrix_1.o)
 .debug_abbrev  0x00000c95       0x14 .\CortexM0\ARM_GCC_473\Debug\RGB_LED_Matrix.a(CyBootAsmGnu.o)
 .debug_abbrev  0x00000ca9      0x361 .\CortexM0\ARM_GCC_473\Debug\RGB_LED_Matrix.a(CyLib.o)
 .debug_abbrev  0x0000100a      0x1ec .\CortexM0\ARM_GCC_473\Debug\RGB_LED_Matrix.a(RTC_I2C_MASTER.o)
 .debug_abbrev  0x000011f6      0x249 .\CortexM0\ARM_GCC_473\Debug\RGB_LED_Matrix.a(RTC_SCB_IRQ.o)
 .debug_abbrev  0x0000143f       0xbb .\CortexM0\ARM_GCC_473\Debug\RGB_LED_Matrix.a(RTC_scl.o)
 .debug_abbrev  0x000014fa      0x10f .\CortexM0\ARM_GCC_473\Debug\RGB_LED_Matrix.a(RTC_I2C.o)
 .debug_abbrev  0x00001609       0xcd .\CortexM0\ARM_GCC_473\Debug\RGB_LED_Matrix.a(RTC_I2C_INT.o)
 .debug_abbrev  0x000016d6      0x11f .\CortexM0\ARM_GCC_473\Debug\RGB_LED_Matrix.a(RTC.o)

.debug_line     0x00000000     0x1ffe
 *(.debug_line)
 .debug_line    0x00000000      0x1d2 .\CortexM0\ARM_GCC_473\Debug\main.o
 .debug_line    0x000001d2      0x6fb .\CortexM0\ARM_GCC_473\Debug\LED_Matrix.o
 .debug_line    0x000008cd      0x152 .\CortexM0\ARM_GCC_473\Debug\I2CDriver.o
 .debug_line    0x00000a1f       0x53 .\CortexM0\ARM_GCC_473\Debug\cymetadata.o
 .debug_line    0x00000a72      0x1b9 .\CortexM0\ARM_GCC_473\Debug\Cm0Start.o
 .debug_line    0x00000c2b      0x236 .\CortexM0\ARM_GCC_473\Debug\RGB_LED_Matrix.a(cyfitter_cfg.o)
 .debug_line    0x00000e61      0x1a9 .\CortexM0\ARM_GCC_473\Debug\RGB_LED_Matrix.a(isr_2.o)
 .debug_line    0x0000100a       0x73 .\CortexM0\ARM_GCC_473\Debug\RGB_LED_Matrix.a(LED_Matrix_1.o)
 .debug_line    0x0000107d       0x68 .\CortexM0\ARM_GCC_473\Debug\RGB_LED_Matrix.a(CyBootAsmGnu.o)
 .debug_line    0x000010e5      0x5d1 .\CortexM0\ARM_GCC_473\Debug\RGB_LED_Matrix.a(CyLib.o)
 .debug_line    0x000016b6      0x356 .\CortexM0\ARM_GCC_473\Debug\RGB_LED_Matrix.a(RTC_I2C_MASTER.o)
 .debug_line    0x00001a0c      0x1ad .\CortexM0\ARM_GCC_473\Debug\RGB_LED_Matrix.a(RTC_SCB_IRQ.o)
 .debug_line    0x00001bb9       0xb6 .\CortexM0\ARM_GCC_473\Debug\RGB_LED_Matrix.a(RTC_scl.o)
 .debug_line    0x00001c6f       0xc7 .\CortexM0\ARM_GCC_473\Debug\RGB_LED_Matrix.a(RTC_I2C.o)
 .debug_line    0x00001d36      0x1db .\CortexM0\ARM_GCC_473\Debug\RGB_LED_Matrix.a(RTC_I2C_INT.o)
 .debug_line    0x00001f11       0xed .\CortexM0\ARM_GCC_473\Debug\RGB_LED_Matrix.a(RTC.o)

.debug_frame    0x00000000     0x1288
 *(.debug_frame)
 .debug_frame   0x00000000       0xac .\CortexM0\ARM_GCC_473\Debug\main.o
 .debug_frame   0x000000ac      0x584 .\CortexM0\ARM_GCC_473\Debug\LED_Matrix.o
 .debug_frame   0x00000630       0xd8 .\CortexM0\ARM_GCC_473\Debug\I2CDriver.o
 .debug_frame   0x00000708       0xa8 .\CortexM0\ARM_GCC_473\Debug\Cm0Start.o
 .debug_frame   0x000007b0       0x58 .\CortexM0\ARM_GCC_473\Debug\RGB_LED_Matrix.a(cyfitter_cfg.o)
 .debug_frame   0x00000808      0x104 .\CortexM0\ARM_GCC_473\Debug\RGB_LED_Matrix.a(isr_2.o)
 .debug_frame   0x0000090c       0x2c .\CortexM0\ARM_GCC_473\Debug\RGB_LED_Matrix.a(LED_Matrix_1.o)
 .debug_frame   0x00000938      0x444 .\CortexM0\ARM_GCC_473\Debug\RGB_LED_Matrix.a(CyLib.o)
 .debug_frame   0x00000d7c      0x1a8 .\CortexM0\ARM_GCC_473\Debug\RGB_LED_Matrix.a(RTC_I2C_MASTER.o)
 .debug_frame   0x00000f24      0x108 .\CortexM0\ARM_GCC_473\Debug\RGB_LED_Matrix.a(RTC_SCB_IRQ.o)
 .debug_frame   0x0000102c       0x60 .\CortexM0\ARM_GCC_473\Debug\RGB_LED_Matrix.a(RTC_scl.o)
 .debug_frame   0x0000108c       0x3c .\CortexM0\ARM_GCC_473\Debug\RGB_LED_Matrix.a(RTC_I2C.o)
 .debug_frame   0x000010c8       0x40 .\CortexM0\ARM_GCC_473\Debug\RGB_LED_Matrix.a(RTC_I2C_INT.o)
 .debug_frame   0x00001108       0x90 .\CortexM0\ARM_GCC_473\Debug\RGB_LED_Matrix.a(RTC.o)
 .debug_frame   0x00001198       0x20 c:/program files (x86)/cypress/psoc creator/3.0/psoc creator/import/gnu_cs/arm/4.7.3/bin/../lib/gcc/arm-none-eabi/4.7.3/armv6-m\libgcc.a(_udivsi3.o)
 .debug_frame   0x000011b8       0x28 c:/program files (x86)/cypress/psoc creator/3.0/psoc creator/import/gnu_cs/arm/4.7.3/bin/../lib/gcc/arm-none-eabi/4.7.3/../../../../arm-none-eabi/lib/armv6-m\libc_s.a(lib_a-__atexit2.o)
 .debug_frame   0x000011e0       0x28 c:/program files (x86)/cypress/psoc creator/3.0/psoc creator/import/gnu_cs/arm/4.7.3/bin/../lib/gcc/arm-none-eabi/4.7.3/../../../../arm-none-eabi/lib/armv6-m\libc_s.a(lib_a-exit.o)
 .debug_frame   0x00001208       0x2c c:/program files (x86)/cypress/psoc creator/3.0/psoc creator/import/gnu_cs/arm/4.7.3/bin/../lib/gcc/arm-none-eabi/4.7.3/../../../../arm-none-eabi/lib/armv6-m\libc_s.a(lib_a-fini.o)
 .debug_frame   0x00001234       0x2c c:/program files (x86)/cypress/psoc creator/3.0/psoc creator/import/gnu_cs/arm/4.7.3/bin/../lib/gcc/arm-none-eabi/4.7.3/../../../../arm-none-eabi/lib/armv6-m\libc_s.a(lib_a-init.o)
 .debug_frame   0x00001260       0x28 c:/program files (x86)/cypress/psoc creator/3.0/psoc creator/import/gnu_cs/arm/4.7.3/bin/../lib/gcc/arm-none-eabi/4.7.3/../../../../arm-none-eabi/lib/armv6-m\libc_s.a(lib_a-memset.o)

.debug_str      0x00000000     0x12bd
 *(.debug_str)
 .debug_str     0x00000000      0x1c5 .\CortexM0\ARM_GCC_473\Debug\main.o
                                0x209 (size before relaxing)
 .debug_str     0x000001c5      0x19f .\CortexM0\ARM_GCC_473\Debug\LED_Matrix.o
                                0x2f7 (size before relaxing)
 .debug_str     0x00000364      0x135 .\CortexM0\ARM_GCC_473\Debug\I2CDriver.o
                                0x265 (size before relaxing)
 .debug_str     0x00000499       0x5b .\CortexM0\ARM_GCC_473\Debug\cymetadata.o
                                0x184 (size before relaxing)
 .debug_str     0x000004f4      0x116 .\CortexM0\ARM_GCC_473\Debug\Cm0Start.o
                                0x271 (size before relaxing)
 .debug_str     0x0000060a      0x19e .\CortexM0\ARM_GCC_473\Debug\RGB_LED_Matrix.a(cyfitter_cfg.o)
                                0x323 (size before relaxing)
 .debug_str     0x000007a8      0x12e .\CortexM0\ARM_GCC_473\Debug\RGB_LED_Matrix.a(isr_2.o)
                                0x294 (size before relaxing)
 .debug_str     0x000008d6       0x28 .\CortexM0\ARM_GCC_473\Debug\RGB_LED_Matrix.a(LED_Matrix_1.o)
                                0x189 (size before relaxing)
 .debug_str     0x000008fe      0x4c0 .\CortexM0\ARM_GCC_473\Debug\RGB_LED_Matrix.a(CyLib.o)
                                0x680 (size before relaxing)
 .debug_str     0x00000dbe      0x236 .\CortexM0\ARM_GCC_473\Debug\RGB_LED_Matrix.a(RTC_I2C_MASTER.o)
                                0x429 (size before relaxing)
 .debug_str     0x00000ff4      0x115 .\CortexM0\ARM_GCC_473\Debug\RGB_LED_Matrix.a(RTC_SCB_IRQ.o)
                                0x2e8 (size before relaxing)
 .debug_str     0x00001109       0x83 .\CortexM0\ARM_GCC_473\Debug\RGB_LED_Matrix.a(RTC_scl.o)
                                0x1c9 (size before relaxing)
 .debug_str     0x0000118c       0x3b .\CortexM0\ARM_GCC_473\Debug\RGB_LED_Matrix.a(RTC_I2C.o)
                                0x206 (size before relaxing)
 .debug_str     0x000011c7       0x5f .\CortexM0\ARM_GCC_473\Debug\RGB_LED_Matrix.a(RTC_I2C_INT.o)
                                0x292 (size before relaxing)
 .debug_str     0x00001226       0x97 .\CortexM0\ARM_GCC_473\Debug\RGB_LED_Matrix.a(RTC.o)
                                0x248 (size before relaxing)

.debug_loc      0x00000000     0x4607
 *(.debug_loc)
 .debug_loc     0x00000000       0xdd .\CortexM0\ARM_GCC_473\Debug\main.o
 .debug_loc     0x000000dd     0x1f9f .\CortexM0\ARM_GCC_473\Debug\LED_Matrix.o
 .debug_loc     0x0000207c      0x425 .\CortexM0\ARM_GCC_473\Debug\I2CDriver.o
 .debug_loc     0x000024a1      0x1b0 .\CortexM0\ARM_GCC_473\Debug\Cm0Start.o
 .debug_loc     0x00002651      0x278 .\CortexM0\ARM_GCC_473\Debug\RGB_LED_Matrix.a(cyfitter_cfg.o)
 .debug_loc     0x000028c9      0x10c .\CortexM0\ARM_GCC_473\Debug\RGB_LED_Matrix.a(isr_2.o)
 .debug_loc     0x000029d5       0x20 .\CortexM0\ARM_GCC_473\Debug\RGB_LED_Matrix.a(LED_Matrix_1.o)
 .debug_loc     0x000029f5      0xdd3 .\CortexM0\ARM_GCC_473\Debug\RGB_LED_Matrix.a(CyLib.o)
 .debug_loc     0x000037c8      0xadd .\CortexM0\ARM_GCC_473\Debug\RGB_LED_Matrix.a(RTC_I2C_MASTER.o)
 .debug_loc     0x000042a5      0x10b .\CortexM0\ARM_GCC_473\Debug\RGB_LED_Matrix.a(RTC_SCB_IRQ.o)
 .debug_loc     0x000043b0       0x5c .\CortexM0\ARM_GCC_473\Debug\RGB_LED_Matrix.a(RTC_scl.o)
 .debug_loc     0x0000440c       0x20 .\CortexM0\ARM_GCC_473\Debug\RGB_LED_Matrix.a(RTC_I2C.o)
 .debug_loc     0x0000442c      0x15b .\CortexM0\ARM_GCC_473\Debug\RGB_LED_Matrix.a(RTC_I2C_INT.o)
 .debug_loc     0x00004587       0x80 .\CortexM0\ARM_GCC_473\Debug\RGB_LED_Matrix.a(RTC.o)

.debug_macinfo
 *(.debug_macinfo)

.debug_ranges   0x00000000      0x8e8
 *(.debug_ranges)
 .debug_ranges  0x00000000       0x28 .\CortexM0\ARM_GCC_473\Debug\main.o
 .debug_ranges  0x00000028      0x110 .\CortexM0\ARM_GCC_473\Debug\LED_Matrix.o
 .debug_ranges  0x00000138       0x70 .\CortexM0\ARM_GCC_473\Debug\I2CDriver.o
 .debug_ranges  0x000001a8       0x30 .\CortexM0\ARM_GCC_473\Debug\Cm0Start.o
 .debug_ranges  0x000001d8      0x198 .\CortexM0\ARM_GCC_473\Debug\RGB_LED_Matrix.a(cyfitter_cfg.o)
 .debug_ranges  0x00000370      0x130 .\CortexM0\ARM_GCC_473\Debug\RGB_LED_Matrix.a(isr_2.o)
 .debug_ranges  0x000004a0       0x10 .\CortexM0\ARM_GCC_473\Debug\RGB_LED_Matrix.a(LED_Matrix_1.o)
 .debug_ranges  0x000004b0      0x1f0 .\CortexM0\ARM_GCC_473\Debug\RGB_LED_Matrix.a(CyLib.o)
 .debug_ranges  0x000006a0       0x90 .\CortexM0\ARM_GCC_473\Debug\RGB_LED_Matrix.a(RTC_I2C_MASTER.o)
 .debug_ranges  0x00000730      0x130 .\CortexM0\ARM_GCC_473\Debug\RGB_LED_Matrix.a(RTC_SCB_IRQ.o)
 .debug_ranges  0x00000860       0x30 .\CortexM0\ARM_GCC_473\Debug\RGB_LED_Matrix.a(RTC_scl.o)
 .debug_ranges  0x00000890       0x18 .\CortexM0\ARM_GCC_473\Debug\RGB_LED_Matrix.a(RTC_I2C.o)
 .debug_ranges  0x000008a8       0x10 .\CortexM0\ARM_GCC_473\Debug\RGB_LED_Matrix.a(RTC_I2C_INT.o)
 .debug_ranges  0x000008b8       0x30 .\CortexM0\ARM_GCC_473\Debug\RGB_LED_Matrix.a(RTC.o)

.comment        0x00000000       0x70
 .comment       0x00000000       0x70 .\CortexM0\ARM_GCC_473\Debug\main.o
                                 0x71 (size before relaxing)
 .comment       0x00000000       0x71 .\CortexM0\ARM_GCC_473\Debug\LED_Matrix.o
 .comment       0x00000000       0x71 .\CortexM0\ARM_GCC_473\Debug\I2CDriver.o
 .comment       0x00000000       0x71 .\CortexM0\ARM_GCC_473\Debug\cymetadata.o
 .comment       0x00000000       0x71 .\CortexM0\ARM_GCC_473\Debug\Cm0Start.o
 .comment       0x00000000       0x71 .\CortexM0\ARM_GCC_473\Debug\RGB_LED_Matrix.a(cyfitter_cfg.o)
 .comment       0x00000000       0x71 .\CortexM0\ARM_GCC_473\Debug\RGB_LED_Matrix.a(isr_2.o)
 .comment       0x00000000       0x71 .\CortexM0\ARM_GCC_473\Debug\RGB_LED_Matrix.a(LED_Matrix_1.o)
 .comment       0x00000000       0x71 .\CortexM0\ARM_GCC_473\Debug\RGB_LED_Matrix.a(CyLib.o)
 .comment       0x00000000       0x71 .\CortexM0\ARM_GCC_473\Debug\RGB_LED_Matrix.a(RTC_I2C_MASTER.o)
 .comment       0x00000000       0x71 .\CortexM0\ARM_GCC_473\Debug\RGB_LED_Matrix.a(RTC_SCB_IRQ.o)
 .comment       0x00000000       0x71 .\CortexM0\ARM_GCC_473\Debug\RGB_LED_Matrix.a(RTC_scl.o)
 .comment       0x00000000       0x71 .\CortexM0\ARM_GCC_473\Debug\RGB_LED_Matrix.a(RTC_I2C.o)
 .comment       0x00000000       0x71 .\CortexM0\ARM_GCC_473\Debug\RGB_LED_Matrix.a(RTC_I2C_INT.o)
 .comment       0x00000000       0x71 .\CortexM0\ARM_GCC_473\Debug\RGB_LED_Matrix.a(RTC.o)

.debug_weaknames
 *(.debug_weaknames)

.debug_funcnames
 *(.debug_funcnames)

.debug_typenames
 *(.debug_typenames)

.debug_varnames
 *(.debug_varnames)

.note.gnu.arm.ident
 *(.note.gnu.arm.ident)

.ARM.attributes
                0x00000000       0x28
 *(.ARM.attributes)
 .ARM.attributes
                0x00000000       0x1e c:/program files (x86)/cypress/psoc creator/3.0/psoc creator/import/gnu_cs/arm/4.7.3/bin/../lib/gcc/arm-none-eabi/4.7.3/armv6-m/crti.o
 .ARM.attributes
                0x0000001e       0x2c c:/program files (x86)/cypress/psoc creator/3.0/psoc creator/import/gnu_cs/arm/4.7.3/bin/../lib/gcc/arm-none-eabi/4.7.3/armv6-m/crtbegin.o
 .ARM.attributes
                0x0000004a       0x1c c:/program files (x86)/cypress/psoc creator/3.0/psoc creator/import/gnu_cs/arm/4.7.3/bin/../lib/gcc/arm-none-eabi/4.7.3/../../../../arm-none-eabi/lib/armv6-m/crt0.o
 .ARM.attributes
                0x00000066       0x31 .\CortexM0\ARM_GCC_473\Debug\main.o
 .ARM.attributes
                0x00000097       0x31 .\CortexM0\ARM_GCC_473\Debug\LED_Matrix.o
 .ARM.attributes
                0x000000c8       0x31 .\CortexM0\ARM_GCC_473\Debug\I2CDriver.o
 .ARM.attributes
                0x000000f9       0x31 .\CortexM0\ARM_GCC_473\Debug\cymetadata.o
 .ARM.attributes
                0x0000012a       0x31 .\CortexM0\ARM_GCC_473\Debug\Cm0Start.o
 .ARM.attributes
                0x0000015b       0x31 .\CortexM0\ARM_GCC_473\Debug\RGB_LED_Matrix.a(cyfitter_cfg.o)
 .ARM.attributes
                0x0000018c       0x31 .\CortexM0\ARM_GCC_473\Debug\RGB_LED_Matrix.a(isr_2.o)
 .ARM.attributes
                0x000001bd       0x31 .\CortexM0\ARM_GCC_473\Debug\RGB_LED_Matrix.a(LED_Matrix_1.o)
 .ARM.attributes
                0x000001ee       0x21 .\CortexM0\ARM_GCC_473\Debug\RGB_LED_Matrix.a(CyBootAsmGnu.o)
 .ARM.attributes
                0x0000020f       0x31 .\CortexM0\ARM_GCC_473\Debug\RGB_LED_Matrix.a(CyLib.o)
 .ARM.attributes
                0x00000240       0x31 .\CortexM0\ARM_GCC_473\Debug\RGB_LED_Matrix.a(RTC_I2C_MASTER.o)
 .ARM.attributes
                0x00000271       0x31 .\CortexM0\ARM_GCC_473\Debug\RGB_LED_Matrix.a(RTC_SCB_IRQ.o)
 .ARM.attributes
                0x000002a2       0x31 .\CortexM0\ARM_GCC_473\Debug\RGB_LED_Matrix.a(RTC_scl.o)
 .ARM.attributes
                0x000002d3       0x31 .\CortexM0\ARM_GCC_473\Debug\RGB_LED_Matrix.a(RTC_I2C.o)
 .ARM.attributes
                0x00000304       0x31 .\CortexM0\ARM_GCC_473\Debug\RGB_LED_Matrix.a(RTC_I2C_INT.o)
 .ARM.attributes
                0x00000335       0x31 .\CortexM0\ARM_GCC_473\Debug\RGB_LED_Matrix.a(RTC.o)
 .ARM.attributes
                0x00000366       0x1e c:/program files (x86)/cypress/psoc creator/3.0/psoc creator/import/gnu_cs/arm/4.7.3/bin/../lib/gcc/arm-none-eabi/4.7.3/armv6-m\libgcc.a(_udivsi3.o)
 .ARM.attributes
                0x00000384       0x1e c:/program files (x86)/cypress/psoc creator/3.0/psoc creator/import/gnu_cs/arm/4.7.3/bin/../lib/gcc/arm-none-eabi/4.7.3/armv6-m\libgcc.a(_dvmd_tls.o)
 .ARM.attributes
                0x000003a2       0x2c c:/program files (x86)/cypress/psoc creator/3.0/psoc creator/import/gnu_cs/arm/4.7.3/bin/../lib/gcc/arm-none-eabi/4.7.3/../../../../arm-none-eabi/lib/armv6-m\libc_s.a(lib_a-__atexit2.o)
 .ARM.attributes
                0x000003ce       0x2c c:/program files (x86)/cypress/psoc creator/3.0/psoc creator/import/gnu_cs/arm/4.7.3/bin/../lib/gcc/arm-none-eabi/4.7.3/../../../../arm-none-eabi/lib/armv6-m\libc_s.a(lib_a-exit.o)
 .ARM.attributes
                0x000003fa       0x2c c:/program files (x86)/cypress/psoc creator/3.0/psoc creator/import/gnu_cs/arm/4.7.3/bin/../lib/gcc/arm-none-eabi/4.7.3/../../../../arm-none-eabi/lib/armv6-m\libc_s.a(lib_a-fini.o)
 .ARM.attributes
                0x00000426       0x2c c:/program files (x86)/cypress/psoc creator/3.0/psoc creator/import/gnu_cs/arm/4.7.3/bin/../lib/gcc/arm-none-eabi/4.7.3/../../../../arm-none-eabi/lib/armv6-m\libc_s.a(lib_a-impure.o)
 .ARM.attributes
                0x00000452       0x2c c:/program files (x86)/cypress/psoc creator/3.0/psoc creator/import/gnu_cs/arm/4.7.3/bin/../lib/gcc/arm-none-eabi/4.7.3/../../../../arm-none-eabi/lib/armv6-m\libc_s.a(lib_a-init.o)
 .ARM.attributes
                0x0000047e       0x2c c:/program files (x86)/cypress/psoc creator/3.0/psoc creator/import/gnu_cs/arm/4.7.3/bin/../lib/gcc/arm-none-eabi/4.7.3/../../../../arm-none-eabi/lib/armv6-m\libc_s.a(lib_a-memset.o)
 .ARM.attributes
                0x000004aa       0x2c c:/program files (x86)/cypress/psoc creator/3.0/psoc creator/import/gnu_cs/arm/4.7.3/bin/../lib/gcc/arm-none-eabi/4.7.3/armv6-m/crtend.o
 .ARM.attributes
                0x000004d6       0x1e c:/program files (x86)/cypress/psoc creator/3.0/psoc creator/import/gnu_cs/arm/4.7.3/bin/../lib/gcc/arm-none-eabi/4.7.3/armv6-m/crtn.o

/DISCARD/
 *(.note.GNU-stack)
OUTPUT(.\CortexM0\ARM_GCC_473\Debug\RGB_LED_Matrix.elf elf32-littlearm)
